\BOOKMARK [0][-]{chapter.1}{\376\377\146\172\141\147\154\064\122\051\151\202\217\360\116\016\136\163\123\360\147\266\147\204\127\372\170\100}{}% 1
\BOOKMARK [1][-]{section.1.1}{\376\377\217\157\116\366\151\202\217\360}{chapter.1}% 2
\BOOKMARK [2][-]{subsection.1.1.1}{\376\377\133\232\116\111\217\157\116\366}{section.1.1}% 3
\BOOKMARK [2][-]{subsection.1.1.2}{\376\377\217\157\116\366\166\204\162\171\160\271}{section.1.1}% 4
\BOOKMARK [2][-]{subsection.1.1.3}{\376\377\217\157\116\366\166\204\122\006\174\173}{section.1.1}% 5
\BOOKMARK [2][-]{subsection.1.1.4}{\376\377\217\157\116\366\166\204\123\321\134\125}{section.1.1}% 6
\BOOKMARK [2][-]{subsection.1.1.5}{\376\377\217\157\116\366\123\161\147\072}{section.1.1}% 7
\BOOKMARK [1][-]{section.1.2}{\376\377\217\157\116\366\135\345\172\013\151\202\217\360}{chapter.1}% 8
\BOOKMARK [2][-]{subsection.1.2.1}{\376\377\217\157\116\366\135\345\172\013\166\204\166\356\150\007}{section.1.2}% 9
\BOOKMARK [2][-]{subsection.1.2.2}{\376\377\217\157\116\366\135\345\172\013\166\204\127\372\147\054\123\237\164\006}{section.1.2}% 10
\BOOKMARK [2][-]{subsection.1.2.3}{\376\377\217\157\116\366\135\345\172\013\166\204\121\205\133\271}{section.1.2}% 11
\BOOKMARK [2][-]{subsection.1.2.4}{\376\377\217\157\116\366\135\345\172\013\166\204\123\237\122\031}{section.1.2}% 12
\BOOKMARK [2][-]{subsection.1.2.5}{\376\377\217\157\116\366\135\345\172\013\227\142\116\064\166\204\225\356\230\230}{section.1.2}% 13
\BOOKMARK [1][-]{section.1.3}{\376\377\134\017\176\323}{chapter.1}% 14
\BOOKMARK [0][-]{chapter.2}{\376\377\217\157\116\366\135\345\172\013\127\372\170\100\116\016\227\000\154\102\122\006\147\220}{}% 15
\BOOKMARK [1][-]{section.2.1}{\376\377\217\157\116\366\165\037\124\175\124\150\147\037}{chapter.2}% 16
\BOOKMARK [2][-]{subsection.2.1.1}{\376\377\217\157\116\366\213\276\213\241\145\366\147\037}{section.2.1}% 17
\BOOKMARK [2][-]{subsection.2.1.2}{\376\377\217\157\116\366\137\000\123\321\145\366\147\037}{section.2.1}% 18
\BOOKMARK [2][-]{subsection.2.1.3}{\376\377\217\320\210\114\116\016\176\364\142\244\145\366\147\037}{section.2.1}% 19
\BOOKMARK [1][-]{section.2.2}{\376\377\217\157\116\366\165\037\124\175\124\150\147\037\152\041\127\213}{chapter.2}% 20
\BOOKMARK [2][-]{subsection.2.2.1}{\376\377\217\157\116\366\165\037\124\175\124\150\147\037\152\041\127\213\166\204\151\202\137\365}{section.2.2}% 21
\BOOKMARK [2][-]{subsection.2.2.2}{\376\377\160\021\136\003\152\041\127\213}{section.2.2}% 22
\BOOKMARK [2][-]{subsection.2.2.3}{\376\377\123\237\127\213\152\041\127\213}{section.2.2}% 23
\BOOKMARK [2][-]{subsection.2.2.4}{\376\377\130\236\221\317\152\041\127\213}{section.2.2}% 24
\BOOKMARK [2][-]{subsection.2.2.5}{\376\377\207\272\145\313\152\041\127\213}{section.2.2}% 25
\BOOKMARK [2][-]{subsection.2.2.6}{\376\377\125\267\154\311\152\041\127\213}{section.2.2}% 26
\BOOKMARK [2][-]{subsection.2.2.7}{\376\377\127\372\116\216\167\345\213\306\166\204\152\041\127\213}{section.2.2}% 27
\BOOKMARK [2][-]{subsection.2.2.8}{\376\377\123\330\143\142\152\041\127\213}{section.2.2}% 28
\BOOKMARK [1][-]{section.2.3}{\376\377\227\000\154\102\122\006\147\220}{chapter.2}% 29
\BOOKMARK [2][-]{subsection.2.3.1}{\376\377\227\000\154\102\122\006\147\220\166\204\162\171\160\271}{section.2.3}% 30
\BOOKMARK [2][-]{subsection.2.3.2}{\376\377\227\000\154\102\122\006\147\220\166\204\123\237\122\031}{section.2.3}% 31
\BOOKMARK [2][-]{subsection.2.3.3}{\376\377\227\000\154\102\122\006\147\220\166\204\221\315\211\201\140\047}{section.2.3}% 32
\BOOKMARK [2][-]{subsection.2.3.4}{\376\377\227\000\154\102\122\006\147\220\166\204\116\373\122\241}{section.2.3}% 33
\BOOKMARK [2][-]{subsection.2.3.5}{\376\377\227\000\154\102\122\006\147\220\166\204\145\271\154\325}{section.2.3}% 34
\BOOKMARK [1][-]{section.2.4}{\376\377\227\000\154\102\203\267\123\326\116\016\164\006\211\343}{chapter.2}% 35
\BOOKMARK [2][-]{subsection.2.4.1}{\376\377\133\242\142\067\227\000\154\102\166\204\203\267\123\326\145\271\154\325}{section.2.4}% 36
\BOOKMARK [2][-]{subsection.2.4.2}{\376\377\227\000\154\102\122\006\174\173\116\016\117\030\121\110\176\247\122\022\122\006}{section.2.4}% 37
\BOOKMARK [1][-]{section.2.5}{\376\377\176\323\147\204\123\026\122\006\147\220}{chapter.2}% 38
\BOOKMARK [2][-]{subsection.2.5.1}{\376\377\201\352\230\166\124\021\116\013\220\020\134\102\122\006\211\343}{section.2.5}% 39
\BOOKMARK [2][-]{subsection.2.5.2}{\376\377\176\323\147\204\123\026\122\006\147\220\153\145\232\244}{section.2.5}% 40
\BOOKMARK [2][-]{subsection.2.5.3}{\376\377\174\373\176\337\155\101\172\013\126\376}{section.2.5}% 41
\BOOKMARK [2][-]{subsection.2.5.4}{\376\377\145\160\143\156\155\101\126\376}{section.2.5}% 42
\BOOKMARK [2][-]{subsection.2.5.5}{\376\377\145\160\143\156\133\127\121\170}{section.2.5}% 43
\BOOKMARK [1][-]{section.2.6}{\376\377\134\017\176\323}{chapter.2}% 44
\BOOKMARK [0][-]{chapter.3}{\376\377\217\157\116\366\152\041\127\127\213\346\176\306\213\276\213\241}{}% 45
\BOOKMARK [1][-]{section.3.1}{\376\377\217\157\116\366\147\266\147\204\151\202\217\360}{chapter.3}% 46
\BOOKMARK [2][-]{subsection.3.1.1}{\376\377\217\157\116\366\147\266\147\204\166\204\133\232\116\111\116\016\221\315\211\201\140\047}{section.3.1}% 47
\BOOKMARK [2][-]{subsection.3.1.2}{\376\377\217\157\116\366\147\266\147\204\166\204\133\232\116\111\116\016\221\315\211\201\140\047}{section.3.1}% 48
\BOOKMARK [2][-]{subsection.3.1.3}{\376\377\147\266\147\204\143\317\217\360\145\271\154\325}{section.3.1}% 49
\BOOKMARK [2][-]{subsection.3.1.4}{\376\377\127\372\170\100\230\230}{section.3.1}% 50
\BOOKMARK [2][-]{subsection.3.1.5}{\376\377\143\320\232\330\230\230}{section.3.1}% 51
\BOOKMARK [2][-]{subsection.3.1.6}{\376\377\213\250\213\272\230\230}{section.3.1}% 52
\BOOKMARK [1][-]{section.3.2}{\376\377\147\266\147\204\213\276\213\241\123\237\122\031}{chapter.3}% 53
\BOOKMARK [2][-]{subsection.3.2.1}{\376\377\152\041\127\127\123\026\116\016\121\163\154\350\160\271\122\006\171\273\123\237\122\031}{section.3.2}% 54
\BOOKMARK [2][-]{subsection.3.2.2}{\376\377\142\275\214\141\116\016\117\341\140\157\226\220\205\317\123\237\122\031}{section.3.2}% 55
\BOOKMARK [2][-]{subsection.3.2.3}{\376\377\122\237\200\375\162\354\172\313\140\047\116\016\131\015\165\050\140\047\123\237\122\031}{section.3.2}% 56
\BOOKMARK [2][-]{subsection.3.2.4}{\376\377\150\110\117\213\122\006\147\220\377\032\000S\000a\000f\000e\000H\000o\000m\000e\000\040\166\204\117\040\141\037\126\150\152\041\127\127}{section.3.2}% 57
\BOOKMARK [1][-]{section.3.3}{\376\377\147\266\147\204\174\173\127\213\116\016\136\070\211\301\152\041\137\017}{chapter.3}% 58
\BOOKMARK [2][-]{subsection.3.3.1}{\376\377\136\070\211\301\147\266\147\204\174\173\127\213}{section.3.3}% 59
\BOOKMARK [2][-]{subsection.3.3.2}{\376\377\147\266\147\204\230\316\150\074}{section.3.3}% 60
\BOOKMARK [2][-]{subsection.3.3.3}{\376\377\000M\000V\000C\147\266\147\204\152\041\137\017}{section.3.3}% 61
\BOOKMARK [2][-]{subsection.3.3.4}{\376\377\137\256\147\015\122\241\377\010\000M\000i\000c\000r\000o\000s\000e\000r\000v\000i\000c\000e\000s\377\011}{section.3.3}% 62
\BOOKMARK [2][-]{subsection.3.3.5}{\376\377\116\213\116\366\232\161\122\250\377\010\000E\000v\000e\000n\000t\000\040\000-\000\040\000D\000r\000i\000v\000e\000n\377\011}{section.3.3}% 63
\BOOKMARK [2][-]{subsection.3.3.6}{\376\377\147\266\147\204\230\316\150\074\116\016\152\041\137\017\166\204\220\011\142\351}{section.3.3}% 64
\BOOKMARK [2][-]{subsection.3.3.7}{\376\377\176\304\176\307\116\016\154\102\174\276}{section.3.3}% 65
\BOOKMARK [1][-]{section.3.4}{\376\377\147\266\147\204\213\276\213\241\217\307\172\013}{chapter.3}% 66
\BOOKMARK [2][-]{subsection.3.4.1}{\376\377\174\373\176\337\163\257\130\203\210\150\171\072}{section.3.4}% 67
\BOOKMARK [2][-]{subsection.3.4.2}{\376\377\123\237\127\213\133\232\116\111\116\016\176\306\123\026}{section.3.4}% 68
\BOOKMARK [2][-]{subsection.3.4.3}{\376\377\147\204\116\366\176\247\213\276\213\241}{section.3.4}% 69
\BOOKMARK [1][-]{section.3.5}{\376\377\147\266\147\204\213\304\117\060\116\016\232\214\213\301}{chapter.3}% 70
\BOOKMARK [2][-]{subsection.3.5.1}{\376\377\213\304\117\060\145\271\154\325}{section.3.5}% 71
\BOOKMARK [2][-]{subsection.3.5.2}{\376\377\131\015\147\102\136\246\116\016\230\316\226\151\122\006\147\220}{section.3.5}% 72
\BOOKMARK [2][-]{subsection.3.5.3}{\376\377\127\372\170\100\230\230}{section.3.5}% 73
\BOOKMARK [2][-]{subsection.3.5.4}{\376\377\143\320\232\330\230\230}{section.3.5}% 74
\BOOKMARK [2][-]{subsection.3.5.5}{\376\377\213\250\213\272\230\230}{section.3.5}% 75
\BOOKMARK [1][-]{section.3.6}{\376\377\000W\000e\000b\000\040\136\224\165\050\147\266\147\204\213\276\213\241}{chapter.3}% 76
\BOOKMARK [2][-]{subsection.3.6.1}{\376\377\162\171\153\212\200\003\206\121}{section.3.6}% 77
\BOOKMARK [2][-]{subsection.3.6.2}{\376\377\133\374\202\052\116\016\121\205\133\271\173\241\164\006}{section.3.6}% 78
\BOOKMARK [2][-]{subsection.3.6.3}{\376\377\127\372\170\100\230\230}{section.3.6}% 79
\BOOKMARK [2][-]{subsection.3.6.4}{\376\377\143\320\232\330\230\230}{section.3.6}% 80
\BOOKMARK [2][-]{subsection.3.6.5}{\376\377\213\250\213\272\230\230}{section.3.6}% 81
\BOOKMARK [1][-]{section.3.7}{\376\377\150\110\117\213\170\024\172\166\377\032\000S\000a\000f\000e\000H\000o\000m\000e\000\040\174\373\176\337\147\266\147\204}{chapter.3}% 82
\BOOKMARK [2][-]{subsection.3.7.1}{\376\377\227\000\154\102\122\006\147\220\124\214\165\050\117\213\136\372\152\041}{section.3.7}% 83
\BOOKMARK [2][-]{subsection.3.7.2}{\376\377\147\204\116\366\123\117\117\134\116\016\143\245\123\343\213\276\213\241}{section.3.7}% 84
\BOOKMARK [1][-]{section.3.8}{\376\377\134\017\176\323}{chapter.3}% 85
\BOOKMARK [2][-]{subsection.3.8.1}{\376\377\127\372\170\100\230\230}{section.3.8}% 86
\BOOKMARK [2][-]{subsection.3.8.2}{\376\377\143\320\232\330\230\230}{section.3.8}% 87
\BOOKMARK [2][-]{subsection.3.8.3}{\376\377\213\250\213\272\230\230}{section.3.8}% 88
\BOOKMARK [0][-]{chapter.4}{\376\377\122\115\172\357\137\000\123\321\142\200\147\057}{}% 89
\BOOKMARK [1][-]{section.4.1}{\376\377\0004\000.\0001\000.\0001\000\040\000W\000e\000b\127\372\170\100\151\202\137\365\116\016\155\117\211\310\126\150\147\266\147\204}{chapter.4}% 90
\BOOKMARK [1][-]{section.4.2}{\376\377\000W\000e\000b\122\115\172\357\166\204\133\232\116\111\116\016\162\171\160\271}{chapter.4}% 91
\BOOKMARK [1][-]{section.4.3}{\376\377\116\007\176\364\177\121\116\016\000W\000e\000b\142\200\147\057\117\123\174\373}{chapter.4}% 92
\BOOKMARK [1][-]{section.4.4}{\376\377\155\117\211\310\126\150\166\204\176\304\142\020\147\266\147\204}{chapter.4}% 93
\BOOKMARK [1][-]{section.4.5}{\376\377\156\062\147\323\137\025\144\316\166\204\135\345\117\134\123\237\164\006}{chapter.4}% 94
\BOOKMARK [1][-]{section.4.6}{\376\377\000J\000a\000v\000a\000S\000c\000r\000i\000p\000t\137\025\144\316\116\016\201\032\147\054\142\147\210\114}{chapter.4}% 95
\BOOKMARK [1][-]{section.4.7}{\376\377\155\117\211\310\126\150\121\174\133\271\140\047\116\016\150\007\121\306\123\026}{chapter.4}% 96
\BOOKMARK [1][-]{section.4.8}{\376\377\177\121\176\334\220\032\117\341\116\016\145\160\143\156\116\244\143\142}{chapter.4}% 97
\BOOKMARK [1][-]{section.4.9}{\376\377\0004\000.\0002\000\040\000H\000T\000M\000L\127\372\170\100\116\016\133\236\215\365}{chapter.4}% 98
\BOOKMARK [1][-]{section.4.10}{\376\377\000H\000T\000M\000L\150\070\137\303\151\202\137\365\116\016\127\372\170\100\213\355\154\325}{chapter.4}% 99
\BOOKMARK [2][-]{subsection.4.10.1}{\376\377\116\300\116\110\146\057\000H\000T\000M\000L}{section.4.10}% 100
\BOOKMARK [2][-]{subsection.4.10.2}{\376\377\000H\000T\000M\000L\145\207\150\143\166\204\127\372\147\054\176\323\147\204}{section.4.10}% 101
\BOOKMARK [2][-]{subsection.4.10.3}{\376\377\000H\000T\000M\000L\121\103\175\040\124\214\150\007\173\176}{section.4.10}% 102
\BOOKMARK [2][-]{subsection.4.10.4}{\376\377\000H\000T\000M\000L\134\136\140\047}{section.4.10}% 103
\BOOKMARK [1][-]{section.4.11}{\376\377\000H\000T\000M\000L\0005\213\355\212\000\127\372\170\100\116\016\213\355\116\111\123\026}{chapter.4}% 104
\BOOKMARK [2][-]{subsection.4.11.1}{\376\377\213\355\116\111\123\026\150\007\173\176\213\346\176\306\213\262\211\343}{section.4.11}% 105
\BOOKMARK [1][-]{section.4.12}{\376\377\000H\000T\000M\000L\0005\210\150\123\125\130\236\137\072\116\016\145\160\143\156\232\214\213\301}{chapter.4}% 106
\BOOKMARK [2][-]{subsection.4.12.1}{\376\377\000H\000T\000M\000L\0005\210\150\123\125\217\223\121\145\174\173\127\213\213\346\176\306\213\262\211\343}{section.4.12}% 107
\BOOKMARK [2][-]{subsection.4.12.2}{\376\377\210\150\123\125\122\006\176\304\124\214\232\214\213\301\171\072\117\213}{section.4.12}% 108
\BOOKMARK [1][-]{section.4.13}{\376\377\000H\000T\000M\000L\0005\131\032\132\222\117\123\116\016\126\376\137\142\145\057\143\001}{chapter.4}% 109
\BOOKMARK [2][-]{subsection.4.13.1}{\376\377\000H\000T\000M\000L\0005\131\032\132\222\117\123\150\007\173\176\213\346\211\343}{section.4.13}% 110
\BOOKMARK [2][-]{subsection.4.13.2}{\376\377\000H\000T\000M\000L\0005\131\032\132\222\117\123\150\007\173\176\213\346\176\306\213\262\211\343}{section.4.13}% 111
\BOOKMARK [2][-]{subsection.4.13.3}{\376\377\131\032\132\222\117\123\143\247\122\066\201\032\147\054\171\072\117\213}{section.4.13}% 112
\BOOKMARK [1][-]{section.4.14}{\376\377\154\064\122\051\136\163\123\360\000H\000T\000M\000L\176\323\147\204\213\276\213\241}{chapter.4}% 113
\BOOKMARK [1][-]{section.4.15}{\376\377\0004\000.\0003\000\040\000C\000S\000S\127\372\170\100\116\016\150\067\137\017\213\276\213\241}{chapter.4}% 114
\BOOKMARK [1][-]{section.4.16}{\376\377\000C\000S\000S\150\070\137\303\151\202\137\365\116\016\127\372\170\100\213\355\154\325}{chapter.4}% 115
\BOOKMARK [2][-]{subsection.4.16.1}{\376\377\116\300\116\110\146\057\000C\000S\000S}{section.4.16}% 116
\BOOKMARK [2][-]{subsection.4.16.2}{\376\377\000C\000S\000S\166\204\135\345\117\134\123\237\164\006}{section.4.16}% 117
\BOOKMARK [2][-]{subsection.4.16.3}{\376\377\000C\000S\000S\127\372\147\054\213\355\154\325\176\323\147\204}{section.4.16}% 118
\BOOKMARK [2][-]{subsection.4.16.4}{\376\377\000C\000S\000S\136\224\165\050\145\271\137\017}{section.4.16}% 119
\BOOKMARK [2][-]{subsection.4.16.5}{\376\377\000C\000S\000S\134\102\123\340\124\214\176\347\142\177}{section.4.16}% 120
\BOOKMARK [2][-]{subsection.4.16.6}{\376\377\000C\000S\000S\154\350\221\312}{section.4.16}% 121
\BOOKMARK [1][-]{section.4.17}{\376\377\000C\000S\000S\0003\220\011\142\351\126\150\116\016\145\260\162\171\140\047}{chapter.4}% 122
\BOOKMARK [2][-]{subsection.4.17.1}{\376\377\000C\000S\000S\127\372\170\100\220\011\142\351\126\150\213\346\211\343}{section.4.17}% 123
\BOOKMARK [2][-]{subsection.4.17.2}{\376\377\000C\000S\000S\0003\232\330\176\247\220\011\142\351\126\150\213\346\211\343}{section.4.17}% 124
\BOOKMARK [2][-]{subsection.4.17.3}{\376\377\000C\000S\000S\0003\145\260\130\236\134\136\140\047\162\171\140\047}{section.4.17}% 125
\BOOKMARK [1][-]{section.4.18}{\376\377\000C\000S\000S\0003\136\003\134\100\174\373\176\337}{chapter.4}% 126
\BOOKMARK [2][-]{subsection.4.18.1}{\376\377\000F\000l\000e\000x\000b\000o\000x\137\071\140\047\136\003\134\100\213\346\211\343}{section.4.18}% 127
\BOOKMARK [2][-]{subsection.4.18.2}{\376\377\000G\000r\000i\000d\177\121\150\074\136\003\134\100\155\361\136\246\211\343\147\220}{section.4.18}% 128
\BOOKMARK [2][-]{subsection.4.18.3}{\376\377\124\315\136\224\137\017\213\276\213\241\142\200\147\057\121\150\227\142\211\343\147\220}{section.4.18}% 129
\BOOKMARK [1][-]{section.4.19}{\376\377\000C\000S\000S\0003\122\250\165\073\116\016\217\307\156\041\145\110\147\234\155\361\136\246\136\224\165\050}{chapter.4}% 130
\BOOKMARK [2][-]{subsection.4.19.1}{\376\377\000C\000S\000S\0003\217\307\156\041\145\110\147\234\174\276\176\306\123\026\143\247\122\066}{section.4.19}% 131
\BOOKMARK [2][-]{subsection.4.19.2}{\376\377\000C\000S\000S\0003\121\163\225\056\136\047\122\250\165\073}{section.4.19}% 132
\BOOKMARK [1][-]{section.4.20}{\376\377\154\064\122\051\136\163\123\360\000U\000I\213\276\213\241\211\304\203\003}{chapter.4}% 133
\BOOKMARK [2][-]{subsection.4.20.1}{\376\377\154\064\122\051\116\073\230\230\202\162\137\151\174\373\176\337}{section.4.20}% 134
\BOOKMARK [2][-]{subsection.4.20.2}{\376\377\176\304\116\366\123\026\213\276\213\241\211\304\203\003}{section.4.20}% 135
\BOOKMARK [2][-]{subsection.4.20.3}{\376\377\124\315\136\224\137\017\213\276\213\241\220\002\221\115}{section.4.20}% 136
\BOOKMARK [1][-]{section.4.21}{\376\377\0004\000.\0004\000\040\000J\000a\000v\000a\000S\000c\000r\000i\000p\000t\127\372\170\100\177\026\172\013}{chapter.4}% 137
\BOOKMARK [1][-]{section.4.22}{\376\377\000J\000a\000v\000a\000S\000c\000r\000i\000p\000t\150\070\137\303\151\202\137\365\116\016\127\372\170\100\213\355\154\325}{chapter.4}% 138
\BOOKMARK [2][-]{subsection.4.22.1}{\376\377\116\300\116\110\146\057\000J\000a\000v\000a\000S\000c\000r\000i\000p\000t}{section.4.22}% 139
\BOOKMARK [2][-]{subsection.4.22.2}{\376\377\000J\000a\000v\000a\000S\000c\000r\000i\000p\000t\127\050\000W\000e\000b\137\000\123\321\116\055\166\204\117\134\165\050}{section.4.22}% 140
\BOOKMARK [2][-]{subsection.4.22.3}{\376\377\000J\000a\000v\000a\000S\000c\000r\000i\000p\000t\127\372\147\054\213\355\154\325}{section.4.22}% 141
\BOOKMARK [2][-]{subsection.4.22.4}{\376\377\000J\000a\000v\000a\000S\000c\000r\000i\000p\000t\142\147\210\114\163\257\130\203}{section.4.22}% 142
\BOOKMARK [1][-]{section.4.23}{\376\377\000J\000a\000v\000a\000S\000c\000r\000i\000p\000t\127\372\170\100\213\355\154\325\155\361\121\145\213\346\211\343}{chapter.4}% 143
\BOOKMARK [2][-]{subsection.4.23.1}{\376\377\145\160\143\156\174\173\127\213\155\361\121\145\133\146\116\140}{section.4.23}% 144
\BOOKMARK [2][-]{subsection.4.23.2}{\376\377\217\320\173\227\173\046\155\361\121\145\213\346\211\343}{section.4.23}% 145
\BOOKMARK [2][-]{subsection.4.23.3}{\376\377\143\247\122\066\155\101\172\013\213\346\211\343}{section.4.23}% 146
\BOOKMARK [2][-]{subsection.4.23.4}{\376\377\116\224\060\001\133\371\214\141\116\016\145\160\176\304\000\040\000-\000\040\145\160\143\156\176\323\147\204\166\204\150\070\137\303}{section.4.23}% 147
\BOOKMARK [2][-]{subsection.4.23.5}{\376\377\121\155\060\001\225\031\213\357\131\004\164\006\116\016\214\003\213\325\000\040\000-\000\040\174\373\176\337\172\063\133\232\140\047\117\335\226\234}{section.4.23}% 148
\BOOKMARK [2][-]{subsection.4.23.6}{\376\377\116\003\060\001\116\343\170\001\215\050\221\317\116\016\177\026\172\013\211\304\203\003\000\040\000-\000\040\123\357\176\364\142\244\116\343\170\001\166\204\127\372\167\363}{section.4.23}% 149
\BOOKMARK [1][-]{section.4.24}{\376\377\000E\000S\0006\000+\145\260\162\171\140\047\116\016\163\260\116\343\213\355\154\325}{chapter.4}% 150
\BOOKMARK [2][-]{subsection.4.24.1}{\376\377\123\330\221\317\130\360\146\016\116\016\117\134\165\050\127\337\173\241\164\006}{section.4.24}% 151
\BOOKMARK [2][-]{subsection.4.24.2}{\376\377\152\041\147\177\133\127\173\046\116\062\116\016\133\127\173\046\116\062\131\004\164\006\130\236\137\072}{section.4.24}% 152
\BOOKMARK [2][-]{subsection.4.24.3}{\376\377\211\343\147\204\215\113\120\074\116\016\145\160\143\156\143\320\123\326\117\030\123\026}{section.4.24}% 153
\BOOKMARK [2][-]{subsection.4.24.4}{\376\377\173\255\131\064\121\375\145\160\116\016\121\375\145\160\137\017\177\026\172\013}{section.4.24}% 154
\BOOKMARK [1][-]{section.4.25}{\376\377\137\002\153\145\177\026\172\013\116\016\000P\000r\000o\000m\000i\000s\000e}{chapter.4}% 155
\BOOKMARK [2][-]{subsection.4.25.1}{\376\377\000P\000r\000o\000m\000i\000s\000e\127\372\170\100\151\202\137\365\116\016\162\266\140\001\173\241\164\006}{section.4.25}% 156
\BOOKMARK [2][-]{subsection.4.25.2}{\376\377\000a\000s\000y\000n\000c\000/\000a\000w\000a\000i\000t\213\355\154\325\116\016\163\260\116\343\137\002\153\145\177\026\172\013}{section.4.25}% 157
\BOOKMARK [2][-]{subsection.4.25.3}{\376\377\225\031\213\357\131\004\164\006\116\016\137\002\136\070\173\241\164\006}{section.4.25}% 158
\BOOKMARK [2][-]{subsection.4.25.4}{\376\377\000P\000r\000o\000m\000i\000s\000e\232\330\176\247\136\224\165\050\152\041\137\017}{section.4.25}% 159
\BOOKMARK [1][-]{section.4.26}{\376\377\000D\000O\000M\144\315\117\134\116\016\116\213\116\366\131\004\164\006}{chapter.4}% 160
\BOOKMARK [2][-]{subsection.4.26.1}{\376\377\163\260\116\343\000D\000O\000M\147\345\213\342\116\016\121\103\175\040\220\011\142\351}{section.4.26}% 161
\BOOKMARK [2][-]{subsection.4.26.2}{\376\377\163\260\116\343\116\213\116\366\131\004\164\006\147\072\122\066}{section.4.26}% 162
\BOOKMARK [1][-]{section.4.27}{\376\377\152\041\127\127\123\026\137\000\123\321\116\016\214\003\213\325\142\200\135\347}{chapter.4}% 163
\BOOKMARK [2][-]{subsection.4.27.1}{\376\377\000E\000S\0006\152\041\127\127\174\373\176\337\116\016\230\171\166\356\147\266\147\204}{section.4.27}% 164
\BOOKMARK [2][-]{subsection.4.27.2}{\376\377\163\260\116\343\214\003\213\325\142\200\147\057\116\016\140\047\200\375\117\030\123\026}{section.4.27}% 165
\BOOKMARK [1][-]{section.4.28}{\376\377\147\054\202\202\140\073\176\323}{chapter.4}% 166
\BOOKMARK [2][-]{subsection.4.28.1}{\376\377\221\315\160\271\121\205\133\271\126\336\230\176}{section.4.28}% 167
\BOOKMARK [2][-]{subsection.4.28.2}{\376\377\133\236\215\365\211\201\160\271}{section.4.28}% 168
\BOOKMARK [2][-]{subsection.4.28.3}{\376\377\124\021\116\013\116\000\202\202\166\204\217\307\156\041}{section.4.28}% 169
\BOOKMARK [1][-]{section.4.29}{\376\377\0004\000.\0005\000\040\000V\000u\000e\127\372\170\100\150\106\147\266\137\000\123\321}{chapter.4}% 170
\BOOKMARK [1][-]{section.4.30}{\376\377\122\115\172\357\150\106\147\266\157\024\217\333\116\016\220\011\142\351}{chapter.4}% 171
\BOOKMARK [2][-]{subsection.4.30.1}{\376\377\122\115\172\357\137\000\123\321\166\204\123\206\123\362\157\024\217\333}{section.4.30}% 172
\BOOKMARK [2][-]{subsection.4.30.2}{\376\377\163\260\116\343\122\115\172\357\150\106\147\266\166\204\117\030\122\277}{section.4.30}% 173
\BOOKMARK [2][-]{subsection.4.30.3}{\376\377\116\073\155\101\122\115\172\357\150\106\147\266\133\371\153\324\122\006\147\220}{section.4.30}% 174
\BOOKMARK [2][-]{subsection.4.30.4}{\376\377\000V\000u\000e\000.\000j\000s\166\204\220\011\142\351\117\030\122\277}{section.4.30}% 175
\BOOKMARK [1][-]{section.4.31}{\376\377\000V\000u\000e\000.\000j\000s\150\070\137\303\151\202\137\365\116\016\000M\000V\000V\000M\152\041\137\017}{chapter.4}% 176
\BOOKMARK [2][-]{subsection.4.31.1}{\376\377\000V\000u\000e\000.\000j\000s\150\106\147\266\151\202\217\360}{section.4.31}% 177
\BOOKMARK [2][-]{subsection.4.31.2}{\376\377\000V\000u\000e\000.\000j\000s\166\204\150\070\137\303\162\171\140\047\213\346\211\343}{section.4.31}% 178
\BOOKMARK [2][-]{subsection.4.31.3}{\376\377\000M\000V\000V\000M\147\266\147\204\152\041\137\017\155\361\121\145\164\006\211\343}{section.4.31}% 179
\BOOKMARK [2][-]{subsection.4.31.4}{\376\377\145\160\143\156\123\314\124\021\176\321\133\232\123\237\164\006}{section.4.31}% 180
\BOOKMARK [2][-]{subsection.4.31.5}{\376\377\206\132\142\337\000D\000O\000M\151\202\137\365\116\016\140\047\200\375\117\030\123\026}{section.4.31}% 181
\BOOKMARK [1][-]{section.4.32}{\376\377\000V\000u\000e\127\372\170\100\213\355\154\325\116\016\137\000\123\321\133\236\215\365}{chapter.4}% 182
\BOOKMARK [2][-]{subsection.4.32.1}{\376\377\000V\000u\000e\133\236\117\213\122\033\136\372\116\016\127\372\170\100\221\115\177\156}{section.4.32}% 183
\BOOKMARK [2][-]{subsection.4.32.2}{\376\377\124\315\136\224\137\017\145\160\143\156\130\360\146\016\116\016\173\241\164\006}{section.4.32}% 184
\BOOKMARK [2][-]{subsection.4.32.3}{\376\377\152\041\147\177\213\355\154\325\116\016\145\160\143\156\176\321\133\232}{section.4.32}% 185
\BOOKMARK [1][-]{section.4.33}{\376\377\176\304\116\366\123\026\137\000\123\321\116\016\123\125\230\165\227\142\136\224\165\050}{chapter.4}% 186
\BOOKMARK [2][-]{subsection.4.33.1}{\376\377\000V\000u\000e\176\304\116\366\174\373\176\337\151\202\217\360}{section.4.33}% 187
\BOOKMARK [1][-]{section.4.34}{\376\377\215\357\165\061\173\241\164\006\116\016\162\266\140\001\173\241\164\006}{chapter.4}% 188
\BOOKMARK [2][-]{subsection.4.34.1}{\376\377\000V\000u\000e\000\040\000R\000o\000u\000t\000e\000r\215\357\165\061\174\373\176\337}{section.4.34}% 189
\BOOKMARK [2][-]{subsection.4.34.2}{\376\377\000P\000i\000n\000i\000a\162\266\140\001\173\241\164\006}{section.4.34}% 190
\BOOKMARK [2][-]{subsection.4.34.3}{\376\377\000V\000u\000e\000.\000j\000s\137\000\123\321\147\000\117\163\133\236\215\365}{section.4.34}% 191
\BOOKMARK [2][-]{subsection.4.34.4}{\376\377\172\340\202\202\140\073\176\323}{section.4.34}% 192
\BOOKMARK [1][-]{section.4.35}{\376\377\0004\000.\0006\000\040\122\115\172\357\201\032\142\113\147\266\116\016\135\345\172\013\123\026}{chapter.4}% 193
\BOOKMARK [1][-]{section.4.36}{\376\377\122\115\172\357\135\345\172\013\123\026\151\202\217\360}{chapter.4}% 194
\BOOKMARK [2][-]{subsection.4.36.1}{\376\377\116\300\116\110\146\057\122\115\172\357\135\345\172\013\123\026}{section.4.36}% 195
\BOOKMARK [2][-]{subsection.4.36.2}{\376\377\122\115\172\357\135\345\172\013\123\026\166\204\150\070\137\303\211\201\175\040}{section.4.36}% 196
\BOOKMARK [2][-]{subsection.4.36.3}{\376\377\122\115\172\357\135\345\172\013\123\026\166\204\116\367\120\074}{section.4.36}% 197
\BOOKMARK [1][-]{section.4.37}{\376\377\000V\000u\000e\000\040\000C\000L\000I\201\032\142\113\147\266\135\345\121\167}{chapter.4}% 198
\BOOKMARK [2][-]{subsection.4.37.1}{\376\377\000V\000u\000e\000\040\000C\000L\000I\173\200\116\313\116\016\133\211\210\305}{section.4.37}% 199
\BOOKMARK [2][-]{subsection.4.37.2}{\376\377\000V\000u\000e\000\040\000C\000L\000I\133\211\210\305\124\214\127\372\147\054\117\177\165\050}{section.4.37}% 200
\BOOKMARK [2][-]{subsection.4.37.3}{\376\377\230\171\166\356\176\323\147\204\211\343\147\220}{section.4.37}% 201
\BOOKMARK [2][-]{subsection.4.37.4}{\376\377\000V\000u\000e\000\040\000C\000L\000I\124\175\116\344\213\346\211\343}{section.4.37}% 202
\BOOKMARK [2][-]{subsection.4.37.5}{\376\377\000V\000u\000e\000\040\000C\000L\000I\143\322\116\366\174\373\176\337}{section.4.37}% 203
\BOOKMARK [2][-]{subsection.4.37.6}{\376\377\163\257\130\203\221\115\177\156\116\016\201\352\133\232\116\111}{section.4.37}% 204
\BOOKMARK [1][-]{section.4.38}{\376\377\147\204\136\372\135\345\121\167\133\371\153\324\377\032\000W\000e\000b\000p\000a\000c\000k\116\016\000V\000i\000t\000e}{chapter.4}% 205
\BOOKMARK [2][-]{subsection.4.38.1}{\376\377\147\204\136\372\135\345\121\167\166\204\117\134\165\050\116\016\221\315\211\201\140\047}{section.4.38}% 206
\BOOKMARK [2][-]{subsection.4.38.2}{\376\377\000W\000e\000b\000p\000a\000c\000k\377\032\176\317\121\170\147\204\136\372\135\345\121\167}{section.4.38}% 207
\BOOKMARK [2][-]{subsection.4.38.3}{\376\377\000V\000i\000t\000e\377\032\145\260\116\000\116\343\147\204\136\372\135\345\121\167}{section.4.38}% 208
\BOOKMARK [2][-]{subsection.4.38.4}{\376\377\000W\000e\000b\000p\000a\000c\000k\000\040\000v\000s\000\040\000V\000i\000t\000e\000\040\213\346\176\306\133\371\153\324}{section.4.38}% 209
\BOOKMARK [1][-]{section.4.39}{\376\377\137\000\123\321\163\257\130\203\221\115\177\156\116\016\160\355\221\315\217\175}{chapter.4}% 210
\BOOKMARK [2][-]{subsection.4.39.1}{\376\377\137\000\123\321\163\257\130\203\166\204\221\315\211\201\140\047}{section.4.39}% 211
\BOOKMARK [2][-]{subsection.4.39.2}{\376\377\137\000\123\321\147\015\122\241\126\150\221\115\177\156}{section.4.39}% 212
\BOOKMARK [2][-]{subsection.4.39.3}{\376\377\160\355\221\315\217\175\142\200\147\057\213\346\211\343}{section.4.39}% 213
\BOOKMARK [2][-]{subsection.4.39.4}{\376\377\163\257\130\203\123\330\221\317\173\241\164\006}{section.4.39}% 214
\BOOKMARK [1][-]{section.4.40}{\376\377\116\343\170\001\211\304\203\003\116\016\215\050\221\317\143\247\122\066}{chapter.4}% 215
\BOOKMARK [2][-]{subsection.4.40.1}{\376\377\116\343\170\001\211\304\203\003\166\204\221\315\211\201\140\047}{section.4.40}% 216
\BOOKMARK [2][-]{subsection.4.40.2}{\376\377\000E\000S\000L\000i\000n\000t\221\115\177\156\116\016\117\177\165\050}{section.4.40}% 217
\BOOKMARK [2][-]{subsection.4.40.3}{\376\377\000P\000r\000e\000t\000t\000i\000e\000r\116\343\170\001\150\074\137\017\123\026}{section.4.40}% 218
\BOOKMARK [2][-]{subsection.4.40.4}{\376\377\000G\000i\000t\000\040\000H\000o\000o\000k\000s\116\016\201\352\122\250\123\026}{section.4.40}% 219
\BOOKMARK [2][-]{subsection.4.40.5}{\376\377\000T\000y\000p\000e\000S\000c\000r\000i\000p\000t\226\306\142\020}{section.4.40}% 220
\BOOKMARK [1][-]{section.4.41}{\376\377\172\340\202\202\140\073\176\323}{chapter.4}% 221
\BOOKMARK [2][-]{subsection.4.41.1}{\376\377\142\200\147\057\211\201\160\271\126\336\230\176}{section.4.41}% 222
\BOOKMARK [2][-]{subsection.4.41.2}{\376\377\154\064\122\051\210\114\116\032\136\224\165\050\162\171\160\271}{section.4.41}% 223
\BOOKMARK [2][-]{subsection.4.41.3}{\376\377\123\321\134\125\215\213\122\277\116\016\134\125\147\033}{section.4.41}% 224
\BOOKMARK [2][-]{subsection.4.41.4}{\376\377\133\146\116\140\136\372\213\256}{section.4.41}% 225
\BOOKMARK [1][-]{section.4.42}{\376\377\0004\000.\0007\000\040\122\115\172\357\220\350\177\162\116\016\123\321\136\003}{chapter.4}% 226
\BOOKMARK [1][-]{section.4.43}{\376\377\165\037\116\247\163\257\130\203\147\204\136\372\117\030\123\026}{chapter.4}% 227
\BOOKMARK [2][-]{subsection.4.43.1}{\376\377\147\204\136\372\117\030\123\026\166\204\221\315\211\201\140\047}{section.4.43}% 228
\BOOKMARK [2][-]{subsection.4.43.2}{\376\377\147\204\136\372\117\030\123\026\150\070\137\303\173\126\165\145}{section.4.43}% 229
\BOOKMARK [2][-]{subsection.4.43.3}{\376\377\232\330\176\247\147\204\136\372\117\030\123\026\173\126\165\145}{section.4.43}% 230
\BOOKMARK [1][-]{section.4.44}{\376\377\227\131\140\001\215\104\156\220\220\350\177\162\116\016\000C\000D\000N}{chapter.4}% 231
\BOOKMARK [2][-]{subsection.4.44.1}{\376\377\000C\000D\000N\142\200\147\057\123\237\164\006\116\016\117\030\122\277}{section.4.44}% 232
\BOOKMARK [2][-]{subsection.4.44.2}{\376\377\227\131\140\001\215\104\156\220\122\006\174\173\116\016\177\023\133\130\173\126\165\145}{section.4.44}% 233
\BOOKMARK [2][-]{subsection.4.44.3}{\376\377\000N\000g\000i\000n\000x\147\015\122\241\126\150\221\115\177\156\211\201\160\271}{section.4.44}% 234
\BOOKMARK [2][-]{subsection.4.44.4}{\376\377\000C\000D\000N\226\306\142\020\116\016\173\241\164\006}{section.4.44}% 235
\BOOKMARK [1][-]{section.4.45}{\376\377\140\047\200\375\166\321\143\247\116\016\165\050\142\067\117\123\232\214}{chapter.4}% 236
\BOOKMARK [2][-]{subsection.4.45.1}{\376\377\122\115\172\357\140\047\200\375\166\321\143\247\164\006\213\272\127\372\170\100}{section.4.45}% 237
\BOOKMARK [2][-]{subsection.4.45.2}{\376\377\154\064\122\051\174\373\176\337\162\171\202\162\166\321\143\247\227\000\154\102}{section.4.45}% 238
\BOOKMARK [2][-]{subsection.4.45.3}{\376\377\166\321\143\247\145\160\143\156\123\357\211\306\123\026\116\016\121\263\173\126\145\057\143\001}{section.4.45}% 239
\BOOKMARK [1][-]{section.4.46}{\376\377\162\110\147\054\143\247\122\066\116\016\123\321\136\003\173\126\165\145}{chapter.4}% 240
\BOOKMARK [2][-]{subsection.4.46.1}{\376\377\162\110\147\054\143\247\122\066\164\006\213\272\127\372\170\100}{section.4.46}% 241
\BOOKMARK [2][-]{subsection.4.46.2}{\376\377\213\355\116\111\123\026\162\110\147\054\143\247\122\066\133\236\215\365}{section.4.46}% 242
\BOOKMARK [2][-]{subsection.4.46.3}{\376\377\000G\000i\000t\135\345\117\134\155\101\172\013\116\016\126\342\226\037\123\117\117\134}{section.4.46}% 243
\BOOKMARK [2][-]{subsection.4.46.4}{\376\377\143\001\176\355\226\306\142\020\116\016\201\352\122\250\123\026\123\321\136\003}{section.4.46}% 244
\BOOKMARK [2][-]{subsection.4.46.5}{\376\377\123\321\136\003\173\126\165\145\116\016\230\316\226\151\143\247\122\066}{section.4.46}% 245
\BOOKMARK [1][-]{section.4.47}{\376\377\172\340\202\202\140\073\176\323\116\016\147\000\117\163\133\236\215\365}{chapter.4}% 246
\BOOKMARK [2][-]{subsection.4.47.1}{\376\377\150\070\137\303\142\200\147\057\211\201\160\271\126\336\230\176}{section.4.47}% 247
\BOOKMARK [2][-]{subsection.4.47.2}{\376\377\154\064\122\051\210\114\116\032\162\171\202\162\133\236\215\365}{section.4.47}% 248
\BOOKMARK [2][-]{subsection.4.47.3}{\376\377\142\200\147\057\123\321\134\125\215\213\122\277}{section.4.47}% 249
\BOOKMARK [2][-]{subsection.4.47.4}{\376\377\133\236\145\275\136\372\213\256}{section.4.47}% 250
\BOOKMARK [2][-]{subsection.4.47.5}{\376\377\176\323\213\355}{section.4.47}% 251
\BOOKMARK [1][-]{section.4.48}{\376\377\172\340\202\202\140\073\176\323\116\016\147\000\117\163\133\236\215\365}{chapter.4}% 252
\BOOKMARK [2][-]{subsection.4.48.1}{\376\377\150\070\137\303\142\200\147\057\164\006\137\365\126\336\230\176}{section.4.48}% 253
\BOOKMARK [2][-]{subsection.4.48.2}{\376\377\146\172\141\147\154\064\122\051\136\163\123\360\162\171\202\162\133\236\215\365}{section.4.48}% 254
\BOOKMARK [2][-]{subsection.4.48.3}{\376\377\142\200\147\057\123\321\134\125\215\213\122\277}{section.4.48}% 255
\BOOKMARK [2][-]{subsection.4.48.4}{\376\377\133\236\145\275\136\372\213\256}{section.4.48}% 256
\BOOKMARK [2][-]{subsection.4.48.5}{\376\377\176\323\213\355}{section.4.48}% 257
\BOOKMARK [0][-]{chapter.5}{\376\377\124\016\172\357\137\000\123\321\142\200\147\057}{}% 258
\BOOKMARK [1][-]{section.5.1}{\376\377\0005\000.\0001\000\040\124\016\172\357\147\015\122\241\151\202\217\360}{chapter.5}% 259
\BOOKMARK [2][-]{subsection.5.1.1}{\376\377\154\064\122\051\174\373\176\337\116\055\124\016\172\357\147\015\122\241\166\204\162\171\153\212\116\367\120\074}{section.5.1}% 260
\BOOKMARK [1][-]{section.5.2}{\376\377\124\016\172\357\147\015\122\241\117\123\174\373\176\323\147\204}{chapter.5}% 261
\BOOKMARK [2][-]{subsection.5.2.1}{\376\377\124\016\172\357\147\015\122\241\166\204\147\054\215\050\164\006\211\343}{section.5.2}% 262
\BOOKMARK [2][-]{subsection.5.2.2}{\376\377\122\006\134\102\147\266\147\204\166\204\213\276\213\241\124\362\133\146}{section.5.2}% 263
\BOOKMARK [2][-]{subsection.5.2.3}{\376\377\147\266\147\204\157\024\217\333\166\204\123\206\123\362\201\011\176\334}{section.5.2}% 264
\BOOKMARK [2][-]{subsection.5.2.4}{\376\377\122\006\134\102\147\266\147\204\213\276\213\241\123\237\164\006}{section.5.2}% 265
\BOOKMARK [2][-]{subsection.5.2.5}{\376\377\217\157\116\366\147\266\147\204\166\204\157\024\217\333\123\206\172\013}{section.5.2}% 266
\BOOKMARK [1][-]{section.5.3}{\376\377\000W\000e\000b\150\106\147\266\220\011\142\351\116\016\142\200\147\057\133\371\153\324}{chapter.5}% 267
\BOOKMARK [2][-]{subsection.5.3.1}{\376\377\000W\000e\000b\150\106\147\266\127\050\163\260\116\343\136\224\165\050\137\000\123\321\116\055\166\204\117\134\165\050}{section.5.3}% 268
\BOOKMARK [2][-]{subsection.5.3.2}{\376\377\116\073\155\101\142\200\147\057\150\010\166\204\162\171\160\271\116\016\220\002\165\050\127\072\146\157}{section.5.3}% 269
\BOOKMARK [2][-]{subsection.5.3.3}{\376\377\142\200\147\057\220\011\127\213\166\204\121\263\173\126\200\003\221\317}{section.5.3}% 270
\BOOKMARK [2][-]{subsection.5.3.4}{\376\377\155\367\124\010\142\200\147\057\147\266\147\204\166\204\133\236\215\365\116\367\120\074}{section.5.3}% 271
\BOOKMARK [1][-]{section.5.4}{\376\377\000H\000T\000T\000P\123\117\213\256\127\050\000W\000e\000b\137\000\123\321\116\055\166\204\136\224\165\050}{chapter.5}% 272
\BOOKMARK [2][-]{subsection.5.4.1}{\376\377\000H\000T\000T\000P\123\117\213\256\166\204\127\372\170\100\151\202\137\365\116\016\221\315\211\201\140\047}{section.5.4}% 273
\BOOKMARK [2][-]{subsection.5.4.2}{\376\377\000H\000T\000T\000P\145\271\154\325\127\050\154\064\122\051\174\373\176\337\116\055\166\204\133\236\226\105\136\224\165\050}{section.5.4}% 274
\BOOKMARK [2][-]{subsection.5.4.3}{\376\377\137\252\136\217\156\020\217\333\166\204\000H\000T\000T\000P\133\236\215\365}{section.5.4}% 275
\BOOKMARK [2][-]{subsection.5.4.4}{\376\377\000H\000T\000T\000P\123\117\213\256\166\204\127\372\147\054\123\237\164\006}{section.5.4}% 276
\BOOKMARK [2][-]{subsection.5.4.5}{\376\377\000H\000T\000T\000P\155\210\140\157\150\074\137\017\211\304\203\003}{section.5.4}% 277
\BOOKMARK [2][-]{subsection.5.4.6}{\376\377\000H\000T\000T\000P\145\271\154\325\213\355\116\111\116\016\136\224\165\050}{section.5.4}% 278
\BOOKMARK [1][-]{section.5.5}{\376\377\227\131\140\001\177\121\172\331\116\016\122\250\140\001\177\121\172\331\147\266\147\204}{chapter.5}% 279
\BOOKMARK [2][-]{subsection.5.5.1}{\376\377\227\131\140\001\177\121\172\331\166\204\142\200\147\057\162\171\160\271\116\016\136\224\165\050\127\072\146\157}{section.5.5}% 280
\BOOKMARK [2][-]{subsection.5.5.2}{\376\377\122\250\140\001\177\121\172\331\166\204\133\236\163\260\147\072\122\066\116\016\142\200\147\057\147\266\147\204}{section.5.5}% 281
\BOOKMARK [2][-]{subsection.5.5.3}{\376\377\155\367\124\010\147\266\147\204\166\204\163\260\116\343\133\236\215\365}{section.5.5}% 282
\BOOKMARK [1][-]{section.5.6}{\376\377\000W\000e\000b\136\224\165\050\150\106\147\266\220\011\142\351}{chapter.5}% 283
\BOOKMARK [2][-]{subsection.5.6.1}{\376\377\150\106\147\266\166\204\116\367\120\074\116\016\117\134\165\050\147\072\122\066}{section.5.6}% 284
\BOOKMARK [2][-]{subsection.5.6.2}{\376\377\000S\000p\000r\000i\000n\000g\000\040\000B\000o\000o\000t\150\106\147\266\155\361\136\246\211\343\147\220}{section.5.6}% 285
\BOOKMARK [2][-]{subsection.5.6.3}{\376\377\000S\000e\000r\000v\000l\000e\000t\142\200\147\057\127\372\170\100\116\016\163\260\116\343\157\024\217\333}{section.5.6}% 286
\BOOKMARK [1][-]{section.5.7}{\376\377\147\054\202\202\140\073\176\323}{chapter.5}% 287
\BOOKMARK [2][-]{subsection.5.7.1}{\376\377\150\070\137\303\167\345\213\306\160\271\126\336\230\176}{section.5.7}% 288
\BOOKMARK [2][-]{subsection.5.7.2}{\376\377\133\146\116\140\215\357\137\204\136\372\213\256}{section.5.7}% 289
\BOOKMARK [2][-]{subsection.5.7.3}{\376\377\133\236\215\365\176\303\116\140\136\372\213\256}{section.5.7}% 290
\BOOKMARK [2][-]{subsection.5.7.4}{\376\377\136\070\211\301\225\356\230\230\116\016\211\343\121\263\145\271\150\110}{section.5.7}% 291
\BOOKMARK [2][-]{subsection.5.7.5}{\376\377\116\013\202\202\230\204\124\112}{section.5.7}% 292
\BOOKMARK [1][-]{section.5.8}{\376\377\0005\000.\0002\000\040\000S\000p\000r\000i\000n\000g\000\040\000B\000o\000o\000t\117\001\116\032\176\247\137\000\123\321\150\106\147\266}{chapter.5}% 293
\BOOKMARK [1][-]{section.5.9}{\376\377\0005\000.\0002\000\040\000S\000p\000r\000i\000n\000g\000\040\000B\000o\000o\000t\117\001\116\032\176\247\137\000\123\321\150\106\147\266}{chapter.5}% 294
\BOOKMARK [2][-]{subsection.5.9.1}{\376\377\000S\000p\000r\000i\000n\000g\000\040\000B\000o\000o\000t\127\050\154\064\122\051\174\373\176\337\116\055\166\204\116\367\120\074}{section.5.9}% 295
\BOOKMARK [1][-]{section.5.10}{\376\377\000S\000p\000r\000i\000n\000g\000\040\000B\000o\000o\000t\150\070\137\303\162\171\140\047}{chapter.5}% 296
\BOOKMARK [2][-]{subsection.5.10.1}{\376\377\000"\176\246\133\232\117\030\116\216\221\115\177\156\000"\213\276\213\241\164\006\137\365}{section.5.10}% 297
\BOOKMARK [2][-]{subsection.5.10.2}{\376\377\137\252\136\217\156\020\217\333\166\204\133\146\116\140\215\357\137\204}{section.5.10}% 298
\BOOKMARK [1][-]{section.5.11}{\376\377\201\352\122\250\221\115\177\156\147\072\122\066\155\361\136\246\211\343\147\220}{chapter.5}% 299
\BOOKMARK [2][-]{subsection.5.11.1}{\376\377\201\352\122\250\221\115\177\156\166\204\135\345\117\134\123\237\164\006}{section.5.11}% 300
\BOOKMARK [2][-]{subsection.5.11.2}{\376\377\147\141\116\366\123\026\221\115\177\156\171\072\117\213}{section.5.11}% 301
\BOOKMARK [2][-]{subsection.5.11.3}{\376\377\201\352\133\232\116\111\201\352\122\250\221\115\177\156}{section.5.11}% 302
\BOOKMARK [1][-]{section.5.12}{\376\377\230\171\166\356\122\033\136\372\116\016\163\257\130\203\144\055\136\372}{chapter.5}% 303
\BOOKMARK [2][-]{subsection.5.12.1}{\376\377\117\177\165\050\000S\000p\000r\000i\000n\000g\000\040\000I\000n\000i\000t\000i\000a\000l\000i\000z\000r\122\033\136\372\230\171\166\356}{section.5.12}% 304
\BOOKMARK [2][-]{subsection.5.12.2}{\376\377\230\171\166\356\176\323\147\204\213\346\211\343}{section.5.12}% 305
\BOOKMARK [2][-]{subsection.5.12.3}{\376\377\137\000\123\321\163\257\130\203\221\115\177\156}{section.5.12}% 306
\BOOKMARK [2][-]{subsection.5.12.4}{\376\377\163\257\130\203\221\115\177\156\145\207\116\366}{section.5.12}% 307
\BOOKMARK [2][-]{subsection.5.12.5}{\376\377\165\037\116\247\134\061\176\352\162\171\140\047}{section.5.12}% 308
\BOOKMARK [1][-]{section.5.13}{\376\377\230\171\166\356\122\033\136\372\116\016\176\323\147\204\176\304\176\307}{chapter.5}% 309
\BOOKMARK [2][-]{subsection.5.13.1}{\376\377\000S\000p\000r\000i\000n\000g\000\040\000I\000n\000i\000t\000i\000a\000l\000i\000z\000r\230\171\166\356\165\037\142\020\135\345\121\167}{section.5.13}% 310
\BOOKMARK [2][-]{subsection.5.13.2}{\376\377\150\007\121\306\230\171\166\356\176\323\147\204\116\016\123\005\176\304\176\307}{section.5.13}% 311
\BOOKMARK [2][-]{subsection.5.13.3}{\376\377\221\115\177\156\145\207\116\366\173\241\164\006\173\126\165\145}{section.5.13}% 312
\BOOKMARK [1][-]{section.5.14}{\376\377\201\352\122\250\221\115\177\156\147\072\122\066\155\361\136\246\211\343\147\220}{chapter.5}% 313
\BOOKMARK [2][-]{subsection.5.14.1}{\376\377\147\141\116\366\123\026\221\115\177\156\166\204\133\236\163\260\123\237\164\006}{section.5.14}% 314
\BOOKMARK [2][-]{subsection.5.14.2}{\376\377\201\352\122\250\221\115\177\156\174\173\166\204\122\240\217\175\147\072\122\066}{section.5.14}% 315
\BOOKMARK [2][-]{subsection.5.14.3}{\376\377\221\115\177\156\134\136\140\047\176\321\133\232\147\072\122\066}{section.5.14}% 316
\BOOKMARK [1][-]{section.5.15}{\376\377\215\167\153\145\117\235\215\126\173\241\164\006\117\123\174\373}{chapter.5}% 317
\BOOKMARK [2][-]{subsection.5.15.1}{\376\377\215\167\153\145\117\235\215\126\166\204\213\276\213\241\164\006\137\365}{section.5.15}% 318
\BOOKMARK [2][-]{subsection.5.15.2}{\376\377\150\070\137\303\215\167\153\145\117\235\215\126\213\346\211\343}{section.5.15}% 319
\BOOKMARK [2][-]{subsection.5.15.3}{\376\377\201\352\133\232\116\111\215\167\153\145\117\235\215\126\137\000\123\321}{section.5.15}% 320
\BOOKMARK [1][-]{section.5.16}{\376\377\117\001\116\032\176\247\221\115\177\156\173\241\164\006\133\236\215\365}{chapter.5}% 321
\BOOKMARK [2][-]{subsection.5.16.1}{\376\377\131\026\220\350\123\026\221\115\177\156\166\204\147\000\117\163\133\236\215\365}{section.5.16}% 322
\BOOKMARK [2][-]{subsection.5.16.2}{\376\377\221\115\177\156\122\240\133\306\116\016\133\211\121\150\173\241\164\006}{section.5.16}% 323
\BOOKMARK [2][-]{subsection.5.16.3}{\376\377\221\115\177\156\160\355\146\364\145\260\116\016\122\250\140\001\214\003\145\164}{section.5.16}% 324
\BOOKMARK [1][-]{section.5.17}{\376\377\000S\000p\000r\000i\000n\000g\000\040\000B\000o\000o\000t\117\001\116\032\176\247\136\224\165\050\137\000\123\321\140\073\176\323\116\016\147\000\117\163\133\236\215\365}{chapter.5}% 325
\BOOKMARK [2][-]{subsection.5.17.1}{\376\377\137\000\123\321\145\110\163\207\143\320\123\107\166\204\121\163\225\056\211\201\175\040}{section.5.17}% 326
\BOOKMARK [2][-]{subsection.5.17.2}{\376\377\117\001\116\032\176\247\162\171\140\047\166\204\133\236\215\365\116\367\120\074}{section.5.17}% 327
\BOOKMARK [2][-]{subsection.5.17.3}{\376\377\142\200\147\057\220\011\127\213\116\016\147\266\147\204\213\276\213\241\143\007\133\374}{section.5.17}% 328
\BOOKMARK [2][-]{subsection.5.17.4}{\376\377\140\047\200\375\117\030\123\026\116\016\217\320\176\364\166\321\143\247\173\126\165\145}{section.5.17}% 329
\BOOKMARK [2][-]{subsection.5.17.5}{\376\377\133\211\121\150\140\047\116\016\124\010\211\304\140\047\200\003\206\121}{section.5.17}% 330
\BOOKMARK [2][-]{subsection.5.17.6}{\376\377\147\052\147\145\123\321\134\125\215\213\122\277\116\016\142\200\147\057\134\125\147\033}{section.5.17}% 331
\BOOKMARK [2][-]{subsection.5.17.7}{\376\377\133\236\215\365\136\372\213\256\116\016\154\350\141\017\116\213\230\171}{section.5.17}% 332
\BOOKMARK [1][-]{section.5.18}{\376\377\147\054\202\202\140\073\176\323}{chapter.5}% 333
\BOOKMARK [2][-]{subsection.5.18.1}{\376\377\150\070\137\303\167\345\213\306\160\271\126\336\230\176}{section.5.18}% 334
\BOOKMARK [2][-]{subsection.5.18.2}{\376\377\133\146\116\140\215\357\137\204\140\073\176\323}{section.5.18}% 335
\BOOKMARK [2][-]{subsection.5.18.3}{\376\377\133\146\116\140\215\357\137\204\116\016\145\366\225\364\133\211\143\222}{section.5.18}% 336
\BOOKMARK [2][-]{subsection.5.18.4}{\376\377\133\236\215\365\176\303\116\140\136\372\213\256}{section.5.18}% 337
\BOOKMARK [2][-]{subsection.5.18.5}{\376\377\142\200\147\057\220\011\127\213\136\372\213\256}{section.5.18}% 338
\BOOKMARK [2][-]{subsection.5.18.6}{\376\377\136\070\211\301\225\356\230\230\211\343\173\124}{section.5.18}% 339
\BOOKMARK [2][-]{subsection.5.18.7}{\376\377\116\013\202\202\230\204\124\112}{section.5.18}% 340
\BOOKMARK [1][-]{section.5.19}{\376\377\0005\000.\0003\000\040\117\235\215\126\154\350\121\145\116\016\143\247\122\066\123\315\217\154}{chapter.5}% 341
\BOOKMARK [1][-]{section.5.20}{\376\377\0005\000.\0003\000\040\117\235\215\126\154\350\121\145\116\016\143\247\122\066\123\315\217\154}{chapter.5}% 342
\BOOKMARK [2][-]{subsection.5.20.1}{\376\377\000I\000o\000C\127\050\154\064\122\051\174\373\176\337\116\055\166\204\136\224\165\050\116\367\120\074}{section.5.20}% 343
\BOOKMARK [1][-]{section.5.21}{\376\377\143\247\122\066\123\315\217\154\150\070\137\303\151\202\137\365}{chapter.5}% 344
\BOOKMARK [2][-]{subsection.5.21.1}{\376\377\117\040\176\337\117\235\215\126\173\241\164\006\166\204\225\356\230\230}{section.5.21}% 345
\BOOKMARK [2][-]{subsection.5.21.2}{\376\377\000I\000o\000C\166\204\211\343\121\263\145\271\150\110}{section.5.21}% 346
\BOOKMARK [1][-]{section.5.22}{\376\377\137\252\136\217\156\020\217\333\166\204\117\235\215\126\154\350\121\145\133\236\215\365}{chapter.5}% 347
\BOOKMARK [2][-]{subsection.5.22.1}{\376\377\127\372\170\100\134\102\153\041\377\032\164\006\211\343\117\235\215\126\154\350\121\145\151\202\137\365}{section.5.22}% 348
\BOOKMARK [2][-]{subsection.5.22.2}{\376\377\217\333\226\066\134\102\153\041\377\032\147\204\220\040\126\150\154\350\121\145\147\000\117\163\133\236\215\365}{section.5.22}% 349
\BOOKMARK [2][-]{subsection.5.22.3}{\376\377\232\330\176\247\134\102\153\041\377\032\131\015\147\102\117\235\215\126\121\163\174\373\173\241\164\006}{section.5.22}% 350
\BOOKMARK [1][-]{section.5.23}{\376\377\000B\000e\000a\000n\173\241\164\006\124\214\165\037\124\175\124\150\147\037}{chapter.5}% 351
\BOOKMARK [2][-]{subsection.5.23.1}{\376\377\000B\000e\000a\000n\166\204\117\134\165\050\127\337}{section.5.23}% 352
\BOOKMARK [2][-]{subsection.5.23.2}{\376\377\000B\000e\000a\000n\165\037\124\175\124\150\147\037\126\336\214\003}{section.5.23}% 353
\BOOKMARK [2][-]{subsection.5.23.3}{\376\377\143\247\122\066\123\315\217\154\166\204\213\276\213\241\140\035\140\363\116\016\164\006\213\272\121\205\155\265}{section.5.23}% 354
\BOOKMARK [2][-]{subsection.5.23.4}{\376\377\000I\000o\000C\133\271\126\150\166\204\147\266\147\204\213\276\213\241\116\016\133\236\163\260\147\072\122\066}{section.5.23}% 355
\BOOKMARK [1][-]{section.5.24}{\376\377\000S\000p\000r\000i\000n\000g\000\040\000I\000o\000C\133\271\126\150\155\361\136\246\211\343\147\220}{chapter.5}% 356
\BOOKMARK [2][-]{subsection.5.24.1}{\376\377\133\271\126\150\122\035\131\313\123\026\166\204\133\214\145\164\165\037\124\175\124\150\147\037}{section.5.24}% 357
\BOOKMARK [2][-]{subsection.5.24.2}{\376\377\000B\000e\000a\000n\133\232\116\111\166\204\121\103\145\160\143\156\173\241\164\006\147\072\122\066}{section.5.24}% 358
\BOOKMARK [2][-]{subsection.5.24.3}{\376\377\000B\000e\000a\000n\117\134\165\050\127\337\166\204\155\361\134\102\147\072\122\066\116\016\136\224\165\050\173\126\165\145}{section.5.24}% 359
\BOOKMARK [1][-]{section.5.25}{\376\377\117\235\215\126\154\350\121\145\166\204\133\236\163\260\145\271\137\017\116\016\147\000\117\163\133\236\215\365}{chapter.5}% 360
\BOOKMARK [2][-]{subsection.5.25.1}{\376\377\147\204\220\040\126\150\154\350\121\145\166\204\213\276\213\241\117\030\122\277\116\016\136\224\165\050\152\041\137\017}{section.5.25}% 361
\BOOKMARK [2][-]{subsection.5.25.2}{\376\377\000S\000e\000t\000t\000e\000r\154\350\121\145\166\204\160\165\155\073\140\047\116\016\220\002\165\050\127\072\146\157}{section.5.25}% 362
\BOOKMARK [2][-]{subsection.5.25.3}{\376\377\133\127\153\265\154\350\121\145\166\204\117\277\122\051\140\047\116\016\157\134\127\050\225\356\230\230}{section.5.25}% 363
\BOOKMARK [1][-]{section.5.26}{\376\377\154\350\211\343\232\161\122\250\137\000\123\321\166\204\133\236\163\260\147\072\122\066}{chapter.5}% 364
\BOOKMARK [2][-]{subsection.5.26.1}{\376\377\000S\000p\000r\000i\000n\000g\154\350\211\343\117\123\174\373\166\204\213\276\213\241\147\266\147\204}{section.5.26}% 365
\BOOKMARK [2][-]{subsection.5.26.2}{\376\377\201\352\122\250\210\305\221\115\166\204\135\345\117\134\147\072\122\066\116\016\232\330\176\247\162\171\140\047}{section.5.26}% 366
\BOOKMARK [2][-]{subsection.5.26.3}{\376\377\176\304\116\366\142\153\143\317\116\016\217\307\156\344\147\072\122\066}{section.5.26}% 367
\BOOKMARK [1][-]{section.5.27}{\376\377\000B\000e\000a\000n\165\037\124\175\124\150\147\037\173\241\164\006\116\016\215\104\156\220\143\247\122\066}{chapter.5}% 368
\BOOKMARK [2][-]{subsection.5.27.1}{\376\377\000B\000e\000a\000n\165\037\124\175\124\150\147\037\166\204\133\214\145\164\226\066\153\265\122\006\147\220}{section.5.27}% 369
\BOOKMARK [2][-]{subsection.5.27.2}{\376\377\117\134\165\050\127\337\116\343\164\006\116\016\176\277\172\013\133\211\121\150\173\241\164\006}{section.5.27}% 370
\BOOKMARK [2][-]{subsection.5.27.3}{\376\377\215\104\156\220\173\241\164\006\116\016\140\047\200\375\117\030\123\026\173\126\165\145}{section.5.27}% 371
\BOOKMARK [1][-]{section.5.28}{\376\377\133\236\226\105\136\224\165\050\127\072\146\157}{chapter.5}% 372
\BOOKMARK [2][-]{subsection.5.28.1}{\376\377\154\064\122\051\166\321\155\113\174\373\176\337\166\204\117\235\215\126\154\350\121\145\133\236\215\365}{section.5.28}% 373
\BOOKMARK [2][-]{subsection.5.28.2}{\376\377\155\113\213\325\116\055\166\204\117\235\215\126\154\350\121\145}{section.5.28}% 374
\BOOKMARK [1][-]{section.5.29}{\376\377\147\054\202\202\140\073\176\323}{chapter.5}% 375
\BOOKMARK [2][-]{subsection.5.29.1}{\376\377\150\070\137\303\167\345\213\306\160\271\126\336\230\176}{section.5.29}% 376
\BOOKMARK [2][-]{subsection.5.29.2}{\376\377\142\200\147\057\220\011\127\213\166\204\176\374\124\010\200\003\221\317}{section.5.29}% 377
\BOOKMARK [2][-]{subsection.5.29.3}{\376\377\133\236\215\365\143\007\133\374\116\016\176\317\232\214\140\073\176\323}{section.5.29}% 378
\BOOKMARK [2][-]{subsection.5.29.4}{\376\377\133\236\215\365\176\303\116\140\136\372\213\256}{section.5.29}% 379
\BOOKMARK [2][-]{subsection.5.29.5}{\376\377\136\070\211\301\225\356\230\230\211\343\173\124}{section.5.29}% 380
\BOOKMARK [2][-]{subsection.5.29.6}{\376\377\116\013\202\202\230\204\124\112}{section.5.29}% 381
\BOOKMARK [1][-]{section.5.30}{\376\377\0005\000.\0004\000\040\145\160\143\156\136\223\143\001\116\105\123\026\142\200\147\057}{chapter.5}% 382
\BOOKMARK [1][-]{section.5.31}{\376\377\145\160\143\156\213\277\225\356\134\102\147\266\147\204\213\276\213\241\116\016\142\200\147\057\157\024\217\333}{chapter.5}% 383
\BOOKMARK [2][-]{subsection.5.31.1}{\376\377\117\040\176\337\000J\000D\000B\000C\177\026\172\013\152\041\137\017\166\204\134\100\226\120\140\047\122\006\147\220}{section.5.31}% 384
\BOOKMARK [2][-]{subsection.5.31.2}{\376\377\000O\000R\000M\142\200\147\057\166\204\213\276\213\241\164\006\137\365\116\016\150\070\137\303\116\367\120\074}{section.5.31}% 385
\BOOKMARK [2][-]{subsection.5.31.3}{\376\377\000R\000e\000p\000o\000s\000i\000t\000o\000r\000y\152\041\137\017\166\204\147\266\147\204\141\017\116\111\116\016\133\236\163\260\173\126\165\145}{section.5.31}% 386
\BOOKMARK [1][-]{section.5.32}{\376\377\000S\000p\000r\000i\000n\000g\000\040\000D\000a\000t\000a\000\040\000J\000P\000A\150\070\137\303\147\072\122\066\155\361\136\246\211\343\147\220}{chapter.5}% 387
\BOOKMARK [2][-]{subsection.5.32.1}{\376\377\133\236\117\123\146\040\134\004\147\072\122\066\166\204\213\276\213\241\123\237\164\006\116\016\232\330\176\247\162\171\140\047}{section.5.32}% 388
\BOOKMARK [2][-]{subsection.5.32.2}{\376\377\147\345\213\342\147\204\136\372\147\072\122\066\116\016\140\047\200\375\117\030\123\026\173\126\165\145}{section.5.32}% 389
\BOOKMARK [2][-]{subsection.5.32.3}{\376\377\133\236\117\123\165\037\124\175\124\150\147\037\173\241\164\006\116\016\126\336\214\003\147\072\122\066}{section.5.32}% 390
\BOOKMARK [1][-]{section.5.33}{\376\377\116\213\122\241\173\241\164\006\147\072\122\066\116\016\145\160\143\156\116\000\201\364\140\047\117\335\226\234}{chapter.5}% 391
\BOOKMARK [2][-]{subsection.5.33.1}{\376\377\130\360\146\016\137\017\116\213\122\241\173\241\164\006\166\204\133\236\163\260\123\237\164\006\116\016\221\115\177\156\173\126\165\145}{section.5.33}% 392
\BOOKMARK [2][-]{subsection.5.33.2}{\376\377\116\213\122\241\117\040\144\255\210\114\116\072\166\204\155\361\136\246\164\006\211\343\116\016\136\224\165\050\127\072\146\157}{section.5.33}% 393
\BOOKMARK [2][-]{subsection.5.33.3}{\376\377\122\006\136\003\137\017\116\213\122\241\131\004\164\006\116\016\145\160\143\156\116\000\201\364\140\047\173\126\165\145}{section.5.33}% 394
\BOOKMARK [1][-]{section.5.34}{\376\377\117\001\116\032\176\247\145\160\143\156\136\372\152\041\133\236\215\365\116\016\117\030\123\026\173\126\165\145}{chapter.5}% 395
\BOOKMARK [2][-]{subsection.5.34.1}{\376\377\230\206\127\337\232\161\122\250\166\204\133\236\117\123\213\276\213\241\123\237\122\031}{section.5.34}% 396
\BOOKMARK [2][-]{subsection.5.34.2}{\376\377\131\015\147\102\121\163\200\124\121\163\174\373\166\204\213\276\213\241\116\016\117\030\123\026}{section.5.34}% 397
\BOOKMARK [2][-]{subsection.5.34.3}{\376\377\145\160\143\156\116\000\201\364\140\047\116\016\140\047\200\375\117\030\123\026\166\204\136\163\210\141\173\126\165\145}{section.5.34}% 398
\BOOKMARK [1][-]{section.5.35}{\376\377\0005\000.\0005\000\040\124\016\123\360\147\015\122\241\213\276\213\241}{chapter.5}% 399
\BOOKMARK [1][-]{section.5.36}{\376\377\000R\000E\000S\000T\000f\000u\000l\000\040\000A\000P\000I\213\276\213\241\123\237\122\031\116\016\133\236\215\365}{chapter.5}% 400
\BOOKMARK [2][-]{subsection.5.36.1}{\376\377\000R\000E\000S\000T\147\266\147\204\230\316\150\074\166\204\150\070\137\303\164\006\137\365}{section.5.36}% 401
\BOOKMARK [2][-]{subsection.5.36.2}{\376\377\162\110\147\054\173\241\164\006\124\214\124\021\124\016\121\174\133\271}{section.5.36}% 402
\BOOKMARK [1][-]{section.5.37}{\376\377\147\015\122\241\134\102\147\266\147\204\213\276\213\241\147\000\117\163\133\236\215\365}{chapter.5}% 403
\BOOKMARK [2][-]{subsection.5.37.1}{\376\377\122\006\134\102\147\266\147\204\152\041\137\017}{section.5.37}% 404
\BOOKMARK [2][-]{subsection.5.37.2}{\376\377\230\206\127\337\232\161\122\250\213\276\213\241\166\204\136\224\165\050}{section.5.37}% 405
\BOOKMARK [2][-]{subsection.5.37.3}{\376\377\137\256\147\015\122\241\147\266\147\204\200\003\206\121}{section.5.37}% 406
\BOOKMARK [1][-]{section.5.38}{\376\377\000S\000p\000r\000i\000n\000g\000\040\000S\000e\000c\000u\000r\000i\000t\000y\133\211\121\150\213\244\213\301\116\016\143\210\147\103}{chapter.5}% 407
\BOOKMARK [2][-]{subsection.5.38.1}{\376\377\216\253\116\375\213\244\213\301\147\072\122\066}{section.5.38}% 408
\BOOKMARK [2][-]{subsection.5.38.2}{\376\377\176\306\174\222\136\246\147\103\226\120\143\247\122\066}{section.5.38}% 409
\BOOKMARK [1][-]{section.5.39}{\376\377\137\002\136\070\131\004\164\006\116\016\145\345\137\327\213\260\137\125\173\126\165\145}{chapter.5}% 410
\BOOKMARK [2][-]{subsection.5.39.1}{\376\377\176\337\116\000\137\002\136\070\131\004\164\006\147\072\122\066}{section.5.39}% 411
\BOOKMARK [2][-]{subsection.5.39.2}{\376\377\176\323\147\204\123\026\145\345\137\327\213\260\137\125}{section.5.39}% 412
\BOOKMARK [1][-]{section.5.40}{\376\377\0005\000.\0006\000\040\000P\000y\000t\000h\000o\000n\117\001\116\032\176\247\000W\000e\000b\137\000\123\321\150\106\147\266}{chapter.5}% 413
\BOOKMARK [1][-]{section.5.41}{\376\377\000P\000y\000t\000h\000o\000n\000\040\000W\000e\000b\150\106\147\266\142\200\147\057\162\171\202\162\116\016\117\001\116\032\136\224\165\050\116\367\120\074}{chapter.5}% 414
\BOOKMARK [2][-]{subsection.5.41.1}{\376\377\000P\000y\000t\000h\000o\000n\213\355\212\000\127\050\117\001\116\032\176\247\137\000\123\321\116\055\166\204\162\354\162\171\117\030\122\277}{section.5.41}% 415
\BOOKMARK [2][-]{subsection.5.41.2}{\376\377\171\321\133\146\213\241\173\227\165\037\140\001\174\373\176\337\166\204\117\001\116\032\136\224\165\050\116\367\120\074}{section.5.41}% 416
\BOOKMARK [2][-]{subsection.5.41.3}{\376\377\000P\000y\000t\000h\000o\000n\000\040\000W\000e\000b\150\106\147\266\166\204\142\200\147\057\165\037\140\001\117\030\122\277}{section.5.41}% 417
\BOOKMARK [1][-]{section.5.42}{\376\377\000F\000l\000a\000s\000k\137\256\150\106\147\266\213\276\213\241\164\006\137\365\116\016\147\266\147\204\133\236\163\260}{chapter.5}% 418
\BOOKMARK [2][-]{subsection.5.42.1}{\376\377\137\256\150\106\147\266\213\276\213\241\124\362\133\146\166\204\155\361\136\246\211\343\147\220}{section.5.42}% 419
\BOOKMARK [2][-]{subsection.5.42.2}{\376\377\000F\000l\000a\000s\000k\150\070\137\303\176\304\116\366\166\204\142\200\147\057\147\266\147\204}{section.5.42}% 420
\BOOKMARK [2][-]{subsection.5.42.3}{\376\377\000F\000l\000a\000s\000k\142\151\134\125\165\037\140\001\174\373\176\337\116\016\117\001\116\032\176\247\122\237\200\375\133\236\163\260}{section.5.42}% 421
\BOOKMARK [1][-]{section.5.43}{\376\377\000D\000j\000a\000n\000g\000o\117\001\116\032\176\247\121\150\150\010\150\106\147\266\147\266\147\204\116\016\133\236\163\260\147\072\122\066}{chapter.5}% 422
\BOOKMARK [2][-]{subsection.5.43.1}{\376\377\000D\000j\000a\000n\000g\000o\213\276\213\241\124\362\133\146\116\016\000M\000T\000V\147\266\147\204\152\041\137\017}{section.5.43}% 423
\BOOKMARK [2][-]{subsection.5.43.2}{\376\377\000D\000j\000a\000n\000g\000o\000\040\000O\000R\000M\174\373\176\337\166\204\117\001\116\032\176\247\145\160\143\156\136\372\152\041\200\375\122\233}{section.5.43}% 424
\BOOKMARK [2][-]{subsection.5.43.3}{\376\377\000D\000j\000a\000n\000g\000o\213\244\213\301\143\210\147\103\174\373\176\337\166\204\117\001\116\032\176\247\133\211\121\150\147\072\122\066}{section.5.43}% 425
\BOOKMARK [2][-]{subsection.5.43.4}{\376\377\000D\000j\000a\000n\000g\000o\173\241\164\006\124\016\123\360\166\204\117\001\116\032\176\247\121\205\133\271\173\241\164\006\200\375\122\233}{section.5.43}% 426
\BOOKMARK [1][-]{section.5.44}{\376\377\000F\000l\000a\000s\000k\116\016\000D\000j\000a\000n\000g\000o\117\001\116\032\176\247\136\224\165\050\133\371\153\324\122\006\147\220}{chapter.5}% 427
\BOOKMARK [2][-]{subsection.5.44.1}{\376\377\142\200\147\057\147\266\147\204\133\371\153\324\116\016\220\002\165\050\127\072\146\157\122\006\147\220}{section.5.44}% 428
\BOOKMARK [2][-]{subsection.5.44.2}{\376\377\140\047\200\375\162\171\140\047\155\361\136\246\133\371\153\324}{section.5.44}% 429
\BOOKMARK [2][-]{subsection.5.44.3}{\376\377\117\001\116\032\176\247\162\171\140\047\133\371\153\324\122\006\147\220}{section.5.44}% 430
\BOOKMARK [1][-]{section.5.45}{\376\377\000P\000y\000t\000h\000o\000n\000\040\000W\000e\000b\150\106\147\266\117\001\116\032\176\247\136\224\165\050\147\000\117\163\133\236\215\365}{chapter.5}% 431
\BOOKMARK [2][-]{subsection.5.45.1}{\376\377\000F\000l\000a\000s\000k\117\001\116\032\176\247\136\224\165\050\137\000\123\321\152\041\137\017}{section.5.45}% 432
\BOOKMARK [2][-]{subsection.5.45.2}{\376\377\000D\000j\000a\000n\000g\000o\117\001\116\032\176\247\136\224\165\050\137\000\123\321\152\041\137\017}{section.5.45}% 433
\BOOKMARK [2][-]{subsection.5.45.3}{\376\377\000P\000y\000t\000h\000o\000n\000\040\000W\000e\000b\150\106\147\266\166\204\000D\000e\000v\000O\000p\000s\147\000\117\163\133\236\215\365}{section.5.45}% 434
\BOOKMARK [1][-]{section.5.46}{\376\377\000P\000y\000t\000h\000o\000n\000\040\000W\000e\000b\150\106\147\266\142\200\147\057\220\011\127\213\143\007\133\374\116\016\123\321\134\125\215\213\122\277}{chapter.5}% 435
\BOOKMARK [2][-]{subsection.5.46.1}{\376\377\142\200\147\057\220\011\127\213\121\263\173\126\150\106\147\266}{section.5.46}% 436
\BOOKMARK [2][-]{subsection.5.46.2}{\376\377\155\367\124\010\147\266\147\204\173\126\165\145}{section.5.46}% 437
\BOOKMARK [2][-]{subsection.5.46.3}{\376\377\000P\000y\000t\000h\000o\000n\000\040\000W\000e\000b\150\106\147\266\123\321\134\125\215\213\122\277}{section.5.46}% 438
\BOOKMARK [1][-]{section.5.47}{\376\377\140\073\176\323\116\016\133\236\215\365\143\007\133\374}{chapter.5}% 439
\BOOKMARK [0][-]{chapter.6}{\376\377\116\011\176\364\127\072\146\157\142\200\147\057\127\372\170\100}{}% 440
\BOOKMARK [1][-]{section.6.1}{\376\377\172\340\202\202\151\202\217\360}{chapter.6}% 441
\BOOKMARK [2][-]{subsection.6.1.1}{\376\377\127\372\170\100\230\230}{section.6.1}% 442
\BOOKMARK [2][-]{subsection.6.1.2}{\376\377\143\320\232\330\230\230}{section.6.1}% 443
\BOOKMARK [2][-]{subsection.6.1.3}{\376\377\213\250\213\272\230\230}{section.6.1}% 444
\BOOKMARK [1][-]{section.6.2}{\376\377\116\011\176\364\127\072\146\157\142\200\147\057\151\202\217\360}{chapter.6}% 445
\BOOKMARK [2][-]{subsection.6.2.1}{\376\377\116\011\176\364\127\072\146\157\166\204\176\304\142\020\211\201\175\040}{section.6.2}% 446
\BOOKMARK [2][-]{subsection.6.2.2}{\376\377\116\011\176\364\145\160\143\156\147\145\156\220}{section.6.2}% 447
\BOOKMARK [2][-]{subsection.6.2.3}{\376\377\121\163\225\056\142\200\147\057}{section.6.2}% 448
\BOOKMARK [2][-]{subsection.6.2.4}{\376\377\136\224\165\050\127\072\146\157}{section.6.2}% 449
\BOOKMARK [2][-]{subsection.6.2.5}{\376\377\146\172\141\147\154\064\122\051\136\163\123\360\116\011\176\364\127\072\146\157\150\106\147\266}{section.6.2}% 450
\BOOKMARK [2][-]{subsection.6.2.6}{\376\377\143\021\142\030\116\016\123\321\134\125\215\213\122\277}{section.6.2}% 451
\BOOKMARK [2][-]{subsection.6.2.7}{\376\377\134\017\176\323}{section.6.2}% 452
\BOOKMARK [2][-]{subsection.6.2.8}{\376\377\127\372\170\100\230\230}{section.6.2}% 453
\BOOKMARK [2][-]{subsection.6.2.9}{\376\377\143\320\232\330\230\230}{section.6.2}% 454
\BOOKMARK [2][-]{subsection.6.2.10}{\376\377\213\250\213\272\230\230}{section.6.2}% 455
\BOOKMARK [1][-]{section.6.3}{\376\377\000G\000I\000S\127\060\126\376\147\015\122\241\136\224\165\050}{chapter.6}% 456
\BOOKMARK [2][-]{subsection.6.3.1}{\376\377\000W\000e\000b\000G\000L\123\312\127\372\116\216\000W\000e\000b\000G\000L\166\204\217\173\221\317\176\247\150\106\147\266}{section.6.3}% 457
\BOOKMARK [2][-]{subsection.6.3.2}{\376\377\127\060\164\006\117\341\140\157\174\373\176\337\377\010\000G\000I\000S\377\011\150\106\147\266}{section.6.3}% 458
\BOOKMARK [2][-]{subsection.6.3.3}{\376\377\156\070\142\017\137\025\144\316}{section.6.3}% 459
\BOOKMARK [2][-]{subsection.6.3.4}{\376\377\150\106\147\266\220\011\142\351\136\372\213\256}{section.6.3}% 460
\BOOKMARK [2][-]{subsection.6.3.5}{\376\377\150\106\147\266\155\367\124\010\137\000\123\321\173\126\165\145}{section.6.3}% 461
\BOOKMARK [2][-]{subsection.6.3.6}{\376\377\134\017\176\323}{section.6.3}% 462
\BOOKMARK [2][-]{subsection.6.3.7}{\376\377\127\372\170\100\230\230}{section.6.3}% 463
\BOOKMARK [2][-]{subsection.6.3.8}{\376\377\143\320\232\330\230\230}{section.6.3}% 464
\BOOKMARK [2][-]{subsection.6.3.9}{\376\377\213\250\213\272\230\230}{section.6.3}% 465
\BOOKMARK [1][-]{section.6.4}{\376\377\154\064\122\051\135\345\172\013\116\011\176\364\152\041\127\213\122\066\117\134}{chapter.6}% 466
\BOOKMARK [2][-]{subsection.6.4.1}{\376\377\154\064\122\051\135\345\172\013\116\011\176\364\152\041\127\213\176\304\142\020}{section.6.4}% 467
\BOOKMARK [2][-]{subsection.6.4.2}{\376\377\127\060\137\142\116\011\176\364\152\041\127\213\122\066\117\134\145\271\154\325}{section.6.4}% 468
\BOOKMARK [2][-]{subsection.6.4.3}{\376\377\154\064\122\051\213\276\145\275\116\011\176\364\152\041\127\213\147\204\136\372\145\271\154\325}{section.6.4}% 469
\BOOKMARK [2][-]{subsection.6.4.4}{\376\377\154\064\155\101\152\041\142\337\116\011\176\364\152\041\127\213\147\204\136\372\145\271\154\325}{section.6.4}% 470
\BOOKMARK [2][-]{subsection.6.4.5}{\376\377\145\160\143\156\226\306\142\020\116\016\123\357\211\306\123\026\152\041\127\213\147\204\136\372\145\271\154\325}{section.6.4}% 471
\BOOKMARK [2][-]{subsection.6.4.6}{\376\377\133\236\145\366\166\321\155\113\116\016\122\250\140\001\152\041\127\213\147\204\136\372\145\271\154\325}{section.6.4}% 472
\BOOKMARK [2][-]{subsection.6.4.7}{\376\377\134\017\176\323}{section.6.4}% 473
\BOOKMARK [2][-]{subsection.6.4.8}{\376\377\127\372\170\100\230\230}{section.6.4}% 474
\BOOKMARK [2][-]{subsection.6.4.9}{\376\377\143\320\232\330\230\230}{section.6.4}% 475
\BOOKMARK [2][-]{subsection.6.4.10}{\376\377\213\250\213\272\230\230}{section.6.4}% 476
\BOOKMARK [1][-]{section.6.5}{\376\377\120\076\145\234\144\104\137\161\142\200\147\057\136\224\165\050}{chapter.6}% 477
\BOOKMARK [2][-]{subsection.6.5.1}{\376\377\145\340\116\272\147\072\120\076\145\234\144\104\137\161\155\113\221\317\174\373\176\337\147\204\142\020}{section.6.5}% 478
\BOOKMARK [2][-]{subsection.6.5.2}{\376\377\145\340\116\272\147\072\120\076\145\234\144\104\137\161\155\113\221\317\162\171\160\271\116\016\136\224\165\050}{section.6.5}% 479
\BOOKMARK [2][-]{subsection.6.5.3}{\376\377\116\011\176\364\152\041\127\213\121\167\117\123\147\204\136\372\155\101\172\013}{section.6.5}% 480
\BOOKMARK [2][-]{subsection.6.5.4}{\376\377\135\345\172\013\116\011\176\364\152\041\127\213\147\204\136\372\155\101\172\013}{section.6.5}% 481
\BOOKMARK [2][-]{subsection.6.5.5}{\376\377\152\041\127\213\142\020\147\234\122\006\147\220}{section.6.5}% 482
\BOOKMARK [2][-]{subsection.6.5.6}{\376\377\134\017\176\323}{section.6.5}% 483
\BOOKMARK [2][-]{subsection.6.5.7}{\376\377\127\372\170\100\230\230}{section.6.5}% 484
\BOOKMARK [2][-]{subsection.6.5.8}{\376\377\143\320\232\330\230\230}{section.6.5}% 485
\BOOKMARK [2][-]{subsection.6.5.9}{\376\377\213\250\213\272\230\230}{section.6.5}% 486
\BOOKMARK [1][-]{section.6.6}{\376\377\154\064\122\051\127\072\146\157\156\062\147\323\145\271\154\325}{chapter.6}% 487
\BOOKMARK [2][-]{subsection.6.6.1}{\376\377\127\372\170\100\126\376\137\142\156\062\147\323\142\200\147\057}{section.6.6}% 488
\BOOKMARK [2][-]{subsection.6.6.2}{\376\377\167\037\133\236\141\037\156\062\147\323\142\200\147\057}{section.6.6}% 489
\BOOKMARK [2][-]{subsection.6.6.3}{\376\377\154\064\117\123\156\062\147\323\142\200\147\057}{section.6.6}% 490
\BOOKMARK [2][-]{subsection.6.6.4}{\376\377\131\047\154\024\116\016\163\257\130\203\156\062\147\323\142\200\147\057}{section.6.6}% 491
\BOOKMARK [2][-]{subsection.6.6.5}{\376\377\116\011\176\364\137\025\144\316\145\057\144\221\166\204\232\330\176\247\156\062\147\323\145\271\150\110}{section.6.6}% 492
\BOOKMARK [2][-]{subsection.6.6.6}{\376\377\123\357\211\306\123\026\130\236\137\072\116\016\116\244\116\222}{section.6.6}% 493
\BOOKMARK [2][-]{subsection.6.6.7}{\376\377\134\017\176\323}{section.6.6}% 494
\BOOKMARK [2][-]{subsection.6.6.8}{\376\377\127\372\170\100\230\230}{section.6.6}% 495
\BOOKMARK [2][-]{subsection.6.6.9}{\376\377\143\320\232\330\230\230}{section.6.6}% 496
\BOOKMARK [2][-]{subsection.6.6.10}{\376\377\213\250\213\272\230\230}{section.6.6}% 497
\BOOKMARK [1][-]{section.6.7}{\376\377\145\160\133\127\133\152\165\037\142\200\147\057\127\050\146\172\141\147\154\064\122\051\116\055\166\204\136\224\165\050}{chapter.6}% 498
\BOOKMARK [2][-]{subsection.6.7.1}{\376\377\145\160\133\127\133\152\165\037\151\202\217\360}{section.6.7}% 499
\BOOKMARK [2][-]{subsection.6.7.2}{\376\377\154\064\122\051\135\345\172\013\145\160\133\127\133\152\165\037\147\266\147\204}{section.6.7}% 500
\BOOKMARK [2][-]{subsection.6.7.3}{\376\377\121\170\127\213\136\224\165\050\150\110\117\213}{section.6.7}% 501
\BOOKMARK [2][-]{subsection.6.7.4}{\376\377\121\163\225\056\142\200\147\057\143\021\142\030\116\016\211\343\121\263\145\271\150\110}{section.6.7}% 502
\BOOKMARK [2][-]{subsection.6.7.5}{\376\377\123\321\134\125\215\213\122\277\116\016\134\125\147\033}{section.6.7}% 503
\BOOKMARK [1][-]{section.6.8}{\376\377\134\017\176\323}{chapter.6}% 504
\BOOKMARK [2][-]{subsection.6.8.1}{\376\377\127\372\170\100\230\230}{section.6.8}% 505
\BOOKMARK [2][-]{subsection.6.8.2}{\376\377\143\320\232\330\230\230}{section.6.8}% 506
\BOOKMARK [2][-]{subsection.6.8.3}{\376\377\213\250\213\272\230\230}{section.6.8}% 507
\BOOKMARK [0][-]{chapter.7}{\376\377\116\011\176\364\127\072\146\157\166\204\211\302\155\113\145\160\143\156\134\125\171\072}{}% 508
\BOOKMARK [1][-]{section.7.1}{\376\377\0007\000.\0001\000\040\145\160\143\156\174\173\127\213\116\016\134\125\171\072\145\271\137\017}{chapter.7}% 509
\BOOKMARK [1][-]{section.7.2}{\376\377\154\064\122\051\166\321\155\113\145\160\143\156\122\006\174\173\117\123\174\373}{chapter.7}% 510
\BOOKMARK [2][-]{subsection.7.2.1}{\376\377\127\372\170\100\151\202\137\365\133\232\116\111}{section.7.2}% 511
\BOOKMARK [2][-]{subsection.7.2.2}{\376\377\166\321\155\113\145\160\143\156\122\006\174\173\150\106\147\266}{section.7.2}% 512
\BOOKMARK [1][-]{section.7.3}{\376\377\133\236\145\366\145\160\143\156\116\016\123\206\123\362\145\160\143\156\131\004\164\006\147\072\122\066}{chapter.7}% 513
\BOOKMARK [2][-]{subsection.7.3.1}{\376\377\133\236\145\366\145\160\143\156\155\101\131\004\164\006\147\266\147\204}{section.7.3}% 514
\BOOKMARK [2][-]{subsection.7.3.2}{\376\377\123\206\123\362\145\160\143\156\173\241\164\006\147\266\147\204}{section.7.3}% 515
\BOOKMARK [1][-]{section.7.4}{\376\377\145\160\143\156\215\050\221\317\150\300\232\214\116\016\137\002\136\070\120\074\131\004\164\006}{chapter.7}% 516
\BOOKMARK [2][-]{subsection.7.4.1}{\376\377\145\160\143\156\215\050\221\317\213\304\117\060\117\123\174\373}{section.7.4}% 517
\BOOKMARK [1][-]{section.7.5}{\376\377\131\032\156\220\137\002\147\204\145\160\143\156\150\007\121\306\123\026\116\016\207\215\124\010}{chapter.7}% 518
\BOOKMARK [2][-]{subsection.7.5.1}{\376\377\145\160\143\156\150\007\121\306\123\026\131\004\164\006}{section.7.5}% 519
\BOOKMARK [1][-]{section.7.6}{\376\377\0007\000.\0002\000\040\145\160\143\156\126\376\210\150\134\125\171\072}{chapter.7}% 520
\BOOKMARK [1][-]{section.7.7}{\376\377\000C\000h\000a\000r\000t\000.\000j\000s\127\050\116\011\176\364\127\072\146\157\116\055\166\204\226\306\142\020}{chapter.7}% 521
\BOOKMARK [2][-]{subsection.7.7.1}{\376\377\000C\000h\000a\000r\000t\000.\000j\000s\142\200\147\057\151\202\217\360}{section.7.7}% 522
\BOOKMARK [2][-]{subsection.7.7.2}{\376\377\000C\000h\000a\000r\000t\000.\000j\000s\116\016\000T\000h\000r\000e\000e\000.\000j\000s\226\306\142\020\147\266\147\204}{section.7.7}% 523
\BOOKMARK [1][-]{section.7.8}{\376\377\000E\000C\000h\000a\000r\000t\000s\232\330\176\247\126\376\210\150\226\306\142\020}{chapter.7}% 524
\BOOKMARK [2][-]{subsection.7.8.1}{\376\377\000E\000C\000h\000a\000r\000t\000s\142\200\147\057\117\030\122\277}{section.7.8}% 525
\BOOKMARK [1][-]{section.7.9}{\376\377\145\366\136\217\145\160\143\156\166\204\122\250\140\001\123\357\211\306\123\026}{chapter.7}% 526
\BOOKMARK [2][-]{subsection.7.9.1}{\376\377\145\366\136\217\145\160\143\156\162\171\137\201\122\006\147\220}{section.7.9}% 527
\BOOKMARK [1][-]{section.7.10}{\376\377\124\315\136\224\137\017\126\376\210\150\116\016\171\373\122\250\172\357\220\002\221\115}{chapter.7}% 528
\BOOKMARK [2][-]{subsection.7.10.1}{\376\377\124\315\136\224\137\017\213\276\213\241\123\237\122\031}{section.7.10}% 529
\BOOKMARK [1][-]{section.7.11}{\376\377\0007\000.\0003\000\040\116\011\176\364\127\072\146\157\116\055\166\204\166\321\155\113\160\271\176\330\122\066}{chapter.7}% 530
\BOOKMARK [1][-]{section.7.12}{\376\377\166\321\155\113\160\271\127\120\150\007\217\154\143\142\116\016\172\172\225\364\133\232\117\115}{chapter.7}% 531
\BOOKMARK [2][-]{subsection.7.12.1}{\376\377\127\120\150\007\174\373\176\337\127\372\170\100}{section.7.12}% 532
\BOOKMARK [2][-]{subsection.7.12.2}{\376\377\127\120\150\007\217\154\143\142\173\227\154\325\133\236\163\260}{section.7.12}% 533
\BOOKMARK [1][-]{section.7.13}{\376\377\213\276\131\007\162\266\140\001\230\234\202\162\177\026\170\001\116\016\126\376\150\007\174\373\176\337}{chapter.7}% 534
\BOOKMARK [2][-]{subsection.7.13.1}{\376\377\162\266\140\001\123\357\211\306\123\026\213\276\213\241\123\237\122\031}{section.7.13}% 535
\BOOKMARK [1][-]{section.7.14}{\376\377\000L\000O\000D\142\200\147\057\127\050\166\321\155\113\160\271\156\062\147\323\116\055\166\204\136\224\165\050}{chapter.7}% 536
\BOOKMARK [2][-]{subsection.7.14.1}{\376\377\134\102\153\041\176\306\202\202\117\030\123\026\173\126\165\145}{section.7.14}% 537
\BOOKMARK [1][-]{section.7.15}{\376\377\166\321\155\113\160\271\200\132\124\010\116\016\122\006\134\102\146\076\171\072\173\126\165\145}{chapter.7}% 538
\BOOKMARK [2][-]{subsection.7.15.1}{\376\377\172\172\225\364\200\132\124\010\173\227\154\325}{section.7.15}% 539
\BOOKMARK [1][-]{section.7.16}{\376\377\0007\000.\0004\000\040\166\321\155\113\160\271\116\222\122\250\116\016\142\376\123\326\142\200\147\057}{chapter.7}% 540
\BOOKMARK [1][-]{section.7.17}{\376\377\134\004\176\277\142\225\134\004\173\227\154\325\116\016\170\260\144\236\150\300\155\113}{chapter.7}% 541
\BOOKMARK [2][-]{subsection.7.17.1}{\376\377\134\004\176\277\142\225\134\004\127\372\147\054\123\237\164\006}{section.7.17}% 542
\BOOKMARK [1][-]{section.7.18}{\376\377\166\321\155\113\160\271\117\341\140\157\227\142\147\177\213\276\213\241\116\016\133\236\163\260}{chapter.7}% 543
\BOOKMARK [2][-]{subsection.7.18.1}{\376\377\117\341\140\157\227\142\147\177\147\266\147\204\213\276\213\241}{section.7.18}% 544
\BOOKMARK [1][-]{section.7.19}{\376\377\131\032\134\102\176\247\117\341\140\157\134\125\171\072\173\126\165\145}{chapter.7}% 545
\BOOKMARK [2][-]{subsection.7.19.1}{\376\377\156\020\217\333\137\017\117\341\140\157\142\253\227\062}{section.7.19}% 546
\BOOKMARK [1][-]{section.7.20}{\376\377\211\346\143\247\213\276\131\007\116\244\116\222\117\030\123\026}{chapter.7}% 547
\BOOKMARK [2][-]{subsection.7.20.1}{\376\377\211\346\143\247\116\244\116\222\213\276\213\241\123\237\122\031}{section.7.20}% 548
\BOOKMARK [0][-]{chapter.8}{\376\377\121\170\127\213\136\224\165\050}{}% 549
\BOOKMARK [1][-]{section.8.1}{\376\377\0008\000.\0001\000\040\154\064\122\051\135\345\172\013\133\211\121\150\166\321\155\113\136\163\123\360\151\202\217\360}{chapter.8}% 550
\BOOKMARK [1][-]{section.8.2}{\376\377\154\064\122\051\135\345\172\013\133\211\121\150\166\321\155\113\166\204\221\315\211\201\140\047\116\016\142\200\147\057\143\021\142\030}{chapter.8}% 551
\BOOKMARK [2][-]{subsection.8.2.1}{\376\377\154\064\122\051\135\345\172\013\133\211\121\150\166\321\155\113\166\204\150\070\137\303\116\367\120\074}{section.8.2}% 552
\BOOKMARK [2][-]{subsection.8.2.2}{\376\377\142\200\147\057\143\021\142\030\116\016\211\343\121\263\145\271\150\110}{section.8.2}% 553
\BOOKMARK [1][-]{section.8.3}{\376\377\165\050\142\067\211\322\202\162\116\016\147\103\226\120\173\241\164\006\213\276\213\241}{chapter.8}% 554
\BOOKMARK [2][-]{subsection.8.3.1}{\376\377\127\372\116\216\211\322\202\162\166\204\213\277\225\356\143\247\122\066\377\010\000R\000B\000A\000C\377\011\147\266\147\204}{section.8.3}% 555
\BOOKMARK [1][-]{section.8.4}{\376\377\145\160\143\156\155\101\116\016\116\032\122\241\155\101\166\204\145\164\117\123\213\276\213\241}{chapter.8}% 556
\BOOKMARK [2][-]{subsection.8.4.1}{\376\377\172\357\122\060\172\357\145\160\143\156\155\101\147\266\147\204}{section.8.4}% 557
\BOOKMARK [1][-]{section.8.5}{\376\377\173\054\116\214\202\202\000\040\154\064\122\051\135\345\172\013\116\011\176\364\127\072\146\157\213\276\213\241}{chapter.8}% 558
\BOOKMARK [1][-]{section.8.6}{\376\377\230\171\166\356\227\000\154\102\122\006\147\220\116\016\213\276\213\241}{chapter.8}% 559
\BOOKMARK [2][-]{subsection.8.6.1}{\376\377\121\170\127\213\230\171\166\356\150\110\117\213\377\032\147\320\131\047\127\213\154\064\136\223\116\011\176\364\123\357\211\306\123\026\174\373\176\337}{section.8.6}% 560
\BOOKMARK [1][-]{section.8.7}{\376\377\127\060\137\142\116\016\163\257\130\203\136\372\152\041}{chapter.8}% 561
\BOOKMARK [2][-]{subsection.8.7.1}{\376\377\127\060\137\142\145\160\143\156\131\004\164\006}{section.8.7}% 562
\BOOKMARK [2][-]{subsection.8.7.2}{\376\377\154\064\117\123\136\372\152\041\116\016\122\250\165\073}{section.8.7}% 563
\BOOKMARK [1][-]{section.8.8}{\376\377\135\345\172\013\176\323\147\204\136\372\152\041}{chapter.8}% 564
\BOOKMARK [2][-]{subsection.8.8.1}{\376\377\131\047\127\135\136\372\152\041}{section.8.8}% 565
\BOOKMARK [2][-]{subsection.8.8.2}{\376\377\154\064\165\065\123\202\142\077\136\372\152\041}{section.8.8}% 566
\BOOKMARK [1][-]{section.8.9}{\376\377\134\017\176\323}{chapter.8}% 567
\BOOKMARK [2][-]{subsection.8.9.1}{\376\377\127\372\170\100\230\230}{section.8.9}% 568
\BOOKMARK [2][-]{subsection.8.9.2}{\376\377\143\320\232\330\230\230}{section.8.9}% 569
\BOOKMARK [2][-]{subsection.8.9.3}{\376\377\213\250\213\272\230\230}{section.8.9}% 570
\BOOKMARK [1][-]{section.8.10}{\376\377\173\054\116\011\202\202\000\040\166\321\155\113\145\160\143\156\131\004\164\006\116\016\134\125\171\072\152\041\127\127}{chapter.8}% 571
\BOOKMARK [1][-]{section.8.11}{\376\377\145\160\143\156\221\307\226\306\116\016\230\204\131\004\164\006}{chapter.8}% 572
\BOOKMARK [2][-]{subsection.8.11.1}{\376\377\131\032\156\220\145\160\143\156\143\245\121\145\147\266\147\204}{section.8.11}% 573
\BOOKMARK [2][-]{subsection.8.11.2}{\376\377\145\160\143\156\215\050\221\317\143\247\122\066}{section.8.11}% 574
\BOOKMARK [2][-]{subsection.8.11.3}{\376\377\133\236\145\366\145\160\143\156\131\004\164\006\155\101\154\064\176\277}{section.8.11}% 575
\BOOKMARK [1][-]{section.8.12}{\376\377\145\160\143\156\133\130\120\250\116\016\173\241\164\006}{chapter.8}% 576
\BOOKMARK [2][-]{subsection.8.12.1}{\376\377\145\366\136\217\145\160\143\156\136\223\213\276\213\241}{section.8.12}% 577
\BOOKMARK [2][-]{subsection.8.12.2}{\376\377\145\160\143\156\177\023\133\130\173\126\165\145}{section.8.12}% 578
\BOOKMARK [1][-]{section.8.13}{\376\377\134\017\176\323}{chapter.8}% 579
\BOOKMARK [2][-]{subsection.8.13.1}{\376\377\127\372\170\100\230\230}{section.8.13}% 580
\BOOKMARK [2][-]{subsection.8.13.2}{\376\377\143\320\232\330\230\230}{section.8.13}% 581
\BOOKMARK [2][-]{subsection.8.13.3}{\376\377\213\250\213\272\230\230}{section.8.13}% 582
\BOOKMARK [1][-]{section.8.14}{\376\377\173\054\126\333\202\202\000\040\166\321\143\247\152\041\127\213\116\016\176\374\124\010\213\304\116\367\152\041\127\127}{chapter.8}% 583
\BOOKMARK [1][-]{section.8.15}{\376\377\131\032\176\247\133\211\121\150\213\304\116\367\117\123\174\373}{chapter.8}% 584
\BOOKMARK [2][-]{subsection.8.15.1}{\376\377\230\316\226\151\213\304\117\060\152\041\127\213}{section.8.15}% 585
\BOOKMARK [2][-]{subsection.8.15.2}{\376\377\146\172\200\375\230\204\213\146\173\227\154\325}{section.8.15}% 586
\BOOKMARK [1][-]{section.8.16}{\376\377\136\224\140\045\124\315\136\224\121\263\173\126\174\373\176\337}{chapter.8}% 587
\BOOKMARK [2][-]{subsection.8.16.1}{\376\377\136\224\140\045\230\204\150\110\173\241\164\006}{section.8.16}% 588
\BOOKMARK [2][-]{subsection.8.16.2}{\376\377\146\172\200\375\121\263\173\126\145\057\143\001}{section.8.16}% 589
\BOOKMARK [1][-]{section.8.17}{\376\377\134\017\176\323}{chapter.8}% 590
\BOOKMARK [2][-]{subsection.8.17.1}{\376\377\127\372\170\100\230\230}{section.8.17}% 591
\BOOKMARK [2][-]{subsection.8.17.2}{\376\377\143\320\232\330\230\230}{section.8.17}% 592
\BOOKMARK [2][-]{subsection.8.17.3}{\376\377\213\250\213\272\230\230}{section.8.17}% 593
\BOOKMARK [1][-]{section.8.18}{\376\377\173\054\116\224\202\202\000\040\174\373\176\337\226\306\142\020\116\016\217\320\176\364\173\241\164\006}{chapter.8}% 594
\BOOKMARK [1][-]{section.8.19}{\376\377\174\373\176\337\147\266\147\204\117\030\123\026}{chapter.8}% 595
\BOOKMARK [2][-]{subsection.8.19.1}{\376\377\137\256\147\015\122\241\147\266\147\204\213\276\213\241}{section.8.19}% 596
\BOOKMARK [1][-]{section.8.20}{\376\377\217\320\176\364\166\321\143\247\117\123\174\373}{chapter.8}% 597
\BOOKMARK [2][-]{subsection.8.20.1}{\376\377\174\373\176\337\166\321\143\247\150\106\147\266}{section.8.20}% 598
\BOOKMARK [1][-]{section.8.21}{\376\377\201\352\122\250\123\026\217\320\176\364}{chapter.8}% 599
\BOOKMARK [1][-]{section.8.22}{\376\377\145\105\226\234\131\004\164\006\116\016\140\142\131\015}{chapter.8}% 600
\BOOKMARK [1][-]{section.8.23}{\376\377\134\017\176\323}{chapter.8}% 601
\BOOKMARK [2][-]{subsection.8.23.1}{\376\377\127\372\170\100\230\230}{section.8.23}% 602
\BOOKMARK [2][-]{subsection.8.23.2}{\376\377\143\320\232\330\230\230}{section.8.23}% 603
\BOOKMARK [2][-]{subsection.8.23.3}{\376\377\213\250\213\272\230\230}{section.8.23}% 604
\BOOKMARK [1][-]{section.8.24}{\376\377\173\054\116\135\172\340\000\040\176\323\213\355}{chapter.8}% 605
