\BOOKMARK [0][-]{chapter*.2}{\376\377\122\115\212\000}{}% 1
\BOOKMARK [1][-]{section*.3}{\376\377\177\026\121\231\200\314\146\157}{chapter*.2}% 2
\BOOKMARK [1][-]{section*.4}{\376\377\177\026\121\231\166\356\150\007}{chapter*.2}% 3
\BOOKMARK [1][-]{section*.5}{\376\377\145\131\147\120\162\171\202\162}{chapter*.2}% 4
\BOOKMARK [2][-]{section*.6}{\376\377\163\260\116\343\123\026\145\160\133\127\145\131\147\120}{section*.5}% 5
\BOOKMARK [1][-]{section*.7}{\376\377\220\002\165\050\133\371\214\141}{chapter*.2}% 6
\BOOKMARK [1][-]{section*.8}{\376\377\116\073\211\201\162\171\202\162}{chapter*.2}% 7
\BOOKMARK [2][-]{section*.9}{\376\377\133\146\147\057\116\045\214\050\140\047}{section*.8}% 8
\BOOKMARK [2][-]{section*.10}{\376\377\142\200\147\057\117\123\174\373\133\214\145\164\140\047}{section*.8}% 9
\BOOKMARK [2][-]{section*.11}{\376\377\133\236\215\365\133\374\124\021\140\047}{section*.8}% 10
\BOOKMARK [2][-]{section*.12}{\376\377\145\131\133\146\220\002\136\224\140\047}{section*.8}% 11
\BOOKMARK [1][-]{section*.13}{\376\377\121\205\133\271\176\323\147\204}{chapter*.2}% 12
\BOOKMARK [1][-]{section*.14}{\376\377\117\177\165\050\136\372\213\256}{chapter*.2}% 13
\BOOKMARK [2][-]{section*.15}{\376\377\133\146\116\140\163\257\130\203\121\306\131\007}{section*.14}% 14
\BOOKMARK [2][-]{section*.16}{\376\377\133\146\116\140\215\357\137\204\136\372\213\256}{section*.14}% 15
\BOOKMARK [2][-]{section*.17}{\376\377\133\236\215\365\133\146\116\140\145\271\154\325}{section*.14}% 16
\BOOKMARK [2][-]{section*.18}{\376\377\127\050\176\277\133\146\116\140\145\057\143\001}{section*.14}% 17
\BOOKMARK [1][-]{section*.19}{\376\377\221\115\131\127\215\104\156\220}{chapter*.2}% 18
\BOOKMARK [2][-]{section*.20}{\376\377\137\000\123\321\163\257\130\203\116\016\135\345\121\167}{section*.19}% 19
\BOOKMARK [2][-]{section*.21}{\376\377\116\343\170\001\116\016\145\160\143\156\215\104\156\220}{section*.19}% 20
\BOOKMARK [2][-]{section*.22}{\376\377\133\146\116\140\145\057\143\001\147\120\145\231}{section*.19}% 21
\BOOKMARK [2][-]{section*.23}{\376\377\142\200\147\057\145\057\143\001\147\015\122\241}{section*.19}% 22
\BOOKMARK [1][-]{section*.24}{\376\377\201\364\214\042}{chapter*.2}% 23
\BOOKMARK [1][-]{section*.25}{\376\377\142\200\147\057\145\057\143\001}{chapter*.2}% 24
