This is XeTeX, Version 3.141592653-2.6-0.999996 (TeX Live 2024) (preloaded format=xelatex 2024.9.19)  19 APR 2026 18:21
entering extended mode
 restricted \write18 enabled.
 %&-line parsing enabled.
**.\main.tex
(c:/texlive/2024/texmf-dist/tex/latex/tools/x.tex
! Interruption.
<to be read again> 
                   \immediate 
l.1 
    %%
? 
! Interruption.
<write> 
        \fmtname \space <\fmtversion > patch level \patch@level 
l.1 
    %%
? ,,,,,,,,
Type <return> to proceed, S to scroll future error messages,
R to run without stopping, Q to run quietly,
I to insert something, E to edit your file,
H for help, X to quit.
? 
LaTeX2e <2023-11-01> patch level 1
! Interruption.
<to be read again> 
                   \immediate 
l.1 
    %%
? 
L3 programming layer <2024-02-20>

! .
l.38   \batchmode \errmessage{}
                               \csname @@end\endcsname \end
This error message was generated by an \errmessage
command, so I can't give any explicit help.
Pretend that you're Hercule Poirot: Examine all clues,
and deduce the truth by order and method.

 ) 
Here is how much of TeX's memory you used:
 17 strings out of 474773
 401 string characters out of 5761289
 1917842 words of memory out of 5000000
 22269 multiletter control sequences out of 15000+600000
 558069 words of font info for 36 fonts, out of 8000000 for 9000
 1348 hyphenation exceptions out of 8191
 11i,0n,13p,90b,8s stack positions out of 10000i,1000n,20000p,200000b,200000s

No pages of output.
