\BOOKMARK [0][]{chapter*.2}{\376\377\122\115\212\000}{}% 1
\BOOKMARK [0][]{chapter.1}{\376\377\173\054\116\000\172\340\000\040\000\040\146\172\141\147\154\064\122\051\151\202\217\360\116\016\136\163\123\360\147\266\147\204\127\372\170\100}{}% 2
\BOOKMARK [1][]{section.1.1}{\376\377\0001\000.\0001\000\040\137\025\212\000}{chapter.1}% 3
\BOOKMARK [1][]{section.1.2}{\376\377\0001\000.\0002\000\040\217\157\116\366\151\202\217\360}{chapter.1}% 4
\BOOKMARK [2][]{subsection.1.2.1}{\376\377\0001\000.\0002\000.\0001\000\040\133\232\116\111\217\157\116\366}{section.1.2}% 5
\BOOKMARK [2][]{subsection.1.2.2}{\376\377\0001\000.\0002\000.\0002\000\040\217\157\116\366\166\204\162\171\160\271}{section.1.2}% 6
\BOOKMARK [2][]{subsection.1.2.3}{\376\377\0001\000.\0002\000.\0003\000\040\217\157\116\366\166\204\122\006\174\173}{section.1.2}% 7
\BOOKMARK [2][]{subsection.1.2.4}{\376\377\0001\000.\0002\000.\0004\000\040\217\157\116\366\166\204\123\321\134\125}{section.1.2}% 8
\BOOKMARK [2][]{subsection.1.2.5}{\376\377\0001\000.\0002\000.\0005\000\040\217\157\116\366\123\161\147\072}{section.1.2}% 9
\BOOKMARK [1][]{section.1.3}{\376\377\0001\000.\0003\000\040\217\157\116\366\135\345\172\013\151\202\217\360}{chapter.1}% 10
\BOOKMARK [2][]{subsection.1.3.1}{\376\377\0001\000.\0003\000.\0001\000\040\217\157\116\366\135\345\172\013\166\204\166\356\150\007}{section.1.3}% 11
\BOOKMARK [2][]{subsection.1.3.2}{\376\377\0001\000.\0003\000.\0002\000\040\217\157\116\366\135\345\172\013\166\204\127\372\147\054\123\237\164\006}{section.1.3}% 12
\BOOKMARK [2][]{subsection.1.3.3}{\376\377\0001\000.\0003\000.\0003\000\040\217\157\116\366\135\345\172\013\166\204\121\205\133\271}{section.1.3}% 13
\BOOKMARK [2][]{subsection.1.3.4}{\376\377\0001\000.\0003\000.\0004\000\040\217\157\116\366\135\345\172\013\166\204\123\237\122\031}{section.1.3}% 14
\BOOKMARK [2][]{subsection.1.3.5}{\376\377\0001\000.\0003\000.\0005\000\040\217\157\116\366\135\345\172\013\227\142\116\064\166\204\225\356\230\230}{section.1.3}% 15
\BOOKMARK [1][]{section*.38}{\376\377\140\035\200\003\230\230\116\016\176\303\116\140}{chapter.1}% 16
\BOOKMARK [2][]{subsection.1.3.6}{\376\377\0001\000.\0003\000.\0006\000\040\127\372\170\100\230\230}{section*.38}% 17
\BOOKMARK [2][]{subsection.1.3.7}{\376\377\0001\000.\0003\000.\0007\000\040\143\320\232\330\230\230}{section*.38}% 18
\BOOKMARK [2][]{subsection.1.3.8}{\376\377\0001\000.\0003\000.\0008\000\040\213\250\213\272\230\230}{section*.38}% 19
\BOOKMARK [1][]{section.1.4}{\376\377\0001\000.\0004\000\040\134\017\176\323}{chapter.1}% 20
\BOOKMARK [1][]{section*.39}{\376\377\140\035\200\003\230\230\116\016\176\303\116\140}{chapter.1}% 21
\BOOKMARK [2][]{subsection.1.4.1}{\376\377\0001\000.\0004\000.\0001\000\040\127\372\170\100\230\230}{section*.39}% 22
\BOOKMARK [2][]{subsection.1.4.2}{\376\377\0001\000.\0004\000.\0002\000\040\143\320\232\330\230\230}{section*.39}% 23
\BOOKMARK [2][]{subsection.1.4.3}{\376\377\0001\000.\0004\000.\0003\000\040\213\250\213\272\230\230}{section*.39}% 24
\BOOKMARK [0][]{chapter.2}{\376\377\173\054\116\214\172\340\000\040\000\040\217\157\116\366\135\345\172\013\127\372\170\100\116\016\227\000\154\102\122\006\147\220}{}% 25
\BOOKMARK [1][]{section.2.1}{\376\377\0002\000.\0001\000\040\137\025\212\000}{chapter.2}% 26
\BOOKMARK [1][]{section.2.2}{\376\377\0002\000.\0002\000\040\217\157\116\366\165\037\124\175\124\150\147\037}{chapter.2}% 27
\BOOKMARK [2][]{subsection.2.2.1}{\376\377\0002\000.\0002\000.\0001\000\040\217\157\116\366\213\276\213\241\145\366\147\037}{section.2.2}% 28
\BOOKMARK [2][]{subsection.2.2.2}{\376\377\0002\000.\0002\000.\0002\000\040\217\157\116\366\137\000\123\321\145\366\147\037}{section.2.2}% 29
\BOOKMARK [2][]{subsection.2.2.3}{\376\377\0002\000.\0002\000.\0003\000\040\217\320\210\114\116\016\176\364\142\244\145\366\147\037}{section.2.2}% 30
\BOOKMARK [1][]{section*.40}{\376\377\140\035\200\003\230\230\116\016\176\303\116\140}{chapter.2}% 31
\BOOKMARK [2][]{subsection.2.2.4}{\376\377\0002\000.\0002\000.\0004\000\040\127\372\170\100\230\230}{section*.40}% 32
\BOOKMARK [2][]{subsection.2.2.5}{\376\377\0002\000.\0002\000.\0005\000\040\143\320\232\330\230\230}{section*.40}% 33
\BOOKMARK [2][]{subsection.2.2.6}{\376\377\0002\000.\0002\000.\0006\000\040\213\250\213\272\230\230}{section*.40}% 34
\BOOKMARK [1][]{section.2.3}{\376\377\0002\000.\0003\000\040\217\157\116\366\165\037\124\175\124\150\147\037\152\041\127\213}{chapter.2}% 35
\BOOKMARK [2][]{subsection.2.3.1}{\376\377\0002\000.\0003\000.\0001\000\040\217\157\116\366\165\037\124\175\124\150\147\037\152\041\127\213\166\204\151\202\137\365}{section.2.3}% 36
\BOOKMARK [2][]{subsection.2.3.2}{\376\377\0002\000.\0003\000.\0002\000\040\160\021\136\003\152\041\127\213}{section.2.3}% 37
\BOOKMARK [2][]{subsection.2.3.3}{\376\377\0002\000.\0003\000.\0003\000\040\123\237\127\213\152\041\127\213}{section.2.3}% 38
\BOOKMARK [2][]{subsection.2.3.4}{\376\377\0002\000.\0003\000.\0004\000\040\130\236\221\317\152\041\127\213}{section.2.3}% 39
\BOOKMARK [2][]{subsection.2.3.5}{\376\377\0002\000.\0003\000.\0005\000\040\207\272\145\313\152\041\127\213}{section.2.3}% 40
\BOOKMARK [2][]{subsection.2.3.6}{\376\377\0002\000.\0003\000.\0006\000\040\125\267\154\311\152\041\127\213}{section.2.3}% 41
\BOOKMARK [2][]{subsection.2.3.7}{\376\377\0002\000.\0003\000.\0007\000\040\127\372\116\216\167\345\213\306\166\204\152\041\127\213}{section.2.3}% 42
\BOOKMARK [2][]{subsection.2.3.8}{\376\377\0002\000.\0003\000.\0008\000\040\123\330\143\142\152\041\127\213}{section.2.3}% 43
\BOOKMARK [1][]{section.2.4}{\376\377\0002\000.\0004\000\040\227\000\154\102\122\006\147\220}{chapter.2}% 44
\BOOKMARK [2][]{subsection.2.4.1}{\376\377\0002\000.\0004\000.\0001\000\040\227\000\154\102\122\006\147\220\166\204\162\171\160\271}{section.2.4}% 45
\BOOKMARK [2][]{subsection.2.4.2}{\376\377\0002\000.\0004\000.\0002\000\040\227\000\154\102\122\006\147\220\166\204\123\237\122\031}{section.2.4}% 46
\BOOKMARK [1][]{section.2.5}{\376\377\0002\000.\0005\000\040\227\000\154\102\203\267\123\326\116\016\164\006\211\343}{chapter.2}% 47
\BOOKMARK [2][]{subsection.2.5.1}{\376\377\0002\000.\0005\000.\0001\000\040\133\242\142\067\227\000\154\102\166\204\203\267\123\326\145\271\154\325}{section.2.5}% 48
\BOOKMARK [2][]{subsection.2.5.2}{\376\377\0002\000.\0005\000.\0002\000\040\227\000\154\102\122\006\174\173\116\016\117\030\121\110\176\247\122\022\122\006}{section.2.5}% 49
\BOOKMARK [2][]{subsection.2.5.3}{\376\377\0002\000.\0005\000.\0003\000\040\227\000\154\102\164\006\211\343\116\016\232\214\213\301}{section.2.5}% 50
\BOOKMARK [2][]{subsection.2.5.4}{\376\377\0002\000.\0005\000.\0004\000\040\227\000\154\102\123\330\146\364\173\241\164\006}{section.2.5}% 51
\BOOKMARK [1][]{section.2.6}{\376\377\0002\000.\0006\000\040\176\323\147\204\123\026\122\006\147\220}{chapter.2}% 52
\BOOKMARK [2][]{subsection.2.6.1}{\376\377\0002\000.\0006\000.\0001\000\040\176\323\147\204\123\026\122\006\147\220\166\204\117\030\122\277}{section.2.6}% 53
\BOOKMARK [2][]{subsection.2.6.2}{\376\377\0002\000.\0006\000.\0002\000\040\176\323\147\204\123\026\122\006\147\220\166\204\134\100\226\120\140\047}{section.2.6}% 54
\BOOKMARK [2][]{subsection.2.6.3}{\376\377\0002\000.\0006\000.\0003\000\040\201\352\230\166\124\021\116\013\220\020\134\102\122\006\211\343}{section.2.6}% 55
\BOOKMARK [2][]{subsection.2.6.4}{\376\377\0002\000.\0006\000.\0004\000\040\174\373\176\337\155\101\172\013\126\376\116\016\145\160\143\156\155\101\126\376}{section.2.6}% 56
\BOOKMARK [2][]{subsection.2.6.5}{\376\377\0002\000.\0006\000.\0005\000\040\145\160\143\156\133\127\121\170\166\204\177\026\122\066}{section.2.6}% 57
\BOOKMARK [2][]{subsection.2.6.6}{\376\377\0002\000.\0006\000.\0006\000\040\163\260\116\343\136\224\165\050\116\016\123\321\134\125}{section.2.6}% 58
\BOOKMARK [1][]{section.2.7}{\376\377\0002\000.\0007\000\040\134\017\176\323}{chapter.2}% 59
\BOOKMARK [1][]{section*.89}{\376\377\140\035\200\003\230\230\116\016\176\303\116\140}{chapter.2}% 60
\BOOKMARK [2][]{subsection.2.7.1}{\376\377\0002\000.\0007\000.\0001\000\040\127\372\170\100\230\230}{section*.89}% 61
\BOOKMARK [2][]{subsection.2.7.2}{\376\377\0002\000.\0007\000.\0002\000\040\143\320\232\330\230\230}{section*.89}% 62
\BOOKMARK [2][]{subsection.2.7.3}{\376\377\0002\000.\0007\000.\0003\000\040\213\250\213\272\230\230}{section*.89}% 63
\BOOKMARK [0][]{chapter.3}{\376\377\173\054\116\011\172\340\000\040\000\040\217\157\116\366\152\041\127\127\213\346\176\306\213\276\213\241}{}% 64
\BOOKMARK [1][]{section.3.1}{\376\377\0003\000.\0001\000\040\137\025\212\000}{chapter.3}% 65
\BOOKMARK [1][]{section.3.2}{\376\377\0003\000.\0002\000\040\217\157\116\366\147\266\147\204\151\202\217\360}{chapter.3}% 66
\BOOKMARK [2][]{subsection.3.2.1}{\376\377\0003\000.\0002\000.\0001\000\040\217\157\116\366\147\266\147\204\166\204\133\232\116\111\116\016\221\315\211\201\140\047}{section.3.2}% 67
\BOOKMARK [1][]{section.3.3}{\376\377\0003\000.\0003\000\040\147\266\147\204\213\276\213\241\123\237\122\031}{chapter.3}% 68
\BOOKMARK [2][]{subsection.3.3.1}{\376\377\0003\000.\0003\000.\0001\000\040\152\041\127\127\123\026\116\016\121\163\154\350\160\271\122\006\171\273\123\237\122\031}{section.3.3}% 69
\BOOKMARK [2][]{subsection.3.3.2}{\376\377\0003\000.\0003\000.\0002\000\040\142\275\214\141\116\016\117\341\140\157\226\220\205\317\123\237\122\031}{section.3.3}% 70
\BOOKMARK [2][]{subsection.3.3.3}{\376\377\0003\000.\0003\000.\0003\000\040\122\237\200\375\162\354\172\313\140\047\116\016\131\015\165\050\140\047\123\237\122\031}{section.3.3}% 71
\BOOKMARK [1][]{section.3.4}{\376\377\0003\000.\0004\000\040\147\266\147\204\174\173\127\213\116\016\136\070\211\301\152\041\137\017}{chapter.3}% 72
\BOOKMARK [2][]{subsection.3.4.1}{\376\377\0003\000.\0004\000.\0001\000\040\136\070\211\301\147\266\147\204\174\173\127\213}{section.3.4}% 73
\BOOKMARK [2][]{subsection.3.4.2}{\376\377\0003\000.\0004\000.\0002\000\040\147\266\147\204\230\316\150\074}{section.3.4}% 74
\BOOKMARK [2][]{subsection.3.4.3}{\376\377\0003\000.\0004\000.\0003\000\040\176\304\176\307\116\016\154\102\174\276}{section.3.4}% 75
\BOOKMARK [1][]{section.3.5}{\376\377\0003\000.\0005\000\040\147\266\147\204\213\276\213\241\217\307\172\013}{chapter.3}% 76
\BOOKMARK [2][]{subsection.3.5.1}{\376\377\0003\000.\0005\000.\0001\000\040\174\373\176\337\163\257\130\203\210\150\171\072}{section.3.5}% 77
\BOOKMARK [2][]{subsection.3.5.2}{\376\377\0003\000.\0005\000.\0002\000\040\123\237\127\213\133\232\116\111\116\016\176\306\123\026}{section.3.5}% 78
\BOOKMARK [2][]{subsection.3.5.3}{\376\377\0003\000.\0005\000.\0003\000\040\147\204\116\366\176\247\213\276\213\241}{section.3.5}% 79
