\BOOKMARK [1][-]{section.1}{\376\377\173\054\116\000\172\340\000\040\146\172\141\147\154\064\122\051\151\202\217\360\116\016\136\163\123\360\147\266\147\204\127\372\170\100}{}% 1
\BOOKMARK [2][-]{subsection.1.1}{\376\377\133\146\116\140\166\356\150\007}{section.1}% 2
\BOOKMARK [2][-]{subsection.1.2}{\376\377\137\025\212\000}{section.1}% 3
\BOOKMARK [2][-]{subsection.1.3}{\376\377\147\054\172\340\134\017\202\202}{section.1}% 4
\BOOKMARK [3][-]{subsubsection.1.3.1}{\376\377\173\054\116\000\202\202\000\040\217\157\116\366\151\202\217\360}{subsection.1.3}% 5
\BOOKMARK [3][-]{subsubsection.1.3.2}{\376\377\173\054\116\214\202\202\000\040\146\172\141\147\154\064\122\051\136\163\123\360\151\202\217\360}{subsection.1.3}% 6
\BOOKMARK [3][-]{subsubsection.1.3.3}{\376\377\173\054\116\011\202\202\000\040\147\054\172\340\134\017\176\323}{subsection.1.3}% 7
\BOOKMARK [2][-]{subsection.1.4}{\376\377\121\163\225\056\151\202\137\365}{section.1}% 8
\BOOKMARK [2][-]{subsection.1.5}{\376\377\0001\000.\0001\000\040\0001\000.\0001\000\040\217\157\116\366\151\202\217\360}{section.1}% 9
\BOOKMARK [3][-]{subsubsection.1.5.1}{\376\377\0001\000.\0001\000.\0001\000\040\133\232\116\111\217\157\116\366}{subsection.1.5}% 10
\BOOKMARK [3][-]{subsubsection.1.5.2}{\376\377\0001\000.\0001\000.\0002\000\040\217\157\116\366\166\204\162\171\160\271}{subsection.1.5}% 11
\BOOKMARK [3][-]{subsubsection.1.5.3}{\376\377\0001\000.\0001\000.\0003\217\157\116\366\166\204\122\006\174\173}{subsection.1.5}% 12
\BOOKMARK [3][-]{subsubsection.1.5.4}{\376\377\0001\000.\0001\000.\0004\000\040\217\157\116\366\166\204\123\321\134\125}{subsection.1.5}% 13
\BOOKMARK [3][-]{subsubsection.1.5.5}{\376\377\0001\000.\0001\000.\0005\000\040\217\157\116\366\123\161\147\072}{subsection.1.5}% 14
\BOOKMARK [3][-]{subsubsection.1.5.6}{\376\377\127\372\170\100\230\230}{subsection.1.5}% 15
\BOOKMARK [3][-]{subsubsection.1.5.7}{\376\377\143\320\232\330\230\230}{subsection.1.5}% 16
\BOOKMARK [3][-]{subsubsection.1.5.8}{\376\377\213\250\213\272\230\230}{subsection.1.5}% 17
\BOOKMARK [2][-]{subsection.1.6}{\376\377\0001\000.\0002\000\040\0001\000.\0002\000\040\217\157\116\366\135\345\172\013\151\202\217\360}{section.1}% 18
\BOOKMARK [3][-]{subsubsection.1.6.1}{\376\377\0001\000.\0002\000.\0001\000\040\217\157\116\366\135\345\172\013\166\204\166\356\150\007}{subsection.1.6}% 19
\BOOKMARK [3][-]{subsubsection.1.6.2}{\376\377\0001\000.\0002\000.\0002\000\040\217\157\116\366\135\345\172\013\166\204\127\372\147\054\123\237\164\006}{subsection.1.6}% 20
\BOOKMARK [3][-]{subsubsection.1.6.3}{\376\377\0001\000.\0002\000.\0003\000\040\217\157\116\366\135\345\172\013\166\204\121\205\133\271}{subsection.1.6}% 21
\BOOKMARK [3][-]{subsubsection.1.6.4}{\376\377\0001\000.\0002\000.\0004\000\040\217\157\116\366\135\345\172\013\166\204\123\237\122\031}{subsection.1.6}% 22
\BOOKMARK [3][-]{subsubsection.1.6.5}{\376\377\0001\000.\0002\000.\0005\000\040\217\157\116\366\135\345\172\013\227\142\116\064\166\204\225\356\230\230}{subsection.1.6}% 23
\BOOKMARK [3][-]{subsubsection.1.6.6}{\376\377\127\372\170\100\230\230}{subsection.1.6}% 24
\BOOKMARK [3][-]{subsubsection.1.6.7}{\376\377\143\320\232\330\230\230}{subsection.1.6}% 25
\BOOKMARK [3][-]{subsubsection.1.6.8}{\376\377\213\250\213\272\230\230}{subsection.1.6}% 26
\BOOKMARK [2][-]{subsection.1.7}{\376\377\0001\000.\0003\000\040\0001\000.\0003\000\040\134\017\176\323}{section.1}% 27
\BOOKMARK [3][-]{subsubsection.1.7.1}{\376\377\127\372\170\100\230\230}{subsection.1.7}% 28
\BOOKMARK [3][-]{subsubsection.1.7.2}{\376\377\143\320\232\330\230\230}{subsection.1.7}% 29
\BOOKMARK [3][-]{subsubsection.1.7.3}{\376\377\213\250\213\272\230\230}{subsection.1.7}% 30
