This is XeTeX, Version 3.141592653-2.6-0.999996 (TeX Live 2024) (preloaded format=xelatex)
 restricted \write18 enabled.
entering extended mode
(./main.tex
LaTeX2e <2023-11-01> patch level 1
L3 programming layer <2024-02-20>
(c:/texlive/2024/texmf-dist/tex/latex/base/book.cls
Document Class: book 2023/05/17 v1.4n Standard LaTeX document class
(c:/texlive/2024/texmf-dist/tex/latex/base/bk12.clo))
(c:/texlive/2024/texmf-dist/tex/latex/ctex/ctex.sty
(c:/texlive/2024/texmf-dist/tex/latex/l3kernel/expl3.sty
(c:/texlive/2024/texmf-dist/tex/latex/l3backend/l3backend-xetex.def))
(c:/texlive/2024/texmf-dist/tex/latex/ctex/ctexhook.sty)
(c:/texlive/2024/texmf-dist/tex/latex/ctex/ctexpatch.sty)
(c:/texlive/2024/texmf-dist/tex/latex/base/fix-cm.sty
(c:/texlive/2024/texmf-dist/tex/latex/base/ts1enc.def))
(c:/texlive/2024/texmf-dist/tex/latex/ctex/config/ctexopts.cfg)
(c:/texlive/2024/texmf-dist/tex/latex/ctex/engine/ctex-engine-xetex.def
(c:/texlive/2024/texmf-dist/tex/xelatex/xecjk/xeCJK.sty
(c:/texlive/2024/texmf-dist/tex/latex/l3packages/xtemplate/xtemplate.sty
(c:/texlive/2024/texmf-dist/tex/latex/l3packages/xtemplate/xtemplate-2023-10-10
.sty)) (c:/texlive/2024/texmf-dist/tex/latex/fontspec/fontspec.sty
(c:/texlive/2024/texmf-dist/tex/latex/l3packages/xparse/xparse.sty)
(c:/texlive/2024/texmf-dist/tex/latex/fontspec/fontspec-xetex.sty
(c:/texlive/2024/texmf-dist/tex/latex/base/fontenc.sty)
(c:/texlive/2024/texmf-dist/tex/latex/fontspec/fontspec.cfg)))
(c:/texlive/2024/texmf-dist/tex/xelatex/xecjk/xeCJK.cfg)))
(c:/texlive/2024/texmf-dist/tex/latex/zhnumber/zhnumber.sty
(c:/texlive/2024/texmf-dist/tex/latex/zhnumber/zhnumber-utf8.cfg))
(c:/texlive/2024/texmf-dist/tex/latex/ctex/scheme/ctex-scheme-chinese.def
(c:/texlive/2024/texmf-dist/tex/latex/ctex/config/ctex-name-utf8.cfg))
(c:/texlive/2024/texmf-dist/tex/latex/tools/indentfirst.sty)
(c:/texlive/2024/texmf-dist/tex/latex/ctex/fontset/ctex-fontset-windows.def))
(c:/texlive/2024/texmf-dist/tex/latex/ctex/config/ctex.cfg)

Package xeCJK Warning: Redefining CJKfamily `\CJKrmdefault' (SimSun(0)).

(c:/texlive/2024/texmf-dist/tex/latex/geometry/geometry.sty
(c:/texlive/2024/texmf-dist/tex/latex/graphics/keyval.sty)
(c:/texlive/2024/texmf-dist/tex/generic/iftex/ifvtex.sty
(c:/texlive/2024/texmf-dist/tex/generic/iftex/iftex.sty)))
(c:/texlive/2024/texmf-dist/tex/latex/setspace/setspace.sty)
(c:/texlive/2024/texmf-dist/tex/latex/tools/longtable.sty)
(c:/texlive/2024/texmf-dist/tex/latex/booktabs/booktabs.sty)
(c:/texlive/2024/texmf-dist/tex/latex/tools/array.sty)
(c:/texlive/2024/texmf-dist/tex/latex/tools/calc.sty)
(c:/texlive/2024/texmf-dist/tex/latex/etoolbox/etoolbox.sty)
(c:/texlive/2024/texmf-dist/tex/latex/footnotehyper/footnotehyper.sty)
(c:/texlive/2024/texmf-dist/tex/latex/graphics/graphicx.sty
(c:/texlive/2024/texmf-dist/tex/latex/graphics/graphics.sty
(c:/texlive/2024/texmf-dist/tex/latex/graphics/trig.sty)
(c:/texlive/2024/texmf-dist/tex/latex/graphics-cfg/graphics.cfg)
(c:/texlive/2024/texmf-dist/tex/latex/graphics-def/xetex.def)))
(c:/texlive/2024/texmf-dist/tex/latex/grffile/grffile.sty)
(c:/texlive/2024/texmf-dist/tex/generic/ulem/ulem.sty)
(c:/texlive/2024/texmf-dist/tex/xelatex/mathspec/mathspec.sty
(c:/texlive/2024/texmf-dist/tex/latex/amsmath/amstext.sty
(c:/texlive/2024/texmf-dist/tex/latex/amsmath/amsgen.sty))
(c:/texlive/2024/texmf-dist/tex/generic/iftex/ifxetex.sty)

! LaTeX Error: Unknown option '\eu@zf@math' for package fontspec.

For immediate help type H <return>.
 ...                                              
                                                  
l.65 ...Package[\eu@zf@math]{fontspec}[2008/08/09]
                                                  
(c:/texlive/2024/texmf-dist/tex/latex/xkeyval/xkeyval.sty
(c:/texlive/2024/texmf-dist/tex/generic/xkeyval/xkeyval.tex
(c:/texlive/2024/texmf-dist/tex/generic/xkeyval/xkvutils.tex))))
(c:/texlive/2024/texmf-dist/tex/latex/fancyhdr/fancyhdr.sty)
(c:/texlive/2024/texmf-dist/tex/latex/titlesec/titlesec.sty)
(c:/texlive/2024/texmf-dist/tex/latex/tocloft/tocloft.sty)
(c:/texlive/2024/texmf-dist/tex/latex/hyperref/hyperref.sty
(c:/texlive/2024/texmf-dist/tex/latex/kvsetkeys/kvsetkeys.sty)
(c:/texlive/2024/texmf-dist/tex/generic/kvdefinekeys/kvdefinekeys.sty)
(c:/texlive/2024/texmf-dist/tex/generic/pdfescape/pdfescape.sty
(c:/texlive/2024/texmf-dist/tex/generic/ltxcmds/ltxcmds.sty)
(c:/texlive/2024/texmf-dist/tex/generic/pdftexcmds/pdftexcmds.sty
(c:/texlive/2024/texmf-dist/tex/generic/infwarerr/infwarerr.sty)))
(c:/texlive/2024/texmf-dist/tex/latex/hycolor/hycolor.sty)
(c:/texlive/2024/texmf-dist/tex/latex/auxhook/auxhook.sty)
(c:/texlive/2024/texmf-dist/tex/latex/hyperref/nameref.sty
(c:/texlive/2024/texmf-dist/tex/latex/refcount/refcount.sty)
(c:/texlive/2024/texmf-dist/tex/generic/gettitlestring/gettitlestring.sty
(c:/texlive/2024/texmf-dist/tex/latex/kvoptions/kvoptions.sty)))
(c:/texlive/2024/texmf-dist/tex/latex/hyperref/pd1enc.def)
(c:/texlive/2024/texmf-dist/tex/generic/intcalc/intcalc.sty)
(c:/texlive/2024/texmf-dist/tex/latex/hyperref/puenc.def)
(c:/texlive/2024/texmf-dist/tex/latex/url/url.sty)
(c:/texlive/2024/texmf-dist/tex/generic/bitset/bitset.sty
(c:/texlive/2024/texmf-dist/tex/generic/bigintcalc/bigintcalc.sty))
(c:/texlive/2024/texmf-dist/tex/latex/base/atbegshi-ltx.sty))
(c:/texlive/2024/texmf-dist/tex/latex/hyperref/hxetex.def
(c:/texlive/2024/texmf-dist/tex/generic/stringenc/stringenc.sty)
(c:/texlive/2024/texmf-dist/tex/latex/rerunfilecheck/rerunfilecheck.sty
(c:/texlive/2024/texmf-dist/tex/latex/base/atveryend-ltx.sty)
(c:/texlive/2024/texmf-dist/tex/generic/uniquecounter/uniquecounter.sty)))
(./main.aux)
*geometry* driver: auto-detecting
*geometry* detected driver: xetex
(c:/texlive/2024/texmf-dist/tex/latex/graphics/color.sty
(c:/texlive/2024/texmf-dist/tex/latex/graphics-cfg/color.cfg)
(c:/texlive/2024/texmf-dist/tex/latex/graphics/mathcolor.ltx)) (./main.out)
(./main.out) [1] (./main.toc) [2] (./preface.tex
Underfull \hbox (badness 10000) in paragraph at lines 43--45


Package fancyhdr Warning: \headheight is too small (12.0pt): 
(fancyhdr)                Make it at least 14.49998pt, for example:
(fancyhdr)                \setlength{\headheight}{14.49998pt}.
(fancyhdr)                You might also make \topmargin smaller to compensate:

(fancyhdr)                \addtolength{\topmargin}{-2.49998pt}.

[3]

Package fancyhdr Warning: \headheight is too small (12.0pt): 
(fancyhdr)                Make it at least 14.49998pt, for example:
(fancyhdr)                \setlength{\headheight}{14.49998pt}.
(fancyhdr)                You might also make \topmargin smaller to compensate:

(fancyhdr)                \addtolength{\topmargin}{-2.49998pt}.

[4]
Overfull \hbox (830.19443pt too wide) in paragraph at lines 147--147
[]    \TU/lmtt/m/n/12 ** \TU/FangSong(0)/m/n/12 第 二 章   软 件 工 程 基 础 与 需 求 分 析 \
TU/lmtt/m/n/12 ** \TU/FangSong(0)/m/n/12 ： 深 入 阐 述 软 件 生 命 周 期 、 开 发 模 型 、 需 求 
工 程 等 软 件 工 程 核 心 概 念 ， 重 点 讲 解 需 求 获 取 、 分 析 、 建 模 的 系 统 方 法 ， 包 括 \TU/lmtt/m/
n/12 UML \TU/FangSong(0)/m/n/12 建 模 、 结 构 化 分 析 等 技 术 ， 结 合 智 慧 水 利 平 台 的 特 殊 性
 进 行 案 例 分 析 。 [] 

Overfull \hbox (700.41455pt too wide) in paragraph at lines 147--147
[]    \TU/lmtt/m/n/12 ** \TU/FangSong(0)/m/n/12 第 三 章   软 件 模 块 详 细 设 计 \TU/lmt
t/m/n/12 ** \TU/FangSong(0)/m/n/12 ： 系 统 讲 解 软 件 架 构 设 计 原 理 、 架 构 模 式 选 择 、 模 
块 化 分 解 方 法 ， 包 括 分 层 架 构 、 微 服 务 架 构 、 数 据 库 设 计 等 关 键 技 术 ， 通 过 数 学 模 型 和 理 论
 分 析 指 导 智 慧 水 利 平 台 的 架 构 设 计 。 [] 

Overfull \hbox (737.49472pt too wide) in paragraph at lines 147--147
[]    \TU/lmtt/m/n/12 ** \TU/FangSong(0)/m/n/12 第 四 章   前 端 开 发 技 术 \TU/lmtt/m/
n/12 ** \TU/FangSong(0)/m/n/12 ： 全 面 介 绍 \TU/lmtt/m/n/12 HTML5 \TU/FangSong(0)/
m/n/12 、 \TU/lmtt/m/n/12 CSS3 \TU/FangSong(0)/m/n/12 、 \TU/lmtt/m/n/12 JavaScri
pt \TU/FangSong(0)/m/n/12 等 \TU/lmtt/m/n/12 Web \TU/FangSong(0)/m/n/12 前 端 基 础 
技 术 ， 深 入 讲 解 \TU/lmtt/m/n/12 Vue.js \TU/FangSong(0)/m/n/12 框 架 应 用 ， 涵 盖 响 应 式
 设 计 、 组 件 化 开 发 、 前 端 工 程 化 等 现 代 开 发 方 法 ， 结 合 智 慧 水 利 平 台 界 面 设 计 的 特 殊 要 求 
。 [] 

Overfull \hbox (786.93477pt too wide) in paragraph at lines 147--147
[]    \TU/lmtt/m/n/12 ** \TU/FangSong(0)/m/n/12 第 五 章   后 端 开 发 技 术 \TU/lmtt/m/
n/12 ** \TU/FangSong(0)/m/n/12 ： 系 统 阐 述 \TU/lmtt/m/n/12 Java Spring Boot \TU/F
angSong(0)/m/n/12 、 \TU/lmtt/m/n/12 Python Django/Flask \TU/FangSong(0)/m/n/12 
等 后 端 开 发 框 架 ， 包 括 \TU/lmtt/m/n/12 RESTful API \TU/FangSong(0)/m/n/12 设 计 、 数 
据 持 久 化 、 安 全 认 证 、 微 服 务 架 构 等 核 心 技 术 ， 通 过 数 学 推 导 和 算 法 分 析 指 导 高 性 能 后 端 系
 统 设 计 。 [] 

Overfull \hbox (681.87473pt too wide) in paragraph at lines 147--147
[]    \TU/lmtt/m/n/12 ** \TU/FangSong(0)/m/n/12 第 六 章   智 慧 水 利 三 维 场 景 构 建 \TU
/lmtt/m/n/12 ** \TU/FangSong(0)/m/n/12 ： 深 入 讲 解 数 字 高 程 模 型 （ \TU/lmtt/m/n/12 
DEM \TU/FangSong(0)/m/n/12 ） 、 数 字 地 表 模 型 （ \TU/lmtt/m/n/12 DSM \TU/FangSong(0
)/m/n/12 ） 的 数 学 表 达 和 构 建 算 法 ， 包 括 \TU/lmtt/m/n/12 BIM \TU/FangSong(0)/m/n/12
 技 术 、 数 字 孪 生 、 虚 拟 现 实 （ \TU/lmtt/m/n/12 VR/AR/MR \TU/FangSong(0)/m/n/12 ） 等 
前 沿 技 术 在 水 利 工 程 中 的 创 新 应 用 。 [] 

Overfull \hbox (972.33423pt too wide) in paragraph at lines 147--147
[]    \TU/lmtt/m/n/12 ** \TU/FangSong(0)/m/n/12 第 七 章   三 维 场 景 的 观 测 数 据 展 示 \
TU/lmtt/m/n/12 ** \TU/FangSong(0)/m/n/12 ： 系 统 讲 解 水 利 监 测 数 据 的 分 类 与 特 征 ， 深 
入 探 讨 数 据 图 表 展 示 技 术 ， 重 点 介 绍 三 维 场 景 中 监 测 点 的 绘 制 与 交 互 技 术 ， 包 括 空 间 定 位 、
 状 态 可 视 化 、 射 线 检 测 与 对 象 拾 取 等 关 键 技 术 ， 实 现 监 测 数 据 与 三 维 场 景 的 有 机 融 合 。 []
 

Overfull \hbox (947.61426pt too wide) in paragraph at lines 147--147
[]    \TU/lmtt/m/n/12 ** \TU/FangSong(0)/m/n/12 第 八 章   典 型 应 用 \TU/lmtt/m/n/12
 ** \TU/FangSong(0)/m/n/12 ： 通 过 水 利 工 程 安 全 监 测 平 台 的 完 整 开 发 案 例 ， 详 细 展 示 从 
场 景 设 置 、 模 型 制 作 到 数 据 处 理 、 展 示 模 块 的 全 过 程 。 涵 盖 监 控 模 型 与 综 合 评 价 模 块 的 设 计
 实 现 ， 通 过 功 能 模 块 演 示 和 核 心 代 码 解 析 ， 提 供 企 业 级 应 用 开 发 的 完 整 技 术 方 案 。 [] 

Overfull \hbox (861.09436pt too wide) in paragraph at lines 147--147
[]    \TU/lmtt/m/n/12 ** \TU/FangSong(0)/m/n/12 第 九 章   总 结 与 展 望 \TU/lmtt/m/n/
12 ** \TU/FangSong(0)/m/n/12 ： 系 统 总 结 全 书 核 心 技 术 体 系 和 实 现 方 法 ， 回 顾 智 慧 水 利 
平 台 开 发 的 关 键 技 术 要 点 ， 深 入 分 析 当 前 技 术 发 展 趋 势 ， 探 讨 人 工 智 能 、 区 块 链 、 边 缘 计 算
 等 前 沿 技 术 的 应 用 前 景 ， 为 读 者 的 后 续 学 习 和 职 业 发 展 提 供 指 导 。 [] 

Package fancyhdr Warning: \headheight is too small (12.0pt): 
(fancyhdr)                Make it at least 14.49998pt, for example:
(fancyhdr)                \setlength{\headheight}{14.49998pt}.
(fancyhdr)                You might also make \topmargin smaller to compensate:

(fancyhdr)                \addtolength{\topmargin}{-2.49998pt}.

[5]

Package fancyhdr Warning: \headheight is too small (12.0pt): 
(fancyhdr)                Make it at least 14.49998pt, for example:
(fancyhdr)                \setlength{\headheight}{14.49998pt}.
(fancyhdr)                You might also make \topmargin smaller to compensate:

(fancyhdr)                \addtolength{\topmargin}{-2.49998pt}.

[6]
Missing character: There is no 📚 (U+1F4DA) in font [lmroman12-bold]:mapping=tex
-text;!
Missing character: There is no 💻 (U+1F4BB) in font [lmroman12-bold]:mapping=tex
-text;!
Missing character: There is no 🎥 (U+1F3A5) in font [lmroman12-bold]:mapping=tex
-text;!

Underfull \hbox (badness 10000) in paragraph at lines 237--239

Missing character: There is no 💬 (U+1F4AC) in font [lmroman12-bold]:mapping=tex
-text;!
Missing character: There is no 🐍 (U+1F40D) in font [lmroman12-bold]:mapping=tex
-text;!
Missing character: There is no 🔧 (U+1F527) in font [lmroman12-bold]:mapping=tex
-text;!
Missing character: There is no 📦 (U+1F4E6) in font [lmroman12-bold]:mapping=tex
-text;!
Missing character: There is no 💻 (U+1F4BB) in font [lmroman12-bold]:mapping=tex
-text;!
Missing character: There is no 🎨 (U+1F3A8) in font [lmroman12-bold]:mapping=tex
-text;!
Missing character: There is no 🗄 (U+1F5C4) in font [lmroman12-bold]:mapping=tex
-text;!

Package fancyhdr Warning: \headheight is too small (12.0pt): 
(fancyhdr)                Make it at least 14.49998pt, for example:
(fancyhdr)                \setlength{\headheight}{14.49998pt}.
(fancyhdr)                You might also make \topmargin smaller to compensate:

(fancyhdr)                \addtolength{\topmargin}{-2.49998pt}.

[7]
Missing character: There is no 🎥 (U+1F3A5) in font [lmroman12-bold]:mapping=tex
-text;!
Missing character: There is no 📋 (U+1F4CB) in font [lmroman12-bold]:mapping=tex
-text;!
Missing character: There is no 🔗 (U+1F517) in font [lmroman12-bold]:mapping=tex
-text;!
Missing character: There is no 🌐 (U+1F310) in font [lmroman12-bold]:mapping=tex
-text;!
Missing character: There is no 💬 (U+1F4AC) in font [lmroman12-bold]:mapping=tex
-text;!
Missing character: There is no 🚀 (U+1F680) in font [lmroman12-bold]:mapping=tex
-text;!
Missing character: There is no 📧 (U+1F4E7) in font [lmroman12-bold]:mapping=tex
-text;!
Missing character: There is no 📧 (U+1F4E7) in font [lmroman12-bold]:mapping=tex
-text;!
Missing character: There is no 💻 (U+1F4BB) in font [lmroman12-bold]:mapping=tex
-text;!
Missing character: There is no 💬 (U+1F4AC) in font [lmroman12-bold]:mapping=tex
-text;!
Missing character: There is no 📚 (U+1F4DA) in font [lmroman12-bold]:mapping=tex
-text;!
) (./chapter01.tex

Package fancyhdr Warning: \headheight is too small (12.0pt): 
(fancyhdr)                Make it at least 14.49998pt, for example:
(fancyhdr)                \setlength{\headheight}{14.49998pt}.
(fancyhdr)                You might also make \topmargin smaller to compensate:

(fancyhdr)                \addtolength{\topmargin}{-2.49998pt}.

[8]

Package fancyhdr Warning: \headheight is too small (12.0pt): 
(fancyhdr)                Make it at least 14.49998pt, for example:
(fancyhdr)                \setlength{\headheight}{14.49998pt}.
(fancyhdr)                You might also make \topmargin smaller to compensate:

(fancyhdr)                \addtolength{\topmargin}{-2.49998pt}.

[9]

Package fancyhdr Warning: \headheight is too small (12.0pt): 
(fancyhdr)                Make it at least 14.49998pt, for example:
(fancyhdr)                \setlength{\headheight}{14.49998pt}.
(fancyhdr)                You might also make \topmargin smaller to compensate:

(fancyhdr)                \addtolength{\topmargin}{-2.49998pt}.

[10]

Package fancyhdr Warning: \headheight is too small (12.0pt): 
(fancyhdr)                Make it at least 14.49998pt, for example:
(fancyhdr)                \setlength{\headheight}{14.49998pt}.
(fancyhdr)                You might also make \topmargin smaller to compensate:

(fancyhdr)                \addtolength{\topmargin}{-2.49998pt}.

[11]

Package fancyhdr Warning: \headheight is too small (12.0pt): 
(fancyhdr)                Make it at least 14.49998pt, for example:
(fancyhdr)                \setlength{\headheight}{14.49998pt}.
(fancyhdr)                You might also make \topmargin smaller to compensate:

(fancyhdr)                \addtolength{\topmargin}{-2.49998pt}.

[12]

Package fancyhdr Warning: \headheight is too small (12.0pt): 
(fancyhdr)                Make it at least 14.49998pt, for example:
(fancyhdr)                \setlength{\headheight}{14.49998pt}.
(fancyhdr)                You might also make \topmargin smaller to compensate:

(fancyhdr)                \addtolength{\topmargin}{-2.49998pt}.

[13]

Package fancyhdr Warning: \headheight is too small (12.0pt): 
(fancyhdr)                Make it at least 14.49998pt, for example:
(fancyhdr)                \setlength{\headheight}{14.49998pt}.
(fancyhdr)                You might also make \topmargin smaller to compensate:

(fancyhdr)                \addtolength{\topmargin}{-2.49998pt}.

[14]

Package fancyhdr Warning: \headheight is too small (12.0pt): 
(fancyhdr)                Make it at least 14.49998pt, for example:
(fancyhdr)                \setlength{\headheight}{14.49998pt}.
(fancyhdr)                You might also make \topmargin smaller to compensate:

(fancyhdr)                \addtolength{\topmargin}{-2.49998pt}.

[15]

Package fancyhdr Warning: \headheight is too small (12.0pt): 
(fancyhdr)                Make it at least 14.49998pt, for example:
(fancyhdr)                \setlength{\headheight}{14.49998pt}.
(fancyhdr)                You might also make \topmargin smaller to compensate:

(fancyhdr)                \addtolength{\topmargin}{-2.49998pt}.

[16]

Package fancyhdr Warning: \headheight is too small (12.0pt): 
(fancyhdr)                Make it at least 14.49998pt, for example:
(fancyhdr)                \setlength{\headheight}{14.49998pt}.
(fancyhdr)                You might also make \topmargin smaller to compensate:

(fancyhdr)                \addtolength{\topmargin}{-2.49998pt}.

[17]

Package fancyhdr Warning: \headheight is too small (12.0pt): 
(fancyhdr)                Make it at least 14.49998pt, for example:
(fancyhdr)                \setlength{\headheight}{14.49998pt}.
(fancyhdr)                You might also make \topmargin smaller to compensate:

(fancyhdr)                \addtolength{\topmargin}{-2.49998pt}.

[18]

Package fancyhdr Warning: \headheight is too small (12.0pt): 
(fancyhdr)                Make it at least 14.49998pt, for example:
(fancyhdr)                \setlength{\headheight}{14.49998pt}.
(fancyhdr)                You might also make \topmargin smaller to compensate:

(fancyhdr)                \addtolength{\topmargin}{-2.49998pt}.

[19]

Package fancyhdr Warning: \headheight is too small (12.0pt): 
(fancyhdr)                Make it at least 14.49998pt, for example:
(fancyhdr)                \setlength{\headheight}{14.49998pt}.
(fancyhdr)                You might also make \topmargin smaller to compensate:

(fancyhdr)                \addtolength{\topmargin}{-2.49998pt}.

[20]

Package fancyhdr Warning: \headheight is too small (12.0pt): 
(fancyhdr)                Make it at least 14.49998pt, for example:
(fancyhdr)                \setlength{\headheight}{14.49998pt}.
(fancyhdr)                You might also make \topmargin smaller to compensate:

(fancyhdr)                \addtolength{\topmargin}{-2.49998pt}.

[21]

Package fancyhdr Warning: \headheight is too small (12.0pt): 
(fancyhdr)                Make it at least 14.49998pt, for example:
(fancyhdr)                \setlength{\headheight}{14.49998pt}.
(fancyhdr)                You might also make \topmargin smaller to compensate:

(fancyhdr)                \addtolength{\topmargin}{-2.49998pt}.

[22]
Overfull \hbox (66.72807pt too wide) in paragraph at lines 513--514
[]\TU/lmr/m/n/12 [16] Bennett K H, Rajlich V T. Software Maintenance and Evolut
ion: A Roadmap[C]//Proceedings

Package fancyhdr Warning: \headheight is too small (12.0pt): 
(fancyhdr)                Make it at least 14.49998pt, for example:
(fancyhdr)                \setlength{\headheight}{14.49998pt}.
(fancyhdr)                You might also make \topmargin smaller to compensate:

(fancyhdr)                \addtolength{\topmargin}{-2.49998pt}.

[23]

Package fancyhdr Warning: \headheight is too small (12.0pt): 
(fancyhdr)                Make it at least 14.49998pt, for example:
(fancyhdr)                \setlength{\headheight}{14.49998pt}.
(fancyhdr)                You might also make \topmargin smaller to compensate:

(fancyhdr)                \addtolength{\topmargin}{-2.49998pt}.

[24]
Underfull \vbox (badness 1490) has occurred while \output is active

Package fancyhdr Warning: \headheight is too small (12.0pt): 
(fancyhdr)                Make it at least 14.49998pt, for example:
(fancyhdr)                \setlength{\headheight}{14.49998pt}.
(fancyhdr)                You might also make \topmargin smaller to compensate:

(fancyhdr)                \addtolength{\topmargin}{-2.49998pt}.

[25]) (./chapter02.tex

Package fancyhdr Warning: \headheight is too small (12.0pt): 
(fancyhdr)                Make it at least 14.49998pt, for example:
(fancyhdr)                \setlength{\headheight}{14.49998pt}.
(fancyhdr)                You might also make \topmargin smaller to compensate:

(fancyhdr)                \addtolength{\topmargin}{-2.49998pt}.

[26]
Underfull \vbox (badness 4832) has occurred while \output is active

Package fancyhdr Warning: \headheight is too small (12.0pt): 
(fancyhdr)                Make it at least 14.49998pt, for example:
(fancyhdr)                \setlength{\headheight}{14.49998pt}.
(fancyhdr)                You might also make \topmargin smaller to compensate:

(fancyhdr)                \addtolength{\topmargin}{-2.49998pt}.

[27]

Package fancyhdr Warning: \headheight is too small (12.0pt): 
(fancyhdr)                Make it at least 14.49998pt, for example:
(fancyhdr)                \setlength{\headheight}{14.49998pt}.
(fancyhdr)                You might also make \topmargin smaller to compensate:

(fancyhdr)                \addtolength{\topmargin}{-2.49998pt}.

[28]
Underfull \vbox (badness 2065) has occurred while \output is active

Package fancyhdr Warning: \headheight is too small (12.0pt): 
(fancyhdr)                Make it at least 14.49998pt, for example:
(fancyhdr)                \setlength{\headheight}{14.49998pt}.
(fancyhdr)                You might also make \topmargin smaller to compensate:

(fancyhdr)                \addtolength{\topmargin}{-2.49998pt}.

[29]

Package fancyhdr Warning: \headheight is too small (12.0pt): 
(fancyhdr)                Make it at least 14.49998pt, for example:
(fancyhdr)                \setlength{\headheight}{14.49998pt}.
(fancyhdr)                You might also make \topmargin smaller to compensate:

(fancyhdr)                \addtolength{\topmargin}{-2.49998pt}.

[30]

LaTeX Warning: File `../images/chapter02/image1.png' not found on input line 18
6.

! Unable to load picture or PDF file '../images/chapter02/image1.png'.
<to be read again> 
                   }
l.186 ...egraphics{../images/chapter02/image1.png}
                                                  

Package fancyhdr Warning: \headheight is too small (12.0pt): 
(fancyhdr)                Make it at least 14.49998pt, for example:
(fancyhdr)                \setlength{\headheight}{14.49998pt}.
(fancyhdr)                You might also make \topmargin smaller to compensate:

(fancyhdr)                \addtolength{\topmargin}{-2.49998pt}.

[31]

LaTeX Warning: File `../images/chapter02/image2.png' not found on input line 23
0.

! Unable to load picture or PDF file '../images/chapter02/image2.png'.
<to be read again> 
                   }
l.230 ...egraphics{../images/chapter02/image2.png}
                                                  

Package fancyhdr Warning: \headheight is too small (12.0pt): 
(fancyhdr)                Make it at least 14.49998pt, for example:
(fancyhdr)                \setlength{\headheight}{14.49998pt}.
(fancyhdr)                You might also make \topmargin smaller to compensate:

(fancyhdr)                \addtolength{\topmargin}{-2.49998pt}.

[32]
xdvipdfmx:fatal: Image inclusion failed. Could not find file: ../images/chapter02/image1.png

No output PDF file written.


LaTeX Warning: File `../images/chapter02/image3.png' not found on input line 26
8.

! Unable to load picture or PDF file '../images/chapter02/image3.png'.
<to be read again> 
                   }
l.268 ...egraphics{../images/chapter02/image3.png}
                                                  

LaTeX Warning: File `../images/chapter02/image4.png' not found on input line 27
6.

! Unable to load picture or PDF file '../images/chapter02/image4.png'.
<to be read again> 
                   }
l.276 ...egraphics{../images/chapter02/image4.png}
                                                  

Package fancyhdr Warning: \headheight is too small (12.0pt): 
(fancyhdr)                Make it at least 14.49998pt, for example:
(fancyhdr)                \setlength{\headheight}{14.49998pt}.
(fancyhdr)                You might also make \topmargin smaller to compensate:

(fancyhdr)                \addtolength{\topmargin}{-2.49998pt}.

[33xelatex.exe: fwrite: Invalid argument
