2025-09-01 15:53:54,761 - INFO - 初始化完成 - 源目录: D:\Projects\教材\智慧水利平台架构与开发\docs, 输出目录: D:\Projects\教材\智慧水利平台架构与开发\publish\教材模板包\逐章节输出
2025-09-01 15:53:54,762 - INFO - 开始转换章节: 前言
2025-09-01 15:53:54,762 - INFO - 处理主文件: 前言.md
2025-09-01 15:53:54,766 - INFO - 保存Markdown文件: D:\Projects\教材\智慧水利平台架构与开发\publish\教材模板包\逐章节输出\preface\preface.md
2025-09-01 15:53:54,814 - INFO - 复制了 49 个图片文件到 preface
2025-09-01 15:53:54,815 - INFO - 开始Pandoc转换...
2025-09-01 15:53:54,942 - INFO - Pandoc转换成功
2025-09-01 15:53:54,944 - INFO - LaTeX后处理完成
2025-09-01 15:53:55,508 - INFO - 使用LaTeX引擎: xelatex
2025-09-01 15:53:55,508 - INFO - 第 1 次LaTeX编译...
2025-09-01 15:53:58,739 - INFO - 第 2 次LaTeX编译...
2025-09-01 15:54:01,438 - INFO - PDF编译成功: D:\Projects\教材\智慧水利平台架构与开发\publish\教材模板包\逐章节输出\preface\preface.pdf
2025-09-01 15:54:01,438 - INFO - 章节 前言 转换成功: D:\Projects\教材\智慧水利平台架构与开发\publish\教材模板包\逐章节输出\preface\preface.pdf
2025-09-01 15:56:20,016 - INFO - 初始化完成 - 源目录: D:\Projects\教材\智慧水利平台架构与开发\docs, 输出目录: D:\Projects\教材\智慧水利平台架构与开发\publish\教材模板包\逐章节输出
2025-09-01 15:56:20,016 - INFO - 开始转换章节: 前言
2025-09-01 15:56:20,018 - INFO - 处理主文件: 前言.md
2025-09-01 15:56:20,019 - INFO - 保存Markdown文件: D:\Projects\教材\智慧水利平台架构与开发\publish\教材模板包\逐章节输出\preface\preface.md
2025-09-01 15:56:20,024 - INFO - 复制了 0 个图片文件到 preface
2025-09-01 15:56:20,024 - INFO - 创建了占位符图片
2025-09-01 15:56:20,025 - INFO - 开始Pandoc转换...
2025-09-01 15:56:20,100 - INFO - Pandoc转换成功
2025-09-01 15:56:20,103 - ERROR - 未找到documentclass声明
2025-09-01 15:56:20,632 - INFO - 使用LaTeX引擎: xelatex
2025-09-01 15:56:20,632 - INFO - 第 1 次LaTeX编译...
2025-09-01 15:56:22,981 - INFO - 第 2 次LaTeX编译...
2025-09-01 15:56:25,509 - INFO - PDF编译成功: D:\Projects\教材\智慧水利平台架构与开发\publish\教材模板包\逐章节输出\preface\preface.pdf
2025-09-01 15:56:25,510 - INFO - 章节 前言 转换成功: D:\Projects\教材\智慧水利平台架构与开发\publish\教材模板包\逐章节输出\preface\preface.pdf
2025-09-01 15:56:25,727 - INFO - 初始化完成 - 源目录: D:\Projects\教材\智慧水利平台架构与开发\docs, 输出目录: D:\Projects\教材\智慧水利平台架构与开发\publish\教材模板包\逐章节输出
2025-09-01 15:56:25,727 - INFO - 开始转换章节: 前言
2025-09-01 15:56:25,728 - INFO - 处理主文件: 前言.md
2025-09-01 15:56:25,729 - INFO - 保存Markdown文件: D:\Projects\教材\智慧水利平台架构与开发\publish\教材模板包\逐章节输出\preface\preface.md
2025-09-01 15:56:25,733 - INFO - 复制了 0 个图片文件到 preface
2025-09-01 15:56:25,734 - INFO - 创建了占位符图片
2025-09-01 15:56:25,734 - INFO - 开始Pandoc转换...
2025-09-01 15:56:25,820 - INFO - Pandoc转换成功
2025-09-01 15:56:25,820 - ERROR - 未找到documentclass声明
2025-09-01 15:56:26,340 - INFO - 使用LaTeX引擎: xelatex
2025-09-01 15:56:26,340 - INFO - 第 1 次LaTeX编译...
2025-09-01 15:56:29,251 - INFO - 第 2 次LaTeX编译...
2025-09-01 15:56:32,207 - INFO - PDF编译成功: D:\Projects\教材\智慧水利平台架构与开发\publish\教材模板包\逐章节输出\preface\preface.pdf
2025-09-01 15:56:32,207 - INFO - 章节 前言 转换成功: D:\Projects\教材\智慧水利平台架构与开发\publish\教材模板包\逐章节输出\preface\preface.pdf
2025-09-01 15:57:21,747 - INFO - 初始化完成 - 源目录: D:\Projects\教材\智慧水利平台架构与开发\docs, 输出目录: D:\Projects\教材\智慧水利平台架构与开发\publish\教材模板包\逐章节输出
2025-09-01 15:57:21,748 - INFO - 开始转换章节: 前言
2025-09-01 15:57:21,749 - INFO - 处理主文件: 前言.md
2025-09-01 15:57:21,750 - INFO - 保存Markdown文件: D:\Projects\教材\智慧水利平台架构与开发\publish\教材模板包\逐章节输出\preface\preface.md
2025-09-01 15:57:21,755 - INFO - 复制了 0 个图片文件到 preface
2025-09-01 15:57:21,755 - INFO - 创建了占位符图片
2025-09-01 15:57:21,757 - INFO - 开始Pandoc转换...
2025-09-01 15:57:21,841 - INFO - Pandoc转换成功
2025-09-01 15:57:21,846 - INFO - LaTeX后处理完成 - 已添加中文字体支持
2025-09-01 15:57:21,847 - INFO - LaTeX文件前20行:
% Options for packages loaded elsewhere
\PassOptionsToPackage{unicode}{hyperref}
\PassOptionsToPackage{hyphens}{url}
\documentclass[
]{article}
% 中文支持包
\usepackage[UTF8]{ctex}

% 字体设置 - 使用系统字体
\setCJKmainfont{SimSun}[BoldFont=SimHei, ItalicFont=KaiTi]
\setCJKsansfont{SimHei}
\setCJKmonofont{FangSong}

% 解决可能的字体问题
\XeTeXlinebreaklocale "zh"
\XeTeXlinebreakskip = 0pt plus 1pt

\usepackage{xcolor}
\usepackage{amsmath,amssymb}
\setcounter{secnumdepth}{-\maxdimen} % remove section numbering
2025-09-01 15:57:22,307 - INFO - 使用LaTeX引擎: xelatex
2025-09-01 15:57:22,307 - INFO - 第 1 次LaTeX编译...
2025-09-01 15:57:24,592 - INFO - 第 2 次LaTeX编译...
2025-09-01 15:57:26,851 - INFO - PDF编译成功: D:\Projects\教材\智慧水利平台架构与开发\publish\教材模板包\逐章节输出\preface\preface.pdf
2025-09-01 15:57:26,852 - INFO - 章节 前言 转换成功: D:\Projects\教材\智慧水利平台架构与开发\publish\教材模板包\逐章节输出\preface\preface.pdf
2025-09-01 15:58:48,149 - INFO - 初始化完成 - 源目录: D:\Projects\教材\智慧水利平台架构与开发\docs, 输出目录: D:\Projects\教材\智慧水利平台架构与开发\publish\教材模板包\逐章节输出
2025-09-01 15:58:48,149 - INFO - 开始转换章节: 前言
2025-09-01 15:58:48,150 - INFO - 处理主文件: 前言.md
2025-09-01 15:58:48,151 - INFO - 保存Markdown文件: D:\Projects\教材\智慧水利平台架构与开发\publish\教材模板包\逐章节输出\preface\preface.md
2025-09-01 15:58:48,155 - INFO - 复制了 0 个图片文件到 preface
2025-09-01 15:58:48,156 - INFO - 创建了占位符图片
2025-09-01 15:58:48,157 - INFO - 开始Pandoc转换...
2025-09-01 15:58:48,239 - INFO - Pandoc转换成功
2025-09-01 15:58:48,251 - INFO - LaTeX后处理完成 - 已添加中文字体支持
2025-09-01 15:58:48,251 - INFO - LaTeX文件前20行:
% Options for packages loaded elsewhere
\PassOptionsToPackage{unicode}{hyperref}
\PassOptionsToPackage{hyphens}{url}
\documentclass[
]{article}
% 中文支持包
\usepackage[UTF8]{ctex}

% 字体设置 - 使用系统字体
\setCJKmainfont{SimSun}[BoldFont=SimHei, ItalicFont=KaiTi]
\setCJKsansfont{SimHei}
\setCJKmonofont{FangSong}

% 解决可能的字体问题
\XeTeXlinebreaklocale "zh"
\XeTeXlinebreakskip = 0pt plus 1pt

\usepackage{xcolor}
\usepackage{amsmath,amssymb}
\setcounter{secnumdepth}{-\maxdimen} % remove section numbering
2025-09-01 15:58:48,721 - INFO - 使用LaTeX引擎: xelatex
2025-09-01 15:58:48,721 - INFO - 第 1 次LaTeX编译...
2025-09-01 15:58:51,240 - INFO - 第 2 次LaTeX编译...
2025-09-01 15:58:53,799 - INFO - PDF编译成功: D:\Projects\教材\智慧水利平台架构与开发\publish\教材模板包\逐章节输出\preface\preface.pdf
2025-09-01 15:58:53,799 - INFO - 章节 前言 转换成功: D:\Projects\教材\智慧水利平台架构与开发\publish\教材模板包\逐章节输出\preface\preface.pdf
2025-09-01 16:05:14,898 - INFO - 初始化完成 - 源目录: D:\Projects\教材\智慧水利平台架构与开发\docs, 输出目录: D:\Projects\教材\智慧水利平台架构与开发\publish\教材模板包\逐章节输出
2025-09-01 16:05:14,899 - INFO - 开始转换章节: 前言
2025-09-01 16:05:14,900 - INFO - 处理主文件: 前言.md
2025-09-01 16:05:14,905 - INFO - 保存Markdown文件: D:\Projects\教材\智慧水利平台架构与开发\publish\教材模板包\逐章节输出\preface\preface.md
2025-09-01 16:05:14,915 - INFO - 复制了 0 个图片文件到 preface
2025-09-01 16:05:14,916 - INFO - 创建了占位符图片
2025-09-01 16:05:14,917 - INFO - 开始Pandoc转换...
2025-09-01 16:05:15,057 - INFO - Pandoc转换成功
2025-09-01 16:05:15,065 - INFO - LaTeX后处理完成 - 已添加中文字体支持和tcolorbox样式
2025-09-01 16:05:15,065 - INFO - LaTeX文件前30行:

\documentclass[12pt,a4paper]{article}

% ========================================
% 基础包引入（基于智慧水利模板）
% ========================================

% 数学支持
\usepackage{amsmath,amssymb,amsthm}

% 图形和颜色
\usepackage{graphicx}
\usepackage{xcolor}

% 页面布局
\usepackage[
    top=2.5cm,
    bottom=2.5cm,
    left=2.8cm,
    right=2.2cm,
    bindingoffset=0.5cm,
    headheight=15pt,
    footskip=1.5cm
]{geometry}

% 字体和编码
\usepackage{fontspec}
\usepackage{setspace}
\onehalfspacing  % 1.5倍行距

2025-09-01 16:05:15,606 - INFO - 使用LaTeX引擎: xelatex
2025-09-01 16:05:15,606 - INFO - 第 1 次LaTeX编译...
2025-09-01 16:05:19,094 - WARNING - 第 1 次编译有警告或错误
2025-09-01 16:05:19,097 - INFO - 第 2 次LaTeX编译...
2025-09-01 16:05:22,093 - WARNING - 第 2 次编译有警告或错误
2025-09-01 16:05:22,096 - INFO - PDF编译成功: D:\Projects\教材\智慧水利平台架构与开发\publish\教材模板包\逐章节输出\preface\preface.pdf
2025-09-01 16:05:22,098 - INFO - 章节 前言 转换成功: D:\Projects\教材\智慧水利平台架构与开发\publish\教材模板包\逐章节输出\preface\preface.pdf
