2025-09-06 08:28:54 - MainTest - INFO - ============================================================
2025-09-06 08:28:54 - MainTest - INFO - MD2LaTeX转换器 v2.0 测试套件
2025-09-06 08:28:54 - MainTest - INFO - ============================================================
2025-09-06 08:28:54 - System - INFO - 全局调试模式已启用
2025-09-06 08:28:54 - MainTest - INFO - \n开始 基本功能测试...
2025-09-06 08:28:54 - Test - INFO - 开始基本功能测试...
2025-09-06 08:28:54 - ContentProcessor - INFO - 初始化了 7 个处理器
2025-09-06 08:28:54 - TemplateEngine - INFO - 模板引擎初始化完成
2025-09-06 08:28:54 - Test - INFO - 1. 测试环境验证...
2025-09-06 08:28:54 - ConverterApplication - INFO - 验证运行环境...
2025-09-06 08:28:54 - ConverterApplication - INFO - Pandoc版本: 3.1.3
2025-09-06 08:28:54 - ConverterApplication - INFO - XeLaTeX可用
2025-09-06 08:28:54 - Test - INFO -    环境验证结果: 通过
2025-09-06 08:28:54 - Test - INFO - 2. 测试状态获取...
2025-09-06 08:28:54 - Test - INFO -    转换器已初始化: True
2025-09-06 08:28:54 - Test - INFO -    配置有效: True
2025-09-06 08:28:54 - Test - INFO -    输出目录存在: True
2025-09-06 08:28:54 - Test - INFO - 3. 测试配置管理...
2025-09-06 08:28:54 - Test - INFO -    配置验证错误数: 0
2025-09-06 08:28:54 - Test - INFO - 基本功能测试完成
2025-09-06 08:28:54 - MainTest - INFO - 基本功能测试: 通过
2025-09-06 08:28:54 - MainTest - INFO - \n开始 内容处理器测试...
2025-09-06 08:28:54 - TestProcessors - INFO - 开始内容处理器测试...
2025-09-06 08:28:54 - TestProcessors - INFO - 1. 测试数学公式处理器...
2025-09-06 08:28:54 - Processor.Math - INFO - 开始处理数学公式
2025-09-06 08:28:54 - TestProcessors - INFO -    处理结果包含equation环境: False
2025-09-06 08:28:54 - TestProcessors - INFO - 2. 测试代码块处理器...
2025-09-06 08:28:54 - Processor.CodeBlock - INFO - 开始处理代码块
2025-09-06 08:28:54 - Processor.CodeBlock - INFO - 处理代码块: 1 项
2025-09-06 08:28:54 - TestProcessors - INFO -    处理结果包含lstlisting: True
2025-09-06 08:28:54 - TestProcessors - INFO - 3. 测试章节编号处理器...
2025-09-06 08:28:54 - Processor.ChapterNumber - INFO - 开始处理章节编号
2025-09-06 08:28:54 - Processor.ChapterNumber - INFO - 找到章节标题: 1 项
2025-09-06 08:28:54 - TestProcessors - INFO -    处理结果包含chapter命令: True
2025-09-06 08:28:54 - TestProcessors - INFO - 内容处理器测试完成
2025-09-06 08:28:54 - MainTest - INFO - 内容处理器测试: 通过
2025-09-06 08:28:54 - MainTest - INFO - \n开始 模板引擎测试...
2025-09-06 08:28:54 - TestTemplate - INFO - 开始模板引擎测试...
2025-09-06 08:28:54 - TemplateEngine - INFO - 模板引擎初始化完成
2025-09-06 08:28:54 - TestTemplate - INFO - 1. 测试主模板渲染...
2025-09-06 08:28:54 - TemplateEngine - INFO - 渲染主模板，包含 2 个章节
2025-09-06 08:28:54 - TestTemplate - ERROR - 模板引擎测试失败: Single '}' encountered in format string
2025-09-06 08:28:54 - MainTest - INFO - 模板引擎测试: 失败
2025-09-06 08:28:54 - MainTest - INFO - \n开始 文件操作测试...
2025-09-06 08:28:54 - TestFile - INFO - 开始文件操作测试...
2025-09-06 08:28:54 - TestFile - INFO - 1. 测试文件写入...
2025-09-06 08:28:54 - FileManager - INFO - 写入文件成功: test_output/test.txt (14 字符)
2025-09-06 08:28:54 - TestFile - INFO -    测试文件已创建: True
2025-09-06 08:28:54 - TestFile - INFO - 2. 测试文件读取...
2025-09-06 08:28:54 - FileManager - INFO - 读取文件成功: test_output/test.txt (14 字符)
2025-09-06 08:28:54 - TestFile - INFO -    读取内容正确: True
2025-09-06 08:28:54 - TestFile - INFO - 3. 清理测试文件...
2025-09-06 08:28:54 - FileManager - INFO - 删除文件成功: test_output/test.txt
2025-09-06 08:28:54 - TestFile - INFO - 文件操作测试完成
2025-09-06 08:28:54 - MainTest - INFO - 文件操作测试: 通过
2025-09-06 08:28:54 - MainTest - INFO - \n============================================================
2025-09-06 08:28:54 - MainTest - INFO - 测试结果汇总:
2025-09-06 08:28:54 - MainTest - INFO -   基本功能测试: ✅ 通过
2025-09-06 08:28:54 - MainTest - INFO -   内容处理器测试: ✅ 通过
2025-09-06 08:28:54 - MainTest - INFO -   模板引擎测试: ❌ 失败
2025-09-06 08:28:54 - MainTest - INFO -   文件操作测试: ✅ 通过
2025-09-06 08:28:54 - MainTest - INFO - \n总计: 3/4 个测试通过
2025-09-06 08:28:54 - MainTest - INFO - ============================================================
2025-09-06 08:31:17 - MainTest - INFO - ============================================================
2025-09-06 08:31:17 - MainTest - INFO - MD2LaTeX转换器 v2.0 测试套件
2025-09-06 08:31:17 - MainTest - INFO - ============================================================
2025-09-06 08:31:17 - System - INFO - 全局调试模式已启用
2025-09-06 08:31:17 - MainTest - INFO - \n开始 基本功能测试...
2025-09-06 08:31:17 - Test - INFO - 开始基本功能测试...
2025-09-06 08:31:18 - ContentProcessor - INFO - 初始化了 7 个处理器
2025-09-06 08:31:18 - TemplateEngine - INFO - 模板引擎初始化完成
2025-09-06 08:31:18 - Test - INFO - 1. 测试环境验证...
2025-09-06 08:31:18 - ConverterApplication - INFO - 验证运行环境...
2025-09-06 08:31:18 - ConverterApplication - INFO - Pandoc版本: 3.1.3
2025-09-06 08:31:18 - ConverterApplication - INFO - XeLaTeX可用
2025-09-06 08:31:18 - Test - INFO -    环境验证结果: 通过
2025-09-06 08:31:18 - Test - INFO - 2. 测试状态获取...
2025-09-06 08:31:18 - Test - INFO -    转换器已初始化: True
2025-09-06 08:31:18 - Test - INFO -    配置有效: True
2025-09-06 08:31:18 - Test - INFO -    输出目录存在: True
2025-09-06 08:31:18 - Test - INFO - 3. 测试配置管理...
2025-09-06 08:31:18 - Test - INFO -    配置验证错误数: 0
2025-09-06 08:31:18 - Test - INFO - 基本功能测试完成
2025-09-06 08:31:18 - MainTest - INFO - 基本功能测试: 通过
2025-09-06 08:31:18 - MainTest - INFO - \n开始 内容处理器测试...
2025-09-06 08:31:18 - TestProcessors - INFO - 开始内容处理器测试...
2025-09-06 08:31:18 - TestProcessors - INFO - 1. 测试数学公式处理器...
2025-09-06 08:31:18 - Processor.Math - INFO - 开始处理数学公式
2025-09-06 08:31:18 - Processor.Math - INFO - 处理独立数学公式: 1 项
2025-09-06 08:31:18 - Processor.Math - INFO - 发现行内数学公式: 1 项
2025-09-06 08:31:18 - TestProcessors - INFO -    处理结果包含equation环境: True
2025-09-06 08:31:18 - TestProcessors - INFO - 2. 测试代码块处理器...
2025-09-06 08:31:18 - Processor.CodeBlock - INFO - 开始处理代码块
2025-09-06 08:31:18 - Processor.CodeBlock - INFO - 处理代码块: 1 项
2025-09-06 08:31:18 - TestProcessors - INFO -    处理结果包含lstlisting: True
2025-09-06 08:31:18 - TestProcessors - INFO - 3. 测试章节编号处理器...
2025-09-06 08:31:18 - Processor.ChapterNumber - INFO - 开始处理章节编号
2025-09-06 08:31:18 - Processor.ChapterNumber - INFO - 找到章节标题: 1 项
2025-09-06 08:31:18 - TestProcessors - INFO -    处理结果包含chapter命令: True
2025-09-06 08:31:18 - TestProcessors - INFO - 内容处理器测试完成
2025-09-06 08:31:18 - MainTest - INFO - 内容处理器测试: 通过
2025-09-06 08:31:18 - MainTest - INFO - \n开始 模板引擎测试...
2025-09-06 08:31:18 - TestTemplate - INFO - 开始模板引擎测试...
2025-09-06 08:31:18 - TemplateEngine - INFO - 模板引擎初始化完成
2025-09-06 08:31:18 - TestTemplate - INFO - 1. 测试主模板渲染...
2025-09-06 08:31:18 - TemplateEngine - INFO - 渲染主模板，包含 2 个章节
2025-09-06 08:31:18 - TemplateEngine - INFO - 主模板渲染完成
2025-09-06 08:31:18 - TestTemplate - INFO -    主模板长度: 2543 字符
2025-09-06 08:31:18 - TestTemplate - INFO -    包含documentclass: True
2025-09-06 08:31:18 - TestTemplate - INFO - 2. 测试章节模板渲染...
2025-09-06 08:31:18 - TemplateEngine - INFO - 渲染第1章模板: 第一章 测试
2025-09-06 08:31:18 - TemplateEngine - INFO - 第1章模板渲染完成
2025-09-06 08:31:18 - TestTemplate - INFO -    章节模板包含测试内容: True
2025-09-06 08:31:18 - TestTemplate - INFO - 模板引擎测试完成
2025-09-06 08:31:18 - MainTest - INFO - 模板引擎测试: 通过
2025-09-06 08:31:18 - MainTest - INFO - \n开始 文件操作测试...
2025-09-06 08:31:18 - TestFile - INFO - 开始文件操作测试...
2025-09-06 08:31:18 - TestFile - INFO - 1. 测试文件写入...
2025-09-06 08:31:18 - FileManager - INFO - 写入文件成功: test_output/test.txt (14 字符)
2025-09-06 08:31:18 - TestFile - INFO -    测试文件已创建: True
2025-09-06 08:31:18 - TestFile - INFO - 2. 测试文件读取...
2025-09-06 08:31:18 - FileManager - INFO - 读取文件成功: test_output/test.txt (14 字符)
2025-09-06 08:31:18 - TestFile - INFO -    读取内容正确: True
2025-09-06 08:31:18 - TestFile - INFO - 3. 清理测试文件...
2025-09-06 08:31:18 - FileManager - INFO - 删除文件成功: test_output/test.txt
2025-09-06 08:31:18 - TestFile - INFO - 文件操作测试完成
2025-09-06 08:31:18 - MainTest - INFO - 文件操作测试: 通过
2025-09-06 08:31:18 - MainTest - INFO - \n============================================================
2025-09-06 08:31:18 - MainTest - INFO - 测试结果汇总:
2025-09-06 08:31:18 - MainTest - INFO -   基本功能测试: ✅ 通过
2025-09-06 08:31:18 - MainTest - INFO -   内容处理器测试: ✅ 通过
2025-09-06 08:31:18 - MainTest - INFO -   模板引擎测试: ✅ 通过
2025-09-06 08:31:18 - MainTest - INFO -   文件操作测试: ✅ 通过
2025-09-06 08:31:18 - MainTest - INFO - \n总计: 4/4 个测试通过
2025-09-06 08:31:18 - MainTest - INFO - ============================================================
2025-09-06 08:33:35 - Main - INFO - MD2LaTeX转换器 v2.0 启动
2025-09-06 08:33:35 - ContentProcessor - INFO - 初始化了 7 个处理器
2025-09-06 08:33:35 - TemplateEngine - INFO - 模板引擎初始化完成
2025-09-06 08:33:35 - Main - INFO - 验证运行环境...
2025-09-06 08:33:35 - ConverterApplication - INFO - 验证运行环境...
2025-09-06 08:33:35 - ConverterApplication - INFO - Pandoc版本: 3.1.3
2025-09-06 08:33:35 - ConverterApplication - INFO - XeLaTeX可用
2025-09-06 08:33:35 - Main - INFO - ✅ 环境验证通过
2025-09-06 08:39:38 - Main - INFO - MD2LaTeX转换器 v2.0 启动
2025-09-06 08:39:38 - ContentProcessor - INFO - 初始化了 7 个处理器
2025-09-06 08:39:38 - TemplateEngine - INFO - 模板引擎初始化完成
2025-09-06 08:39:38 - Main - INFO - 开始转换完整文档...
2025-09-06 08:39:38 - ConverterApplication - INFO - 验证运行环境...
2025-09-06 08:39:38 - ConverterApplication - INFO - Pandoc版本: 3.1.11
2025-09-06 08:39:39 - ConverterApplication - INFO - XeLaTeX可用
2025-09-06 08:39:39 - ConverterApplication - INFO - 开始转换完整文档...
2025-09-06 08:39:39 - ConverterApplication - INFO - 开始转换前言...
2025-09-06 08:39:39 - FileManager - INFO - 读取文件成功: ..\docs\前言.md (5726 字符)
2025-09-06 08:39:39 - ContentProcessor - INFO - 开始处理前言内容
2025-09-06 08:39:39 - Processor.ChapterNumber - INFO - 开始处理章节编号
2025-09-06 08:39:39 - Processor.Math - INFO - 开始处理数学公式
2025-09-06 08:39:39 - Processor.CodeBlock - INFO - 开始处理代码块
2025-09-06 08:39:39 - Processor.CodeBlock - INFO - 处理代码块: 1 项
2025-09-06 08:39:39 - Processor.Image - INFO - 开始处理图片
2025-09-06 08:39:39 - Processor.Admonition - INFO - 开始处理告警框
2025-09-06 08:39:39 - Processor.Table - INFO - 开始处理表格
2025-09-06 08:39:39 - Processor.Table - INFO - 处理表格: 2398 项
2025-09-06 08:39:39 - Processor.Cleanup - INFO - 开始清理内容
2025-09-06 08:39:39 - Processor.Cleanup - INFO - 内容清理完成
2025-09-06 08:39:39 - ContentProcessor - INFO - 前言内容处理完成
2025-09-06 08:39:39 - TemplateEngine - INFO - 渲染前言模板
2025-09-06 08:39:39 - TemplateEngine - INFO - 前言模板渲染完成
2025-09-06 08:39:39 - FileManager - INFO - 写入文件成功: output\chapters\preface.tex (2078554 字符)
2025-09-06 08:39:39 - ConverterApplication - INFO - 前言转换完成，耗时: 0.10秒
2025-09-06 08:39:39 - ConverterApplication - INFO - 开始转换第1章...
2025-09-06 08:39:39 - FileManager - INFO - 读取文件成功: ..\docs\chapters\chapter01\chapter01.md (1149 字符)
2025-09-06 08:39:39 - ConverterApplication - INFO - 读取章节内容: 1149字符
2025-09-06 08:39:39 - ContentProcessor - INFO - 开始处理第1章内容: 第一章 智慧水利概述与平台架构基础
2025-09-06 08:39:39 - Processor.ChapterNumber - INFO - 开始处理章节编号
2025-09-06 08:39:39 - Processor.ChapterNumber - INFO - 找到章节标题: 1 项
2025-09-06 08:39:39 - Processor.Math - INFO - 开始处理数学公式
2025-09-06 08:39:39 - Processor.CodeBlock - INFO - 开始处理代码块
2025-09-06 08:39:39 - Processor.Image - INFO - 开始处理图片
2025-09-06 08:39:39 - Processor.Admonition - INFO - 开始处理告警框
2025-09-06 08:39:39 - Processor.Table - INFO - 开始处理表格
2025-09-06 08:39:39 - Processor.Table - INFO - 处理表格: 705 项
2025-09-06 08:39:39 - Processor.Cleanup - INFO - 开始清理内容
2025-09-06 08:39:39 - Processor.Cleanup - INFO - 内容清理完成
2025-09-06 08:39:39 - ContentProcessor - INFO - 第1章内容处理完成
2025-09-06 08:39:39 - TemplateEngine - INFO - 渲染第1章模板: 第一章 智慧水利概述与平台架构基础
2025-09-06 08:39:39 - TemplateEngine - INFO - 第1章模板渲染完成
2025-09-06 08:39:39 - FileManager - INFO - 写入文件成功: output\chapters\chapter01.tex (414561 字符)
2025-09-06 08:39:39 - ConverterApplication - INFO - 第1章转换完成，耗时: 0.02秒
2025-09-06 08:39:39 - ConverterApplication - INFO - 第1章转换成功
2025-09-06 08:39:39 - ConverterApplication - INFO - 开始转换第2章...
2025-09-06 08:39:39 - FileManager - INFO - 读取文件成功: ..\docs\chapters\chapter02\chapter02.md (1692 字符)
2025-09-06 08:39:39 - ConverterApplication - INFO - 读取章节内容: 1692字符
2025-09-06 08:39:39 - ContentProcessor - INFO - 开始处理第2章内容: 第二章 软件工程基础与需求分析
2025-09-06 08:39:39 - Processor.ChapterNumber - INFO - 开始处理章节编号
2025-09-06 08:39:39 - Processor.ChapterNumber - INFO - 找到章节标题: 1 项
2025-09-06 08:39:39 - Processor.Math - INFO - 开始处理数学公式
2025-09-06 08:39:39 - Processor.CodeBlock - INFO - 开始处理代码块
2025-09-06 08:39:39 - Processor.Image - INFO - 开始处理图片
2025-09-06 08:39:39 - Processor.Admonition - INFO - 开始处理告警框
2025-09-06 08:39:39 - Processor.Table - INFO - 开始处理表格
2025-09-06 08:39:39 - Processor.Table - INFO - 处理表格: 839 项
2025-09-06 08:39:39 - Processor.Cleanup - INFO - 开始清理内容
2025-09-06 08:39:39 - Processor.Cleanup - INFO - 内容清理完成
2025-09-06 08:39:39 - ContentProcessor - INFO - 第2章内容处理完成
2025-09-06 08:39:39 - TemplateEngine - INFO - 渲染第2章模板: 第二章 软件工程基础与需求分析
2025-09-06 08:39:39 - TemplateEngine - INFO - 第2章模板渲染完成
2025-09-06 08:39:39 - FileManager - INFO - 写入文件成功: output\chapters\chapter02.tex (605178 字符)
2025-09-06 08:39:39 - ConverterApplication - INFO - 第2章转换完成，耗时: 0.03秒
2025-09-06 08:39:39 - ConverterApplication - INFO - 第2章转换成功
2025-09-06 08:39:39 - ConverterApplication - INFO - 开始转换第3章...
2025-09-06 08:39:39 - FileManager - INFO - 读取文件成功: ..\docs\chapters\chapter03\chapter03.md (2140 字符)
2025-09-06 08:39:39 - ConverterApplication - INFO - 读取章节内容: 2140字符
2025-09-06 08:39:39 - ContentProcessor - INFO - 开始处理第3章内容: 第三章 软件模块详细设计
2025-09-06 08:39:39 - Processor.ChapterNumber - INFO - 开始处理章节编号
2025-09-06 08:39:39 - Processor.ChapterNumber - INFO - 找到章节标题: 1 项
2025-09-06 08:39:39 - Processor.Math - INFO - 开始处理数学公式
2025-09-06 08:39:39 - Processor.CodeBlock - INFO - 开始处理代码块
2025-09-06 08:39:39 - Processor.Image - INFO - 开始处理图片
2025-09-06 08:39:39 - Processor.Admonition - INFO - 开始处理告警框
2025-09-06 08:39:39 - Processor.Table - INFO - 开始处理表格
2025-09-06 08:39:39 - Processor.Table - INFO - 处理表格: 990 项
2025-09-06 08:39:39 - Processor.Cleanup - INFO - 开始清理内容
2025-09-06 08:39:39 - Processor.Cleanup - INFO - 内容清理完成
2025-09-06 08:39:39 - ContentProcessor - INFO - 第3章内容处理完成
2025-09-06 08:39:39 - TemplateEngine - INFO - 渲染第3章模板: 第三章 软件模块详细设计
2025-09-06 08:39:39 - TemplateEngine - INFO - 第3章模板渲染完成
2025-09-06 08:39:39 - FileManager - INFO - 写入文件成功: output\chapters\chapter03.tex (763560 字符)
2025-09-06 08:39:39 - ConverterApplication - INFO - 第3章转换完成，耗时: 0.03秒
2025-09-06 08:39:39 - ConverterApplication - INFO - 第3章转换成功
2025-09-06 08:39:39 - ConverterApplication - INFO - 开始转换第4章...
2025-09-06 08:39:39 - FileManager - INFO - 读取文件成功: ..\docs\chapters\chapter04\chapter04.md (4658 字符)
2025-09-06 08:39:39 - ConverterApplication - INFO - 读取章节内容: 4658字符
2025-09-06 08:39:39 - ContentProcessor - INFO - 开始处理第4章内容: 第四章 前端开发技术
2025-09-06 08:39:39 - Processor.ChapterNumber - INFO - 开始处理章节编号
2025-09-06 08:39:39 - Processor.ChapterNumber - INFO - 找到章节标题: 1 项
2025-09-06 08:39:39 - Processor.Math - INFO - 开始处理数学公式
2025-09-06 08:39:39 - Processor.CodeBlock - INFO - 开始处理代码块
2025-09-06 08:39:39 - Processor.Image - INFO - 开始处理图片
2025-09-06 08:39:39 - Processor.Admonition - INFO - 开始处理告警框
2025-09-06 08:39:39 - Processor.Table - INFO - 开始处理表格
2025-09-06 08:39:39 - Processor.Table - INFO - 处理表格: 2298 项
2025-09-06 08:39:39 - Processor.Cleanup - INFO - 开始清理内容
2025-09-06 08:39:39 - Processor.Cleanup - INFO - 内容清理完成
2025-09-06 08:39:39 - ContentProcessor - INFO - 第4章内容处理完成
2025-09-06 08:39:39 - TemplateEngine - INFO - 渲染第4章模板: 第四章 前端开发技术
2025-09-06 08:39:39 - TemplateEngine - INFO - 第4章模板渲染完成
2025-09-06 08:39:39 - FileManager - INFO - 写入文件成功: output\chapters\chapter04.tex (1654548 字符)
2025-09-06 08:39:39 - ConverterApplication - INFO - 第4章转换完成，耗时: 0.25秒
2025-09-06 08:39:39 - ConverterApplication - INFO - 第4章转换成功
2025-09-06 08:39:39 - ConverterApplication - INFO - 开始转换第5章...
2025-09-06 08:39:39 - FileManager - INFO - 读取文件成功: ..\docs\chapters\chapter05\chapter05.md (6682 字符)
2025-09-06 08:39:39 - ConverterApplication - INFO - 读取章节内容: 6682字符
2025-09-06 08:39:39 - ContentProcessor - INFO - 开始处理第5章内容: 第五章 后端开发技术
2025-09-06 08:39:39 - Processor.ChapterNumber - INFO - 开始处理章节编号
2025-09-06 08:39:39 - Processor.ChapterNumber - INFO - 找到章节标题: 1 项
2025-09-06 08:39:39 - Processor.Math - INFO - 开始处理数学公式
2025-09-06 08:39:39 - Processor.CodeBlock - INFO - 开始处理代码块
2025-09-06 08:39:39 - Processor.CodeBlock - INFO - 处理代码块: 1 项
2025-09-06 08:39:39 - Processor.Image - INFO - 开始处理图片
2025-09-06 08:39:39 - Processor.Admonition - INFO - 开始处理告警框
2025-09-06 08:39:39 - Processor.Table - INFO - 开始处理表格
2025-09-06 08:39:39 - Processor.Table - INFO - 处理表格: 4744 项
2025-09-06 08:39:39 - Processor.Cleanup - INFO - 开始清理内容
2025-09-06 08:39:39 - Processor.Cleanup - INFO - 内容清理完成
2025-09-06 08:39:39 - ContentProcessor - INFO - 第5章内容处理完成
2025-09-06 08:39:39 - TemplateEngine - INFO - 渲染第5章模板: 第五章 后端开发技术
2025-09-06 08:39:39 - TemplateEngine - INFO - 第5章模板渲染完成
2025-09-06 08:39:40 - FileManager - INFO - 写入文件成功: output\chapters\chapter05.tex (2390997 字符)
2025-09-06 08:39:40 - ConverterApplication - INFO - 第5章转换完成，耗时: 0.18秒
2025-09-06 08:39:40 - ConverterApplication - INFO - 第5章转换成功
2025-09-06 08:39:40 - ConverterApplication - INFO - 开始转换第6章...
2025-09-06 08:39:40 - FileManager - INFO - 读取文件成功: ..\docs\chapters\chapter06\chapter06.md (3600 字符)
2025-09-06 08:39:40 - ConverterApplication - INFO - 读取章节内容: 3600字符
2025-09-06 08:39:40 - ContentProcessor - INFO - 开始处理第6章内容: 第六章 三维场景技术基础
2025-09-06 08:39:40 - Processor.ChapterNumber - INFO - 开始处理章节编号
2025-09-06 08:39:40 - Processor.ChapterNumber - INFO - 找到章节标题: 1 项
2025-09-06 08:39:40 - Processor.Math - INFO - 开始处理数学公式
2025-09-06 08:39:40 - Processor.CodeBlock - INFO - 开始处理代码块
2025-09-06 08:39:40 - Processor.Image - INFO - 开始处理图片
2025-09-06 08:39:40 - Processor.Admonition - INFO - 开始处理告警框
2025-09-06 08:39:40 - Processor.Table - INFO - 开始处理表格
2025-09-06 08:39:40 - Processor.Table - INFO - 处理表格: 1819 项
2025-09-06 08:39:40 - Processor.Cleanup - INFO - 开始清理内容
2025-09-06 08:39:40 - Processor.Cleanup - INFO - 内容清理完成
2025-09-06 08:39:40 - ContentProcessor - INFO - 第6章内容处理完成
2025-09-06 08:39:40 - TemplateEngine - INFO - 渲染第6章模板: 第六章 三维场景技术基础
2025-09-06 08:39:40 - TemplateEngine - INFO - 第6章模板渲染完成
2025-09-06 08:39:40 - FileManager - INFO - 写入文件成功: output\chapters\chapter06.tex (1295994 字符)
2025-09-06 08:39:40 - ConverterApplication - INFO - 第6章转换完成，耗时: 0.06秒
2025-09-06 08:39:40 - ConverterApplication - INFO - 第6章转换成功
2025-09-06 08:39:40 - ConverterApplication - INFO - 开始转换第7章...
2025-09-06 08:39:40 - FileManager - INFO - 读取文件成功: ..\docs\chapters\chapter07\chapter07.md (7702 字符)
2025-09-06 08:39:40 - ConverterApplication - INFO - 读取章节内容: 7702字符
2025-09-06 08:39:40 - ContentProcessor - INFO - 开始处理第7章内容: 第七章 三维场景的观测数据展示
2025-09-06 08:39:40 - Processor.ChapterNumber - INFO - 开始处理章节编号
2025-09-06 08:39:40 - Processor.ChapterNumber - INFO - 找到章节标题: 1 项
2025-09-06 08:39:40 - Processor.Math - INFO - 开始处理数学公式
2025-09-06 08:39:40 - Processor.CodeBlock - INFO - 开始处理代码块
2025-09-06 08:39:40 - Processor.CodeBlock - INFO - 处理代码块: 6 项
2025-09-06 08:39:40 - Processor.Image - INFO - 开始处理图片
2025-09-06 08:39:40 - Processor.Admonition - INFO - 开始处理告警框
2025-09-06 08:39:40 - Processor.Table - INFO - 开始处理表格
2025-09-06 08:39:40 - Processor.Table - INFO - 处理表格: 5260 项
2025-09-06 08:39:40 - Processor.Cleanup - INFO - 开始清理内容
2025-09-06 08:39:40 - Processor.Cleanup - INFO - 内容清理完成
2025-09-06 08:39:40 - ContentProcessor - INFO - 第7章内容处理完成
2025-09-06 08:39:40 - TemplateEngine - INFO - 渲染第7章模板: 第七章 三维场景的观测数据展示
2025-09-06 08:39:40 - TemplateEngine - INFO - 第7章模板渲染完成
2025-09-06 08:39:40 - FileManager - INFO - 写入文件成功: output\chapters\chapter07.tex (2821518 字符)
2025-09-06 08:39:40 - ConverterApplication - INFO - 第7章转换完成，耗时: 0.17秒
2025-09-06 08:39:40 - ConverterApplication - INFO - 第7章转换成功
2025-09-06 08:39:40 - ConverterApplication - INFO - 开始转换第8章...
2025-09-06 08:39:40 - FileManager - INFO - 读取文件成功: ..\docs\chapters\chapter08\chapter08.md (5276 字符)
2025-09-06 08:39:40 - ConverterApplication - INFO - 读取章节内容: 5276字符
2025-09-06 08:39:40 - ContentProcessor - INFO - 开始处理第8章内容: 第八章 典型应用
2025-09-06 08:39:40 - Processor.ChapterNumber - INFO - 开始处理章节编号
2025-09-06 08:39:40 - Processor.ChapterNumber - INFO - 找到章节标题: 1 项
2025-09-06 08:39:40 - Processor.Math - INFO - 开始处理数学公式
2025-09-06 08:39:40 - Processor.CodeBlock - INFO - 开始处理代码块
2025-09-06 08:39:40 - Processor.CodeBlock - INFO - 处理代码块: 1 项
2025-09-06 08:39:40 - Processor.Image - INFO - 开始处理图片
2025-09-06 08:39:40 - Processor.Admonition - INFO - 开始处理告警框
2025-09-06 08:39:40 - Processor.Table - INFO - 开始处理表格
2025-09-06 08:39:40 - Processor.Table - INFO - 处理表格: 1842 项
2025-09-06 08:39:40 - Processor.Cleanup - INFO - 开始清理内容
2025-09-06 08:39:40 - Processor.Cleanup - INFO - 内容清理完成
2025-09-06 08:39:40 - ContentProcessor - INFO - 第8章内容处理完成
2025-09-06 08:39:40 - TemplateEngine - INFO - 渲染第8章模板: 第八章 典型应用
2025-09-06 08:39:40 - TemplateEngine - INFO - 第8章模板渲染完成
2025-09-06 08:39:40 - FileManager - INFO - 写入文件成功: output\chapters\chapter08.tex (1910575 字符)
2025-09-06 08:39:40 - ConverterApplication - INFO - 第8章转换完成，耗时: 0.10秒
2025-09-06 08:39:40 - ConverterApplication - INFO - 第8章转换成功
2025-09-06 08:39:40 - ConverterApplication - INFO - 开始转换第9章...
2025-09-06 08:39:40 - FileManager - INFO - 读取文件成功: ..\docs\chapters\chapter09\chapter09.md (1605 字符)
2025-09-06 08:39:40 - ConverterApplication - INFO - 读取章节内容: 1605字符
2025-09-06 08:39:40 - ContentProcessor - INFO - 开始处理第9章内容: 第九章 结语
2025-09-06 08:39:40 - Processor.ChapterNumber - INFO - 开始处理章节编号
2025-09-06 08:39:40 - Processor.Math - INFO - 开始处理数学公式
2025-09-06 08:39:40 - Processor.CodeBlock - INFO - 开始处理代码块
2025-09-06 08:39:40 - Processor.Image - INFO - 开始处理图片
2025-09-06 08:39:40 - Processor.Admonition - INFO - 开始处理告警框
2025-09-06 08:39:40 - Processor.Table - INFO - 开始处理表格
2025-09-06 08:39:40 - Processor.Table - INFO - 处理表格: 1606 项
2025-09-06 08:39:40 - Processor.Cleanup - INFO - 开始清理内容
2025-09-06 08:39:40 - Processor.Cleanup - INFO - 内容清理完成
2025-09-06 08:39:40 - ContentProcessor - INFO - 第9章内容处理完成
2025-09-06 08:39:40 - TemplateEngine - INFO - 渲染第9章模板: 第九章 结语
2025-09-06 08:39:40 - TemplateEngine - INFO - 第9章模板渲染完成
2025-09-06 08:39:40 - FileManager - INFO - 写入文件成功: output\chapters\chapter09.tex (566622 字符)
2025-09-06 08:39:40 - ConverterApplication - INFO - 第9章转换完成，耗时: 0.06秒
2025-09-06 08:39:40 - ConverterApplication - INFO - 第9章转换成功
2025-09-06 08:39:40 - ConverterApplication - INFO - 生成主LaTeX文档...
2025-09-06 08:39:40 - TemplateEngine - INFO - 渲染主模板，包含 10 个章节
2025-09-06 08:39:40 - TemplateEngine - INFO - 主模板渲染完成
2025-09-06 08:39:40 - FileManager - INFO - 写入文件成功: output\main.tex (2759 字符)
2025-09-06 08:39:40 - ConverterApplication - INFO - 完整文档转换完成，总耗时: 1.01秒
2025-09-06 08:39:40 - Main - INFO - ✅ 文档转换完成，成功处理11个文件
2025-09-06 08:39:40 - Main - INFO - 输出文件:
2025-09-06 08:39:40 - Main - INFO -   - output\chapters\preface.tex
2025-09-06 08:39:40 - Main - INFO -   - output\chapters\chapter01.tex
2025-09-06 08:39:40 - Main - INFO -   - output\chapters\chapter02.tex
2025-09-06 08:39:40 - Main - INFO -   - output\chapters\chapter03.tex
2025-09-06 08:39:40 - Main - INFO -   - output\chapters\chapter04.tex
2025-09-06 08:39:40 - Main - INFO -   - output\chapters\chapter05.tex
2025-09-06 08:39:40 - Main - INFO -   - output\chapters\chapter06.tex
2025-09-06 08:39:40 - Main - INFO -   - output\chapters\chapter07.tex
2025-09-06 08:39:40 - Main - INFO -   - output\chapters\chapter08.tex
2025-09-06 08:39:40 - Main - INFO -   - output\chapters\chapter09.tex
2025-09-06 08:39:40 - Main - INFO -   - output\main.tex
2025-09-06 08:39:40 - Main - INFO - 耗时: 1.01秒
2025-09-06 08:39:46 - Main - INFO - 开始生成PDF...
2025-09-06 08:39:46 - ConverterApplication - INFO - 开始生成PDF...
2025-09-06 08:39:46 - ConverterApplication - INFO - 执行编译命令: xelatex -interaction=nonstopmode main.tex
2025-09-06 08:44:46 - Main - ERROR - ❌ PDF编译超时
2025-09-06 08:44:46 - Main - ERROR - 错误详情:
2025-09-06 08:44:46 - Main - ERROR -   - 编译过程超时（5分钟）
