
正文汉字数（不含代码清单与 TikZ）
文件                     基线       当前       增量       目标     完成度
preface.tex          3603     4296     +693     2500    172%
chapter01.tex       11197    10525     -672    12000     88%
chapter02.tex       18996    19808     +812    20000     99%
chapter03.tex       29296    23789    -5507    34000     70%
chapter04.tex       22472    23180     +708    26000     89%
chapter05.tex       24845    29790    +4945    26000    115%
chapter06.tex       24242    23108    -1134    28000     83%
chapter07.tex       18097    20238    +2141    20000    101%
chapter08.tex       34611    28335    -6276    26000    109%
chapter09.tex        4907     5749     +842     5500    105%
【迁移登记】chapter01.tex 允许减少 1580 字，实际减少 1580 字：按本科重编把生命周期活动图和解释移至第2章2.1；删去重复的发展史叙述；架构评审、平台隔离与证据卡移至线上 online:ch01；保留政策、感知链路、业务场景和术语表。 逐项证据见process/分支整合/2026-10-03/。
【迁移登记】chapter02.tex 允许减少 1729 字，实际减少 1729 字：以本科重编的生命周期、选型、需求分析顺序合并重复讲解；选型评审与需求基线治理迁至线上 online:ch02；保留结构化分析、图表和练习。 逐项证据见process/分支整合/2026-10-03/。
【迁移登记】chapter03.tex 允许减少 9647 字，实际减少 9647 字：采用需求→模块→接口→架构选择的重编顺序，消除前后两套需求/模块/接口讲解；构件设计移至线上 app:ext-component-based-design，冗余需求复述与原型方法保留于 online:ch03；保留质量线术语表。 逐项证据见process/分支整合/2026-10-03/。
【迁移登记】chapter04.tex 允许减少 5486 字，实际减少 5486 字：保留从原生页面到请求状态再到Vue的递进路线；焦点/虚拟列表、主题、发布与回滚完整移至线上相应 app:ext-fe-* 专题；认证联调归并 online:frontend-auth；重复演示代码改为引用实际阶段文件，保留质量线解释与失败例。 逐项证据见process/分支整合/2026-10-03/。
【迁移登记】chapter06.tex 允许减少 1550 字，实际减少 1550 字：采用本科重编的几何体→投影→模型加载→坐标流程；保留质量线6.4六小节与在线孪生专题；GIS运维、坐标审计、摄影验收完整移至线上 app:ext-ch06-*，重复最小场景由 lesson61 单一实例替代。 逐项证据见process/分支整合/2026-10-03/。
【迁移登记】chapter07.tex 允许减少 3389 字，实际减少 3389 字：采用本科重编的第一条曲线与双向联动次序；保留质量线状态批量更新与术语表；图表预算/缓存/恢复和颜色令牌验收移至线上 app:ext-ch07-*；删除与已印清单相同的重复画图和状态代码。 逐项证据见process/分支整合/2026-10-03/。
【迁移登记】chapter08.tex 允许减少 8118 字，实际减少 8118 字：保留PZ-07业务链与真实DDL/补录/错误处理，冗长高级SQL与部署练习全文迁至线上 sec:appc-ch08-ops；保留质量线14小节数字孪生案例及六幅授权插图；重复通用孪生原理统一引用第6章6.4，不在8.5复印。 逐项证据见process/分支整合/2026-10-03/。
合计                 192266   188818    -3448   200000     94%

label 总数 446，被引用 427，待补 \ref 0 个

文献 70 条，被引用 70 条

编译输出 352 页

存量问题（软指标，越小越好）
指标                                       起点       当前       变化
未被 \ref 引用的图/表/公式 label                  86        0      -86
未被 \ref 引用的代码清单                          63        0      -63
代码清单缺口                                   64        0      -64
图缺口                                      19        0      -19
载体密度缺口（每1200字1个）                          0        0       +0
改稿批注/编辑痕迹                                17        0      -17
缺失的章末要件                                   3        0       -3

提示（不阻断）：
  · chapter01.tex 正文汉字 10525 低于第九轮历史基线 11197（仅提示；删减是否登记由增量检查把关）
  · chapter03.tex 正文汉字 23789 低于第九轮历史基线 29296（仅提示；删减是否登记由增量检查把关）
  · chapter06.tex 正文汉字 23108 低于第九轮历史基线 24242（仅提示；删减是否登记由增量检查把关）
  · chapter08.tex 正文汉字 28335 低于第九轮历史基线 34611（仅提示；删减是否登记由增量检查把关）
  · preface.tex 比上一次提交少 382 字，请确认是改写而非删除
  · 另有 1 处编者自述式/否定式排比表述，请人工判断语境

通过。
