\BOOKMARK [1][-]{section.0.1}{}{}% 1
\BOOKMARK [2][-]{subsection.0.1.1}{}{section.0.1}% 2
\BOOKMARK [2][-]{subsection.0.1.2}{}{section.0.1}% 3
\BOOKMARK [2][-]{subsection.0.1.3}{}{section.0.1}% 4
\BOOKMARK [2][-]{subsection.0.1.4}{}{section.0.1}% 5
\BOOKMARK [2][-]{subsection.0.1.5}{}{section.0.1}% 6
\BOOKMARK [2][-]{subsection.0.1.6}{}{section.0.1}% 7
\BOOKMARK [2][-]{subsection.0.1.7}{}{section.0.1}% 8
\BOOKMARK [2][-]{subsection.0.1.8}{}{section.0.1}% 9
\BOOKMARK [2][-]{subsection.0.1.9}{}{section.0.1}% 10
\BOOKMARK [2][-]{subsection.0.1.10}{}{section.0.1}% 11
\BOOKMARK [2][-]{subsection.0.1.11}{}{section.0.1}% 12
\BOOKMARK [2][-]{subsection.0.1.12}{}{section.0.1}% 13
\BOOKMARK [2][-]{subsection.0.1.13}{}{section.0.1}% 14
\BOOKMARK [1][-]{section.0.2}{}{}% 15
\BOOKMARK [2][-]{subsection.0.2.1}{}{section.0.2}% 16
\BOOKMARK [2][-]{subsection.0.2.2}{}{section.0.2}% 17
\BOOKMARK [2][-]{subsection.0.2.3}{}{section.0.2}% 18
\BOOKMARK [2][-]{subsection.0.2.4}{}{section.0.2}% 19
\BOOKMARK [2][-]{subsection.0.2.5}{}{section.0.2}% 20
\BOOKMARK [2][-]{subsection.0.2.6}{}{section.0.2}% 21
\BOOKMARK [2][-]{subsection.0.2.7}{}{section.0.2}% 22
\BOOKMARK [2][-]{subsection.0.2.8}{}{section.0.2}% 23
\BOOKMARK [1][-]{section.0.3}{}{}% 24
\BOOKMARK [2][-]{subsection.0.3.1}{}{section.0.3}% 25
\BOOKMARK [2][-]{subsection.0.3.2}{}{section.0.3}% 26
\BOOKMARK [2][-]{subsection.0.3.3}{}{section.0.3}% 27
\BOOKMARK [2][-]{subsection.0.3.4}{\376\377\0001\000.\0001}{section.0.3}% 28
\BOOKMARK [2][-]{subsection.0.3.5}{}{section.0.3}% 29
\BOOKMARK [2][-]{subsection.0.3.6}{}{section.0.3}% 30
\BOOKMARK [2][-]{subsection.0.3.7}{}{section.0.3}% 31
\BOOKMARK [2][-]{subsection.0.3.8}{\376\377\0001\000.\0002}{section.0.3}% 32
\BOOKMARK [2][-]{subsection.0.3.9}{}{section.0.3}% 33
\BOOKMARK [2][-]{subsection.0.3.10}{}{section.0.3}% 34
\BOOKMARK [2][-]{subsection.0.3.11}{}{section.0.3}% 35
\BOOKMARK [2][-]{subsection.0.3.12}{\376\377\0001\000.\0003}{section.0.3}% 36
\BOOKMARK [2][-]{subsection.0.3.13}{}{section.0.3}% 37
\BOOKMARK [2][-]{subsection.0.3.14}{}{section.0.3}% 38
\BOOKMARK [1][-]{section.0.4}{}{}% 39
\BOOKMARK [2][-]{subsection.0.4.1}{}{section.0.4}% 40
\BOOKMARK [2][-]{subsection.0.4.2}{}{section.0.4}% 41
\BOOKMARK [2][-]{subsection.0.4.3}{}{section.0.4}% 42
\BOOKMARK [2][-]{subsection.0.4.4}{}{section.0.4}% 43
\BOOKMARK [2][-]{subsection.0.4.5}{\376\377\0002\000.\0001}{section.0.4}% 44
\BOOKMARK [2][-]{subsection.0.4.6}{}{section.0.4}% 45
\BOOKMARK [2][-]{subsection.0.4.7}{}{section.0.4}% 46
\BOOKMARK [2][-]{subsection.0.4.8}{\376\377\0002\000.\0002}{section.0.4}% 47
\BOOKMARK [2][-]{subsection.0.4.9}{\376\377\0002\000.\0003}{section.0.4}% 48
\BOOKMARK [2][-]{subsection.0.4.10}{\376\377\0002\000.\0004}{section.0.4}% 49
\BOOKMARK [2][-]{subsection.0.4.11}{\376\377\0002\000.\0005}{section.0.4}% 50
\BOOKMARK [2][-]{subsection.0.4.12}{\376\377\0002\000.\0006}{section.0.4}% 51
\BOOKMARK [1][-]{section.0.5}{}{}% 52
\BOOKMARK [2][-]{subsection.0.5.1}{}{section.0.5}% 53
\BOOKMARK [2][-]{subsection.0.5.2}{}{section.0.5}% 54
\BOOKMARK [2][-]{subsection.0.5.3}{}{section.0.5}% 55
\BOOKMARK [2][-]{subsection.0.5.4}{}{section.0.5}% 56
\BOOKMARK [2][-]{subsection.0.5.5}{}{section.0.5}% 57
\BOOKMARK [2][-]{subsection.0.5.6}{}{section.0.5}% 58
\BOOKMARK [2][-]{subsection.0.5.7}{\376\377\0003\000.\0001}{section.0.5}% 59
\BOOKMARK [2][-]{subsection.0.5.8}{}{section.0.5}% 60
\BOOKMARK [2][-]{subsection.0.5.9}{}{section.0.5}% 61
\BOOKMARK [2][-]{subsection.0.5.10}{\376\377\0003\000.\0002}{section.0.5}% 62
\BOOKMARK [2][-]{subsection.0.5.11}{\376\377\0003\000.\0003}{section.0.5}% 63
\BOOKMARK [2][-]{subsection.0.5.12}{\376\377\0003\000.\0004}{section.0.5}% 64
\BOOKMARK [2][-]{subsection.0.5.13}{\376\377\0003\000.\0005}{section.0.5}% 65
\BOOKMARK [2][-]{subsection.0.5.14}{}{section.0.5}% 66
\BOOKMARK [2][-]{subsection.0.5.15}{}{section.0.5}% 67
\BOOKMARK [2][-]{subsection.0.5.16}{\376\377\0003\000.\0006\000\040\000W\000e\000b}{section.0.5}% 68
\BOOKMARK [2][-]{subsection.0.5.17}{}{section.0.5}% 69
\BOOKMARK [2][-]{subsection.0.5.18}{}{section.0.5}% 70
\BOOKMARK [2][-]{subsection.0.5.19}{\376\377\0003\000.\0007\000\040\000S\000a\000f\000e\000H\000o\000m\000e}{section.0.5}% 71
\BOOKMARK [2][-]{subsection.0.5.20}{\376\377\0003\000.\0008}{section.0.5}% 72
\BOOKMARK [2][-]{subsection.0.5.21}{}{section.0.5}% 73
\BOOKMARK [2][-]{subsection.0.5.22}{}{section.0.5}% 74
\BOOKMARK [1][-]{section.0.6}{}{}% 75
\BOOKMARK [2][-]{subsection.0.6.1}{}{section.0.6}% 76
\BOOKMARK [2][-]{subsection.0.6.2}{}{section.0.6}% 77
\BOOKMARK [2][-]{subsection.0.6.3}{}{section.0.6}% 78
\BOOKMARK [2][-]{subsection.0.6.4}{}{section.0.6}% 79
\BOOKMARK [2][-]{subsection.0.6.5}{}{section.0.6}% 80
\BOOKMARK [2][-]{subsection.0.6.6}{}{section.0.6}% 81
\BOOKMARK [2][-]{subsection.0.6.7}{}{section.0.6}% 82
\BOOKMARK [2][-]{subsection.0.6.8}{}{section.0.6}% 83
\BOOKMARK [2][-]{subsection.0.6.9}{}{section.0.6}% 84
\BOOKMARK [2][-]{subsection.0.6.10}{}{section.0.6}% 85
\BOOKMARK [2][-]{subsection.0.6.11}{}{section.0.6}% 86
\BOOKMARK [1][-]{section.0.7}{\376\377\0004\000.\0001\000.\0001\000\040\000W\000e\000b}{}% 87
\BOOKMARK [2][-]{subsection.0.7.1}{\376\377\000W\000e\000b}{section.0.7}% 88
\BOOKMARK [2][-]{subsection.0.7.2}{\376\377\000W\000e\000b}{section.0.7}% 89
\BOOKMARK [2][-]{subsection.0.7.3}{}{section.0.7}% 90
\BOOKMARK [2][-]{subsection.0.7.4}{}{section.0.7}% 91
\BOOKMARK [2][-]{subsection.0.7.5}{\376\377\000J\000a\000v\000a\000S\000c\000r\000i\000p\000t}{section.0.7}% 92
\BOOKMARK [2][-]{subsection.0.7.6}{}{section.0.7}% 93
\BOOKMARK [2][-]{subsection.0.7.7}{}{section.0.7}% 94
\BOOKMARK [1][-]{section.0.8}{\376\377\0004\000.\0002\000\040\000H\000T\000M\000L}{}% 95
\BOOKMARK [2][-]{subsection.0.8.1}{\376\377\000H\000T\000M\000L}{section.0.8}% 96
\BOOKMARK [2][-]{subsection.0.8.2}{\376\377\0004\000.\0003\000.\0001\000\040\000C\000S\000S\0003}{section.0.8}% 97
\BOOKMARK [2][-]{subsection.0.8.3}{\376\377\0004\000.\0003\000.\0002\000\040\000C\000S\000S\0003}{section.0.8}% 98
\BOOKMARK [2][-]{subsection.0.8.4}{\376\377\0004\000.\0003\000.\0004\000\040\000C\000S\000S\0003}{section.0.8}% 99
\BOOKMARK [2][-]{subsection.0.8.5}{\376\377\0004\000.\0003\000.\0004\000\040\000U\000I}{section.0.8}% 100
\BOOKMARK [1][-]{section.0.9}{\376\377\0004\000.\0004\000\040\000J\000a\000v\000a\000S\000c\000r\000i\000p\000t}{}% 101
\BOOKMARK [2][-]{subsection.0.9.1}{\376\377\000J\000a\000v\000a\000S\000c\000r\000i\000p\000t}{section.0.9}% 102
\BOOKMARK [2][-]{subsection.0.9.2}{\376\377\0004\000.\0004\000.\0002\000\040\000P\000r\000o\000m\000i\000s\000e}{section.0.9}% 103
\BOOKMARK [2][-]{subsection.0.9.3}{\376\377\0004\000.\0004\000.\0003\000\040\000D\000O\000M}{section.0.9}% 104
\BOOKMARK [2][-]{subsection.0.9.4}{\376\377\0004\000.\0004\000.\0004}{section.0.9}% 105
\BOOKMARK [2][-]{subsection.0.9.5}{}{section.0.9}% 106
\BOOKMARK [2][-]{subsection.0.9.6}{\376\377\0004\000.\0005\000.\0003\000\040\000V\000u\000e}{section.0.9}% 107
\BOOKMARK [2][-]{subsection.0.9.7}{\376\377\0004\000.\0006\000.\0003\000\040\000W\000e\000b\000p\000a\000c\000k\000V\000i\000t\000e}{section.0.9}% 108
\BOOKMARK [2][-]{subsection.0.9.8}{\376\377\0004\000.\0006\000.\0004}{section.0.9}% 109
\BOOKMARK [2][-]{subsection.0.9.9}{\376\377\0004\000.\0006\000.\0005}{section.0.9}% 110
\BOOKMARK [2][-]{subsection.0.9.10}{\376\377\0004\000.\0007\000.\0002\000\040\000C\000D\000N}{section.0.9}% 111
\BOOKMARK [2][-]{subsection.0.9.11}{\376\377\0004\000.\0007\000.\0003}{section.0.9}% 112
\BOOKMARK [2][-]{subsection.0.9.12}{\376\377\0004\000.\0007\000.\0004}{section.0.9}% 113
\BOOKMARK [2][-]{subsection.0.9.13}{\376\377\0004\000.\0007\000.\0005}{section.0.9}% 114
\BOOKMARK [2][-]{subsection.0.9.14}{\376\377\0004\000.\0007\000.\0005}{section.0.9}% 115
\BOOKMARK [1][-]{section.0.10}{}{}% 116
\BOOKMARK [2][-]{subsection.0.10.1}{}{section.0.10}% 117
\BOOKMARK [2][-]{subsection.0.10.2}{}{section.0.10}% 118
\BOOKMARK [2][-]{subsection.0.10.3}{}{section.0.10}% 119
\BOOKMARK [2][-]{subsection.0.10.4}{}{section.0.10}% 120
\BOOKMARK [2][-]{subsection.0.10.5}{}{section.0.10}% 121
\BOOKMARK [2][-]{subsection.0.10.6}{}{section.0.10}% 122
\BOOKMARK [2][-]{subsection.0.10.7}{}{section.0.10}% 123
\BOOKMARK [2][-]{subsection.0.10.8}{}{section.0.10}% 124
\BOOKMARK [2][-]{subsection.0.10.9}{}{section.0.10}% 125
\BOOKMARK [1][-]{section.0.11}{\376\377\0005\000.\0001}{}% 126
\BOOKMARK [2][-]{subsection.0.11.1}{}{section.0.11}% 127
\BOOKMARK [2][-]{subsection.0.11.2}{}{section.0.11}% 128
\BOOKMARK [2][-]{subsection.0.11.3}{\376\377\0005\000.\0001\000.\0001}{section.0.11}% 129
\BOOKMARK [2][-]{subsection.0.11.4}{\376\377\0005\000.\0001\000.\0004\000\040\000H\000T\000T\000P\000W\000e\000b}{section.0.11}% 130
\BOOKMARK [2][-]{subsection.0.11.5}{\376\377\0005\000.\0002\000.\0003}{section.0.11}% 131
\BOOKMARK [1][-]{section.0.12}{\376\377\0005\000.\0003}{}% 132
\BOOKMARK [1][-]{section.0.13}{\376\377\0005\000.\0003}{}% 133
\BOOKMARK [2][-]{subsection.0.13.1}{}{section.0.13}% 134
\BOOKMARK [2][-]{subsection.0.13.2}{}{section.0.13}% 135
\BOOKMARK [2][-]{subsection.0.13.3}{\376\377\0005\000.\0003\000.\0001}{section.0.13}% 136
\BOOKMARK [1][-]{section.0.14}{\376\377\0005\000.\0004}{}% 137
\BOOKMARK [2][-]{subsection.0.14.1}{\376\377\0005\000.\0004\000.\0001}{section.0.14}% 138
\BOOKMARK [1][-]{section.0.15}{\376\377\0005\000.\0005}{}% 139
\BOOKMARK [2][-]{subsection.0.15.1}{\376\377\000R\000E\000S\000T\000f\000u\000l\000\040\000A\000P\000I}{section.0.15}% 140
\BOOKMARK [1][-]{section.0.16}{\376\377\0005\000.\0006\000\040\000P\000y\000t\000h\000o\000n\000W\000e\000b}{}% 141
\BOOKMARK [2][-]{subsection.0.16.1}{\376\377\0005\000.\0006\000.\0001\000\040\000P\000y\000t\000h\000o\000n\000\040\000W\000e\000b}{section.0.16}% 142
\BOOKMARK [2][-]{subsection.0.16.2}{}{section.0.16}% 143
\BOOKMARK [1][-]{section.0.17}{}{}% 144
\BOOKMARK [2][-]{subsection.0.17.1}{}{section.0.17}% 145
\BOOKMARK [2][-]{subsection.0.17.2}{}{section.0.17}% 146
\BOOKMARK [2][-]{subsection.0.17.3}{}{section.0.17}% 147
\BOOKMARK [2][-]{subsection.0.17.4}{}{section.0.17}% 148
\BOOKMARK [2][-]{subsection.0.17.5}{}{section.0.17}% 149
\BOOKMARK [2][-]{subsection.0.17.6}{}{section.0.17}% 150
\BOOKMARK [2][-]{subsection.0.17.7}{}{section.0.17}% 151
\BOOKMARK [2][-]{subsection.0.17.8}{}{section.0.17}% 152
\BOOKMARK [2][-]{subsection.0.17.9}{}{section.0.17}% 153
\BOOKMARK [2][-]{subsection.0.17.10}{}{section.0.17}% 154
\BOOKMARK [2][-]{subsection.0.17.11}{}{section.0.17}% 155
\BOOKMARK [2][-]{subsection.0.17.12}{}{section.0.17}% 156
\BOOKMARK [2][-]{subsection.0.17.13}{}{section.0.17}% 157
\BOOKMARK [2][-]{subsection.0.17.14}{}{section.0.17}% 158
\BOOKMARK [2][-]{subsection.0.17.15}{\376\377\0006\000.\0001}{section.0.17}% 159
\BOOKMARK [2][-]{subsection.0.17.16}{}{section.0.17}% 160
\BOOKMARK [2][-]{subsection.0.17.17}{}{section.0.17}% 161
\BOOKMARK [1][-]{section.0.18}{}{}% 162
\BOOKMARK [2][-]{subsection.0.18.1}{}{section.0.18}% 163
\BOOKMARK [2][-]{subsection.0.18.2}{}{section.0.18}% 164
\BOOKMARK [2][-]{subsection.0.18.3}{}{section.0.18}% 165
\BOOKMARK [2][-]{subsection.0.18.4}{}{section.0.18}% 166
\BOOKMARK [2][-]{subsection.0.18.5}{}{section.0.18}% 167
\BOOKMARK [2][-]{subsection.0.18.6}{}{section.0.18}% 168
\BOOKMARK [2][-]{subsection.0.18.7}{}{section.0.18}% 169
\BOOKMARK [2][-]{subsection.0.18.8}{}{section.0.18}% 170
\BOOKMARK [1][-]{section.0.19}{\376\377\0007\000.\0001}{}% 171
\BOOKMARK [2][-]{subsection.0.19.1}{}{section.0.19}% 172
\BOOKMARK [2][-]{subsection.0.19.2}{\376\377\0007\000.\0001\000.\0001}{section.0.19}% 173
\BOOKMARK [2][-]{subsection.0.19.3}{\376\377\0007\000.\0001\000.\0003}{section.0.19}% 174
\BOOKMARK [2][-]{subsection.0.19.4}{\376\377\0007\000.\0001\000.\0004}{section.0.19}% 175
\BOOKMARK [2][-]{subsection.0.19.5}{}{section.0.19}% 176
\BOOKMARK [1][-]{section.0.20}{\376\377\0007\000.\0002}{}% 177
\BOOKMARK [2][-]{subsection.0.20.1}{}{section.0.20}% 178
\BOOKMARK [2][-]{subsection.0.20.2}{\376\377\0007\000.\0002\000.\0001\000\040\000C\000h\000a\000r\000t\000.\000j\000s}{section.0.20}% 179
\BOOKMARK [2][-]{subsection.0.20.3}{\376\377\0007\000.\0002\000.\0004}{section.0.20}% 180
\BOOKMARK [2][-]{subsection.0.20.4}{}{section.0.20}% 181
\BOOKMARK [1][-]{section.0.21}{\376\377\0007\000.\0003}{}% 182
\BOOKMARK [2][-]{subsection.0.21.1}{}{section.0.21}% 183
\BOOKMARK [2][-]{subsection.0.21.2}{\376\377\0007\000.\0003\000.\0001}{section.0.21}% 184
\BOOKMARK [2][-]{subsection.0.21.3}{\376\377\0007\000.\0003\000.\0003\000\040\000L\000O\000D}{section.0.21}% 185
\BOOKMARK [2][-]{subsection.0.21.4}{}{section.0.21}% 186
\BOOKMARK [1][-]{section.0.22}{\376\377\0007\000.\0004}{}% 187
\BOOKMARK [2][-]{subsection.0.22.1}{}{section.0.22}% 188
\BOOKMARK [2][-]{subsection.0.22.2}{\376\377\0007\000.\0004\000.\0001}{section.0.22}% 189
\BOOKMARK [2][-]{subsection.0.22.3}{\376\377\0007\000.\0004\000.\0004}{section.0.22}% 190
\BOOKMARK [2][-]{subsection.0.22.4}{}{section.0.22}% 191
\BOOKMARK [1][-]{section.0.23}{}{}% 192
\BOOKMARK [2][-]{subsection.0.23.1}{}{section.0.23}% 193
\BOOKMARK [2][-]{subsection.0.23.2}{}{section.0.23}% 194
\BOOKMARK [2][-]{subsection.0.23.3}{}{section.0.23}% 195
\BOOKMARK [2][-]{subsection.0.23.4}{}{section.0.23}% 196
\BOOKMARK [2][-]{subsection.0.23.5}{\376\377\0008\000.\0001\000.\0003}{section.0.23}% 197
\BOOKMARK [2][-]{subsection.0.23.6}{\376\377\0008\000.\0001\000.\0004}{section.0.23}% 198
\BOOKMARK [1][-]{section.0.24}{}{}% 199
\BOOKMARK [2][-]{subsection.0.24.1}{}{section.0.24}% 200
\BOOKMARK [2][-]{subsection.0.24.2}{\376\377\0008\000.\0002\000.\0001}{section.0.24}% 201
\BOOKMARK [2][-]{subsection.0.24.3}{\376\377\0008\000.\0002\000.\0003}{section.0.24}% 202
\BOOKMARK [2][-]{subsection.0.24.4}{}{section.0.24}% 203
\BOOKMARK [2][-]{subsection.0.24.5}{}{section.0.24}% 204
\BOOKMARK [2][-]{subsection.0.24.6}{}{section.0.24}% 205
\BOOKMARK [1][-]{section.0.25}{}{}% 206
\BOOKMARK [2][-]{subsection.0.25.1}{}{section.0.25}% 207
\BOOKMARK [2][-]{subsection.0.25.2}{\376\377\0008\000.\0003\000.\0001}{section.0.25}% 208
\BOOKMARK [2][-]{subsection.0.25.3}{\376\377\0008\000.\0003\000.\0002}{section.0.25}% 209
\BOOKMARK [2][-]{subsection.0.25.4}{}{section.0.25}% 210
\BOOKMARK [2][-]{subsection.0.25.5}{}{section.0.25}% 211
\BOOKMARK [2][-]{subsection.0.25.6}{}{section.0.25}% 212
\BOOKMARK [1][-]{section.0.26}{}{}% 213
\BOOKMARK [2][-]{subsection.0.26.1}{}{section.0.26}% 214
\BOOKMARK [2][-]{subsection.0.26.2}{\376\377\0008\000.\0004\000.\0001}{section.0.26}% 215
\BOOKMARK [2][-]{subsection.0.26.3}{}{section.0.26}% 216
\BOOKMARK [2][-]{subsection.0.26.4}{}{section.0.26}% 217
\BOOKMARK [2][-]{subsection.0.26.5}{}{section.0.26}% 218
\BOOKMARK [1][-]{section.0.27}{}{}% 219
\BOOKMARK [2][-]{subsection.0.27.1}{}{section.0.27}% 220
\BOOKMARK [2][-]{subsection.0.27.2}{}{section.0.27}% 221
\BOOKMARK [2][-]{subsection.0.27.3}{\376\377\0008\000.\0005\000.\0001}{section.0.27}% 222
\BOOKMARK [2][-]{subsection.0.27.4}{\376\377\0008\000.\0005\000.\0002}{section.0.27}% 223
\BOOKMARK [2][-]{subsection.0.27.5}{\376\377\0008\000.\0005\000.\0003}{section.0.27}% 224
\BOOKMARK [2][-]{subsection.0.27.6}{\376\377\0008\000.\0005\000.\0004}{section.0.27}% 225
\BOOKMARK [2][-]{subsection.0.27.7}{}{section.0.27}% 226
\BOOKMARK [2][-]{subsection.0.27.8}{}{section.0.27}% 227
\BOOKMARK [2][-]{subsection.0.27.9}{}{section.0.27}% 228
\BOOKMARK [1][-]{section.0.28}{}{}% 229
\BOOKMARK [2][-]{subsection.0.28.1}{}{section.0.28}% 230
\BOOKMARK [2][-]{subsection.0.28.2}{}{section.0.28}% 231
\BOOKMARK [2][-]{subsection.0.28.3}{}{section.0.28}% 232
\BOOKMARK [2][-]{subsection.0.28.4}{\376\377\0009\000.\0002}{section.0.28}% 233
\BOOKMARK [2][-]{subsection.0.28.5}{\376\377\0009\000.\0003}{section.0.28}% 234
\BOOKMARK [2][-]{subsection.0.28.6}{\376\377\0009\000.\0004}{section.0.28}% 235
\BOOKMARK [2][-]{subsection.0.28.7}{\376\377\0009\000.\0006}{section.0.28}% 236
\BOOKMARK [2][-]{subsection.0.28.8}{\376\377\0009\000.\0002}{section.0.28}% 237
\BOOKMARK [2][-]{subsection.0.28.9}{\376\377\0009\000.\0003}{section.0.28}% 238
\BOOKMARK [2][-]{subsection.0.28.10}{\376\377\0009\000.\0004}{section.0.28}% 239
\BOOKMARK [2][-]{subsection.0.28.11}{\376\377\0009\000.\0005}{section.0.28}% 240
\BOOKMARK [2][-]{subsection.0.28.12}{\376\377\0009\000.\0006}{section.0.28}% 241
\BOOKMARK [2][-]{subsection.0.28.13}{}{section.0.28}% 242
