This is XeTeX, Version 3.141592653-2.6-0.999996 (TeX Live 2024) (preloaded format=xelatex)
 restricted \write18 enabled.
entering extended mode
(./main.tex
LaTeX2e <2023-11-01> patch level 1
L3 programming layer <2024-02-20>
(./templates/basic-config.tex
(c:/texlive/2024/texmf-dist/tex/latex/ctex/ctexbook.cls
(c:/texlive/2024/texmf-dist/tex/latex/ctex/config/ctexbackend.cfg)
(c:/texlive/2024/texmf-dist/tex/latex/l3kernel/expl3.sty
(c:/texlive/2024/texmf-dist/tex/latex/l3backend/l3backend-xetex.def))
Document Class: ctexbook 2022/07/14 v2.5.10 Chinese adapter for class book (CTE
X)
(c:/texlive/2024/texmf-dist/tex/latex/ctex/ctexhook.sty)
(c:/texlive/2024/texmf-dist/tex/latex/ctex/ctexpatch.sty)
(c:/texlive/2024/texmf-dist/tex/latex/base/fix-cm.sty
(c:/texlive/2024/texmf-dist/tex/latex/base/ts1enc.def))
(c:/texlive/2024/texmf-dist/tex/latex/ctex/config/ctexopts.cfg)
(c:/texlive/2024/texmf-dist/tex/latex/base/book.cls
Document Class: book 2023/05/17 v1.4n Standard LaTeX document class
(c:/texlive/2024/texmf-dist/tex/latex/base/bk12.clo))
(c:/texlive/2024/texmf-dist/tex/latex/ctex/engine/ctex-engine-xetex.def
(c:/texlive/2024/texmf-dist/tex/xelatex/xecjk/xeCJK.sty
(c:/texlive/2024/texmf-dist/tex/latex/l3packages/xtemplate/xtemplate.sty
(c:/texlive/2024/texmf-dist/tex/latex/l3packages/xtemplate/xtemplate-2023-10-10
.sty)) (c:/texlive/2024/texmf-dist/tex/latex/fontspec/fontspec.sty
(c:/texlive/2024/texmf-dist/tex/latex/l3packages/xparse/xparse.sty)
(c:/texlive/2024/texmf-dist/tex/latex/fontspec/fontspec-xetex.sty
(c:/texlive/2024/texmf-dist/tex/latex/base/fontenc.sty)
(c:/texlive/2024/texmf-dist/tex/latex/fontspec/fontspec.cfg)))
(c:/texlive/2024/texmf-dist/tex/xelatex/xecjk/xeCJK.cfg)))
(c:/texlive/2024/texmf-dist/tex/latex/zhnumber/zhnumber.sty
(c:/texlive/2024/texmf-dist/tex/latex/zhnumber/zhnumber-utf8.cfg))
(c:/texlive/2024/texmf-dist/tex/latex/ctex/scheme/ctex-scheme-chinese-book.def
(c:/texlive/2024/texmf-dist/tex/latex/ctex/config/ctex-name-utf8.cfg))
(c:/texlive/2024/texmf-dist/tex/latex/ctex/fontset/ctex-fontset-windows.def))
(c:/texlive/2024/texmf-dist/tex/latex/ctex/config/ctex.cfg)
(c:/texlive/2024/texmf-dist/tex/latex/amsmath/amsmath.sty
For additional information on amsmath, use the `?' option.
(c:/texlive/2024/texmf-dist/tex/latex/amsmath/amstext.sty
(c:/texlive/2024/texmf-dist/tex/latex/amsmath/amsgen.sty))
(c:/texlive/2024/texmf-dist/tex/latex/amsmath/amsbsy.sty)
(c:/texlive/2024/texmf-dist/tex/latex/amsmath/amsopn.sty))
(c:/texlive/2024/texmf-dist/tex/latex/amsfonts/amssymb.sty
(c:/texlive/2024/texmf-dist/tex/latex/amsfonts/amsfonts.sty))
(c:/texlive/2024/texmf-dist/tex/latex/amscls/amsthm.sty)
(c:/texlive/2024/texmf-dist/tex/latex/psnfss/pifont.sty
(c:/texlive/2024/texmf-dist/tex/latex/psnfss/upzd.fd)
(c:/texlive/2024/texmf-dist/tex/latex/psnfss/upsy.fd))
(c:/texlive/2024/texmf-dist/tex/latex/graphics/graphicx.sty
(c:/texlive/2024/texmf-dist/tex/latex/graphics/keyval.sty)
(c:/texlive/2024/texmf-dist/tex/latex/graphics/graphics.sty
(c:/texlive/2024/texmf-dist/tex/latex/graphics/trig.sty)
(c:/texlive/2024/texmf-dist/tex/latex/graphics-cfg/graphics.cfg)
(c:/texlive/2024/texmf-dist/tex/latex/graphics-def/xetex.def)))
(c:/texlive/2024/texmf-dist/tex/latex/xcolor/xcolor.sty
(c:/texlive/2024/texmf-dist/tex/latex/graphics-cfg/color.cfg)
(c:/texlive/2024/texmf-dist/tex/latex/graphics/mathcolor.ltx))
(c:/texlive/2024/texmf-dist/tex/latex/pgf/frontendlayer/tikz.sty
(c:/texlive/2024/texmf-dist/tex/latex/pgf/basiclayer/pgf.sty
(c:/texlive/2024/texmf-dist/tex/latex/pgf/utilities/pgfrcs.sty
(c:/texlive/2024/texmf-dist/tex/generic/pgf/utilities/pgfutil-common.tex)
(c:/texlive/2024/texmf-dist/tex/generic/pgf/utilities/pgfutil-latex.def)
(c:/texlive/2024/texmf-dist/tex/generic/pgf/utilities/pgfrcs.code.tex
(c:/texlive/2024/texmf-dist/tex/generic/pgf/pgf.revision.tex)))
(c:/texlive/2024/texmf-dist/tex/latex/pgf/basiclayer/pgfcore.sty
(c:/texlive/2024/texmf-dist/tex/latex/pgf/systemlayer/pgfsys.sty
(c:/texlive/2024/texmf-dist/tex/generic/pgf/systemlayer/pgfsys.code.tex
(c:/texlive/2024/texmf-dist/tex/generic/pgf/utilities/pgfkeys.code.tex
(c:/texlive/2024/texmf-dist/tex/generic/pgf/utilities/pgfkeyslibraryfiltered.co
de.tex)) (c:/texlive/2024/texmf-dist/tex/generic/pgf/systemlayer/pgf.cfg)
(c:/texlive/2024/texmf-dist/tex/generic/pgf/systemlayer/pgfsys-xetex.def
(c:/texlive/2024/texmf-dist/tex/generic/pgf/systemlayer/pgfsys-dvipdfmx.def
(c:/texlive/2024/texmf-dist/tex/generic/pgf/systemlayer/pgfsys-common-pdf.def))
))
(c:/texlive/2024/texmf-dist/tex/generic/pgf/systemlayer/pgfsyssoftpath.code.tex
)
(c:/texlive/2024/texmf-dist/tex/generic/pgf/systemlayer/pgfsysprotocol.code.tex
)) (c:/texlive/2024/texmf-dist/tex/generic/pgf/basiclayer/pgfcore.code.tex
(c:/texlive/2024/texmf-dist/tex/generic/pgf/math/pgfmath.code.tex
(c:/texlive/2024/texmf-dist/tex/generic/pgf/math/pgfmathutil.code.tex)
(c:/texlive/2024/texmf-dist/tex/generic/pgf/math/pgfmathparser.code.tex)
(c:/texlive/2024/texmf-dist/tex/generic/pgf/math/pgfmathfunctions.code.tex)
(c:/texlive/2024/texmf-dist/tex/generic/pgf/math/pgfmathfunctions.basic.code.te
x)
(c:/texlive/2024/texmf-dist/tex/generic/pgf/math/pgfmathfunctions.trigonometric
.code.tex)
(c:/texlive/2024/texmf-dist/tex/generic/pgf/math/pgfmathfunctions.random.code.t
ex)
(c:/texlive/2024/texmf-dist/tex/generic/pgf/math/pgfmathfunctions.comparison.co
de.tex)
(c:/texlive/2024/texmf-dist/tex/generic/pgf/math/pgfmathfunctions.base.code.tex
)
(c:/texlive/2024/texmf-dist/tex/generic/pgf/math/pgfmathfunctions.round.code.te
x)
(c:/texlive/2024/texmf-dist/tex/generic/pgf/math/pgfmathfunctions.misc.code.tex
)
(c:/texlive/2024/texmf-dist/tex/generic/pgf/math/pgfmathfunctions.integerarithm
etics.code.tex)
(c:/texlive/2024/texmf-dist/tex/generic/pgf/math/pgfmathcalc.code.tex)
(c:/texlive/2024/texmf-dist/tex/generic/pgf/math/pgfmathfloat.code.tex))
(c:/texlive/2024/texmf-dist/tex/generic/pgf/math/pgfint.code.tex)
(c:/texlive/2024/texmf-dist/tex/generic/pgf/basiclayer/pgfcorepoints.code.tex)
(c:/texlive/2024/texmf-dist/tex/generic/pgf/basiclayer/pgfcorepathconstruct.cod
e.tex)
(c:/texlive/2024/texmf-dist/tex/generic/pgf/basiclayer/pgfcorepathusage.code.te
x)
(c:/texlive/2024/texmf-dist/tex/generic/pgf/basiclayer/pgfcorescopes.code.tex)
(c:/texlive/2024/texmf-dist/tex/generic/pgf/basiclayer/pgfcoregraphicstate.code
.tex)
(c:/texlive/2024/texmf-dist/tex/generic/pgf/basiclayer/pgfcoretransformations.c
ode.tex)
(c:/texlive/2024/texmf-dist/tex/generic/pgf/basiclayer/pgfcorequick.code.tex)
(c:/texlive/2024/texmf-dist/tex/generic/pgf/basiclayer/pgfcoreobjects.code.tex)

(c:/texlive/2024/texmf-dist/tex/generic/pgf/basiclayer/pgfcorepathprocessing.co
de.tex)
(c:/texlive/2024/texmf-dist/tex/generic/pgf/basiclayer/pgfcorearrows.code.tex)
(c:/texlive/2024/texmf-dist/tex/generic/pgf/basiclayer/pgfcoreshade.code.tex)
(c:/texlive/2024/texmf-dist/tex/generic/pgf/basiclayer/pgfcoreimage.code.tex)
(c:/texlive/2024/texmf-dist/tex/generic/pgf/basiclayer/pgfcoreexternal.code.tex
) (c:/texlive/2024/texmf-dist/tex/generic/pgf/basiclayer/pgfcorelayers.code.tex
)
(c:/texlive/2024/texmf-dist/tex/generic/pgf/basiclayer/pgfcoretransparency.code
.tex)
(c:/texlive/2024/texmf-dist/tex/generic/pgf/basiclayer/pgfcorepatterns.code.tex
) (c:/texlive/2024/texmf-dist/tex/generic/pgf/basiclayer/pgfcorerdf.code.tex)))
 (c:/texlive/2024/texmf-dist/tex/generic/pgf/modules/pgfmoduleshapes.code.tex)
(c:/texlive/2024/texmf-dist/tex/generic/pgf/modules/pgfmoduleplot.code.tex)
(c:/texlive/2024/texmf-dist/tex/latex/pgf/compatibility/pgfcomp-version-0-65.st
y)
(c:/texlive/2024/texmf-dist/tex/latex/pgf/compatibility/pgfcomp-version-1-18.st
y)) (c:/texlive/2024/texmf-dist/tex/latex/pgf/utilities/pgffor.sty
(c:/texlive/2024/texmf-dist/tex/latex/pgf/utilities/pgfkeys.sty
(c:/texlive/2024/texmf-dist/tex/generic/pgf/utilities/pgfkeys.code.tex))
(c:/texlive/2024/texmf-dist/tex/latex/pgf/math/pgfmath.sty
(c:/texlive/2024/texmf-dist/tex/generic/pgf/math/pgfmath.code.tex))
(c:/texlive/2024/texmf-dist/tex/generic/pgf/utilities/pgffor.code.tex))
(c:/texlive/2024/texmf-dist/tex/generic/pgf/frontendlayer/tikz/tikz.code.tex
(c:/texlive/2024/texmf-dist/tex/generic/pgf/libraries/pgflibraryplothandlers.co
de.tex)
(c:/texlive/2024/texmf-dist/tex/generic/pgf/modules/pgfmodulematrix.code.tex)
(c:/texlive/2024/texmf-dist/tex/generic/pgf/frontendlayer/tikz/libraries/tikzli
brarytopaths.code.tex)))
(c:/texlive/2024/texmf-dist/tex/generic/pgf/frontendlayer/tikz/libraries/tikzli
braryshapes.code.tex
(c:/texlive/2024/texmf-dist/tex/generic/pgf/frontendlayer/tikz/libraries/tikzli
braryshapes.geometric.code.tex
(c:/texlive/2024/texmf-dist/tex/generic/pgf/libraries/shapes/pgflibraryshapes.g
eometric.code.tex))
(c:/texlive/2024/texmf-dist/tex/generic/pgf/frontendlayer/tikz/libraries/tikzli
braryshapes.misc.code.tex
(c:/texlive/2024/texmf-dist/tex/generic/pgf/libraries/shapes/pgflibraryshapes.m
isc.code.tex))
(c:/texlive/2024/texmf-dist/tex/generic/pgf/frontendlayer/tikz/libraries/tikzli
braryshapes.symbols.code.tex
(c:/texlive/2024/texmf-dist/tex/generic/pgf/libraries/shapes/pgflibraryshapes.s
ymbols.code.tex))
(c:/texlive/2024/texmf-dist/tex/generic/pgf/frontendlayer/tikz/libraries/tikzli
braryshapes.arrows.code.tex
(c:/texlive/2024/texmf-dist/tex/generic/pgf/libraries/shapes/pgflibraryshapes.a
rrows.code.tex))
(c:/texlive/2024/texmf-dist/tex/generic/pgf/frontendlayer/tikz/libraries/tikzli
braryshapes.callouts.code.tex
(c:/texlive/2024/texmf-dist/tex/generic/pgf/libraries/shapes/pgflibraryshapes.c
allouts.code.tex))
(c:/texlive/2024/texmf-dist/tex/generic/pgf/frontendlayer/tikz/libraries/tikzli
braryshapes.multipart.code.tex
(c:/texlive/2024/texmf-dist/tex/generic/pgf/libraries/shapes/pgflibraryshapes.m
ultipart.code.tex)))
(c:/texlive/2024/texmf-dist/tex/generic/pgf/frontendlayer/tikz/libraries/tikzli
braryarrows.code.tex
(c:/texlive/2024/texmf-dist/tex/generic/pgf/libraries/pgflibraryarrows.code.tex
))
(c:/texlive/2024/texmf-dist/tex/generic/pgf/frontendlayer/tikz/libraries/tikzli
brarypositioning.code.tex)
(c:/texlive/2024/texmf-dist/tex/generic/pgf/frontendlayer/tikz/libraries/tikzli
brarycalc.code.tex)
(c:/texlive/2024/texmf-dist/tex/generic/pgf/frontendlayer/tikz/libraries/tikzli
brarypatterns.code.tex
(c:/texlive/2024/texmf-dist/tex/generic/pgf/libraries/pgflibrarypatterns.code.t
ex)) (c:/texlive/2024/texmf-dist/tex/latex/epstopdf-pkg/epstopdf.sty
(c:/texlive/2024/texmf-dist/tex/generic/infwarerr/infwarerr.sty)
(c:/texlive/2024/texmf-dist/tex/latex/grfext/grfext.sty
(c:/texlive/2024/texmf-dist/tex/generic/kvdefinekeys/kvdefinekeys.sty))
(c:/texlive/2024/texmf-dist/tex/latex/kvoptions/kvoptions.sty
(c:/texlive/2024/texmf-dist/tex/generic/ltxcmds/ltxcmds.sty)
(c:/texlive/2024/texmf-dist/tex/latex/kvsetkeys/kvsetkeys.sty))
(c:/texlive/2024/texmf-dist/tex/generic/pdftexcmds/pdftexcmds.sty
(c:/texlive/2024/texmf-dist/tex/generic/iftex/iftex.sty))
(c:/texlive/2024/texmf-dist/tex/latex/epstopdf-pkg/epstopdf-base.sty

Package epstopdf Warning: Drivers other than `pdftex' and `luatex' are not supp
orted.

)) (c:/texlive/2024/texmf-dist/tex/latex/geometry/geometry.sty
(c:/texlive/2024/texmf-dist/tex/generic/iftex/ifvtex.sty))
(c:/texlive/2024/texmf-dist/tex/latex/setspace/setspace.sty)
(c:/texlive/2024/texmf-dist/tex/latex/tools/longtable.sty)
(c:/texlive/2024/texmf-dist/tex/latex/booktabs/booktabs.sty)
(c:/texlive/2024/texmf-dist/tex/latex/tools/array.sty)
(c:/texlive/2024/texmf-dist/tex/latex/multirow/multirow.sty)
(c:/texlive/2024/texmf-dist/tex/latex/tools/multicol.sty)
(c:/texlive/2024/texmf-dist/tex/latex/enumitem/enumitem.sty)
(c:/texlive/2024/texmf-dist/tex/latex/listings/listings.sty
(c:/texlive/2024/texmf-dist/tex/latex/listings/lstpatch.sty)
(c:/texlive/2024/texmf-dist/tex/latex/listings/lstmisc.sty)
(c:/texlive/2024/texmf-dist/tex/latex/listings/listings.cfg))
(c:/texlive/2024/texmf-dist/tex/xelatex/xecjk/xeCJK-listings.sty)
(c:/texlive/2024/texmf-dist/tex/latex/tcolorbox/tcolorbox.sty
(c:/texlive/2024/texmf-dist/tex/latex/tools/verbatim.sty)
(c:/texlive/2024/texmf-dist/tex/latex/environ/environ.sty
(c:/texlive/2024/texmf-dist/tex/latex/trimspaces/trimspaces.sty))
(c:/texlive/2024/texmf-dist/tex/latex/etoolbox/etoolbox.sty))
(c:/texlive/2024/texmf-dist/tex/latex/tcolorbox/tcbraster.code.tex
Library (tcolorbox): 'tcbraster.code.tex' version '6.2.0'
) (c:/texlive/2024/texmf-dist/tex/latex/tcolorbox/tcbskins.code.tex
Library (tcolorbox): 'tcbskins.code.tex' version '6.2.0'
(c:/texlive/2024/texmf-dist/tex/latex/tikzfill/tikzfill.image.sty
(c:/texlive/2024/texmf-dist/tex/latex/tikzfill/tikzfill-common.sty)
(c:/texlive/2024/texmf-dist/tex/latex/tikzfill/tikzlibraryfill.image.code.tex))
 (c:/texlive/2024/texmf-dist/tex/latex/tcolorbox/tcbskinsjigsaw.code.tex
Library (tcolorbox): 'tcbskinsjigsaw.code.tex' version '6.2.0'
)) (c:/texlive/2024/texmf-dist/tex/latex/tcolorbox/tcbbreakable.code.tex
Library (tcolorbox): 'tcbbreakable.code.tex' version '6.2.0'
(c:/texlive/2024/texmf-dist/tex/latex/pdfcol/pdfcol.sty))
(c:/texlive/2024/texmf-dist/tex/latex/tcolorbox/tcbhooks.code.tex
Library (tcolorbox): 'tcbhooks.code.tex' version '6.2.0'
) (c:/texlive/2024/texmf-dist/tex/latex/tcolorbox/tcbtheorems.code.tex
Library (tcolorbox): 'tcbtheorems.code.tex' version '6.2.0'
) (c:/texlive/2024/texmf-dist/tex/latex/tcolorbox/tcbfitting.code.tex
Library (tcolorbox): 'tcbfitting.code.tex' version '6.2.0'
) (c:/texlive/2024/texmf-dist/tex/latex/tcolorbox/tcblistingsutf8.code.tex
Library (tcolorbox): 'tcblistingsutf8.code.tex' version '6.2.0'
(c:/texlive/2024/texmf-dist/tex/latex/tcolorbox/tcblistings.code.tex
Library (tcolorbox): 'tcblistings.code.tex' version '6.2.0'
(c:/texlive/2024/texmf-dist/tex/latex/tcolorbox/tcblistingscore.code.tex
Library (tcolorbox): 'tcblistingscore.code.tex' version '6.2.0'
(c:/texlive/2024/texmf-dist/tex/latex/tcolorbox/tcbprocessing.code.tex
Library (tcolorbox): 'tcbprocessing.code.tex' version '6.2.0'
)))) (c:/texlive/2024/texmf-dist/tex/latex/tcolorbox/tcbexternal.code.tex
Library (tcolorbox): 'tcbexternal.code.tex' version '6.2.0'
) (c:/texlive/2024/texmf-dist/tex/latex/tcolorbox/tcbmagazine.code.tex
Library (tcolorbox): 'tcbmagazine.code.tex' version '6.2.0'
) (c:/texlive/2024/texmf-dist/tex/latex/tcolorbox/tcbvignette.code.tex
Library (tcolorbox): 'tcbvignette.code.tex' version '6.2.0'

(c:/texlive/2024/texmf-dist/tex/generic/pgf/frontendlayer/tikz/libraries/tikzli
braryfadings.code.tex
(c:/texlive/2024/texmf-dist/tex/generic/pgf/libraries/pgflibraryfadings.code.te
x))) (c:/texlive/2024/texmf-dist/tex/latex/tcolorbox/tcbposter.code.tex
Library (tcolorbox): 'tcbposter.code.tex' version '6.2.0'
) (c:/texlive/2024/texmf-dist/tex/latex/fancyhdr/fancyhdr.sty)
(c:/texlive/2024/texmf-dist/tex/latex/hyperref/hyperref.sty
(c:/texlive/2024/texmf-dist/tex/generic/pdfescape/pdfescape.sty)
(c:/texlive/2024/texmf-dist/tex/latex/hycolor/hycolor.sty)
(c:/texlive/2024/texmf-dist/tex/latex/auxhook/auxhook.sty)
(c:/texlive/2024/texmf-dist/tex/latex/hyperref/nameref.sty
(c:/texlive/2024/texmf-dist/tex/latex/refcount/refcount.sty)
(c:/texlive/2024/texmf-dist/tex/generic/gettitlestring/gettitlestring.sty))
(c:/texlive/2024/texmf-dist/tex/latex/hyperref/pd1enc.def)
(c:/texlive/2024/texmf-dist/tex/generic/intcalc/intcalc.sty)
(c:/texlive/2024/texmf-dist/tex/latex/hyperref/puenc.def)
(c:/texlive/2024/texmf-dist/tex/latex/url/url.sty)
(c:/texlive/2024/texmf-dist/tex/generic/bitset/bitset.sty
(c:/texlive/2024/texmf-dist/tex/generic/bigintcalc/bigintcalc.sty))
(c:/texlive/2024/texmf-dist/tex/latex/base/atbegshi-ltx.sty))
(c:/texlive/2024/texmf-dist/tex/latex/hyperref/hxetex.def
(c:/texlive/2024/texmf-dist/tex/generic/stringenc/stringenc.sty)
(c:/texlive/2024/texmf-dist/tex/latex/rerunfilecheck/rerunfilecheck.sty
(c:/texlive/2024/texmf-dist/tex/latex/base/atveryend-ltx.sty)
(c:/texlive/2024/texmf-dist/tex/generic/uniquecounter/uniquecounter.sty)))
(c:/texlive/2024/texmf-dist/tex/latex/cite/cite.sty)
(c:/texlive/2024/texmf-dist/tex/latex/fontawesome5/fontawesome5.sty
(c:/texlive/2024/texmf-dist/tex/latex/l3packages/l3keys2e/l3keys2e.sty)
(c:/texlive/2024/texmf-dist/tex/latex/fontawesome5/fontawesome5-utex-helper.sty
(c:/texlive/2024/texmf-dist/tex/latex/fontawesome5/tufontawesomefree.fd)
(c:/texlive/2024/texmf-dist/tex/latex/fontawesome5/tufontawesomebrands.fd)))

Package xeCJK Warning: Redefining CJKfamily `\CJKrmdefault' (SimSun(0)).


Package xeCJK Warning: Redefining CJKfamily `\CJKsfdefault' (Microsoft YaHei).


Package xeCJK Warning: Redefining CJKfamily `\CJKttdefault' (FangSong).

(c:/texlive/2024/texmf-dist/tex/latex/caption/caption.sty
(c:/texlive/2024/texmf-dist/tex/latex/caption/caption3.sty)
(c:/texlive/2024/texmf-dist/tex/latex/caption/ltcaption.sty))) (./main.aux)
*geometry* driver: auto-detecting
*geometry* detected driver: xetex
(./main.out) (./main.out)
(c:/texlive/2024/texmf-dist/tex/latex/amsfonts/umsa.fd)
(c:/texlive/2024/texmf-dist/tex/latex/amsfonts/umsb.fd) [1] [2] (./main.toc)
(./chapters/preface.tex [1] [2] [3] [4]
Underfull \vbox (badness 10000) has occurred while \output is active [5])
[6] [7] [8] (./chapters/chapter01/chapter01.tex
第一章
(./chapters/chapter01/section01-01.tex [1]
Underfull \vbox (badness 10000) has occurred while \output is active [2]
[3] [4] [5]) (./chapters/chapter01/section01-02.tex [6]
Underfull \vbox (badness 4846) has occurred while \output is active [7]
[8] [9] [10] [11]) (./chapters/chapter01/section01-03.tex [12] [13]))
(./chapters/chapter02/chapter02.tex [14]
第二章

Overfull \hbox (13.45656pt too wide) in paragraph at lines 36--36
[][] 

Underfull \vbox (badness 10000) has occurred while \output is active [15]
(./chapters/chapter02/section02-01.tex [16]
Underfull \vbox (badness 1783) has occurred while \output is active [17])
(./chapters/chapter02/section02-02.tex [18]

LaTeX Warning: Reference `fig:waterfall_model' on page 19 undefined on input li
ne 19.

[19] [20]

LaTeX Warning: Reference `fig:prototype_model' on page 21 undefined on input li
ne 62.

[21]

LaTeX Warning: Reference `fig:incremental_construction' on page 22 undefined on
 input line 99.


LaTeX Warning: Reference `fig:evolutionary_delivery' on page 22 undefined on in
put line 99.

[22] [23]

LaTeX Warning: Reference `fig:spiral_model' on page 24 undefined on input line 
141.

[24] [25]

LaTeX Warning: Reference `fig:fountain_model' on page 26 undefined on input lin
e 176.

[26] [27]

LaTeX Warning: Reference `fig:knowledge_model' on page 28 undefined on input li
ne 215.

[28]

LaTeX Warning: Reference `fig:transform_model' on page 29 undefined on input li
ne 232.

) (./chapters/chapter02/section02-03.tex [29] [30] [31])
(./chapters/chapter02/section02-04.tex [32]
Underfull \vbox (badness 1132) has occurred while \output is active [33])
(./chapters/chapter02/section02-05.tex [34])
(./chapters/chapter02/section02-06.tex [35] [36]))
(./chapters/chapter03/chapter03.tex [37] [38]
第三章

Overfull \hbox (13.45654pt too wide) in paragraph at lines 36--36
[][] 

Underfull \vbox (badness 10000) has occurred while \output is active [39]
(./chapters/chapter03/section03-01.tex [40] [41] [42])
(./chapters/chapter03/section03-02.tex [43]
Underfull \vbox (badness 1931) has occurred while \output is active [44]
[45] [46] [47] (c:/texlive/2024/texmf-dist/tex/latex/listings/lstlang1.sty)
[48] [49] [50]) (./chapters/chapter03/section03-03.tex [51] [52] [53]
Overfull \hbox (13.45657pt too wide) in paragraph at lines 69--69
[][] 

Underfull \vbox (badness 10000) has occurred while \output is active [54]
[55] [56] [57]
Underfull \vbox (badness 5147) has occurred while \output is active [58])
(./chapters/chapter03/section03-04.tex [59] [60] [61] [62]
Underfull \vbox (badness 10000) has occurred while \output is active [63]
[64])

! LaTeX Error: File `chapters/chapter03/section03-05.tex' not found.

Type X to quit or <RETURN> to proceed,
or enter new name. (Default extension: tex)

Enter file name: 
! Emergency stop.
<read *> 
         
l.63 \input{chapters/chapter03/section03-05}
                                            ^^M
Output written on output/main.pdf (74 pages).
Transcript written on output/main.log.
