\BOOKMARK [0][]{chapter*.2}{\376\377\122\115\212\000}{}% 1
\BOOKMARK [0][]{chapter.1}{\376\377\173\054\116\000\172\340\000\040\000\040\146\172\141\147\154\064\122\051\151\202\217\360\116\016\136\163\123\360\147\266\147\204\127\372\170\100}{}% 2
\BOOKMARK [1][]{section.1.1}{\376\377\0001\000.\0001\000\040\137\025\212\000}{chapter.1}% 3
\BOOKMARK [1][]{section.1.2}{\376\377\0001\000.\0002\000\040\217\157\116\366\151\202\217\360}{chapter.1}% 4
\BOOKMARK [2][]{subsection.1.2.1}{\376\377\0001\000.\0002\000.\0001\000\040\133\232\116\111\217\157\116\366}{section.1.2}% 5
\BOOKMARK [2][]{subsection.1.2.2}{\376\377\0001\000.\0002\000.\0002\000\040\217\157\116\366\166\204\162\171\160\271}{section.1.2}% 6
\BOOKMARK [2][]{subsection.1.2.3}{\376\377\0001\000.\0002\000.\0003\000\040\217\157\116\366\166\204\122\006\174\173}{section.1.2}% 7
\BOOKMARK [2][]{subsection.1.2.4}{\376\377\0001\000.\0002\000.\0004\000\040\217\157\116\366\166\204\123\321\134\125}{section.1.2}% 8
\BOOKMARK [2][]{subsection.1.2.5}{\376\377\0001\000.\0002\000.\0005\000\040\217\157\116\366\123\161\147\072}{section.1.2}% 9
\BOOKMARK [1][]{section.1.3}{\376\377\0001\000.\0003\000\040\217\157\116\366\135\345\172\013\151\202\217\360}{chapter.1}% 10
\BOOKMARK [2][]{subsection.1.3.1}{\376\377\0001\000.\0003\000.\0001\000\040\217\157\116\366\135\345\172\013\166\204\166\356\150\007}{section.1.3}% 11
\BOOKMARK [2][]{subsection.1.3.2}{\376\377\0001\000.\0003\000.\0002\000\040\217\157\116\366\135\345\172\013\166\204\127\372\147\054\123\237\164\006}{section.1.3}% 12
\BOOKMARK [2][]{subsection.1.3.3}{\376\377\0001\000.\0003\000.\0003\000\040\217\157\116\366\135\345\172\013\166\204\121\205\133\271}{section.1.3}% 13
\BOOKMARK [2][]{subsection.1.3.4}{\376\377\0001\000.\0003\000.\0004\000\040\217\157\116\366\135\345\172\013\166\204\123\237\122\031}{section.1.3}% 14
\BOOKMARK [2][]{subsection.1.3.5}{\376\377\0001\000.\0003\000.\0005\000\040\217\157\116\366\135\345\172\013\227\142\116\064\166\204\225\356\230\230}{section.1.3}% 15
\BOOKMARK [1][]{section*.38}{\376\377\140\035\200\003\230\230\116\016\176\303\116\140}{chapter.1}% 16
\BOOKMARK [2][]{subsection.1.3.6}{\376\377\0001\000.\0003\000.\0006\000\040\127\372\170\100\230\230}{section*.38}% 17
\BOOKMARK [2][]{subsection.1.3.7}{\376\377\0001\000.\0003\000.\0007\000\040\143\320\232\330\230\230}{section*.38}% 18
\BOOKMARK [2][]{subsection.1.3.8}{\376\377\0001\000.\0003\000.\0008\000\040\213\250\213\272\230\230}{section*.38}% 19
\BOOKMARK [1][]{section.1.4}{\376\377\0001\000.\0004\000\040\134\017\176\323}{chapter.1}% 20
\BOOKMARK [1][]{section*.39}{\376\377\140\035\200\003\230\230\116\016\176\303\116\140}{chapter.1}% 21
\BOOKMARK [2][]{subsection.1.4.1}{\376\377\0001\000.\0004\000.\0001\000\040\127\372\170\100\230\230}{section*.39}% 22
\BOOKMARK [2][]{subsection.1.4.2}{\376\377\0001\000.\0004\000.\0002\000\040\143\320\232\330\230\230}{section*.39}% 23
\BOOKMARK [2][]{subsection.1.4.3}{\376\377\0001\000.\0004\000.\0003\000\040\213\250\213\272\230\230}{section*.39}% 24
\BOOKMARK [0][]{chapter.2}{\376\377\173\054\116\214\172\340\000\040\000\040\217\157\116\366\135\345\172\013\127\372\170\100\116\016\227\000\154\102\122\006\147\220}{}% 25
\BOOKMARK [1][]{section.2.1}{\376\377\0002\000.\0001\000\040\137\025\212\000}{chapter.2}% 26
\BOOKMARK [1][]{section.2.2}{\376\377\0002\000.\0002\000\040\217\157\116\366\165\037\124\175\124\150\147\037}{chapter.2}% 27
\BOOKMARK [2][]{subsection.2.2.1}{\376\377\0002\000.\0002\000.\0001\000\040\217\157\116\366\213\276\213\241\145\366\147\037}{section.2.2}% 28
\BOOKMARK [2][]{subsection.2.2.2}{\376\377\0002\000.\0002\000.\0002\000\040\217\157\116\366\137\000\123\321\145\366\147\037}{section.2.2}% 29
\BOOKMARK [2][]{subsection.2.2.3}{\376\377\0002\000.\0002\000.\0003\000\040\217\320\210\114\116\016\176\364\142\244\145\366\147\037}{section.2.2}% 30
\BOOKMARK [1][]{section*.40}{\376\377\140\035\200\003\230\230\116\016\176\303\116\140}{chapter.2}% 31
\BOOKMARK [2][]{subsection.2.2.4}{\376\377\0002\000.\0002\000.\0004\000\040\127\372\170\100\230\230}{section*.40}% 32
\BOOKMARK [2][]{subsection.2.2.5}{\376\377\0002\000.\0002\000.\0005\000\040\143\320\232\330\230\230}{section*.40}% 33
\BOOKMARK [2][]{subsection.2.2.6}{\376\377\0002\000.\0002\000.\0006\000\040\213\250\213\272\230\230}{section*.40}% 34
\BOOKMARK [1][]{section.2.3}{\376\377\0002\000.\0003\000\040\217\157\116\366\165\037\124\175\124\150\147\037\152\041\127\213}{chapter.2}% 35
\BOOKMARK [2][]{subsection.2.3.1}{\376\377\0002\000.\0003\000.\0001\000\040\217\157\116\366\165\037\124\175\124\150\147\037\152\041\127\213\166\204\151\202\137\365}{section.2.3}% 36
