mktextfm SimSun/OT
mktextfm SimSun/OT
mktextfm SimSun/OT
mktextfm SimSun/OT
mktextfm SimSun/OT
mktextfm KaiTi/OT
mktextfm KaiTi/B/OT
mktextfm SimHei/OT
mktextfm SimHei/I/OT
mktextfm SimSun/OT
mktextfm SimSun/BI/OT
mktextfm SimSun/OT
mktextfm SimSun/OT
mktextfm SimHei/OT
mktextfm SimHei/OT
mktextfm KaiTi/OT
mktextfm KaiTi/OT
mktextfm Arial
mktextfm Arial
mktextfm Arial
mktextfm Arial/BI
mktextfm Arial
mktextfm Arial/B
mktextfm Arial
mktextfm Arial/I
mktextfm Arial
mktextfm Arial
mktextfm SimHei/OT
mktextfm SimHei/OT
mktextfm SimSun/OT
mktextfm SimSun/OT
mktextfm SimHei/OT
mktextfm SimSun/OT
mktextfm SimHei/OT
