\BOOKMARK [1][-]{section.0.1}{\376\377\122\115\212\000}{}% 1
\BOOKMARK [2][-]{subsection.0.1.1}{\376\377\177\026\121\231\200\314\146\157}{section.0.1}% 2
\BOOKMARK [2][-]{subsection.0.1.2}{\376\377\177\026\121\231\166\356\150\007}{section.0.1}% 3
\BOOKMARK [2][-]{subsection.0.1.3}{\376\377\220\002\165\050\133\371\214\141}{section.0.1}% 4
\BOOKMARK [2][-]{subsection.0.1.4}{\376\377\116\073\211\201\162\171\202\162}{section.0.1}% 5
\BOOKMARK [2][-]{subsection.0.1.5}{\376\377\121\205\133\271\176\323\147\204}{section.0.1}% 6
\BOOKMARK [2][-]{subsection.0.1.6}{\376\377\117\177\165\050\136\372\213\256}{section.0.1}% 7
\BOOKMARK [2][-]{subsection.0.1.7}{\376\377\221\115\131\127\215\104\156\220}{section.0.1}% 8
\BOOKMARK [2][-]{subsection.0.1.8}{\376\377\201\364\214\042}{section.0.1}% 9
\BOOKMARK [1][-]{section.0.2}{\376\377\173\054\116\000\172\340\000\040\146\172\141\147\154\064\122\051\151\202\217\360\116\016\136\163\123\360\147\266\147\204\127\372\170\100}{}% 10
\BOOKMARK [2][-]{subsection.0.2.1}{\376\377\133\146\116\140\166\356\150\007}{section.0.2}% 11
\BOOKMARK [2][-]{subsection.0.2.2}{\376\377\137\025\212\000}{section.0.2}% 12
\BOOKMARK [2][-]{subsection.0.2.3}{\376\377\147\054\172\340\134\017\202\202}{section.0.2}% 13
\BOOKMARK [2][-]{subsection.0.2.4}{\376\377\121\163\225\056\151\202\137\365}{section.0.2}% 14
\BOOKMARK [2][-]{subsection.0.2.5}{\376\377\0001\000.\0001\000\040\0001\000.\0001\000\040\217\157\116\366\151\202\217\360}{section.0.2}% 15
\BOOKMARK [2][-]{subsection.0.2.6}{\376\377\0001\000.\0002\000\040\0001\000.\0002\000\040\217\157\116\366\135\345\172\013\151\202\217\360}{section.0.2}% 16
\BOOKMARK [2][-]{subsection.0.2.7}{\376\377\0001\000.\0003\000\040\0001\000.\0003\000\040\134\017\176\323}{section.0.2}% 17
\BOOKMARK [1][-]{section.0.3}{\376\377\173\054\116\214\172\340\000\040\217\157\116\366\135\345\172\013\127\372\170\100\116\016\227\000\154\102\122\006\147\220}{}% 18
\BOOKMARK [2][-]{subsection.0.3.1}{\376\377\133\146\116\140\166\356\150\007}{section.0.3}% 19
\BOOKMARK [2][-]{subsection.0.3.2}{\376\377\137\025\212\000}{section.0.3}% 20
\BOOKMARK [2][-]{subsection.0.3.3}{\376\377\147\054\172\340\134\017\202\202}{section.0.3}% 21
\BOOKMARK [2][-]{subsection.0.3.4}{\376\377\121\163\225\056\151\202\137\365}{section.0.3}% 22
\BOOKMARK [2][-]{subsection.0.3.5}{\376\377\0002\000.\0001\000\040\0002\000.\0001\000\040\217\157\116\366\165\037\124\175\124\150\147\037}{section.0.3}% 23
\BOOKMARK [2][-]{subsection.0.3.6}{\376\377\0002\000.\0002\000\040\0002\000.\0002\000\040\217\157\116\366\165\037\124\175\124\150\147\037\152\041\127\213}{section.0.3}% 24
\BOOKMARK [2][-]{subsection.0.3.7}{\376\377\0002\000.\0003\000\040\0002\000.\0003\000\040\227\000\154\102\122\006\147\220}{section.0.3}% 25
\BOOKMARK [2][-]{subsection.0.3.8}{\376\377\0002\000.\0004\000\040\0002\000.\0004\000\040\227\000\154\102\203\267\123\326\116\016\164\006\211\343}{section.0.3}% 26
\BOOKMARK [2][-]{subsection.0.3.9}{\376\377\0002\000.\0005\000\040\0002\000.\0005\000\040\176\323\147\204\123\026\122\006\147\220}{section.0.3}% 27
\BOOKMARK [2][-]{subsection.0.3.10}{\376\377\0002\000.\0006\000\040\0002\000.\0006\000\040\134\017\176\323}{section.0.3}% 28
\BOOKMARK [1][-]{section.0.4}{\376\377\173\054\116\011\172\340\000\040\162\110\147\054\143\247\122\066\174\373\176\337\000G\000i\000t}{}% 29
\BOOKMARK [2][-]{subsection.0.4.1}{\376\377\133\146\116\140\166\356\150\007}{section.0.4}% 30
\BOOKMARK [2][-]{subsection.0.4.2}{\376\377\137\025\212\000}{section.0.4}% 31
\BOOKMARK [2][-]{subsection.0.4.3}{\376\377\147\054\172\340\134\017\202\202}{section.0.4}% 32
\BOOKMARK [2][-]{subsection.0.4.4}{\376\377\121\163\225\056\151\202\137\365}{section.0.4}% 33
\BOOKMARK [2][-]{subsection.0.4.5}{\376\377\213\276\213\241\123\237\122\031}{section.0.4}% 34
\BOOKMARK [2][-]{subsection.0.4.6}{\376\377\133\236\215\365\143\007\123\127}{section.0.4}% 35
\BOOKMARK [2][-]{subsection.0.4.7}{\376\377\0003\000.\0001\000\040\0003\000.\0001\000\040\217\157\116\366\147\266\147\204\151\202\217\360}{section.0.4}% 36
\BOOKMARK [2][-]{subsection.0.4.8}{\376\377\0003\000.\0002\000\040\0003\000.\0002\000\040\147\266\147\204\213\276\213\241\123\237\122\031}{section.0.4}% 37
\BOOKMARK [2][-]{subsection.0.4.9}{\376\377\0003\000.\0003\000\040\0003\000.\0003\000\040\147\266\147\204\174\173\127\213\116\016\136\070\211\301\152\041\137\017}{section.0.4}% 38
\BOOKMARK [2][-]{subsection.0.4.10}{\376\377\0003\000.\0004\000\040\0003\000.\0004\000\040\147\266\147\204\213\276\213\241\217\307\172\013}{section.0.4}% 39
\BOOKMARK [2][-]{subsection.0.4.11}{\376\377\0003\000.\0005\000\040\0003\000.\0005\000\040\147\266\147\204\213\304\117\060\116\016\232\214\213\301}{section.0.4}% 40
\BOOKMARK [2][-]{subsection.0.4.12}{\376\377\0003\000.\0006\000\040\0003\000.\0006\000\040\000W\000e\000b\000\040\136\224\165\050\147\266\147\204\213\276\213\241}{section.0.4}% 41
\BOOKMARK [2][-]{subsection.0.4.13}{\376\377\0003\000.\0007\000\040\0003\000.\0007\000\040\150\110\117\213\170\024\172\166\377\032\000S\000a\000f\000e\000H\000o\000m\000e\000\040\174\373\176\337\147\266\147\204}{section.0.4}% 42
\BOOKMARK [2][-]{subsection.0.4.14}{\376\377\0003\000.\0008\000\040\134\017\176\323}{section.0.4}% 43
\BOOKMARK [1][-]{section.0.5}{\376\377\173\054\126\333\172\340\000\040\122\115\172\357\137\000\123\321\142\200\147\057\150\010}{}% 44
\BOOKMARK [2][-]{subsection.0.5.1}{\376\377\133\146\116\140\166\356\150\007}{section.0.5}% 45
\BOOKMARK [2][-]{subsection.0.5.2}{\376\377\137\025\212\000}{section.0.5}% 46
\BOOKMARK [2][-]{subsection.0.5.3}{\376\377\221\315\211\201\143\320\171\072}{section.0.5}% 47
\BOOKMARK [2][-]{subsection.0.5.4}{\376\377\147\054\172\340\134\017\202\202}{section.0.5}% 48
\BOOKMARK [2][-]{subsection.0.5.5}{\376\377\121\163\225\056\151\202\137\365}{section.0.5}% 49
\BOOKMARK [2][-]{subsection.0.5.6}{\376\377\142\200\147\057\150\010\151\202\211\310}{section.0.5}% 50
\BOOKMARK [2][-]{subsection.0.5.7}{\376\377\146\172\141\147\154\064\122\051\122\115\172\357\162\171\202\162\227\000\154\102}{section.0.5}% 51
\BOOKMARK [2][-]{subsection.0.5.8}{\376\377\133\146\116\140\215\357\137\204\136\372\213\256}{section.0.5}% 52
\BOOKMARK [2][-]{subsection.0.5.9}{\376\377\133\236\215\365\230\171\166\356\232\161\122\250}{section.0.5}% 53
\BOOKMARK [2][-]{subsection.0.5.10}{\376\377\140\035\200\003\230\230}{section.0.5}% 54
\BOOKMARK [1][-]{section.0.6}{\376\377\0004\000.\0001\000.\0001\000\040\000W\000e\000b\127\372\170\100\151\202\137\365\116\016\155\117\211\310\126\150\147\266\147\204}{}% 55
\BOOKMARK [2][-]{subsection.0.6.1}{\376\377\0004\000.\0001\000\040\000W\000e\000b\122\115\172\357\166\204\133\232\116\111\116\016\162\171\160\271}{section.0.6}% 56
\BOOKMARK [2][-]{subsection.0.6.2}{\376\377\116\007\176\364\177\121\116\016\000W\000e\000b\142\200\147\057\117\123\174\373}{section.0.6}% 57
\BOOKMARK [2][-]{subsection.0.6.3}{\376\377\155\117\211\310\126\150\166\204\176\304\142\020\147\266\147\204}{section.0.6}% 58
\BOOKMARK [2][-]{subsection.0.6.4}{\376\377\156\062\147\323\137\025\144\316\166\204\135\345\117\134\123\237\164\006}{section.0.6}% 59
\BOOKMARK [2][-]{subsection.0.6.5}{\376\377\000J\000a\000v\000a\000S\000c\000r\000i\000p\000t\137\025\144\316\116\016\201\032\147\054\142\147\210\114}{section.0.6}% 60
\BOOKMARK [2][-]{subsection.0.6.6}{\376\377\155\117\211\310\126\150\121\174\133\271\140\047\116\016\150\007\121\306\123\026}{section.0.6}% 61
\BOOKMARK [2][-]{subsection.0.6.7}{\376\377\177\121\176\334\220\032\117\341\116\016\145\160\143\156\116\244\143\142}{section.0.6}% 62
\BOOKMARK [1][-]{section.0.7}{\376\377\0004\000.\0002\000\040\000H\000T\000M\000L\127\372\170\100\116\016\133\236\215\365}{}% 63
\BOOKMARK [2][-]{subsection.0.7.1}{\376\377\0004\000.\0002\000\040\000H\000T\000M\000L\150\070\137\303\151\202\137\365\116\016\127\372\170\100\213\355\154\325}{section.0.7}% 64
\BOOKMARK [2][-]{subsection.0.7.2}{\376\377\0004\000.\0002\000.\0001\000\040\000H\000T\000M\000L\0005\213\355\212\000\127\372\170\100\116\016\213\355\116\111\123\026}{section.0.7}% 65
\BOOKMARK [2][-]{subsection.0.7.3}{\376\377\0004\000.\0002\000.\0002\000\040\000H\000T\000M\000L\0005\210\150\123\125\130\236\137\072\116\016\145\160\143\156\232\214\213\301}{section.0.7}% 66
\BOOKMARK [2][-]{subsection.0.7.4}{\376\377\0004\000.\0002\000.\0003\000\040\000H\000T\000M\000L\0005\131\032\132\222\117\123\116\016\126\376\137\142\145\057\143\001}{section.0.7}% 67
\BOOKMARK [2][-]{subsection.0.7.5}{\376\377\0004\000.\0002\000.\0004\000\040\154\064\122\051\136\163\123\360\000H\000T\000M\000L\176\323\147\204\213\276\213\241}{section.0.7}% 68
\BOOKMARK [1][-]{section.0.8}{\376\377\0004\000.\0003\000\040\000C\000S\000S\127\372\170\100\116\016\150\067\137\017\213\276\213\241}{}% 69
\BOOKMARK [2][-]{subsection.0.8.1}{\376\377\0004\000.\0003\000\040\000C\000S\000S\150\070\137\303\151\202\137\365\116\016\127\372\170\100\213\355\154\325}{section.0.8}% 70
\BOOKMARK [2][-]{subsection.0.8.2}{\376\377\0004\000.\0003\000.\0001\000\040\000C\000S\000S\0003\220\011\142\351\126\150\116\016\145\260\162\171\140\047}{section.0.8}% 71
\BOOKMARK [2][-]{subsection.0.8.3}{\376\377\0004\000.\0003\000.\0002\000\040\000C\000S\000S\0003\136\003\134\100\174\373\176\337}{section.0.8}% 72
\BOOKMARK [2][-]{subsection.0.8.4}{\376\377\0004\000.\0003\000.\0004\000\040\000C\000S\000S\0003\122\250\165\073\116\016\217\307\156\041\145\110\147\234\155\361\136\246\136\224\165\050}{section.0.8}% 73
\BOOKMARK [2][-]{subsection.0.8.5}{\376\377\0004\000.\0003\000.\0004\000\040\154\064\122\051\136\163\123\360\000U\000I\213\276\213\241\211\304\203\003}{section.0.8}% 74
\BOOKMARK [1][-]{section.0.9}{\376\377\0004\000.\0004\000\040\000J\000a\000v\000a\000S\000c\000r\000i\000p\000t\127\372\170\100\177\026\172\013}{}% 75
\BOOKMARK [2][-]{subsection.0.9.1}{\376\377\0004\000.\0004\000\040\000J\000a\000v\000a\000S\000c\000r\000i\000p\000t\150\070\137\303\151\202\137\365\116\016\127\372\170\100\213\355\154\325}{section.0.9}% 76
\BOOKMARK [2][-]{subsection.0.9.2}{\376\377\000J\000a\000v\000a\000S\000c\000r\000i\000p\000t\127\372\170\100\213\355\154\325\155\361\121\145\213\346\211\343}{section.0.9}% 77
\BOOKMARK [2][-]{subsection.0.9.3}{\376\377\0004\000.\0004\000.\0001\000\040\000E\000S\0006\000+\145\260\162\171\140\047\116\016\163\260\116\343\213\355\154\325}{section.0.9}% 78
\BOOKMARK [2][-]{subsection.0.9.4}{\376\377\0004\000.\0004\000.\0002\000\040\137\002\153\145\177\026\172\013\116\016\000P\000r\000o\000m\000i\000s\000e}{section.0.9}% 79
\BOOKMARK [2][-]{subsection.0.9.5}{\376\377\0004\000.\0004\000.\0003\000\040\000D\000O\000M\144\315\117\134\116\016\116\213\116\366\131\004\164\006}{section.0.9}% 80
\BOOKMARK [2][-]{subsection.0.9.6}{\376\377\0004\000.\0004\000.\0004\000\040\152\041\127\127\123\026\137\000\123\321\116\016\214\003\213\325\142\200\135\347}{section.0.9}% 81
\BOOKMARK [2][-]{subsection.0.9.7}{\376\377\147\054\202\202\140\073\176\323}{section.0.9}% 82
\BOOKMARK [2][-]{subsection.0.9.8}{\376\377\0004\000.\0005\000.\0002\000\040\000V\000u\000e\000.\000j\000s\150\070\137\303\151\202\137\365\116\016\000M\000V\000V\000M\152\041\137\017}{section.0.9}% 83
\BOOKMARK [2][-]{subsection.0.9.9}{\376\377\0004\000.\0005\000.\0003\000\040\000V\000u\000e\127\372\170\100\213\355\154\325\116\016\137\000\123\321\133\236\215\365}{section.0.9}% 84
\BOOKMARK [2][-]{subsection.0.9.10}{\376\377\0004\000.\0005\000.\0004\000\040\176\304\116\366\123\026\137\000\123\321\116\016\123\125\230\165\227\142\136\224\165\050}{section.0.9}% 85
\BOOKMARK [2][-]{subsection.0.9.11}{\376\377\0004\000.\0005\000.\0005\000\040\215\357\165\061\173\241\164\006\116\016\162\266\140\001\173\241\164\006}{section.0.9}% 86
\BOOKMARK [2][-]{subsection.0.9.12}{\376\377\0004\000.\0006\000.\0002\000\040\000V\000u\000e\000\040\000C\000L\000I\201\032\142\113\147\266\135\345\121\167}{section.0.9}% 87
\BOOKMARK [2][-]{subsection.0.9.13}{\376\377\0004\000.\0006\000.\0003\000\040\147\204\136\372\135\345\121\167\133\371\153\324\377\032\000W\000e\000b\000p\000a\000c\000k\116\016\000V\000i\000t\000e}{section.0.9}% 88
\BOOKMARK [2][-]{subsection.0.9.14}{\376\377\0004\000.\0006\000.\0004\000\040\137\000\123\321\163\257\130\203\221\115\177\156\116\016\160\355\221\315\217\175}{section.0.9}% 89
\BOOKMARK [2][-]{subsection.0.9.15}{\376\377\0004\000.\0006\000.\0005\000\040\116\343\170\001\211\304\203\003\116\016\215\050\221\317\143\247\122\066}{section.0.9}% 90
\BOOKMARK [2][-]{subsection.0.9.16}{\376\377\0004\000.\0006\000.\0006\000\040\172\340\202\202\140\073\176\323}{section.0.9}% 91
\BOOKMARK [1][-]{section.0.10}{\376\377\0004\000.\0007\000\040\122\115\172\357\220\350\177\162\116\016\123\321\136\003}{}% 92
\BOOKMARK [2][-]{subsection.0.10.1}{\376\377\0004\000.\0007\000\040\0004\000.\0007\000.\0001\000\040\165\037\116\247\163\257\130\203\147\204\136\372\117\030\123\026}{section.0.10}% 93
\BOOKMARK [2][-]{subsection.0.10.2}{\376\377\0004\000.\0007\000.\0002\000\040\227\131\140\001\215\104\156\220\220\350\177\162\116\016\000C\000D\000N}{section.0.10}% 94
\BOOKMARK [2][-]{subsection.0.10.3}{\376\377\0004\000.\0007\000.\0003\000\040\140\047\200\375\166\321\143\247\116\016\165\050\142\067\117\123\232\214}{section.0.10}% 95
\BOOKMARK [2][-]{subsection.0.10.4}{\376\377\0004\000.\0007\000.\0004\000\040\162\110\147\054\143\247\122\066\116\016\123\321\136\003\173\126\165\145}{section.0.10}% 96
\BOOKMARK [2][-]{subsection.0.10.5}{\376\377\0004\000.\0007\000.\0005\000\040\172\340\202\202\140\073\176\323\116\016\147\000\117\163\133\236\215\365}{section.0.10}% 97
\BOOKMARK [2][-]{subsection.0.10.6}{\376\377\0004\000.\0007\000.\0005\000\040\172\340\202\202\140\073\176\323\116\016\147\000\117\163\133\236\215\365}{section.0.10}% 98
\BOOKMARK [1][-]{section.0.11}{\376\377\173\054\116\224\172\340\000\040\124\016\172\357\137\000\123\321\150\106\147\266}{}% 99
\BOOKMARK [2][-]{subsection.0.11.1}{\376\377\133\146\116\140\166\356\150\007}{section.0.11}% 100
\BOOKMARK [2][-]{subsection.0.11.2}{\376\377\137\025\212\000}{section.0.11}% 101
\BOOKMARK [2][-]{subsection.0.11.3}{\376\377\221\315\211\201\143\320\171\072}{section.0.11}% 102
\BOOKMARK [2][-]{subsection.0.11.4}{\376\377\147\054\172\340\134\017\202\202}{section.0.11}% 103
\BOOKMARK [2][-]{subsection.0.11.5}{\376\377\121\163\225\056\151\202\137\365}{section.0.11}% 104
\BOOKMARK [2][-]{subsection.0.11.6}{\376\377\142\200\147\057\150\010\151\202\211\310}{section.0.11}% 105
\BOOKMARK [2][-]{subsection.0.11.7}{\376\377\146\172\141\147\154\064\122\051\124\016\172\357\162\171\202\162\147\266\147\204}{section.0.11}% 106
\BOOKMARK [2][-]{subsection.0.11.8}{\376\377\133\146\116\140\215\357\137\204\136\372\213\256}{section.0.11}% 107
\BOOKMARK [2][-]{subsection.0.11.9}{\376\377\133\236\215\365\230\171\166\356\232\161\122\250}{section.0.11}% 108
\BOOKMARK [2][-]{subsection.0.11.10}{\376\377\142\200\147\057\147\266\147\204\126\376}{section.0.11}% 109
\BOOKMARK [2][-]{subsection.0.11.11}{\376\377\137\000\123\321\211\304\203\003\116\016\147\000\117\163\133\236\215\365}{section.0.11}% 110
\BOOKMARK [2][-]{subsection.0.11.12}{\376\377\140\035\200\003\230\230}{section.0.11}% 111
\BOOKMARK [1][-]{section.0.12}{\376\377\0005\000.\0001\000\040\124\016\172\357\147\015\122\241\151\202\217\360}{}% 112
\BOOKMARK [2][-]{subsection.0.12.1}{\376\377\0005\000.\0001\000\040\133\146\116\140\166\356\150\007}{section.0.12}% 113
\BOOKMARK [2][-]{subsection.0.12.2}{\376\377\137\025\212\000}{section.0.12}% 114
\BOOKMARK [2][-]{subsection.0.12.3}{\376\377\0005\000.\0001\000.\0001\000\040\124\016\172\357\147\015\122\241\117\123\174\373\176\323\147\204}{section.0.12}% 115
\BOOKMARK [2][-]{subsection.0.12.4}{\376\377\0005\000.\0001\000.\0003\000\040\000W\000e\000b\150\106\147\266\220\011\142\351\116\016\142\200\147\057\133\371\153\324}{section.0.12}% 116
\BOOKMARK [2][-]{subsection.0.12.5}{\376\377\0005\000.\0001\000.\0004\000\040\000H\000T\000T\000P\123\117\213\256\127\050\000W\000e\000b\137\000\123\321\116\055\166\204\136\224\165\050}{section.0.12}% 117
\BOOKMARK [2][-]{subsection.0.12.6}{\376\377\0005\000.\0001\000.\0003\000\040\227\131\140\001\177\121\172\331\116\016\122\250\140\001\177\121\172\331\147\266\147\204}{section.0.12}% 118
\BOOKMARK [2][-]{subsection.0.12.7}{\376\377\0005\000.\0001\000.\0004\000\040\000W\000e\000b\136\224\165\050\150\106\147\266\220\011\142\351}{section.0.12}% 119
\BOOKMARK [2][-]{subsection.0.12.8}{\376\377\147\054\202\202\140\073\176\323}{section.0.12}% 120
\BOOKMARK [1][-]{section.0.13}{\376\377\0005\000.\0002\000\040\000S\000p\000r\000i\000n\000g\000\040\000B\000o\000o\000t\117\001\116\032\176\247\137\000\123\321\150\106\147\266}{}% 121
\BOOKMARK [1][-]{section.0.14}{\376\377\0005\000.\0002\000\040\000S\000p\000r\000i\000n\000g\000\040\000B\000o\000o\000t\117\001\116\032\176\247\137\000\123\321\150\106\147\266}{}% 122
\BOOKMARK [2][-]{subsection.0.14.1}{\376\377\0005\000.\0002\000\040\133\146\116\140\166\356\150\007}{section.0.14}% 123
\BOOKMARK [2][-]{subsection.0.14.2}{\376\377\137\025\212\000}{section.0.14}% 124
\BOOKMARK [2][-]{subsection.0.14.3}{\376\377\0005\000.\0002\000.\0001\000\040\000S\000p\000r\000i\000n\000g\000\040\000B\000o\000o\000t\150\070\137\303\162\171\140\047}{section.0.14}% 125
\BOOKMARK [2][-]{subsection.0.14.4}{\376\377\0005\000.\0002\000.\0002\000\040\201\352\122\250\221\115\177\156\147\072\122\066\155\361\136\246\211\343\147\220}{section.0.14}% 126
\BOOKMARK [2][-]{subsection.0.14.5}{\376\377\0005\000.\0002\000.\0003\000\040\230\171\166\356\122\033\136\372\116\016\163\257\130\203\144\055\136\372}{section.0.14}% 127
\BOOKMARK [2][-]{subsection.0.14.6}{\376\377\0005\000.\0002\000.\0002\000\040\230\171\166\356\122\033\136\372\116\016\176\323\147\204\176\304\176\307}{section.0.14}% 128
\BOOKMARK [2][-]{subsection.0.14.7}{\376\377\0005\000.\0002\000.\0003\000\040\201\352\122\250\221\115\177\156\147\072\122\066\155\361\136\246\211\343\147\220}{section.0.14}% 129
\BOOKMARK [2][-]{subsection.0.14.8}{\376\377\0005\000.\0002\000.\0004\000\040\215\167\153\145\117\235\215\126\173\241\164\006\117\123\174\373}{section.0.14}% 130
\BOOKMARK [2][-]{subsection.0.14.9}{\376\377\0005\000.\0002\000.\0005\000\040\117\001\116\032\176\247\221\115\177\156\173\241\164\006\133\236\215\365}{section.0.14}% 131
\BOOKMARK [2][-]{subsection.0.14.10}{\376\377\0005\000.\0002\000.\0006\000\040\000S\000p\000r\000i\000n\000g\000\040\000B\000o\000o\000t\117\001\116\032\176\247\136\224\165\050\137\000\123\321\140\073\176\323\116\016\147\000\117\163\133\236\215\365}{section.0.14}% 132
\BOOKMARK [2][-]{subsection.0.14.11}{\376\377\147\054\202\202\140\073\176\323}{section.0.14}% 133
\BOOKMARK [1][-]{section.0.15}{\376\377\0005\000.\0003\000\040\117\235\215\126\154\350\121\145\116\016\143\247\122\066\123\315\217\154}{}% 134
\BOOKMARK [1][-]{section.0.16}{\376\377\0005\000.\0003\000\040\117\235\215\126\154\350\121\145\116\016\143\247\122\066\123\315\217\154}{}% 135
\BOOKMARK [2][-]{subsection.0.16.1}{\376\377\0005\000.\0003\000\040\133\146\116\140\166\356\150\007}{section.0.16}% 136
\BOOKMARK [2][-]{subsection.0.16.2}{\376\377\137\025\212\000}{section.0.16}% 137
\BOOKMARK [2][-]{subsection.0.16.3}{\376\377\0005\000.\0003\000.\0001\000\040\143\247\122\066\123\315\217\154\150\070\137\303\151\202\137\365}{section.0.16}% 138
\BOOKMARK [2][-]{subsection.0.16.4}{\376\377\0005\000.\0003\000.\0002\000\040\137\252\136\217\156\020\217\333\166\204\117\235\215\126\154\350\121\145\133\236\215\365}{section.0.16}% 139
\BOOKMARK [2][-]{subsection.0.16.5}{\376\377\0005\000.\0003\000.\0003\000\040\000B\000e\000a\000n\173\241\164\006\124\214\165\037\124\175\124\150\147\037}{section.0.16}% 140
\BOOKMARK [2][-]{subsection.0.16.6}{\376\377\0005\000.\0003\000.\0002\000\040\000S\000p\000r\000i\000n\000g\000\040\000I\000o\000C\133\271\126\150\155\361\136\246\211\343\147\220}{section.0.16}% 141
\BOOKMARK [2][-]{subsection.0.16.7}{\376\377\0005\000.\0003\000.\0003\000\040\117\235\215\126\154\350\121\145\166\204\133\236\163\260\145\271\137\017\116\016\147\000\117\163\133\236\215\365}{section.0.16}% 142
\BOOKMARK [2][-]{subsection.0.16.8}{\376\377\0005\000.\0003\000.\0004\000\040\154\350\211\343\232\161\122\250\137\000\123\321\166\204\133\236\163\260\147\072\122\066}{section.0.16}% 143
\BOOKMARK [2][-]{subsection.0.16.9}{\376\377\0005\000.\0003\000.\0005\000\040\000B\000e\000a\000n\165\037\124\175\124\150\147\037\173\241\164\006\116\016\215\104\156\220\143\247\122\066}{section.0.16}% 144
\BOOKMARK [2][-]{subsection.0.16.10}{\376\377\0005\000.\0003\000.\0004\000\040\133\236\226\105\136\224\165\050\127\072\146\157}{section.0.16}% 145
\BOOKMARK [2][-]{subsection.0.16.11}{\376\377\147\054\202\202\140\073\176\323}{section.0.16}% 146
\BOOKMARK [1][-]{section.0.17}{\376\377\0005\000.\0004\000\040\145\160\143\156\136\223\143\001\116\105\123\026\142\200\147\057}{}% 147
\BOOKMARK [2][-]{subsection.0.17.1}{\376\377\0005\000.\0004\000\040\0005\000.\0004\000.\0001\000\040\145\160\143\156\213\277\225\356\134\102\147\266\147\204\213\276\213\241\116\016\142\200\147\057\157\024\217\333}{section.0.17}% 148
\BOOKMARK [2][-]{subsection.0.17.2}{\376\377\0005\000.\0004\000.\0002\000\040\000S\000p\000r\000i\000n\000g\000\040\000D\000a\000t\000a\000\040\000J\000P\000A\150\070\137\303\147\072\122\066\155\361\136\246\211\343\147\220}{section.0.17}% 149
\BOOKMARK [2][-]{subsection.0.17.3}{\376\377\0005\000.\0004\000.\0003\000\040\116\213\122\241\173\241\164\006\147\072\122\066\116\016\145\160\143\156\116\000\201\364\140\047\117\335\226\234}{section.0.17}% 150
\BOOKMARK [2][-]{subsection.0.17.4}{\376\377\0005\000.\0004\000.\0004\000\040\117\001\116\032\176\247\145\160\143\156\136\372\152\041\133\236\215\365\116\016\117\030\123\026\173\126\165\145}{section.0.17}% 151
\BOOKMARK [1][-]{section.0.18}{\376\377\0005\000.\0005\000\040\124\016\123\360\147\015\122\241\213\276\213\241}{}% 152
\BOOKMARK [2][-]{subsection.0.18.1}{\376\377\0005\000.\0005\000\040\000R\000E\000S\000T\000f\000u\000l\000\040\000A\000P\000I\213\276\213\241\123\237\122\031\116\016\133\236\215\365}{section.0.18}% 153
\BOOKMARK [2][-]{subsection.0.18.2}{\376\377\147\015\122\241\134\102\147\266\147\204\213\276\213\241\147\000\117\163\133\236\215\365}{section.0.18}% 154
\BOOKMARK [2][-]{subsection.0.18.3}{\376\377\000S\000p\000r\000i\000n\000g\000\040\000S\000e\000c\000u\000r\000i\000t\000y\133\211\121\150\213\244\213\301\116\016\143\210\147\103}{section.0.18}% 155
\BOOKMARK [2][-]{subsection.0.18.4}{\376\377\137\002\136\070\131\004\164\006\116\016\145\345\137\327\213\260\137\125\173\126\165\145}{section.0.18}% 156
\BOOKMARK [1][-]{section.0.19}{\376\377\0005\000.\0006\000\040\000P\000y\000t\000h\000o\000n\117\001\116\032\176\247\000W\000e\000b\137\000\123\321\150\106\147\266}{}% 157
\BOOKMARK [2][-]{subsection.0.19.1}{\376\377\0005\000.\0006\000\040\0005\000.\0006\000.\0001\000\040\000P\000y\000t\000h\000o\000n\000\040\000W\000e\000b\150\106\147\266\142\200\147\057\162\171\202\162\116\016\117\001\116\032\136\224\165\050\116\367\120\074}{section.0.19}% 158
\BOOKMARK [2][-]{subsection.0.19.2}{\376\377\0005\000.\0006\000.\0002\000\040\000F\000l\000a\000s\000k\137\256\150\106\147\266\213\276\213\241\164\006\137\365\116\016\147\266\147\204\133\236\163\260}{section.0.19}% 159
\BOOKMARK [2][-]{subsection.0.19.3}{\376\377\0005\000.\0006\000.\0003\000\040\000D\000j\000a\000n\000g\000o\117\001\116\032\176\247\121\150\150\010\150\106\147\266\147\266\147\204\116\016\133\236\163\260\147\072\122\066}{section.0.19}% 160
\BOOKMARK [2][-]{subsection.0.19.4}{\376\377\0005\000.\0006\000.\0004\000\040\000F\000l\000a\000s\000k\116\016\000D\000j\000a\000n\000g\000o\117\001\116\032\176\247\136\224\165\050\133\371\153\324\122\006\147\220}{section.0.19}% 161
\BOOKMARK [2][-]{subsection.0.19.5}{\376\377\0005\000.\0006\000.\0005\000\040\000P\000y\000t\000h\000o\000n\000\040\000W\000e\000b\150\106\147\266\117\001\116\032\176\247\136\224\165\050\147\000\117\163\133\236\215\365}{section.0.19}% 162
\BOOKMARK [2][-]{subsection.0.19.6}{\376\377\0005\000.\0006\000.\0006\000\040\000P\000y\000t\000h\000o\000n\000\040\000W\000e\000b\150\106\147\266\142\200\147\057\220\011\127\213\143\007\133\374\116\016\123\321\134\125\215\213\122\277}{section.0.19}% 163
\BOOKMARK [2][-]{subsection.0.19.7}{\376\377\140\073\176\323\116\016\133\236\215\365\143\007\133\374}{section.0.19}% 164
\BOOKMARK [1][-]{section.0.20}{\376\377\173\054\121\155\172\340\000\040\145\160\143\156\131\004\164\006\116\016\173\227\154\325\133\236\163\260}{}% 165
\BOOKMARK [2][-]{subsection.0.20.1}{\376\377\133\146\116\140\166\356\150\007}{section.0.20}% 166
\BOOKMARK [2][-]{subsection.0.20.2}{\376\377\137\025\212\000}{section.0.20}% 167
\BOOKMARK [2][-]{subsection.0.20.3}{\376\377\147\054\172\340\134\017\202\202}{section.0.20}% 168
\BOOKMARK [2][-]{subsection.0.20.4}{\376\377\150\070\137\303\142\200\147\057}{section.0.20}% 169
\BOOKMARK [2][-]{subsection.0.20.5}{\376\377\142\200\147\057\135\345\121\167}{section.0.20}% 170
\BOOKMARK [2][-]{subsection.0.20.6}{\376\377\127\372\170\100\151\202\137\365}{section.0.20}% 171
\BOOKMARK [2][-]{subsection.0.20.7}{\376\377\133\236\215\365\150\110\117\213}{section.0.20}% 172
\BOOKMARK [2][-]{subsection.0.20.8}{\376\377\123\321\134\125\215\213\122\277}{section.0.20}% 173
\BOOKMARK [2][-]{subsection.0.20.9}{\376\377\0006\000.\0001\000\040\172\340\202\202\151\202\217\360}{section.0.20}% 174
\BOOKMARK [2][-]{subsection.0.20.10}{\376\377\0006\000.\0002\000\040\0006\000.\0001\000\040\116\011\176\364\127\072\146\157\142\200\147\057\151\202\217\360}{section.0.20}% 175
\BOOKMARK [2][-]{subsection.0.20.11}{\376\377\0006\000.\0003\000\040\0006\000.\0002\000\040\000G\000I\000S\127\060\126\376\147\015\122\241\136\224\165\050}{section.0.20}% 176
\BOOKMARK [2][-]{subsection.0.20.12}{\376\377\0006\000.\0004\000\040\0006\000.\0003\000\040\154\064\122\051\135\345\172\013\116\011\176\364\152\041\127\213\122\066\117\134}{section.0.20}% 177
\BOOKMARK [2][-]{subsection.0.20.13}{\376\377\0006\000.\0005\000\040\0006\000.\0004\000\040\120\076\145\234\144\104\137\161\142\200\147\057\136\224\165\050}{section.0.20}% 178
\BOOKMARK [2][-]{subsection.0.20.14}{\376\377\0006\000.\0006\000\040\0006\000.\0005\000\040\154\064\122\051\127\072\146\157\156\062\147\323\145\271\154\325}{section.0.20}% 179
\BOOKMARK [2][-]{subsection.0.20.15}{\376\377\0006\000.\0007\000\040\0006\000.\0007\000\040\145\160\133\127\133\152\165\037\142\200\147\057\127\050\146\172\141\147\154\064\122\051\116\055\166\204\136\224\165\050}{section.0.20}% 180
\BOOKMARK [2][-]{subsection.0.20.16}{\376\377\134\017\176\323}{section.0.20}% 181
\BOOKMARK [1][-]{section.0.21}{\376\377\173\054\116\003\172\340\000\040\174\373\176\337\226\306\142\020\116\016\220\350\177\162}{}% 182
\BOOKMARK [2][-]{subsection.0.21.1}{\376\377\133\146\116\140\166\356\150\007}{section.0.21}% 183
\BOOKMARK [2][-]{subsection.0.21.2}{\376\377\137\025\212\000}{section.0.21}% 184
\BOOKMARK [2][-]{subsection.0.21.3}{\376\377\147\054\172\340\176\323\147\204}{section.0.21}% 185
\BOOKMARK [2][-]{subsection.0.21.4}{\376\377\121\163\225\056\142\200\147\057\151\202\137\365}{section.0.21}% 186
\BOOKMARK [2][-]{subsection.0.21.5}{\376\377\142\200\147\057\133\236\163\260\211\201\160\271}{section.0.21}% 187
\BOOKMARK [2][-]{subsection.0.21.6}{\376\377\121\163\225\056\151\202\137\365\140\073\176\323}{section.0.21}% 188
\BOOKMARK [2][-]{subsection.0.21.7}{\376\377\142\200\147\057\211\201\160\271\126\336\230\176}{section.0.21}% 189
\BOOKMARK [2][-]{subsection.0.21.8}{\376\377\133\236\215\365\136\372\213\256}{section.0.21}% 190
\BOOKMARK [1][-]{section.0.22}{\376\377\0007\000.\0001\000\040\145\160\143\156\174\173\127\213\116\016\134\125\171\072\145\271\137\017}{}% 191
\BOOKMARK [2][-]{subsection.0.22.1}{\376\377\0007\000.\0001\000\040\133\146\116\140\166\356\150\007}{section.0.22}% 192
\BOOKMARK [2][-]{subsection.0.22.2}{\376\377\0007\000.\0001\000.\0001\000\040\154\064\122\051\166\321\155\113\145\160\143\156\122\006\174\173\117\123\174\373}{section.0.22}% 193
\BOOKMARK [2][-]{subsection.0.22.3}{\376\377\0007\000.\0001\000.\0002\000\040\133\236\145\366\145\160\143\156\116\016\123\206\123\362\145\160\143\156\131\004\164\006\147\072\122\066}{section.0.22}% 194
\BOOKMARK [2][-]{subsection.0.22.4}{\376\377\0007\000.\0001\000.\0003\000\040\145\160\143\156\215\050\221\317\150\300\232\214\116\016\137\002\136\070\120\074\131\004\164\006}{section.0.22}% 195
\BOOKMARK [2][-]{subsection.0.22.5}{\376\377\0007\000.\0001\000.\0004\000\040\131\032\156\220\137\002\147\204\145\160\143\156\150\007\121\306\123\026\116\016\207\215\124\010}{section.0.22}% 196
\BOOKMARK [1][-]{section.0.23}{\376\377\0007\000.\0002\000\040\145\160\143\156\126\376\210\150\134\125\171\072}{}% 197
\BOOKMARK [2][-]{subsection.0.23.1}{\376\377\0007\000.\0002\000\040\133\146\116\140\166\356\150\007}{section.0.23}% 198
\BOOKMARK [2][-]{subsection.0.23.2}{\376\377\0007\000.\0002\000.\0001\000\040\000C\000h\000a\000r\000t\000.\000j\000s\127\050\116\011\176\364\127\072\146\157\116\055\166\204\226\306\142\020}{section.0.23}% 199
\BOOKMARK [2][-]{subsection.0.23.3}{\376\377\0007\000.\0002\000.\0002\000\040\000E\000C\000h\000a\000r\000t\000s\232\330\176\247\126\376\210\150\226\306\142\020}{section.0.23}% 200
\BOOKMARK [2][-]{subsection.0.23.4}{\376\377\0007\000.\0002\000.\0003\000\040\145\366\136\217\145\160\143\156\166\204\122\250\140\001\123\357\211\306\123\026}{section.0.23}% 201
\BOOKMARK [2][-]{subsection.0.23.5}{\376\377\0007\000.\0002\000.\0004\000\040\124\315\136\224\137\017\126\376\210\150\116\016\171\373\122\250\172\357\220\002\221\115}{section.0.23}% 202
\BOOKMARK [1][-]{section.0.24}{\376\377\0007\000.\0003\000\040\116\011\176\364\127\072\146\157\116\055\166\204\166\321\155\113\160\271\176\330\122\066}{}% 203
\BOOKMARK [2][-]{subsection.0.24.1}{\376\377\0007\000.\0003\000\040\133\146\116\140\166\356\150\007}{section.0.24}% 204
\BOOKMARK [2][-]{subsection.0.24.2}{\376\377\0007\000.\0003\000.\0001\000\040\166\321\155\113\160\271\127\120\150\007\217\154\143\142\116\016\172\172\225\364\133\232\117\115}{section.0.24}% 205
\BOOKMARK [2][-]{subsection.0.24.3}{\376\377\0007\000.\0003\000.\0002\000\040\213\276\131\007\162\266\140\001\230\234\202\162\177\026\170\001\116\016\126\376\150\007\174\373\176\337}{section.0.24}% 206
\BOOKMARK [2][-]{subsection.0.24.4}{\376\377\0007\000.\0003\000.\0003\000\040\000L\000O\000D\142\200\147\057\127\050\166\321\155\113\160\271\156\062\147\323\116\055\166\204\136\224\165\050}{section.0.24}% 207
\BOOKMARK [2][-]{subsection.0.24.5}{\376\377\0007\000.\0003\000.\0004\000\040\166\321\155\113\160\271\200\132\124\010\116\016\122\006\134\102\146\076\171\072\173\126\165\145}{section.0.24}% 208
\BOOKMARK [1][-]{section.0.25}{\376\377\0007\000.\0004\000\040\166\321\155\113\160\271\116\222\122\250\116\016\142\376\123\326\142\200\147\057}{}% 209
\BOOKMARK [2][-]{subsection.0.25.1}{\376\377\0007\000.\0004\000\040\133\146\116\140\166\356\150\007}{section.0.25}% 210
\BOOKMARK [2][-]{subsection.0.25.2}{\376\377\0007\000.\0004\000.\0001\000\040\134\004\176\277\142\225\134\004\173\227\154\325\116\016\170\260\144\236\150\300\155\113}{section.0.25}% 211
\BOOKMARK [2][-]{subsection.0.25.3}{\376\377\0007\000.\0004\000.\0002\000\040\166\321\155\113\160\271\117\341\140\157\227\142\147\177\213\276\213\241\116\016\133\236\163\260}{section.0.25}% 212
\BOOKMARK [2][-]{subsection.0.25.4}{\376\377\0007\000.\0004\000.\0003\000\040\131\032\134\102\176\247\117\341\140\157\134\125\171\072\173\126\165\145}{section.0.25}% 213
\BOOKMARK [2][-]{subsection.0.25.5}{\376\377\0007\000.\0004\000.\0004\000\040\211\346\143\247\213\276\131\007\116\244\116\222\117\030\123\026}{section.0.25}% 214
\BOOKMARK [1][-]{section.0.26}{\376\377\173\054\121\153\172\340\000\040\140\047\200\375\117\030\123\026\116\016\166\321\143\247}{}% 215
\BOOKMARK [2][-]{subsection.0.26.1}{\376\377\133\146\116\140\166\356\150\007}{section.0.26}% 216
\BOOKMARK [2][-]{subsection.0.26.2}{\376\377\137\025\212\000}{section.0.26}% 217
\BOOKMARK [2][-]{subsection.0.26.3}{\376\377\147\054\172\340\176\323\147\204}{section.0.26}% 218
\BOOKMARK [2][-]{subsection.0.26.4}{\376\377\147\266\147\204\213\276\213\241\123\237\164\006}{section.0.26}% 219
\BOOKMARK [2][-]{subsection.0.26.5}{\376\377\0008\000.\0002\000.\0002\000\040\127\060\137\142\116\016\163\257\130\203\136\372\152\041}{section.0.26}% 220
\BOOKMARK [2][-]{subsection.0.26.6}{\376\377\0008\000.\0002\000.\0003\000\040\135\345\172\013\176\323\147\204\136\372\152\041}{section.0.26}% 221
\BOOKMARK [1][-]{section.0.27}{\376\377\173\054\116\011\202\202\000\040\166\321\155\113\145\160\143\156\131\004\164\006\116\016\134\125\171\072\152\041\127\127}{}% 222
\BOOKMARK [2][-]{subsection.0.27.1}{\376\377\0008\000.\0003\000\040\137\025\212\000}{section.0.27}% 223
\BOOKMARK [2][-]{subsection.0.27.2}{\376\377\0008\000.\0003\000.\0001\000\040\145\160\143\156\221\307\226\306\116\016\230\204\131\004\164\006}{section.0.27}% 224
\BOOKMARK [2][-]{subsection.0.27.3}{\376\377\0008\000.\0003\000.\0002\000\040\145\160\143\156\133\130\120\250\116\016\173\241\164\006}{section.0.27}% 225
\BOOKMARK [2][-]{subsection.0.27.4}{\376\377\134\017\176\323}{section.0.27}% 226
\BOOKMARK [1][-]{section.0.28}{\376\377\173\054\126\333\202\202\000\040\166\321\143\247\152\041\127\213\116\016\176\374\124\010\213\304\116\367\152\041\127\127}{}% 227
\BOOKMARK [2][-]{subsection.0.28.1}{\376\377\0008\000.\0004\000\040\137\025\212\000}{section.0.28}% 228
\BOOKMARK [2][-]{subsection.0.28.2}{\376\377\0008\000.\0004\000.\0001\000\040\131\032\176\247\133\211\121\150\213\304\116\367\117\123\174\373}{section.0.28}% 229
\BOOKMARK [2][-]{subsection.0.28.3}{\376\377\0008\000.\0004\000.\0002\000\040\136\224\140\045\124\315\136\224\121\263\173\126\174\373\176\337}{section.0.28}% 230
\BOOKMARK [2][-]{subsection.0.28.4}{\376\377\134\017\176\323}{section.0.28}% 231
\BOOKMARK [1][-]{section.0.29}{\376\377\173\054\116\224\202\202\000\040\174\373\176\337\226\306\142\020\116\016\217\320\176\364\173\241\164\006}{}% 232
\BOOKMARK [2][-]{subsection.0.29.1}{\376\377\0008\000.\0005\000\040\137\025\212\000}{section.0.29}% 233
\BOOKMARK [2][-]{subsection.0.29.2}{\376\377\133\146\116\140\166\356\150\007}{section.0.29}% 234
\BOOKMARK [2][-]{subsection.0.29.3}{\376\377\0008\000.\0005\000.\0001\000\040\174\373\176\337\147\266\147\204\117\030\123\026}{section.0.29}% 235
\BOOKMARK [2][-]{subsection.0.29.4}{\376\377\0008\000.\0005\000.\0002\000\040\217\320\176\364\166\321\143\247\117\123\174\373}{section.0.29}% 236
\BOOKMARK [2][-]{subsection.0.29.5}{\376\377\0008\000.\0005\000.\0003\000\040\201\352\122\250\123\026\217\320\176\364}{section.0.29}% 237
\BOOKMARK [2][-]{subsection.0.29.6}{\376\377\0008\000.\0005\000.\0004\000\040\145\105\226\234\131\004\164\006\116\016\140\142\131\015}{section.0.29}% 238
\BOOKMARK [2][-]{subsection.0.29.7}{\376\377\134\017\176\323}{section.0.29}% 239
\BOOKMARK [1][-]{section.0.30}{\376\377\173\054\116\135\172\340\000\040\230\171\166\356\173\241\164\006\116\016\126\342\226\037\123\117\117\134}{}% 240
