[2025-09-01 15:10:51,587] INFO: 发现 55 个 Markdown 文件
[2025-09-01 15:10:51,591] DEBUG: [preface] 前言.md: raw=1, cleaned=1
[2025-09-01 15:10:51,592] DEBUG: [chapter] chapter01.md: raw=1, cleaned=1
[2025-09-01 15:10:51,594] DEBUG: [section] section01-01.md: raw=1, cleaned=1
[2025-09-01 15:10:51,596] DEBUG: [section] section01-02.md: raw=1, cleaned=1
[2025-09-01 15:10:51,596] DEBUG: [section] section01-03.md: raw=1, cleaned=1
[2025-09-01 15:10:51,597] DEBUG: [chapter] chapter02.md: raw=1, cleaned=1
[2025-09-01 15:10:51,598] DEBUG: [section] section02-01.md: raw=1, cleaned=1
[2025-09-01 15:10:51,600] DEBUG: [section] section02-02.md: raw=1, cleaned=1
[2025-09-01 15:10:51,601] DEBUG: [section] section02-03.md: raw=1, cleaned=1
[2025-09-01 15:10:51,602] DEBUG: [section] section02-04.md: raw=1, cleaned=1
[2025-09-01 15:10:51,604] DEBUG: [section] section02-05.md: raw=1, cleaned=1
[2025-09-01 15:10:51,605] DEBUG: [section] section02-06.md: raw=1, cleaned=1
[2025-09-01 15:10:51,605] DEBUG: [chapter] chapter03.md: raw=1, cleaned=1
[2025-09-01 15:10:51,607] DEBUG: [section] section03-01.md: raw=1, cleaned=1
[2025-09-01 15:10:51,609] DEBUG: [section] section03-02.md: raw=1, cleaned=1
[2025-09-01 15:10:51,611] DEBUG: [section] section03-03.md: raw=1, cleaned=1
[2025-09-01 15:10:51,613] DEBUG: [section] section03-04.md: raw=1, cleaned=1
[2025-09-01 15:10:51,614] DEBUG: [section] section03-05.md: raw=1, cleaned=1
[2025-09-01 15:10:51,615] DEBUG: [section] section03-06.md: raw=1, cleaned=1
[2025-09-01 15:10:51,616] DEBUG: [section] section03-07.md: raw=1, cleaned=1
[2025-09-01 15:10:51,617] DEBUG: [chapter] chapter04.md: raw=1, cleaned=1
[2025-09-01 15:10:51,619] DEBUG: [section] section04-01.md: raw=1, cleaned=1
[2025-09-01 15:10:51,625] DEBUG: [section] section04-02.md: raw=1, cleaned=1
[2025-09-01 15:10:51,633] DEBUG: [section] section04-03.md: raw=1, cleaned=1
[2025-09-01 15:10:51,668] DEBUG: [section] section04-04.md: raw=1, cleaned=1
[2025-09-01 15:10:51,699] DEBUG: [section] section04-05.md: raw=1, cleaned=1
[2025-09-01 15:10:51,712] DEBUG: [section] section04-06.md: raw=1, cleaned=1
[2025-09-01 15:10:51,715] DEBUG: [section] section04-07.md: raw=1, cleaned=1
[2025-09-01 15:10:51,717] DEBUG: [chapter] chapter05.md: raw=1, cleaned=1
[2025-09-01 15:10:51,730] DEBUG: [section] section05-01.md: raw=6, cleaned=6
[2025-09-01 15:10:51,742] DEBUG: [section] section05-02.md: raw=1, cleaned=1
[2025-09-01 15:10:51,750] DEBUG: [section] section05-03.md: raw=1, cleaned=1
[2025-09-01 15:10:51,760] DEBUG: [section] section05-04.md: raw=1, cleaned=1
[2025-09-01 15:10:51,768] DEBUG: [section] section05-05.md: raw=1, cleaned=1
[2025-09-01 15:10:51,779] DEBUG: [section] section05-06.md: raw=3, cleaned=3
[2025-09-01 15:10:51,780] DEBUG: [chapter] chapter06.md: raw=1, cleaned=1
[2025-09-01 15:10:51,781] DEBUG: [section] section06-01.md: raw=1, cleaned=1
[2025-09-01 15:10:51,791] DEBUG: [section] section06-02.md: raw=1, cleaned=1
[2025-09-01 15:10:51,798] DEBUG: [section] section06-03.md: raw=1, cleaned=1
[2025-09-01 15:10:51,802] DEBUG: [section] section06-04.md: raw=1, cleaned=1
[2025-09-01 15:10:51,804] DEBUG: [section] section06-05.md: raw=1, cleaned=1
[2025-09-01 15:10:51,807] DEBUG: [section] section06-06.md: raw=1, cleaned=1
[2025-09-01 15:10:51,809] DEBUG: [section] section06-07.md: raw=1, cleaned=1
[2025-09-01 15:10:51,811] DEBUG: [chapter] chapter07.md: raw=1, cleaned=1
[2025-09-01 15:10:51,813] DEBUG: [section] section07-01.md: raw=1, cleaned=1
[2025-09-01 15:10:51,816] DEBUG: [section] section07-02.md: raw=1, cleaned=1
[2025-09-01 15:10:51,819] DEBUG: [section] section07-03.md: raw=1, cleaned=1
[2025-09-01 15:10:51,824] DEBUG: [section] section07-04.md: raw=1, cleaned=1
[2025-09-01 15:10:51,825] DEBUG: [chapter] chapter08.md: raw=1, cleaned=1
[2025-09-01 15:10:51,829] DEBUG: [section] section08-01.md: raw=1, cleaned=1
[2025-09-01 15:10:51,834] DEBUG: [section] section08-02.md: raw=2, cleaned=2
[2025-09-01 15:10:51,837] DEBUG: [section] section08-03.md: raw=1, cleaned=1
[2025-09-01 15:10:51,840] DEBUG: [section] section08-04.md: raw=1, cleaned=1
[2025-09-01 15:10:51,843] DEBUG: [section] section08-05.md: raw=1, cleaned=1
[2025-09-01 15:10:51,844] DEBUG: [chapter] chapter09.md: raw=1, cleaned=1
[2025-09-01 15:10:51,854] INFO: 合并完成，字符数=1204929
[2025-09-01 15:10:51,857] WARNING: 未从 merged.md 检测到图片引用，切换为目录扫描模式
[2025-09-01 15:10:51,863] INFO: 目录扫描模式复制完成: 0
[2025-09-01 15:10:51,911] DEBUG: RUN: pandoc E:\2025\教材\智慧水利平台架构与开发\publish\教材模板包\输出\temp_merged.md --from gfm+emoji+pipe_tables+fenced_divs+definition_lists --to latex --standalone --toc --top-level-division=chapter --metadata title=智慧水利平台架构与开发 --metadata author=教材编写组 --metadata documentclass=book --output E:\2025\教材\智慧水利平台架构与开发\publish\教材模板包\输出\教材.tex
[2025-09-01 15:10:54,215] INFO: Pandoc 成功（格式=gfm+emoji+pipe_tables+fenced_divs+definition_lists）
[2025-09-01 15:10:54,275] INFO: LaTeX 后处理完成
[2025-09-01 15:10:54,276] DEBUG: RUN: xelatex --version
[2025-09-01 15:10:54,842] DEBUG: STDOUT: XeTeX 3.141592653-2.6-0.999996 (TeX Live 2024)
kpathsea version 6.4.0
Copyright 2024 SIL International, Jonathan Kew and Khaled Hosny.
There is NO warranty.  Redistribution of this software is
covered by the terms of both the XeTeX copyright and
the Lesser GNU General Public License.
For more information about these matters, see the file
named COPYING and the XeTeX source.
Primary author of XeTeX: Jonathan Kew.
Compiled with ICU version 74.2; using 74.2
Compiled with zlib version 1.3.1; using 1.3.1
Compiled with FreeType2 version 2.13.2; using 2.13.2
Compiled with Graphite2 version 1.3.14; using 1.3.14
Compiled with HarfBuzz version 8.3.0; using 8.3.0
Compiled with libpng version 1.6.43; using 1.6.43
Compiled with pplib version v2.2
Compiled with fontconfig version 2.15.0; using 2.15.0

[2025-09-01 15:10:54,843] INFO: LaTeX 第 1 次编译（xelatex）
[2025-09-01 15:11:29,430] INFO: LaTeX 第 2 次编译（xelatex）
[2025-09-01 15:12:06,579] INFO: PDF 生成完成: E:\2025\教材\智慧水利平台架构与开发\publish\教材模板包\输出\教材.pdf
[2025-09-01 15:12:06,720] INFO: HEALTH: chapters=0, sections=54
