2025-09-05 18:50:04,881 - TextbookConverter - INFO - 转换器初始化完成
2025-09-05 18:50:04,883 - TextbookConverter - INFO - 项目根目录: .
2025-09-05 18:50:04,883 - TextbookConverter - INFO - 文档目录: docs
2025-09-05 18:50:04,884 - TextbookConverter - INFO - LaTeX输出目录: publish/latex
2025-09-05 18:50:04,884 - TextbookConverter - INFO - ============================================================
2025-09-05 18:50:04,884 - TextbookConverter - INFO - 智慧水利教材转换器 - 改进版
2025-09-05 18:50:04,884 - TextbookConverter - INFO - ============================================================
2025-09-05 18:50:04,885 - TextbookConverter - INFO - 🚀 开始教材转换流程
2025-09-05 18:50:04,908 - TextbookConverter - INFO - 发现 1 个章节目录
2025-09-05 18:50:04,909 - TextbookConverter - INFO - 转换第6章: chapter06
2025-09-05 18:50:04,920 - TextbookConverter - INFO - ✅ 第6章转换完成
2025-09-05 18:50:04,921 - TextbookConverter - INFO - 处理图片文件...
2025-09-05 18:50:06,670 - TextbookConverter - INFO - 复制了 34 张图片
2025-09-05 18:50:06,671 - TextbookConverter - INFO - ✅ 所有章节转换完成
2025-09-05 18:50:06,671 - TextbookConverter - INFO - 🔨 开始构建LaTeX文档...
2025-09-05 18:50:06,672 - TextbookConverter - INFO - 执行命令: xelatex main.tex
2025-09-05 18:50:07,104 - TextbookConverter - ERROR - LaTeX构建失败: 
2025-09-05 18:50:07,105 - TextbookConverter - ERROR - LaTeX构建失败
2025-09-05 18:53:21,083 - TextbookConverter - INFO - 转换器初始化完成
2025-09-05 18:53:21,084 - TextbookConverter - INFO - 项目根目录: .
2025-09-05 18:53:21,084 - TextbookConverter - INFO - 文档目录: docs
2025-09-05 18:53:21,084 - TextbookConverter - INFO - LaTeX输出目录: publish/latex
2025-09-05 18:53:21,085 - TextbookConverter - INFO - ============================================================
2025-09-05 18:53:21,085 - TextbookConverter - INFO - 智慧水利教材转换器 - 改进版
2025-09-05 18:53:21,085 - TextbookConverter - INFO - ============================================================
2025-09-05 18:53:21,086 - TextbookConverter - INFO - 🚀 开始教材转换流程
2025-09-05 18:53:21,127 - TextbookConverter - INFO - 发现 1 个章节目录
2025-09-05 18:53:21,128 - TextbookConverter - INFO - 转换第6章: chapter06
2025-09-05 18:53:21,148 - TextbookConverter - INFO - ✅ 第6章转换完成
2025-09-05 18:53:21,149 - TextbookConverter - INFO - 处理图片文件...
2025-09-05 18:53:22,268 - TextbookConverter - INFO - 复制了 34 张图片
2025-09-05 18:53:22,268 - TextbookConverter - INFO - ✅ 所有章节转换完成
2025-09-05 18:53:22,269 - TextbookConverter - INFO - 🔨 开始构建LaTeX文档...
2025-09-05 18:53:22,269 - TextbookConverter - INFO - 执行命令: xelatex main.tex
2025-09-05 18:53:22,645 - TextbookConverter - ERROR - LaTeX构建失败: 
2025-09-05 18:53:22,646 - TextbookConverter - ERROR - LaTeX构建失败
2025-09-05 21:37:17,010 - TextbookConverter - INFO - 转换器初始化完成
2025-09-05 21:37:17,010 - TextbookConverter - INFO - 项目根目录: .
2025-09-05 21:37:17,011 - TextbookConverter - INFO - 文档目录: docs
2025-09-05 21:37:17,011 - TextbookConverter - INFO - LaTeX输出目录: publish/latex
2025-09-05 21:37:17,011 - TextbookConverter - INFO - ============================================================
2025-09-05 21:37:17,011 - TextbookConverter - INFO - 智慧水利教材转换器 - 改进版
2025-09-05 21:37:17,012 - TextbookConverter - INFO - ============================================================
2025-09-05 21:37:17,012 - TextbookConverter - INFO - 🚀 开始教材转换流程
2025-09-05 21:37:17,037 - TextbookConverter - INFO - 发现 1 个章节目录
2025-09-05 21:37:17,039 - TextbookConverter - INFO - 转换第6章: chapter06
2025-09-05 21:37:17,049 - TextbookConverter - INFO - ✅ 第6章转换完成
2025-09-05 21:37:17,050 - TextbookConverter - INFO - 处理图片文件...
2025-09-05 21:37:19,163 - TextbookConverter - INFO - 复制了 34 张图片
2025-09-05 21:37:19,164 - TextbookConverter - INFO - ✅ 所有章节转换完成
2025-09-05 21:37:19,164 - TextbookConverter - INFO - 🔨 开始构建LaTeX文档...
2025-09-05 21:37:19,165 - TextbookConverter - INFO - 执行命令: xelatex main.tex
2025-09-05 21:37:19,496 - TextbookConverter - ERROR - LaTeX构建失败: 
2025-09-05 21:37:19,497 - TextbookConverter - ERROR - LaTeX构建失败
2025-09-05 21:38:59,602 - TextbookConverter - INFO - 转换器初始化完成
2025-09-05 21:38:59,602 - TextbookConverter - INFO - 项目根目录: .
2025-09-05 21:38:59,603 - TextbookConverter - INFO - 文档目录: docs
2025-09-05 21:38:59,603 - TextbookConverter - INFO - LaTeX输出目录: output
2025-09-05 21:38:59,603 - TextbookConverter - INFO - ============================================================
2025-09-05 21:38:59,603 - TextbookConverter - INFO - 智慧水利教材转换器 - 改进版
2025-09-05 21:38:59,603 - TextbookConverter - INFO - ============================================================
2025-09-05 21:38:59,604 - TextbookConverter - INFO - 🚀 开始教材转换流程
2025-09-05 21:38:59,628 - TextbookConverter - INFO - 发现 1 个章节目录
2025-09-05 21:38:59,630 - TextbookConverter - INFO - 转换第6章: chapter06
2025-09-05 21:38:59,659 - TextbookConverter - INFO - ✅ 第6章转换完成
2025-09-05 21:38:59,660 - TextbookConverter - INFO - 处理图片文件...
2025-09-05 21:39:00,949 - TextbookConverter - INFO - 复制了 34 张图片
2025-09-05 21:39:00,950 - TextbookConverter - INFO - ✅ 所有章节转换完成
2025-09-05 21:39:00,950 - TextbookConverter - INFO - 🔨 开始构建LaTeX文档...
2025-09-05 21:39:00,950 - TextbookConverter - INFO - 执行命令: xelatex main.tex
2025-09-05 21:39:03,211 - TextbookConverter - INFO - LaTeX命令执行成功
2025-09-05 21:39:03,212 - TextbookConverter - INFO - 执行命令: xelatex main.tex
2025-09-05 21:39:05,777 - TextbookConverter - INFO - LaTeX命令执行成功
2025-09-05 21:39:05,778 - TextbookConverter - ERROR - PDF文件未生成
2025-09-05 21:39:05,778 - TextbookConverter - ERROR - LaTeX构建失败
2025-09-05 21:48:32,516 - TextbookConverter - INFO - 转换器初始化完成
2025-09-05 21:48:32,516 - TextbookConverter - INFO - 项目根目录: .
2025-09-05 21:48:32,517 - TextbookConverter - INFO - 文档目录: docs
2025-09-05 21:48:32,517 - TextbookConverter - INFO - LaTeX输出目录: output
2025-09-05 21:48:32,517 - TextbookConverter - INFO - ============================================================
2025-09-05 21:48:32,517 - TextbookConverter - INFO - 智慧水利教材转换器 - 改进版
2025-09-05 21:48:32,517 - TextbookConverter - INFO - ============================================================
2025-09-05 21:48:32,518 - TextbookConverter - INFO - 🚀 开始教材转换流程
2025-09-05 21:48:32,551 - TextbookConverter - INFO - 发现 1 个章节目录
2025-09-05 21:48:32,552 - TextbookConverter - INFO - 转换第6章: chapter06
2025-09-05 21:48:32,564 - TextbookConverter - INFO - ✅ 第6章转换完成
2025-09-05 21:48:32,564 - TextbookConverter - INFO - 处理图片文件...
2025-09-05 21:48:33,760 - TextbookConverter - INFO - 复制了 34 张图片
2025-09-05 21:48:33,760 - TextbookConverter - INFO - ✅ 所有章节转换完成
2025-09-05 21:48:33,761 - TextbookConverter - INFO - 🔨 开始构建LaTeX文档...
2025-09-05 21:48:33,761 - TextbookConverter - INFO - 执行命令: xelatex main.tex
2025-09-05 21:48:36,214 - TextbookConverter - INFO - LaTeX命令执行成功
2025-09-05 21:48:36,214 - TextbookConverter - INFO - 执行命令: xelatex main.tex
2025-09-05 21:48:38,551 - TextbookConverter - INFO - LaTeX命令执行成功
2025-09-05 21:48:38,551 - TextbookConverter - INFO - 检查PDF路径: output/main.pdf
2025-09-05 21:48:38,552 - TextbookConverter - INFO - 绝对路径: /mnt/e/2025/教材/智慧水利平台架构与开发/tools/output/output/main.pdf
2025-09-05 21:48:38,553 - TextbookConverter - INFO - 文件是否存在: False
2025-09-05 21:48:38,553 - TextbookConverter - ERROR - PDF文件未生成
2025-09-05 21:48:38,554 - TextbookConverter - ERROR - LaTeX构建失败
2025-09-05 21:50:15,487 - TextbookConverter - INFO - 转换器初始化完成
2025-09-05 21:50:15,487 - TextbookConverter - INFO - 项目根目录: .
2025-09-05 21:50:15,488 - TextbookConverter - INFO - 文档目录: docs
2025-09-05 21:50:15,488 - TextbookConverter - INFO - LaTeX输出目录: output
2025-09-05 21:50:15,488 - TextbookConverter - INFO - ============================================================
2025-09-05 21:50:15,488 - TextbookConverter - INFO - 智慧水利教材转换器 - 改进版
2025-09-05 21:50:15,489 - TextbookConverter - INFO - ============================================================
2025-09-05 21:50:15,489 - TextbookConverter - INFO - 🚀 开始教材转换流程
2025-09-05 21:50:15,516 - TextbookConverter - INFO - 发现 1 个章节目录
2025-09-05 21:50:15,517 - TextbookConverter - INFO - 转换第6章: chapter06
2025-09-05 21:50:15,529 - TextbookConverter - INFO - ✅ 第6章转换完成
2025-09-05 21:50:15,530 - TextbookConverter - INFO - 处理图片文件...
2025-09-05 21:50:16,574 - TextbookConverter - INFO - 复制了 34 张图片
2025-09-05 21:50:16,575 - TextbookConverter - INFO - ✅ 所有章节转换完成
2025-09-05 21:50:16,575 - TextbookConverter - INFO - 🔨 开始构建LaTeX文档...
2025-09-05 21:50:16,576 - TextbookConverter - INFO - 执行命令: xelatex main.tex
2025-09-05 21:50:19,388 - TextbookConverter - INFO - LaTeX命令执行成功
2025-09-05 21:50:19,389 - TextbookConverter - INFO - 执行命令: xelatex main.tex
2025-09-05 21:50:22,135 - TextbookConverter - INFO - LaTeX命令执行成功
2025-09-05 21:50:22,137 - TextbookConverter - INFO - 检查PDF路径: main.pdf
2025-09-05 21:50:22,138 - TextbookConverter - INFO - 绝对路径: /mnt/e/2025/教材/智慧水利平台架构与开发/tools/output/main.pdf
2025-09-05 21:50:22,140 - TextbookConverter - INFO - 文件是否存在: True
2025-09-05 21:50:22,141 - TextbookConverter - INFO - ✅ PDF构建成功: main.pdf (392,628 bytes)
2025-09-05 21:50:22,142 - TextbookConverter - INFO - 🎉 完整转换流程完成！
2025-09-05 23:07:31,734 - TextbookConverter - INFO - 转换器初始化完成
2025-09-05 23:07:32,086 - TextbookConverter - INFO - 项目根目录: .
2025-09-05 23:07:32,087 - TextbookConverter - INFO - 文档目录: docs
2025-09-05 23:07:32,087 - TextbookConverter - INFO - LaTeX输出目录: output
2025-09-05 23:07:32,088 - TextbookConverter - INFO - ============================================================
2025-09-05 23:07:32,088 - TextbookConverter - INFO - 智慧水利教材转换器 - 改进版
2025-09-05 23:07:32,088 - TextbookConverter - INFO - ============================================================
2025-09-05 23:07:32,089 - TextbookConverter - INFO - 🚀 开始教材转换流程
2025-09-05 23:07:32,120 - TextbookConverter - INFO - 发现 1 个章节目录
2025-09-05 23:07:32,122 - TextbookConverter - INFO - 转换第6章: chapter06
2025-09-05 23:07:32,137 - TextbookConverter - INFO - ✅ 第6章转换完成
2025-09-05 23:07:32,138 - TextbookConverter - INFO - 处理图片文件...
2025-09-05 23:07:33,715 - TextbookConverter - INFO - 复制了 34 张图片
2025-09-05 23:07:33,716 - TextbookConverter - INFO - ✅ 所有章节转换完成
2025-09-05 23:07:33,716 - TextbookConverter - INFO - 🔨 开始构建LaTeX文档...
2025-09-05 23:07:33,717 - TextbookConverter - INFO - 执行命令: xelatex main.tex
2025-09-05 23:07:36,521 - TextbookConverter - INFO - LaTeX命令执行成功
2025-09-05 23:07:36,521 - TextbookConverter - INFO - 执行命令: xelatex main.tex
2025-09-05 23:07:38,755 - TextbookConverter - INFO - LaTeX命令执行成功
2025-09-05 23:07:38,756 - TextbookConverter - INFO - 检查PDF路径: main.pdf
2025-09-05 23:07:38,757 - TextbookConverter - INFO - 绝对路径: /mnt/e/2025/教材/智慧水利平台架构与开发/tools/output/main.pdf
2025-09-05 23:07:38,758 - TextbookConverter - INFO - 文件是否存在: True
2025-09-05 23:07:38,760 - TextbookConverter - INFO - ✅ PDF构建成功: main.pdf (392,624 bytes)
2025-09-05 23:07:38,761 - TextbookConverter - INFO - 🎉 完整转换流程完成！
2025-09-05 23:10:32,781 - TextbookConverter - INFO - 转换器初始化完成
2025-09-05 23:10:32,782 - TextbookConverter - INFO - 项目根目录: .
2025-09-05 23:10:32,782 - TextbookConverter - INFO - 文档目录: ../docs
2025-09-05 23:10:32,782 - TextbookConverter - INFO - LaTeX输出目录: output
2025-09-05 23:10:32,782 - TextbookConverter - INFO - ============================================================
2025-09-05 23:10:32,782 - TextbookConverter - INFO - 智慧水利教材转换器 - 改进版
2025-09-05 23:10:32,783 - TextbookConverter - INFO - ============================================================
2025-09-05 23:10:32,783 - TextbookConverter - INFO - 🚀 开始教材转换流程
2025-09-05 23:10:32,849 - TextbookConverter - INFO - 发现 9 个章节目录
2025-09-05 23:10:32,850 - TextbookConverter - INFO - 转换前言...
2025-09-05 23:10:33,285 - TextbookConverter - INFO - 转换第1章: chapter01
2025-09-05 23:10:33,293 - TextbookConverter - INFO -   处理主文件: chapter01.md
2025-09-05 23:10:33,315 - TextbookConverter - INFO -   处理节文件: section01-01.md
2025-09-05 23:10:33,370 - TextbookConverter - INFO -   处理节文件: section01-02.md
2025-09-05 23:10:33,436 - TextbookConverter - INFO -   处理节文件: section01-03.md
2025-09-05 23:10:33,488 - TextbookConverter - INFO - ✅ 第1章转换完成
2025-09-05 23:10:33,488 - TextbookConverter - INFO - 转换第2章: chapter02
2025-09-05 23:10:33,496 - TextbookConverter - INFO -   处理主文件: chapter02.md
2025-09-05 23:10:33,526 - TextbookConverter - INFO -   处理节文件: section02-01.md
2025-09-05 23:10:33,547 - TextbookConverter - INFO -   处理节文件: section02-02.md
2025-09-05 23:10:33,599 - TextbookConverter - INFO -   处理节文件: section02-03.md
2025-09-05 23:10:33,653 - TextbookConverter - INFO -   处理节文件: section02-04.md
2025-09-05 23:10:33,673 - TextbookConverter - INFO -   处理节文件: section02-05.md
2025-09-05 23:10:33,735 - TextbookConverter - INFO -   处理节文件: section02-06.md
2025-09-05 23:10:33,783 - TextbookConverter - INFO - ✅ 第2章转换完成
2025-09-05 23:10:33,783 - TextbookConverter - INFO - 转换第3章: chapter03
2025-09-05 23:10:33,790 - TextbookConverter - INFO -   处理主文件: chapter03.md
2025-09-05 23:10:33,810 - TextbookConverter - INFO -   处理节文件: section03-01.md
2025-09-05 23:10:33,864 - TextbookConverter - INFO -   处理节文件: section03-02.md
2025-09-05 23:10:33,918 - TextbookConverter - INFO -   处理节文件: section03-03.md
2025-09-05 23:10:33,970 - TextbookConverter - INFO -   处理节文件: section03-04.md
2025-09-05 23:10:34,022 - TextbookConverter - INFO -   处理节文件: section03-05.md
2025-09-05 23:10:34,053 - TextbookConverter - INFO -   处理节文件: section03-06.md
2025-09-05 23:10:34,105 - TextbookConverter - INFO -   处理节文件: section03-07.md
2025-09-05 23:10:34,190 - TextbookConverter - INFO - ✅ 第3章转换完成
2025-09-05 23:10:34,190 - TextbookConverter - INFO - 转换第4章: chapter04
2025-09-05 23:10:34,195 - TextbookConverter - INFO -   处理主文件: chapter04.md
2025-09-05 23:10:34,237 - TextbookConverter - INFO -   处理节文件: section04-01.md
2025-09-05 23:10:34,269 - TextbookConverter - INFO -   处理节文件: section04-02.md
2025-09-05 23:10:34,325 - TextbookConverter - INFO -   处理节文件: section04-03.md
2025-09-05 23:10:34,383 - TextbookConverter - INFO -   处理节文件: section04-04.md
2025-09-05 23:10:34,484 - TextbookConverter - INFO -   处理节文件: section04-05.md
2025-09-05 23:10:34,586 - TextbookConverter - INFO -   处理节文件: section04-06.md
2025-09-05 23:10:34,786 - TextbookConverter - INFO -   处理节文件: section04-07.md
2025-09-05 23:10:34,903 - TextbookConverter - INFO - ✅ 第4章转换完成
2025-09-05 23:10:34,903 - TextbookConverter - INFO - 转换第5章: chapter05
2025-09-05 23:10:34,906 - TextbookConverter - INFO -   处理主文件: chapter05.md
2025-09-05 23:10:34,956 - TextbookConverter - INFO -   处理节文件: section05-01.md
2025-09-05 23:10:35,055 - TextbookConverter - INFO -   处理节文件: section05-02.md
2025-09-05 23:10:35,123 - TextbookConverter - INFO -   处理节文件: section05-03.md
2025-09-05 23:10:35,188 - TextbookConverter - INFO -   处理节文件: section05-04.md
2025-09-05 23:10:35,281 - TextbookConverter - INFO -   处理节文件: section05-05.md
2025-09-05 23:10:35,336 - TextbookConverter - INFO -   处理节文件: section05-06.md
2025-09-05 23:10:35,443 - TextbookConverter - INFO - ✅ 第5章转换完成
2025-09-05 23:10:35,443 - TextbookConverter - INFO - 转换第6章: chapter06
2025-09-05 23:10:35,448 - TextbookConverter - INFO -   处理主文件: chapter06.md
2025-09-05 23:10:35,495 - TextbookConverter - INFO -   处理节文件: section06-01.md
2025-09-05 23:10:35,515 - TextbookConverter - INFO -   处理节文件: section06-02.md
2025-09-05 23:10:35,656 - TextbookConverter - INFO -   处理节文件: section06-03.md
2025-09-05 23:10:36,299 - TextbookConverter - INFO -   处理节文件: section06-04.md
2025-09-05 23:10:36,361 - TextbookConverter - INFO -   处理节文件: section06-05.md
2025-09-05 23:10:36,415 - TextbookConverter - INFO -   处理节文件: section06-06.md
2025-09-05 23:10:36,479 - TextbookConverter - INFO -   处理节文件: section06-07.md
2025-09-05 23:10:36,554 - TextbookConverter - INFO - ✅ 第6章转换完成
2025-09-05 23:10:36,555 - TextbookConverter - INFO - 转换第7章: chapter07
2025-09-05 23:10:36,561 - TextbookConverter - INFO -   处理主文件: chapter07.md
2025-09-05 23:10:36,616 - TextbookConverter - INFO -   处理节文件: section07-01.md
2025-09-05 23:10:36,688 - TextbookConverter - INFO -   处理节文件: section07-02.md
2025-09-05 23:10:36,761 - TextbookConverter - INFO -   处理节文件: section07-03.md
2025-09-05 23:10:36,821 - TextbookConverter - INFO -   处理节文件: section07-04.md
2025-09-05 23:10:36,904 - TextbookConverter - INFO - ✅ 第7章转换完成
2025-09-05 23:10:36,904 - TextbookConverter - INFO - 转换第8章: chapter08
2025-09-05 23:10:36,909 - TextbookConverter - INFO -   处理主文件: chapter08.md
2025-09-05 23:10:36,959 - TextbookConverter - INFO -   处理节文件: section08-01.md
2025-09-05 23:10:37,051 - TextbookConverter - INFO -   处理节文件: section08-02.md
2025-09-05 23:10:37,136 - TextbookConverter - INFO -   处理节文件: section08-03.md
2025-09-05 23:10:37,201 - TextbookConverter - INFO -   处理节文件: section08-04.md
2025-09-05 23:10:37,254 - TextbookConverter - INFO -   处理节文件: section08-05.md
2025-09-05 23:10:37,339 - TextbookConverter - INFO - ✅ 第8章转换完成
2025-09-05 23:10:37,340 - TextbookConverter - INFO - 转换第9章: chapter09
2025-09-05 23:10:37,347 - TextbookConverter - INFO -   处理主文件: chapter09.md
2025-09-05 23:10:37,385 - TextbookConverter - INFO - ✅ 第9章转换完成
2025-09-05 23:10:37,385 - TextbookConverter - INFO - 处理图片文件...
2025-09-05 23:10:40,092 - TextbookConverter - INFO - 复制了 83 张图片
2025-09-05 23:10:40,092 - TextbookConverter - INFO - ✅ 所有章节转换完成
2025-09-05 23:10:40,093 - TextbookConverter - INFO - 🔨 开始构建LaTeX文档...
2025-09-05 23:10:40,093 - TextbookConverter - INFO - 执行命令: xelatex main.tex
2025-09-05 23:10:42,329 - TextbookConverter - ERROR - LaTeX构建失败: 
2025-09-05 23:10:42,330 - TextbookConverter - ERROR - LaTeX构建失败
