2025-09-01 15:43:42,314 - INFO - 初始化完成 - 源目录: D:\Projects\教材\智慧水利平台架构与开发\docs, 输出目录: D:\Projects\教材\智慧水利平台架构与开发\publish\教材模板包\输出
2025-09-01 15:43:42,315 - INFO - ============================================================
2025-09-01 15:43:42,315 - INFO - 开始智慧水利教材转换 v6.0
2025-09-01 15:43:42,315 - INFO - ============================================================
2025-09-01 15:43:42,315 - INFO - 发现前言: 前言.md
2025-09-01 15:43:42,316 - INFO - 发现章节: chapter01.md
2025-09-01 15:43:42,316 - INFO - 发现小节: section01-01.md
2025-09-01 15:43:42,317 - INFO - 发现小节: section01-02.md
2025-09-01 15:43:42,318 - INFO - 发现小节: section01-03.md
2025-09-01 15:43:42,319 - INFO - 发现章节: chapter02.md
2025-09-01 15:43:42,319 - INFO - 发现小节: section02-01.md
2025-09-01 15:43:42,319 - INFO - 发现小节: section02-02.md
2025-09-01 15:43:42,320 - INFO - 发现小节: section02-03.md
2025-09-01 15:43:42,320 - INFO - 发现小节: section02-04.md
2025-09-01 15:43:42,320 - INFO - 发现小节: section02-05.md
2025-09-01 15:43:42,320 - INFO - 发现小节: section02-06.md
2025-09-01 15:43:42,321 - INFO - 发现章节: chapter03.md
2025-09-01 15:43:42,322 - INFO - 发现小节: section03-01.md
2025-09-01 15:43:42,322 - INFO - 发现小节: section03-02.md
2025-09-01 15:43:42,323 - INFO - 发现小节: section03-03.md
2025-09-01 15:43:42,323 - INFO - 发现小节: section03-04.md
2025-09-01 15:43:42,323 - INFO - 发现小节: section03-05.md
2025-09-01 15:43:42,323 - INFO - 发现小节: section03-06.md
2025-09-01 15:43:42,323 - INFO - 发现小节: section03-07.md
2025-09-01 15:43:42,324 - INFO - 发现章节: chapter04.md
2025-09-01 15:43:42,325 - INFO - 发现小节: section04-01.md
2025-09-01 15:43:42,326 - INFO - 发现小节: section04-02.md
2025-09-01 15:43:42,326 - INFO - 发现小节: section04-03.md
2025-09-01 15:43:42,326 - INFO - 发现小节: section04-04.md
2025-09-01 15:43:42,326 - INFO - 发现小节: section04-05.md
2025-09-01 15:43:42,327 - INFO - 发现小节: section04-06.md
2025-09-01 15:43:42,327 - INFO - 发现小节: section04-07.md
2025-09-01 15:43:42,327 - INFO - 发现章节: chapter05.md
2025-09-01 15:43:42,328 - INFO - 发现小节: section05-01.md
2025-09-01 15:43:42,328 - INFO - 发现小节: section05-02.md
2025-09-01 15:43:42,328 - INFO - 发现小节: section05-03.md
2025-09-01 15:43:42,328 - INFO - 发现小节: section05-04.md
2025-09-01 15:43:42,328 - INFO - 发现小节: section05-05.md
2025-09-01 15:43:42,328 - INFO - 发现小节: section05-06.md
2025-09-01 15:43:42,344 - INFO - 发现章节: chapter06.md
2025-09-01 15:43:42,344 - INFO - 发现小节: section06-01.md
2025-09-01 15:43:42,345 - INFO - 发现小节: section06-02.md
2025-09-01 15:43:42,345 - INFO - 发现小节: section06-03.md
2025-09-01 15:43:42,345 - INFO - 发现小节: section06-04.md
2025-09-01 15:43:42,346 - INFO - 发现小节: section06-05.md
2025-09-01 15:43:42,346 - INFO - 发现小节: section06-06.md
2025-09-01 15:43:42,347 - INFO - 发现小节: section06-07.md
2025-09-01 15:43:42,348 - INFO - 发现章节: chapter07.md
2025-09-01 15:43:42,348 - INFO - 发现小节: section07-01.md
2025-09-01 15:43:42,348 - INFO - 发现小节: section07-02.md
2025-09-01 15:43:42,348 - INFO - 发现小节: section07-03.md
2025-09-01 15:43:42,348 - INFO - 发现小节: section07-04.md
2025-09-01 15:43:42,349 - INFO - 发现章节: chapter08.md
2025-09-01 15:43:42,350 - INFO - 发现小节: section08-01.md
2025-09-01 15:43:42,350 - INFO - 发现小节: section08-02.md
2025-09-01 15:43:42,351 - INFO - 发现小节: section08-03.md
2025-09-01 15:43:42,351 - INFO - 发现小节: section08-04.md
2025-09-01 15:43:42,351 - INFO - 发现小节: section08-05.md
2025-09-01 15:43:42,352 - INFO - 发现章节: chapter09.md
2025-09-01 15:43:42,352 - INFO - 发现附录: appendixA.md
2025-09-01 15:43:42,352 - INFO - 发现附录: appendixB.md
2025-09-01 15:43:42,353 - INFO - 发现附录: appendixC.md
2025-09-01 15:43:42,353 - INFO - 总共发现 58 个文件
2025-09-01 15:43:42,374 - INFO - 复制了 0 个图片文件
2025-09-01 15:43:43,478 - INFO - 创建了占位符图片
2025-09-01 15:43:43,478 - INFO - 处理文件: 前言.md (preface)
2025-09-01 15:43:43,489 - INFO - 清理文件 前言.md: 3006 -> 3006 字符 (减少 0)
2025-09-01 15:43:43,489 - INFO - 处理文件: chapter01.md (chapter)
2025-09-01 15:43:43,499 - INFO - 清理文件 chapter01.md: 1149 -> 1155 字符 (减少 -6)
2025-09-01 15:43:43,500 - INFO - 处理文件: section01-01.md (section)
2025-09-01 15:43:43,514 - INFO - 清理文件 section01-01.md: 8577 -> 7493 字符 (减少 1084)
2025-09-01 15:43:43,514 - INFO - 处理文件: section01-02.md (section)
2025-09-01 15:43:43,524 - INFO - 清理文件 section01-02.md: 9948 -> 5325 字符 (减少 4623)
2025-09-01 15:43:43,524 - INFO - 处理文件: section01-03.md (section)
2025-09-01 15:43:43,532 - INFO - 清理文件 section01-03.md: 2064 -> 1939 字符 (减少 125)
2025-09-01 15:43:43,533 - INFO - 处理文件: chapter02.md (chapter)
2025-09-01 15:43:43,541 - INFO - 清理文件 chapter02.md: 1692 -> 1493 字符 (减少 199)
2025-09-01 15:43:43,542 - INFO - 处理文件: section02-01.md (section)
2025-09-01 15:43:43,552 - INFO - 清理文件 section02-01.md: 2343 -> 2214 字符 (减少 129)
2025-09-01 15:43:43,552 - INFO - 处理文件: section02-02.md (section)
2025-09-01 15:43:43,561 - INFO - 清理文件 section02-02.md: 7117 -> 7140 字符 (减少 -23)
2025-09-01 15:43:43,561 - INFO - 处理文件: section02-03.md (section)
2025-09-01 15:43:43,571 - INFO - 清理文件 section02-03.md: 4400 -> 4399 字符 (减少 1)
2025-09-01 15:43:43,571 - INFO - 处理文件: section02-04.md (section)
2025-09-01 15:43:43,582 - INFO - 清理文件 section02-04.md: 1696 -> 1688 字符 (减少 8)
2025-09-01 15:43:43,582 - INFO - 处理文件: section02-05.md (section)
2025-09-01 15:43:43,592 - INFO - 清理文件 section02-05.md: 7566 -> 7638 字符 (减少 -72)
2025-09-01 15:43:43,592 - INFO - 处理文件: section02-06.md (section)
2025-09-01 15:43:43,601 - INFO - 清理文件 section02-06.md: 419 -> 416 字符 (减少 3)
2025-09-01 15:43:43,602 - INFO - 处理文件: chapter03.md (chapter)
2025-09-01 15:43:43,610 - INFO - 清理文件 chapter03.md: 2140 -> 2143 字符 (减少 -3)
2025-09-01 15:43:43,610 - INFO - 处理文件: section03-01.md (section)
2025-09-01 15:43:43,620 - INFO - 清理文件 section03-01.md: 8119 -> 7989 字符 (减少 130)
2025-09-01 15:43:43,620 - INFO - 处理文件: section03-02.md (section)
2025-09-01 15:43:43,630 - INFO - 清理文件 section03-02.md: 9929 -> 9922 字符 (减少 7)
2025-09-01 15:43:43,630 - INFO - 处理文件: section03-03.md (section)
2025-09-01 15:43:43,641 - INFO - 清理文件 section03-03.md: 7478 -> 7467 字符 (减少 11)
2025-09-01 15:43:43,642 - INFO - 处理文件: section03-04.md (section)
2025-09-01 15:43:43,653 - INFO - 清理文件 section03-04.md: 8133 -> 8126 字符 (减少 7)
2025-09-01 15:43:43,653 - INFO - 处理文件: section03-05.md (section)
2025-09-01 15:43:43,662 - INFO - 清理文件 section03-05.md: 3449 -> 3317 字符 (减少 132)
2025-09-01 15:43:43,662 - INFO - 处理文件: section03-06.md (section)
2025-09-01 15:43:43,672 - INFO - 清理文件 section03-06.md: 3833 -> 3700 字符 (减少 133)
2025-09-01 15:43:43,673 - INFO - 处理文件: section03-07.md (section)
2025-09-01 15:43:43,682 - INFO - 清理文件 section03-07.md: 4732 -> 4589 字符 (减少 143)
2025-09-01 15:43:43,682 - INFO - 处理文件: chapter04.md (chapter)
2025-09-01 15:43:43,691 - INFO - 清理文件 chapter04.md: 4658 -> 4214 字符 (减少 444)
2025-09-01 15:43:43,691 - INFO - 处理文件: section04-01.md (section)
2025-09-01 15:43:43,701 - INFO - 清理文件 section04-01.md: 5098 -> 5029 字符 (减少 69)
2025-09-01 15:43:43,701 - INFO - 处理文件: section04-02.md (section)
2025-09-01 15:43:43,714 - INFO - 清理文件 section04-02.md: 34726 -> 34856 字符 (减少 -130)
2025-09-01 15:43:43,714 - INFO - 处理文件: section04-03.md (section)
2025-09-01 15:43:43,728 - INFO - 清理文件 section04-03.md: 35263 -> 35430 字符 (减少 -167)
2025-09-01 15:43:43,729 - INFO - 处理文件: section04-04.md (section)
2025-09-01 15:43:43,763 - INFO - 清理文件 section04-04.md: 150204 -> 151055 字符 (减少 -851)
2025-09-01 15:43:43,763 - INFO - 处理文件: section04-05.md (section)
2025-09-01 15:43:44,059 - INFO - 清理文件 section04-05.md: 135266 -> 135659 字符 (减少 -393)
2025-09-01 15:43:44,060 - INFO - 处理文件: section04-06.md (section)
2025-09-01 15:43:44,161 - INFO - 清理文件 section04-06.md: 55198 -> 55612 字符 (减少 -414)
2025-09-01 15:43:44,161 - INFO - 处理文件: section04-07.md (section)
2025-09-01 15:43:44,180 - INFO - 清理文件 section04-07.md: 16124 -> 16102 字符 (减少 22)
2025-09-01 15:43:44,180 - INFO - 处理文件: chapter05.md (chapter)
2025-09-01 15:43:44,196 - INFO - 清理文件 chapter05.md: 6682 -> 6074 字符 (减少 608)
2025-09-01 15:43:44,196 - INFO - 处理文件: section05-01.md (section)
2025-09-01 15:43:44,215 - INFO - 清理文件 section05-01.md: 79036 -> 79197 字符 (减少 -161)
2025-09-01 15:43:44,215 - INFO - 处理文件: section05-02.md (section)
2025-09-01 15:43:44,230 - INFO - 清理文件 section05-02.md: 63062 -> 62705 字符 (减少 357)
2025-09-01 15:43:44,230 - INFO - 处理文件: section05-03.md (section)
2025-09-01 15:43:44,245 - INFO - 清理文件 section05-03.md: 48732 -> 48761 字符 (减少 -29)
2025-09-01 15:43:44,246 - INFO - 处理文件: section05-04.md (section)
2025-09-01 15:43:44,266 - INFO - 清理文件 section05-04.md: 55175 -> 55243 字符 (减少 -68)
2025-09-01 15:43:44,266 - INFO - 处理文件: section05-05.md (section)
2025-09-01 15:43:44,286 - INFO - 清理文件 section05-05.md: 50634 -> 50676 字符 (减少 -42)
2025-09-01 15:43:44,287 - INFO - 处理文件: section05-06.md (section)
2025-09-01 15:43:44,309 - INFO - 清理文件 section05-06.md: 54370 -> 54949 字符 (减少 -579)
2025-09-01 15:43:44,309 - INFO - 处理文件: chapter06.md (chapter)
2025-09-01 15:43:44,324 - INFO - 清理文件 chapter06.md: 3600 -> 2909 字符 (减少 691)
2025-09-01 15:43:44,325 - INFO - 处理文件: section06-01.md (section)
2025-09-01 15:43:44,334 - INFO - 清理文件 section06-01.md: 1720 -> 1597 字符 (减少 123)
2025-09-01 15:43:44,334 - INFO - 处理文件: section06-02.md (section)
2025-09-01 15:43:44,346 - INFO - 清理文件 section06-02.md: 53897 -> 53943 字符 (减少 -46)
2025-09-01 15:43:44,347 - INFO - 处理文件: section06-03.md (section)
2025-09-01 15:43:44,360 - INFO - 清理文件 section06-03.md: 38333 -> 38201 字符 (减少 132)
2025-09-01 15:43:44,360 - INFO - 处理文件: section06-04.md (section)
2025-09-01 15:43:44,378 - INFO - 清理文件 section06-04.md: 18731 -> 18640 字符 (减少 91)
2025-09-01 15:43:44,378 - INFO - 处理文件: section06-05.md (section)
2025-09-01 15:43:44,396 - INFO - 清理文件 section06-05.md: 8829 -> 8717 字符 (减少 112)
2025-09-01 15:43:44,396 - INFO - 处理文件: section06-06.md (section)
2025-09-01 15:43:44,414 - INFO - 清理文件 section06-06.md: 14330 -> 14315 字符 (减少 15)
2025-09-01 15:43:44,414 - INFO - 处理文件: section06-07.md (section)
2025-09-01 15:43:44,428 - INFO - 清理文件 section06-07.md: 9343 -> 9577 字符 (减少 -234)
2025-09-01 15:43:44,429 - INFO - 处理文件: chapter07.md (chapter)
2025-09-01 15:43:44,445 - INFO - 清理文件 chapter07.md: 7702 -> 7182 字符 (减少 520)
2025-09-01 15:43:44,446 - INFO - 处理文件: section07-01.md (section)
2025-09-01 15:43:44,464 - INFO - 清理文件 section07-01.md: 7487 -> 7082 字符 (减少 405)
2025-09-01 15:43:44,465 - INFO - 处理文件: section07-02.md (section)
2025-09-01 15:43:44,481 - INFO - 清理文件 section07-02.md: 14795 -> 14442 字符 (减少 353)
2025-09-01 15:43:44,482 - INFO - 处理文件: section07-03.md (section)
2025-09-01 15:43:44,499 - INFO - 清理文件 section07-03.md: 13670 -> 13320 字符 (减少 350)
2025-09-01 15:43:44,499 - INFO - 处理文件: section07-04.md (section)
2025-09-01 15:43:44,521 - INFO - 清理文件 section07-04.md: 20642 -> 20271 字符 (减少 371)
2025-09-01 15:43:44,522 - INFO - 处理文件: chapter08.md (chapter)
2025-09-01 15:43:44,542 - INFO - 清理文件 chapter08.md: 5276 -> 3965 字符 (减少 1311)
2025-09-01 15:43:44,543 - INFO - 处理文件: section08-01.md (section)
2025-09-01 15:43:44,563 - INFO - 清理文件 section08-01.md: 21139 -> 21393 字符 (减少 -254)
2025-09-01 15:43:44,563 - INFO - 处理文件: section08-02.md (section)
2025-09-01 15:43:44,584 - INFO - 清理文件 section08-02.md: 24175 -> 24285 字符 (减少 -110)
2025-09-01 15:43:44,584 - INFO - 处理文件: section08-03.md (section)
2025-09-01 15:43:44,602 - INFO - 清理文件 section08-03.md: 12074 -> 12097 字符 (减少 -23)
2025-09-01 15:43:44,603 - INFO - 处理文件: section08-04.md (section)
2025-09-01 15:43:44,620 - INFO - 清理文件 section08-04.md: 15533 -> 15709 字符 (减少 -176)
2025-09-01 15:43:44,620 - INFO - 处理文件: section08-05.md (section)
2025-09-01 15:43:44,637 - INFO - 清理文件 section08-05.md: 15962 -> 16182 字符 (减少 -220)
2025-09-01 15:43:44,637 - INFO - 处理文件: chapter09.md (chapter)
2025-09-01 15:43:44,653 - INFO - 清理文件 chapter09.md: 1605 -> 1603 字符 (减少 2)
2025-09-01 15:43:44,653 - INFO - 处理文件: appendixA.md (appendix)
2025-09-01 15:43:44,669 - INFO - 清理文件 appendixA.md: 2614 -> 2655 字符 (减少 -41)
2025-09-01 15:43:44,669 - INFO - 处理文件: appendixB.md (appendix)
2025-09-01 15:43:44,684 - INFO - 清理文件 appendixB.md: 4865 -> 4941 字符 (减少 -76)
2025-09-01 15:43:44,684 - INFO - 处理文件: appendixC.md (appendix)
2025-09-01 15:43:44,700 - INFO - 清理文件 appendixC.md: 4591 -> 4635 字符 (减少 -44)
2025-09-01 15:43:44,702 - INFO - 文件合并完成: 1,212,931 -> 1,204,382 字符
2025-09-01 15:43:44,709 - INFO - 开始Pandoc转换...
2025-09-01 15:43:44,885 - ERROR - Pandoc转换失败: Command '['pandoc', 'D:\\Projects\\教材\\智慧水利平台架构与开发\\publish\\教材模板包\\输出\\temp_merged.md', '--from', 'markdown', '--to', 'latex', '--output', 'D:\\Projects\\教材\\智慧水利平台架构与开发\\publish\\教材模板包\\输出\\教材_raw.tex', '--template=', '--listings', '--top-level-division=chapter', '--metadata', 'title=智慧水利平台架构与开发', '--metadata', 'author=教材编写组']' returned non-zero exit status 97.
2025-09-01 15:43:44,885 - ERROR - 错误输出: Could not find data file templates\.latex

2025-09-01 15:43:44,886 - ERROR - 转换过程出错: Command '['pandoc', 'D:\\Projects\\教材\\智慧水利平台架构与开发\\publish\\教材模板包\\输出\\temp_merged.md', '--from', 'markdown', '--to', 'latex', '--output', 'D:\\Projects\\教材\\智慧水利平台架构与开发\\publish\\教材模板包\\输出\\教材_raw.tex', '--template=', '--listings', '--top-level-division=chapter', '--metadata', 'title=智慧水利平台架构与开发', '--metadata', 'author=教材编写组']' returned non-zero exit status 97.
2025-09-01 15:44:14,299 - INFO - 初始化完成 - 源目录: D:\Projects\教材\智慧水利平台架构与开发\docs, 输出目录: D:\Projects\教材\智慧水利平台架构与开发\publish\教材模板包\输出
2025-09-01 15:44:14,299 - INFO - ============================================================
2025-09-01 15:44:14,299 - INFO - 开始智慧水利教材转换 v6.0
2025-09-01 15:44:14,300 - INFO - ============================================================
2025-09-01 15:44:14,300 - INFO - 发现前言: 前言.md
2025-09-01 15:44:14,301 - INFO - 发现章节: chapter01.md
2025-09-01 15:44:14,301 - INFO - 发现小节: section01-01.md
2025-09-01 15:44:14,301 - INFO - 发现小节: section01-02.md
2025-09-01 15:44:14,302 - INFO - 发现小节: section01-03.md
2025-09-01 15:44:14,302 - INFO - 发现章节: chapter02.md
2025-09-01 15:44:14,302 - INFO - 发现小节: section02-01.md
2025-09-01 15:44:14,302 - INFO - 发现小节: section02-02.md
2025-09-01 15:44:14,303 - INFO - 发现小节: section02-03.md
2025-09-01 15:44:14,303 - INFO - 发现小节: section02-04.md
2025-09-01 15:44:14,303 - INFO - 发现小节: section02-05.md
2025-09-01 15:44:14,303 - INFO - 发现小节: section02-06.md
2025-09-01 15:44:14,303 - INFO - 发现章节: chapter03.md
2025-09-01 15:44:14,304 - INFO - 发现小节: section03-01.md
2025-09-01 15:44:14,304 - INFO - 发现小节: section03-02.md
2025-09-01 15:44:14,304 - INFO - 发现小节: section03-03.md
2025-09-01 15:44:14,304 - INFO - 发现小节: section03-04.md
2025-09-01 15:44:14,305 - INFO - 发现小节: section03-05.md
2025-09-01 15:44:14,306 - INFO - 发现小节: section03-06.md
2025-09-01 15:44:14,306 - INFO - 发现小节: section03-07.md
2025-09-01 15:44:14,306 - INFO - 发现章节: chapter04.md
2025-09-01 15:44:14,306 - INFO - 发现小节: section04-01.md
2025-09-01 15:44:14,307 - INFO - 发现小节: section04-02.md
2025-09-01 15:44:14,307 - INFO - 发现小节: section04-03.md
2025-09-01 15:44:14,307 - INFO - 发现小节: section04-04.md
2025-09-01 15:44:14,307 - INFO - 发现小节: section04-05.md
2025-09-01 15:44:14,307 - INFO - 发现小节: section04-06.md
2025-09-01 15:44:14,307 - INFO - 发现小节: section04-07.md
2025-09-01 15:44:14,309 - INFO - 发现章节: chapter05.md
2025-09-01 15:44:14,309 - INFO - 发现小节: section05-01.md
2025-09-01 15:44:14,309 - INFO - 发现小节: section05-02.md
2025-09-01 15:44:14,309 - INFO - 发现小节: section05-03.md
2025-09-01 15:44:14,310 - INFO - 发现小节: section05-04.md
2025-09-01 15:44:14,310 - INFO - 发现小节: section05-05.md
2025-09-01 15:44:14,310 - INFO - 发现小节: section05-06.md
2025-09-01 15:44:14,310 - INFO - 发现章节: chapter06.md
2025-09-01 15:44:14,311 - INFO - 发现小节: section06-01.md
2025-09-01 15:44:14,311 - INFO - 发现小节: section06-02.md
2025-09-01 15:44:14,311 - INFO - 发现小节: section06-03.md
2025-09-01 15:44:14,311 - INFO - 发现小节: section06-04.md
2025-09-01 15:44:14,312 - INFO - 发现小节: section06-05.md
2025-09-01 15:44:14,312 - INFO - 发现小节: section06-06.md
2025-09-01 15:44:14,312 - INFO - 发现小节: section06-07.md
2025-09-01 15:44:14,312 - INFO - 发现章节: chapter07.md
2025-09-01 15:44:14,313 - INFO - 发现小节: section07-01.md
2025-09-01 15:44:14,313 - INFO - 发现小节: section07-02.md
2025-09-01 15:44:14,313 - INFO - 发现小节: section07-03.md
2025-09-01 15:44:14,313 - INFO - 发现小节: section07-04.md
2025-09-01 15:44:14,314 - INFO - 发现章节: chapter08.md
2025-09-01 15:44:14,315 - INFO - 发现小节: section08-01.md
2025-09-01 15:44:14,315 - INFO - 发现小节: section08-02.md
2025-09-01 15:44:14,315 - INFO - 发现小节: section08-03.md
2025-09-01 15:44:14,316 - INFO - 发现小节: section08-04.md
2025-09-01 15:44:14,316 - INFO - 发现小节: section08-05.md
2025-09-01 15:44:14,316 - INFO - 发现章节: chapter09.md
2025-09-01 15:44:14,317 - INFO - 发现附录: appendixA.md
2025-09-01 15:44:14,318 - INFO - 发现附录: appendixB.md
2025-09-01 15:44:14,318 - INFO - 发现附录: appendixC.md
2025-09-01 15:44:14,318 - INFO - 总共发现 58 个文件
2025-09-01 15:44:14,325 - INFO - 复制了 0 个图片文件
2025-09-01 15:44:14,515 - INFO - 创建了占位符图片
2025-09-01 15:44:14,515 - INFO - 处理文件: 前言.md (preface)
2025-09-01 15:44:14,519 - INFO - 清理文件 前言.md: 3006 -> 3006 字符 (减少 0)
2025-09-01 15:44:14,519 - INFO - 处理文件: chapter01.md (chapter)
2025-09-01 15:44:14,520 - INFO - 清理文件 chapter01.md: 1149 -> 1155 字符 (减少 -6)
2025-09-01 15:44:14,520 - INFO - 处理文件: section01-01.md (section)
2025-09-01 15:44:14,522 - INFO - 清理文件 section01-01.md: 8577 -> 7493 字符 (减少 1084)
2025-09-01 15:44:14,522 - INFO - 处理文件: section01-02.md (section)
2025-09-01 15:44:14,523 - INFO - 清理文件 section01-02.md: 9948 -> 5325 字符 (减少 4623)
2025-09-01 15:44:14,523 - INFO - 处理文件: section01-03.md (section)
2025-09-01 15:44:14,524 - INFO - 清理文件 section01-03.md: 2064 -> 1939 字符 (减少 125)
2025-09-01 15:44:14,524 - INFO - 处理文件: chapter02.md (chapter)
2025-09-01 15:44:14,525 - INFO - 清理文件 chapter02.md: 1692 -> 1493 字符 (减少 199)
2025-09-01 15:44:14,525 - INFO - 处理文件: section02-01.md (section)
2025-09-01 15:44:14,526 - INFO - 清理文件 section02-01.md: 2343 -> 2214 字符 (减少 129)
2025-09-01 15:44:14,527 - INFO - 处理文件: section02-02.md (section)
2025-09-01 15:44:14,528 - INFO - 清理文件 section02-02.md: 7117 -> 7140 字符 (减少 -23)
2025-09-01 15:44:14,528 - INFO - 处理文件: section02-03.md (section)
2025-09-01 15:44:14,529 - INFO - 清理文件 section02-03.md: 4400 -> 4399 字符 (减少 1)
2025-09-01 15:44:14,530 - INFO - 处理文件: section02-04.md (section)
2025-09-01 15:44:14,531 - INFO - 清理文件 section02-04.md: 1696 -> 1688 字符 (减少 8)
2025-09-01 15:44:14,531 - INFO - 处理文件: section02-05.md (section)
2025-09-01 15:44:14,533 - INFO - 清理文件 section02-05.md: 7566 -> 7638 字符 (减少 -72)
2025-09-01 15:44:14,533 - INFO - 处理文件: section02-06.md (section)
2025-09-01 15:44:14,534 - INFO - 清理文件 section02-06.md: 419 -> 416 字符 (减少 3)
2025-09-01 15:44:14,534 - INFO - 处理文件: chapter03.md (chapter)
2025-09-01 15:44:14,535 - INFO - 清理文件 chapter03.md: 2140 -> 2143 字符 (减少 -3)
2025-09-01 15:44:14,535 - INFO - 处理文件: section03-01.md (section)
2025-09-01 15:44:14,536 - INFO - 清理文件 section03-01.md: 8119 -> 7989 字符 (减少 130)
2025-09-01 15:44:14,537 - INFO - 处理文件: section03-02.md (section)
2025-09-01 15:44:14,539 - INFO - 清理文件 section03-02.md: 9929 -> 9922 字符 (减少 7)
2025-09-01 15:44:14,539 - INFO - 处理文件: section03-03.md (section)
2025-09-01 15:44:14,540 - INFO - 清理文件 section03-03.md: 7478 -> 7467 字符 (减少 11)
2025-09-01 15:44:14,540 - INFO - 处理文件: section03-04.md (section)
2025-09-01 15:44:14,542 - INFO - 清理文件 section03-04.md: 8133 -> 8126 字符 (减少 7)
2025-09-01 15:44:14,542 - INFO - 处理文件: section03-05.md (section)
2025-09-01 15:44:14,544 - INFO - 清理文件 section03-05.md: 3449 -> 3317 字符 (减少 132)
2025-09-01 15:44:14,544 - INFO - 处理文件: section03-06.md (section)
2025-09-01 15:44:14,545 - INFO - 清理文件 section03-06.md: 3833 -> 3700 字符 (减少 133)
2025-09-01 15:44:14,545 - INFO - 处理文件: section03-07.md (section)
2025-09-01 15:44:14,547 - INFO - 清理文件 section03-07.md: 4732 -> 4589 字符 (减少 143)
2025-09-01 15:44:14,547 - INFO - 处理文件: chapter04.md (chapter)
2025-09-01 15:44:14,548 - INFO - 清理文件 chapter04.md: 4658 -> 4214 字符 (减少 444)
2025-09-01 15:44:14,548 - INFO - 处理文件: section04-01.md (section)
2025-09-01 15:44:14,549 - INFO - 清理文件 section04-01.md: 5098 -> 5029 字符 (减少 69)
2025-09-01 15:44:14,549 - INFO - 处理文件: section04-02.md (section)
2025-09-01 15:44:14,554 - INFO - 清理文件 section04-02.md: 34726 -> 34856 字符 (减少 -130)
2025-09-01 15:44:14,555 - INFO - 处理文件: section04-03.md (section)
2025-09-01 15:44:14,560 - INFO - 清理文件 section04-03.md: 35263 -> 35430 字符 (减少 -167)
2025-09-01 15:44:14,560 - INFO - 处理文件: section04-04.md (section)
2025-09-01 15:44:14,583 - INFO - 清理文件 section04-04.md: 150204 -> 151055 字符 (减少 -851)
2025-09-01 15:44:14,584 - INFO - 处理文件: section04-05.md (section)
2025-09-01 15:44:14,603 - INFO - 清理文件 section04-05.md: 135266 -> 135659 字符 (减少 -393)
2025-09-01 15:44:14,604 - INFO - 处理文件: section04-06.md (section)
2025-09-01 15:44:14,611 - INFO - 清理文件 section04-06.md: 55198 -> 55612 字符 (减少 -414)
2025-09-01 15:44:14,612 - INFO - 处理文件: section04-07.md (section)
2025-09-01 15:44:14,615 - INFO - 清理文件 section04-07.md: 16124 -> 16102 字符 (减少 22)
2025-09-01 15:44:14,615 - INFO - 处理文件: chapter05.md (chapter)
2025-09-01 15:44:14,617 - INFO - 清理文件 chapter05.md: 6682 -> 6074 字符 (减少 608)
2025-09-01 15:44:14,617 - INFO - 处理文件: section05-01.md (section)
2025-09-01 15:44:14,628 - INFO - 清理文件 section05-01.md: 79036 -> 79197 字符 (减少 -161)
2025-09-01 15:44:14,628 - INFO - 处理文件: section05-02.md (section)
2025-09-01 15:44:14,635 - INFO - 清理文件 section05-02.md: 63062 -> 62705 字符 (减少 357)
2025-09-01 15:44:14,636 - INFO - 处理文件: section05-03.md (section)
2025-09-01 15:44:14,641 - INFO - 清理文件 section05-03.md: 48732 -> 48761 字符 (减少 -29)
2025-09-01 15:44:14,641 - INFO - 处理文件: section05-04.md (section)
2025-09-01 15:44:14,647 - INFO - 清理文件 section05-04.md: 55175 -> 55243 字符 (减少 -68)
2025-09-01 15:44:14,647 - INFO - 处理文件: section05-05.md (section)
2025-09-01 15:44:14,652 - INFO - 清理文件 section05-05.md: 50634 -> 50676 字符 (减少 -42)
2025-09-01 15:44:14,652 - INFO - 处理文件: section05-06.md (section)
2025-09-01 15:44:14,658 - INFO - 清理文件 section05-06.md: 54370 -> 54949 字符 (减少 -579)
2025-09-01 15:44:14,659 - INFO - 处理文件: chapter06.md (chapter)
2025-09-01 15:44:14,660 - INFO - 清理文件 chapter06.md: 3600 -> 2909 字符 (减少 691)
2025-09-01 15:44:14,660 - INFO - 处理文件: section06-01.md (section)
2025-09-01 15:44:14,660 - INFO - 清理文件 section06-01.md: 1720 -> 1597 字符 (减少 123)
2025-09-01 15:44:14,661 - INFO - 处理文件: section06-02.md (section)
2025-09-01 15:44:14,667 - INFO - 清理文件 section06-02.md: 53897 -> 53943 字符 (减少 -46)
2025-09-01 15:44:14,667 - INFO - 处理文件: section06-03.md (section)
2025-09-01 15:44:14,672 - INFO - 清理文件 section06-03.md: 38333 -> 38201 字符 (减少 132)
2025-09-01 15:44:14,672 - INFO - 处理文件: section06-04.md (section)
2025-09-01 15:44:14,675 - INFO - 清理文件 section06-04.md: 18731 -> 18640 字符 (减少 91)
2025-09-01 15:44:14,675 - INFO - 处理文件: section06-05.md (section)
2025-09-01 15:44:14,676 - INFO - 清理文件 section06-05.md: 8829 -> 8717 字符 (减少 112)
2025-09-01 15:44:14,677 - INFO - 处理文件: section06-06.md (section)
2025-09-01 15:44:14,680 - INFO - 清理文件 section06-06.md: 14330 -> 14315 字符 (减少 15)
2025-09-01 15:44:14,680 - INFO - 处理文件: section06-07.md (section)
2025-09-01 15:44:14,682 - INFO - 清理文件 section06-07.md: 9343 -> 9577 字符 (减少 -234)
2025-09-01 15:44:14,682 - INFO - 处理文件: chapter07.md (chapter)
2025-09-01 15:44:14,684 - INFO - 清理文件 chapter07.md: 7702 -> 7182 字符 (减少 520)
2025-09-01 15:44:14,685 - INFO - 处理文件: section07-01.md (section)
2025-09-01 15:44:14,686 - INFO - 清理文件 section07-01.md: 7487 -> 7082 字符 (减少 405)
2025-09-01 15:44:14,686 - INFO - 处理文件: section07-02.md (section)
2025-09-01 15:44:14,688 - INFO - 清理文件 section07-02.md: 14795 -> 14442 字符 (减少 353)
2025-09-01 15:44:14,688 - INFO - 处理文件: section07-03.md (section)
2025-09-01 15:44:14,690 - INFO - 清理文件 section07-03.md: 13670 -> 13320 字符 (减少 350)
2025-09-01 15:44:14,691 - INFO - 处理文件: section07-04.md (section)
2025-09-01 15:44:14,694 - INFO - 清理文件 section07-04.md: 20642 -> 20271 字符 (减少 371)
2025-09-01 15:44:14,695 - INFO - 处理文件: chapter08.md (chapter)
2025-09-01 15:44:14,696 - INFO - 清理文件 chapter08.md: 5276 -> 3965 字符 (减少 1311)
2025-09-01 15:44:14,696 - INFO - 处理文件: section08-01.md (section)
2025-09-01 15:44:14,698 - INFO - 清理文件 section08-01.md: 21139 -> 21393 字符 (减少 -254)
2025-09-01 15:44:14,699 - INFO - 处理文件: section08-02.md (section)
2025-09-01 15:44:14,702 - INFO - 清理文件 section08-02.md: 24175 -> 24285 字符 (减少 -110)
2025-09-01 15:44:14,703 - INFO - 处理文件: section08-03.md (section)
2025-09-01 15:44:14,705 - INFO - 清理文件 section08-03.md: 12074 -> 12097 字符 (减少 -23)
2025-09-01 15:44:14,705 - INFO - 处理文件: section08-04.md (section)
2025-09-01 15:44:14,707 - INFO - 清理文件 section08-04.md: 15533 -> 15709 字符 (减少 -176)
2025-09-01 15:44:14,707 - INFO - 处理文件: section08-05.md (section)
2025-09-01 15:44:14,710 - INFO - 清理文件 section08-05.md: 15962 -> 16182 字符 (减少 -220)
2025-09-01 15:44:14,710 - INFO - 处理文件: chapter09.md (chapter)
2025-09-01 15:44:14,711 - INFO - 清理文件 chapter09.md: 1605 -> 1603 字符 (减少 2)
2025-09-01 15:44:14,711 - INFO - 处理文件: appendixA.md (appendix)
2025-09-01 15:44:14,712 - INFO - 清理文件 appendixA.md: 2614 -> 2655 字符 (减少 -41)
2025-09-01 15:44:14,712 - INFO - 处理文件: appendixB.md (appendix)
2025-09-01 15:44:14,713 - INFO - 清理文件 appendixB.md: 4865 -> 4941 字符 (减少 -76)
2025-09-01 15:44:14,714 - INFO - 处理文件: appendixC.md (appendix)
2025-09-01 15:44:14,714 - INFO - 清理文件 appendixC.md: 4591 -> 4635 字符 (减少 -44)
2025-09-01 15:44:14,717 - INFO - 文件合并完成: 1,212,931 -> 1,204,382 字符
2025-09-01 15:44:14,725 - INFO - 开始Pandoc转换...
2025-09-01 15:44:14,754 - ERROR - Pandoc转换失败: Command '['pandoc', 'D:\\Projects\\教材\\智慧水利平台架构与开发\\publish\\教材模板包\\输出\\temp_merged.md', '--from', 'markdown', '--to', 'latex', '--output', 'D:\\Projects\\教材\\智慧水利平台架构与开发\\publish\\教材模板包\\输出\\教材_raw.tex', '--template=', '--listings', '--top-level-division=chapter', '--metadata', 'title=智慧水利平台架构与开发', '--metadata', 'author=教材编写组']' returned non-zero exit status 97.
2025-09-01 15:44:14,755 - ERROR - 错误输出: Could not find data file templates\.latex

2025-09-01 15:44:14,755 - ERROR - 转换过程出错: Command '['pandoc', 'D:\\Projects\\教材\\智慧水利平台架构与开发\\publish\\教材模板包\\输出\\temp_merged.md', '--from', 'markdown', '--to', 'latex', '--output', 'D:\\Projects\\教材\\智慧水利平台架构与开发\\publish\\教材模板包\\输出\\教材_raw.tex', '--template=', '--listings', '--top-level-division=chapter', '--metadata', 'title=智慧水利平台架构与开发', '--metadata', 'author=教材编写组']' returned non-zero exit status 97.
2025-09-01 15:47:38,512 - INFO - 初始化完成 - 源目录: D:\Projects\教材\智慧水利平台架构与开发\docs, 输出目录: D:\Projects\教材\智慧水利平台架构与开发\publish\教材模板包\输出
2025-09-01 15:47:38,513 - INFO - ============================================================
2025-09-01 15:47:38,513 - INFO - 开始智慧水利教材转换 v6.0
2025-09-01 15:47:38,513 - INFO - ============================================================
2025-09-01 15:47:38,513 - INFO - 工作目录: D:\Projects\教材\智慧水利平台架构与开发\publish\教材模板包
2025-09-01 15:47:38,514 - INFO - 脚本目录: D:\Projects\教材\智慧水利平台架构与开发\publish\教材模板包
2025-09-01 15:47:38,514 - INFO - 项目根目录: D:\Projects\教材\智慧水利平台架构与开发
2025-09-01 15:47:38,514 - INFO - 源目录: D:\Projects\教材\智慧水利平台架构与开发\docs
2025-09-01 15:47:38,514 - INFO - 输出目录: D:\Projects\教材\智慧水利平台架构与开发\publish\教材模板包\输出
2025-09-01 15:47:38,515 - INFO - 发现前言: 前言.md
2025-09-01 15:47:38,515 - INFO - 发现章节: chapter01.md
2025-09-01 15:47:38,516 - INFO - 发现小节: section01-01.md
2025-09-01 15:47:38,516 - INFO - 发现小节: section01-02.md
2025-09-01 15:47:38,516 - INFO - 发现小节: section01-03.md
2025-09-01 15:47:38,517 - INFO - 发现章节: chapter02.md
2025-09-01 15:47:38,517 - INFO - 发现小节: section02-01.md
2025-09-01 15:47:38,517 - INFO - 发现小节: section02-02.md
2025-09-01 15:47:38,517 - INFO - 发现小节: section02-03.md
2025-09-01 15:47:38,517 - INFO - 发现小节: section02-04.md
2025-09-01 15:47:38,518 - INFO - 发现小节: section02-05.md
2025-09-01 15:47:38,518 - INFO - 发现小节: section02-06.md
2025-09-01 15:47:38,518 - INFO - 发现章节: chapter03.md
2025-09-01 15:47:38,518 - INFO - 发现小节: section03-01.md
2025-09-01 15:47:38,519 - INFO - 发现小节: section03-02.md
2025-09-01 15:47:38,519 - INFO - 发现小节: section03-03.md
2025-09-01 15:47:38,519 - INFO - 发现小节: section03-04.md
2025-09-01 15:47:38,519 - INFO - 发现小节: section03-05.md
2025-09-01 15:47:38,520 - INFO - 发现小节: section03-06.md
2025-09-01 15:47:38,520 - INFO - 发现小节: section03-07.md
2025-09-01 15:47:38,520 - INFO - 发现章节: chapter04.md
2025-09-01 15:47:38,520 - INFO - 发现小节: section04-01.md
2025-09-01 15:47:38,521 - INFO - 发现小节: section04-02.md
2025-09-01 15:47:38,521 - INFO - 发现小节: section04-03.md
2025-09-01 15:47:38,521 - INFO - 发现小节: section04-04.md
2025-09-01 15:47:38,521 - INFO - 发现小节: section04-05.md
2025-09-01 15:47:38,521 - INFO - 发现小节: section04-06.md
2025-09-01 15:47:38,522 - INFO - 发现小节: section04-07.md
2025-09-01 15:47:38,522 - INFO - 发现章节: chapter05.md
2025-09-01 15:47:38,523 - INFO - 发现小节: section05-01.md
2025-09-01 15:47:38,523 - INFO - 发现小节: section05-02.md
2025-09-01 15:47:38,523 - INFO - 发现小节: section05-03.md
2025-09-01 15:47:38,524 - INFO - 发现小节: section05-04.md
2025-09-01 15:47:38,524 - INFO - 发现小节: section05-05.md
2025-09-01 15:47:38,524 - INFO - 发现小节: section05-06.md
2025-09-01 15:47:38,525 - INFO - 发现章节: chapter06.md
2025-09-01 15:47:38,525 - INFO - 发现小节: section06-01.md
2025-09-01 15:47:38,525 - INFO - 发现小节: section06-02.md
2025-09-01 15:47:38,525 - INFO - 发现小节: section06-03.md
2025-09-01 15:47:38,526 - INFO - 发现小节: section06-04.md
2025-09-01 15:47:38,526 - INFO - 发现小节: section06-05.md
2025-09-01 15:47:38,526 - INFO - 发现小节: section06-06.md
2025-09-01 15:47:38,526 - INFO - 发现小节: section06-07.md
2025-09-01 15:47:38,527 - INFO - 发现章节: chapter07.md
2025-09-01 15:47:38,527 - INFO - 发现小节: section07-01.md
2025-09-01 15:47:38,527 - INFO - 发现小节: section07-02.md
2025-09-01 15:47:38,528 - INFO - 发现小节: section07-03.md
2025-09-01 15:47:38,528 - INFO - 发现小节: section07-04.md
2025-09-01 15:47:38,528 - INFO - 发现章节: chapter08.md
2025-09-01 15:47:38,529 - INFO - 发现小节: section08-01.md
2025-09-01 15:47:38,529 - INFO - 发现小节: section08-02.md
2025-09-01 15:47:38,529 - INFO - 发现小节: section08-03.md
2025-09-01 15:47:38,529 - INFO - 发现小节: section08-04.md
2025-09-01 15:47:38,529 - INFO - 发现小节: section08-05.md
2025-09-01 15:47:38,530 - INFO - 发现章节: chapter09.md
2025-09-01 15:47:38,530 - INFO - 发现附录: appendixA.md
2025-09-01 15:47:38,530 - INFO - 发现附录: appendixB.md
2025-09-01 15:47:38,530 - INFO - 发现附录: appendixC.md
2025-09-01 15:47:38,531 - INFO - 总共发现 58 个文件
2025-09-01 15:47:38,538 - INFO - 复制了 0 个图片文件
2025-09-01 15:47:38,607 - INFO - 创建了占位符图片
2025-09-01 15:47:38,607 - INFO - 处理文件: 前言.md (preface)
2025-09-01 15:47:38,609 - INFO - 清理文件 前言.md: 3006 -> 3006 字符 (减少 0)
2025-09-01 15:47:38,609 - INFO - 处理文件: chapter01.md (chapter)
2025-09-01 15:47:38,610 - INFO - 清理文件 chapter01.md: 1149 -> 1155 字符 (减少 -6)
2025-09-01 15:47:38,610 - INFO - 处理文件: section01-01.md (section)
2025-09-01 15:47:38,612 - INFO - 清理文件 section01-01.md: 8577 -> 7493 字符 (减少 1084)
2025-09-01 15:47:38,613 - INFO - 处理文件: section01-02.md (section)
2025-09-01 15:47:38,614 - INFO - 清理文件 section01-02.md: 9948 -> 5325 字符 (减少 4623)
2025-09-01 15:47:38,614 - INFO - 处理文件: section01-03.md (section)
2025-09-01 15:47:38,614 - INFO - 清理文件 section01-03.md: 2064 -> 1939 字符 (减少 125)
2025-09-01 15:47:38,614 - INFO - 处理文件: chapter02.md (chapter)
2025-09-01 15:47:38,615 - INFO - 清理文件 chapter02.md: 1692 -> 1493 字符 (减少 199)
2025-09-01 15:47:38,616 - INFO - 处理文件: section02-01.md (section)
2025-09-01 15:47:38,616 - INFO - 清理文件 section02-01.md: 2343 -> 2214 字符 (减少 129)
2025-09-01 15:47:38,617 - INFO - 处理文件: section02-02.md (section)
2025-09-01 15:47:38,618 - INFO - 清理文件 section02-02.md: 7117 -> 7140 字符 (减少 -23)
2025-09-01 15:47:38,618 - INFO - 处理文件: section02-03.md (section)
2025-09-01 15:47:38,619 - INFO - 清理文件 section02-03.md: 4400 -> 4399 字符 (减少 1)
2025-09-01 15:47:38,619 - INFO - 处理文件: section02-04.md (section)
2025-09-01 15:47:38,620 - INFO - 清理文件 section02-04.md: 1696 -> 1688 字符 (减少 8)
2025-09-01 15:47:38,620 - INFO - 处理文件: section02-05.md (section)
2025-09-01 15:47:38,621 - INFO - 清理文件 section02-05.md: 7566 -> 7638 字符 (减少 -72)
2025-09-01 15:47:38,621 - INFO - 处理文件: section02-06.md (section)
2025-09-01 15:47:38,622 - INFO - 清理文件 section02-06.md: 419 -> 416 字符 (减少 3)
2025-09-01 15:47:38,622 - INFO - 处理文件: chapter03.md (chapter)
2025-09-01 15:47:38,623 - INFO - 清理文件 chapter03.md: 2140 -> 2143 字符 (减少 -3)
2025-09-01 15:47:38,623 - INFO - 处理文件: section03-01.md (section)
2025-09-01 15:47:38,625 - INFO - 清理文件 section03-01.md: 8119 -> 7989 字符 (减少 130)
2025-09-01 15:47:38,625 - INFO - 处理文件: section03-02.md (section)
2025-09-01 15:47:38,627 - INFO - 清理文件 section03-02.md: 9929 -> 9922 字符 (减少 7)
2025-09-01 15:47:38,627 - INFO - 处理文件: section03-03.md (section)
2025-09-01 15:47:38,629 - INFO - 清理文件 section03-03.md: 7478 -> 7467 字符 (减少 11)
2025-09-01 15:47:38,629 - INFO - 处理文件: section03-04.md (section)
2025-09-01 15:47:38,630 - INFO - 清理文件 section03-04.md: 8133 -> 8126 字符 (减少 7)
2025-09-01 15:47:38,630 - INFO - 处理文件: section03-05.md (section)
2025-09-01 15:47:38,631 - INFO - 清理文件 section03-05.md: 3449 -> 3317 字符 (减少 132)
2025-09-01 15:47:38,631 - INFO - 处理文件: section03-06.md (section)
2025-09-01 15:47:38,632 - INFO - 清理文件 section03-06.md: 3833 -> 3700 字符 (减少 133)
2025-09-01 15:47:38,633 - INFO - 处理文件: section03-07.md (section)
2025-09-01 15:47:38,634 - INFO - 清理文件 section03-07.md: 4732 -> 4589 字符 (减少 143)
2025-09-01 15:47:38,634 - INFO - 处理文件: chapter04.md (chapter)
2025-09-01 15:47:38,635 - INFO - 清理文件 chapter04.md: 4658 -> 4214 字符 (减少 444)
2025-09-01 15:47:38,635 - INFO - 处理文件: section04-01.md (section)
2025-09-01 15:47:38,637 - INFO - 清理文件 section04-01.md: 5098 -> 5029 字符 (减少 69)
2025-09-01 15:47:38,637 - INFO - 处理文件: section04-02.md (section)
2025-09-01 15:47:38,642 - INFO - 清理文件 section04-02.md: 34726 -> 34856 字符 (减少 -130)
2025-09-01 15:47:38,642 - INFO - 处理文件: section04-03.md (section)
2025-09-01 15:47:38,647 - INFO - 清理文件 section04-03.md: 35263 -> 35430 字符 (减少 -167)
2025-09-01 15:47:38,647 - INFO - 处理文件: section04-04.md (section)
2025-09-01 15:47:38,668 - INFO - 清理文件 section04-04.md: 150204 -> 151055 字符 (减少 -851)
2025-09-01 15:47:38,668 - INFO - 处理文件: section04-05.md (section)
2025-09-01 15:47:38,690 - INFO - 清理文件 section04-05.md: 135266 -> 135659 字符 (减少 -393)
2025-09-01 15:47:38,691 - INFO - 处理文件: section04-06.md (section)
2025-09-01 15:47:38,698 - INFO - 清理文件 section04-06.md: 55198 -> 55612 字符 (减少 -414)
2025-09-01 15:47:38,699 - INFO - 处理文件: section04-07.md (section)
2025-09-01 15:47:38,701 - INFO - 清理文件 section04-07.md: 16124 -> 16102 字符 (减少 22)
2025-09-01 15:47:38,702 - INFO - 处理文件: chapter05.md (chapter)
2025-09-01 15:47:38,703 - INFO - 清理文件 chapter05.md: 6682 -> 6074 字符 (减少 608)
2025-09-01 15:47:38,703 - INFO - 处理文件: section05-01.md (section)
2025-09-01 15:47:38,711 - INFO - 清理文件 section05-01.md: 79036 -> 79197 字符 (减少 -161)
2025-09-01 15:47:38,711 - INFO - 处理文件: section05-02.md (section)
2025-09-01 15:47:38,717 - INFO - 清理文件 section05-02.md: 63062 -> 62705 字符 (减少 357)
2025-09-01 15:47:38,718 - INFO - 处理文件: section05-03.md (section)
2025-09-01 15:47:38,725 - INFO - 清理文件 section05-03.md: 48732 -> 48761 字符 (减少 -29)
2025-09-01 15:47:38,725 - INFO - 处理文件: section05-04.md (section)
2025-09-01 15:47:38,732 - INFO - 清理文件 section05-04.md: 55175 -> 55243 字符 (减少 -68)
2025-09-01 15:47:38,733 - INFO - 处理文件: section05-05.md (section)
2025-09-01 15:47:38,738 - INFO - 清理文件 section05-05.md: 50634 -> 50676 字符 (减少 -42)
2025-09-01 15:47:38,739 - INFO - 处理文件: section05-06.md (section)
2025-09-01 15:47:38,745 - INFO - 清理文件 section05-06.md: 54370 -> 54949 字符 (减少 -579)
2025-09-01 15:47:38,746 - INFO - 处理文件: chapter06.md (chapter)
2025-09-01 15:47:38,747 - INFO - 清理文件 chapter06.md: 3600 -> 2909 字符 (减少 691)
2025-09-01 15:47:38,747 - INFO - 处理文件: section06-01.md (section)
2025-09-01 15:47:38,747 - INFO - 清理文件 section06-01.md: 1720 -> 1597 字符 (减少 123)
2025-09-01 15:47:38,747 - INFO - 处理文件: section06-02.md (section)
2025-09-01 15:47:38,758 - INFO - 清理文件 section06-02.md: 53897 -> 53943 字符 (减少 -46)
2025-09-01 15:47:38,758 - INFO - 处理文件: section06-03.md (section)
2025-09-01 15:47:38,766 - INFO - 清理文件 section06-03.md: 38333 -> 38201 字符 (减少 132)
2025-09-01 15:47:38,767 - INFO - 处理文件: section06-04.md (section)
2025-09-01 15:47:38,770 - INFO - 清理文件 section06-04.md: 18731 -> 18640 字符 (减少 91)
2025-09-01 15:47:38,771 - INFO - 处理文件: section06-05.md (section)
2025-09-01 15:47:38,773 - INFO - 清理文件 section06-05.md: 8829 -> 8717 字符 (减少 112)
2025-09-01 15:47:38,773 - INFO - 处理文件: section06-06.md (section)
2025-09-01 15:47:38,777 - INFO - 清理文件 section06-06.md: 14330 -> 14315 字符 (减少 15)
2025-09-01 15:47:38,777 - INFO - 处理文件: section06-07.md (section)
2025-09-01 15:47:38,780 - INFO - 清理文件 section06-07.md: 9343 -> 9577 字符 (减少 -234)
2025-09-01 15:47:38,780 - INFO - 处理文件: chapter07.md (chapter)
2025-09-01 15:47:38,781 - INFO - 清理文件 chapter07.md: 7702 -> 7182 字符 (减少 520)
2025-09-01 15:47:38,781 - INFO - 处理文件: section07-01.md (section)
2025-09-01 15:47:38,783 - INFO - 清理文件 section07-01.md: 7487 -> 7082 字符 (减少 405)
2025-09-01 15:47:38,784 - INFO - 处理文件: section07-02.md (section)
2025-09-01 15:47:38,786 - INFO - 清理文件 section07-02.md: 14795 -> 14442 字符 (减少 353)
2025-09-01 15:47:38,786 - INFO - 处理文件: section07-03.md (section)
2025-09-01 15:47:38,791 - INFO - 清理文件 section07-03.md: 13670 -> 13320 字符 (减少 350)
2025-09-01 15:47:38,792 - INFO - 处理文件: section07-04.md (section)
2025-09-01 15:47:38,797 - INFO - 清理文件 section07-04.md: 20642 -> 20271 字符 (减少 371)
2025-09-01 15:47:38,797 - INFO - 处理文件: chapter08.md (chapter)
2025-09-01 15:47:38,799 - INFO - 清理文件 chapter08.md: 5276 -> 3965 字符 (减少 1311)
2025-09-01 15:47:38,799 - INFO - 处理文件: section08-01.md (section)
2025-09-01 15:47:38,802 - INFO - 清理文件 section08-01.md: 21139 -> 21393 字符 (减少 -254)
2025-09-01 15:47:38,802 - INFO - 处理文件: section08-02.md (section)
2025-09-01 15:47:38,807 - INFO - 清理文件 section08-02.md: 24175 -> 24285 字符 (减少 -110)
2025-09-01 15:47:38,807 - INFO - 处理文件: section08-03.md (section)
2025-09-01 15:47:38,809 - INFO - 清理文件 section08-03.md: 12074 -> 12097 字符 (减少 -23)
2025-09-01 15:47:38,810 - INFO - 处理文件: section08-04.md (section)
2025-09-01 15:47:38,813 - INFO - 清理文件 section08-04.md: 15533 -> 15709 字符 (减少 -176)
2025-09-01 15:47:38,813 - INFO - 处理文件: section08-05.md (section)
2025-09-01 15:47:38,816 - INFO - 清理文件 section08-05.md: 15962 -> 16182 字符 (减少 -220)
2025-09-01 15:47:38,817 - INFO - 处理文件: chapter09.md (chapter)
2025-09-01 15:47:38,818 - INFO - 清理文件 chapter09.md: 1605 -> 1603 字符 (减少 2)
2025-09-01 15:47:38,819 - INFO - 处理文件: appendixA.md (appendix)
2025-09-01 15:47:38,820 - INFO - 清理文件 appendixA.md: 2614 -> 2655 字符 (减少 -41)
2025-09-01 15:47:38,821 - INFO - 处理文件: appendixB.md (appendix)
2025-09-01 15:47:38,822 - INFO - 清理文件 appendixB.md: 4865 -> 4941 字符 (减少 -76)
2025-09-01 15:47:38,822 - INFO - 处理文件: appendixC.md (appendix)
2025-09-01 15:47:38,824 - INFO - 清理文件 appendixC.md: 4591 -> 4635 字符 (减少 -44)
2025-09-01 15:47:38,834 - INFO - 文件合并完成: 1,212,931 -> 1,204,382 字符
2025-09-01 15:47:38,850 - INFO - 开始Pandoc转换...
2025-09-01 15:47:38,896 - ERROR - Pandoc转换失败: Command '['pandoc', 'D:\\Projects\\教材\\智慧水利平台架构与开发\\publish\\教材模板包\\输出\\temp_merged.md', '--from', 'markdown', '--to', 'latex', '--output', 'D:\\Projects\\教材\\智慧水利平台架构与开发\\publish\\教材模板包\\输出\\教材_raw.tex', '--template=', '--listings', '--top-level-division=chapter', '--metadata', 'title=智慧水利平台架构与开发', '--metadata', 'author=教材编写组']' returned non-zero exit status 97.
2025-09-01 15:47:38,897 - ERROR - 错误输出: Could not find data file templates\.latex

2025-09-01 15:47:38,897 - ERROR - 转换过程出错: Command '['pandoc', 'D:\\Projects\\教材\\智慧水利平台架构与开发\\publish\\教材模板包\\输出\\temp_merged.md', '--from', 'markdown', '--to', 'latex', '--output', 'D:\\Projects\\教材\\智慧水利平台架构与开发\\publish\\教材模板包\\输出\\教材_raw.tex', '--template=', '--listings', '--top-level-division=chapter', '--metadata', 'title=智慧水利平台架构与开发', '--metadata', 'author=教材编写组']' returned non-zero exit status 97.
2025-09-01 15:47:38,907 - ERROR - 详细错误信息: Traceback (most recent call last):
  File "D:\Projects\教材\智慧水利平台架构与开发\publish\教材模板包\robust_converter.py", line 634, in run_conversion
    tex_file = self.convert_to_latex(merged_content)
               ^^^^^^^^^^^^^^^^^^^^^^^^^^^^^^^^^^^^^
  File "D:\Projects\教材\智慧水利平台架构与开发\publish\教材模板包\robust_converter.py", line 446, in convert_to_latex
    result = subprocess.run(
             ^^^^^^^^^^^^^^^
  File "C:\ProgramData\miniconda3\Lib\subprocess.py", line 571, in run
    raise CalledProcessError(retcode, process.args,
subprocess.CalledProcessError: Command '['pandoc', 'D:\\Projects\\教材\\智慧水利平台架构与开发\\publish\\教材模板包\\输出\\temp_merged.md', '--from', 'markdown', '--to', 'latex', '--output', 'D:\\Projects\\教材\\智慧水利平台架构与开发\\publish\\教材模板包\\输出\\教材_raw.tex', '--template=', '--listings', '--top-level-division=chapter', '--metadata', 'title=智慧水利平台架构与开发', '--metadata', 'author=教材编写组']' returned non-zero exit status 97.

2025-09-01 15:51:11,840 - INFO - 初始化完成 - 源目录: D:\Projects\教材\智慧水利平台架构与开发\docs, 输出目录: D:\Projects\教材\智慧水利平台架构与开发\publish\教材模板包\输出
2025-09-01 15:51:11,841 - INFO - ============================================================
2025-09-01 15:51:11,841 - INFO - 开始智慧水利教材转换 v6.0
2025-09-01 15:51:11,841 - INFO - ============================================================
2025-09-01 15:51:11,841 - INFO - 工作目录: D:\Projects\教材\智慧水利平台架构与开发\publish\教材模板包
2025-09-01 15:51:11,841 - INFO - 脚本目录: D:\Projects\教材\智慧水利平台架构与开发\publish\教材模板包
2025-09-01 15:51:11,841 - INFO - 项目根目录: D:\Projects\教材\智慧水利平台架构与开发
2025-09-01 15:51:11,841 - INFO - 源目录: D:\Projects\教材\智慧水利平台架构与开发\docs
2025-09-01 15:51:11,841 - INFO - 输出目录: D:\Projects\教材\智慧水利平台架构与开发\publish\教材模板包\输出
2025-09-01 15:51:11,842 - INFO - 发现前言: 前言.md
2025-09-01 15:51:11,842 - INFO - 发现章节: chapter01.md
2025-09-01 15:51:11,843 - INFO - 发现小节: section01-01.md
2025-09-01 15:51:11,843 - INFO - 发现小节: section01-02.md
2025-09-01 15:51:11,843 - INFO - 发现小节: section01-03.md
2025-09-01 15:51:11,844 - INFO - 发现章节: chapter02.md
2025-09-01 15:51:11,844 - INFO - 发现小节: section02-01.md
2025-09-01 15:51:11,844 - INFO - 发现小节: section02-02.md
2025-09-01 15:51:11,844 - INFO - 发现小节: section02-03.md
2025-09-01 15:51:11,845 - INFO - 发现小节: section02-04.md
2025-09-01 15:51:11,845 - INFO - 发现小节: section02-05.md
2025-09-01 15:51:11,845 - INFO - 发现小节: section02-06.md
2025-09-01 15:51:11,845 - INFO - 发现章节: chapter03.md
2025-09-01 15:51:11,846 - INFO - 发现小节: section03-01.md
2025-09-01 15:51:11,846 - INFO - 发现小节: section03-02.md
2025-09-01 15:51:11,846 - INFO - 发现小节: section03-03.md
2025-09-01 15:51:11,846 - INFO - 发现小节: section03-04.md
2025-09-01 15:51:11,847 - INFO - 发现小节: section03-05.md
2025-09-01 15:51:11,847 - INFO - 发现小节: section03-06.md
2025-09-01 15:51:11,847 - INFO - 发现小节: section03-07.md
2025-09-01 15:51:11,847 - INFO - 发现章节: chapter04.md
2025-09-01 15:51:11,848 - INFO - 发现小节: section04-01.md
2025-09-01 15:51:11,849 - INFO - 发现小节: section04-02.md
2025-09-01 15:51:11,849 - INFO - 发现小节: section04-03.md
2025-09-01 15:51:11,849 - INFO - 发现小节: section04-04.md
2025-09-01 15:51:11,849 - INFO - 发现小节: section04-05.md
2025-09-01 15:51:11,849 - INFO - 发现小节: section04-06.md
2025-09-01 15:51:11,850 - INFO - 发现小节: section04-07.md
2025-09-01 15:51:11,850 - INFO - 发现章节: chapter05.md
2025-09-01 15:51:11,850 - INFO - 发现小节: section05-01.md
2025-09-01 15:51:11,850 - INFO - 发现小节: section05-02.md
2025-09-01 15:51:11,850 - INFO - 发现小节: section05-03.md
2025-09-01 15:51:11,851 - INFO - 发现小节: section05-04.md
2025-09-01 15:51:11,851 - INFO - 发现小节: section05-05.md
2025-09-01 15:51:11,851 - INFO - 发现小节: section05-06.md
2025-09-01 15:51:11,851 - INFO - 发现章节: chapter06.md
2025-09-01 15:51:11,852 - INFO - 发现小节: section06-01.md
2025-09-01 15:51:11,852 - INFO - 发现小节: section06-02.md
2025-09-01 15:51:11,852 - INFO - 发现小节: section06-03.md
2025-09-01 15:51:11,852 - INFO - 发现小节: section06-04.md
2025-09-01 15:51:11,852 - INFO - 发现小节: section06-05.md
2025-09-01 15:51:11,852 - INFO - 发现小节: section06-06.md
2025-09-01 15:51:11,853 - INFO - 发现小节: section06-07.md
2025-09-01 15:51:11,853 - INFO - 发现章节: chapter07.md
2025-09-01 15:51:11,854 - INFO - 发现小节: section07-01.md
2025-09-01 15:51:11,854 - INFO - 发现小节: section07-02.md
2025-09-01 15:51:11,854 - INFO - 发现小节: section07-03.md
2025-09-01 15:51:11,854 - INFO - 发现小节: section07-04.md
2025-09-01 15:51:11,855 - INFO - 发现章节: chapter08.md
2025-09-01 15:51:11,855 - INFO - 发现小节: section08-01.md
2025-09-01 15:51:11,855 - INFO - 发现小节: section08-02.md
2025-09-01 15:51:11,856 - INFO - 发现小节: section08-03.md
2025-09-01 15:51:11,856 - INFO - 发现小节: section08-04.md
2025-09-01 15:51:11,856 - INFO - 发现小节: section08-05.md
2025-09-01 15:51:11,857 - INFO - 发现章节: chapter09.md
2025-09-01 15:51:11,858 - INFO - 发现附录: appendixA.md
2025-09-01 15:51:11,858 - INFO - 发现附录: appendixB.md
2025-09-01 15:51:11,858 - INFO - 发现附录: appendixC.md
2025-09-01 15:51:11,858 - INFO - 总共发现 58 个文件
2025-09-01 15:51:11,863 - INFO - 复制了 0 个图片文件
2025-09-01 15:51:11,934 - INFO - 创建了占位符图片
2025-09-01 15:51:11,934 - INFO - 处理文件: 前言.md (preface)
2025-09-01 15:51:11,937 - INFO - 清理文件 前言.md: 3006 -> 3006 字符 (减少 0)
2025-09-01 15:51:11,938 - INFO - 处理文件: chapter01.md (chapter)
2025-09-01 15:51:11,939 - INFO - 清理文件 chapter01.md: 1149 -> 1155 字符 (减少 -6)
2025-09-01 15:51:11,939 - INFO - 处理文件: section01-01.md (section)
2025-09-01 15:51:11,941 - INFO - 清理文件 section01-01.md: 8577 -> 7493 字符 (减少 1084)
2025-09-01 15:51:11,941 - INFO - 处理文件: section01-02.md (section)
2025-09-01 15:51:11,943 - INFO - 清理文件 section01-02.md: 9948 -> 5325 字符 (减少 4623)
2025-09-01 15:51:11,944 - INFO - 处理文件: section01-03.md (section)
2025-09-01 15:51:11,945 - INFO - 清理文件 section01-03.md: 2064 -> 1939 字符 (减少 125)
2025-09-01 15:51:11,945 - INFO - 处理文件: chapter02.md (chapter)
2025-09-01 15:51:11,946 - INFO - 清理文件 chapter02.md: 1692 -> 1493 字符 (减少 199)
2025-09-01 15:51:11,946 - INFO - 处理文件: section02-01.md (section)
2025-09-01 15:51:11,947 - INFO - 清理文件 section02-01.md: 2343 -> 2214 字符 (减少 129)
2025-09-01 15:51:11,947 - INFO - 处理文件: section02-02.md (section)
2025-09-01 15:51:11,949 - INFO - 清理文件 section02-02.md: 7117 -> 7140 字符 (减少 -23)
2025-09-01 15:51:11,949 - INFO - 处理文件: section02-03.md (section)
2025-09-01 15:51:11,951 - INFO - 清理文件 section02-03.md: 4400 -> 4399 字符 (减少 1)
2025-09-01 15:51:11,951 - INFO - 处理文件: section02-04.md (section)
2025-09-01 15:51:11,952 - INFO - 清理文件 section02-04.md: 1696 -> 1688 字符 (减少 8)
2025-09-01 15:51:11,952 - INFO - 处理文件: section02-05.md (section)
2025-09-01 15:51:11,954 - INFO - 清理文件 section02-05.md: 7566 -> 7638 字符 (减少 -72)
2025-09-01 15:51:11,954 - INFO - 处理文件: section02-06.md (section)
2025-09-01 15:51:11,955 - INFO - 清理文件 section02-06.md: 419 -> 416 字符 (减少 3)
2025-09-01 15:51:11,955 - INFO - 处理文件: chapter03.md (chapter)
2025-09-01 15:51:11,956 - INFO - 清理文件 chapter03.md: 2140 -> 2143 字符 (减少 -3)
2025-09-01 15:51:11,956 - INFO - 处理文件: section03-01.md (section)
2025-09-01 15:51:11,958 - INFO - 清理文件 section03-01.md: 8119 -> 7989 字符 (减少 130)
2025-09-01 15:51:11,958 - INFO - 处理文件: section03-02.md (section)
2025-09-01 15:51:11,960 - INFO - 清理文件 section03-02.md: 9929 -> 9922 字符 (减少 7)
2025-09-01 15:51:11,960 - INFO - 处理文件: section03-03.md (section)
2025-09-01 15:51:11,961 - INFO - 清理文件 section03-03.md: 7478 -> 7467 字符 (减少 11)
2025-09-01 15:51:11,961 - INFO - 处理文件: section03-04.md (section)
2025-09-01 15:51:11,963 - INFO - 清理文件 section03-04.md: 8133 -> 8126 字符 (减少 7)
2025-09-01 15:51:11,964 - INFO - 处理文件: section03-05.md (section)
2025-09-01 15:51:11,964 - INFO - 清理文件 section03-05.md: 3449 -> 3317 字符 (减少 132)
2025-09-01 15:51:11,965 - INFO - 处理文件: section03-06.md (section)
2025-09-01 15:51:11,966 - INFO - 清理文件 section03-06.md: 3833 -> 3700 字符 (减少 133)
2025-09-01 15:51:11,966 - INFO - 处理文件: section03-07.md (section)
2025-09-01 15:51:11,968 - INFO - 清理文件 section03-07.md: 4732 -> 4589 字符 (减少 143)
2025-09-01 15:51:11,968 - INFO - 处理文件: chapter04.md (chapter)
2025-09-01 15:51:11,968 - INFO - 清理文件 chapter04.md: 4658 -> 4214 字符 (减少 444)
2025-09-01 15:51:11,969 - INFO - 处理文件: section04-01.md (section)
2025-09-01 15:51:11,970 - INFO - 清理文件 section04-01.md: 5098 -> 5029 字符 (减少 69)
2025-09-01 15:51:11,970 - INFO - 处理文件: section04-02.md (section)
2025-09-01 15:51:11,975 - INFO - 清理文件 section04-02.md: 34726 -> 34856 字符 (减少 -130)
2025-09-01 15:51:11,975 - INFO - 处理文件: section04-03.md (section)
2025-09-01 15:51:11,980 - INFO - 清理文件 section04-03.md: 35263 -> 35430 字符 (减少 -167)
2025-09-01 15:51:11,980 - INFO - 处理文件: section04-04.md (section)
2025-09-01 15:51:12,001 - INFO - 清理文件 section04-04.md: 150204 -> 151055 字符 (减少 -851)
2025-09-01 15:51:12,001 - INFO - 处理文件: section04-05.md (section)
2025-09-01 15:51:12,019 - INFO - 清理文件 section04-05.md: 135266 -> 135659 字符 (减少 -393)
2025-09-01 15:51:12,020 - INFO - 处理文件: section04-06.md (section)
2025-09-01 15:51:12,027 - INFO - 清理文件 section04-06.md: 55198 -> 55612 字符 (减少 -414)
2025-09-01 15:51:12,028 - INFO - 处理文件: section04-07.md (section)
2025-09-01 15:51:12,031 - INFO - 清理文件 section04-07.md: 16124 -> 16102 字符 (减少 22)
2025-09-01 15:51:12,032 - INFO - 处理文件: chapter05.md (chapter)
2025-09-01 15:51:12,033 - INFO - 清理文件 chapter05.md: 6682 -> 6074 字符 (减少 608)
2025-09-01 15:51:12,033 - INFO - 处理文件: section05-01.md (section)
2025-09-01 15:51:12,041 - INFO - 清理文件 section05-01.md: 79036 -> 79197 字符 (减少 -161)
2025-09-01 15:51:12,041 - INFO - 处理文件: section05-02.md (section)
2025-09-01 15:51:12,046 - INFO - 清理文件 section05-02.md: 63062 -> 62705 字符 (减少 357)
2025-09-01 15:51:12,047 - INFO - 处理文件: section05-03.md (section)
2025-09-01 15:51:12,052 - INFO - 清理文件 section05-03.md: 48732 -> 48761 字符 (减少 -29)
2025-09-01 15:51:12,052 - INFO - 处理文件: section05-04.md (section)
2025-09-01 15:51:12,058 - INFO - 清理文件 section05-04.md: 55175 -> 55243 字符 (减少 -68)
2025-09-01 15:51:12,058 - INFO - 处理文件: section05-05.md (section)
2025-09-01 15:51:12,064 - INFO - 清理文件 section05-05.md: 50634 -> 50676 字符 (减少 -42)
2025-09-01 15:51:12,065 - INFO - 处理文件: section05-06.md (section)
2025-09-01 15:51:12,073 - INFO - 清理文件 section05-06.md: 54370 -> 54949 字符 (减少 -579)
2025-09-01 15:51:12,074 - INFO - 处理文件: chapter06.md (chapter)
2025-09-01 15:51:12,075 - INFO - 清理文件 chapter06.md: 3600 -> 2909 字符 (减少 691)
2025-09-01 15:51:12,075 - INFO - 处理文件: section06-01.md (section)
2025-09-01 15:51:12,076 - INFO - 清理文件 section06-01.md: 1720 -> 1597 字符 (减少 123)
2025-09-01 15:51:12,077 - INFO - 处理文件: section06-02.md (section)
2025-09-01 15:51:12,083 - INFO - 清理文件 section06-02.md: 53897 -> 53943 字符 (减少 -46)
2025-09-01 15:51:12,083 - INFO - 处理文件: section06-03.md (section)
2025-09-01 15:51:12,088 - INFO - 清理文件 section06-03.md: 38333 -> 38201 字符 (减少 132)
2025-09-01 15:51:12,088 - INFO - 处理文件: section06-04.md (section)
2025-09-01 15:51:12,091 - INFO - 清理文件 section06-04.md: 18731 -> 18640 字符 (减少 91)
2025-09-01 15:51:12,091 - INFO - 处理文件: section06-05.md (section)
2025-09-01 15:51:12,092 - INFO - 清理文件 section06-05.md: 8829 -> 8717 字符 (减少 112)
2025-09-01 15:51:12,092 - INFO - 处理文件: section06-06.md (section)
2025-09-01 15:51:12,095 - INFO - 清理文件 section06-06.md: 14330 -> 14315 字符 (减少 15)
2025-09-01 15:51:12,095 - INFO - 处理文件: section06-07.md (section)
2025-09-01 15:51:12,096 - INFO - 清理文件 section06-07.md: 9343 -> 9577 字符 (减少 -234)
2025-09-01 15:51:12,096 - INFO - 处理文件: chapter07.md (chapter)
2025-09-01 15:51:12,097 - INFO - 清理文件 chapter07.md: 7702 -> 7182 字符 (减少 520)
2025-09-01 15:51:12,097 - INFO - 处理文件: section07-01.md (section)
2025-09-01 15:51:12,099 - INFO - 清理文件 section07-01.md: 7487 -> 7082 字符 (减少 405)
2025-09-01 15:51:12,099 - INFO - 处理文件: section07-02.md (section)
2025-09-01 15:51:12,102 - INFO - 清理文件 section07-02.md: 14795 -> 14442 字符 (减少 353)
2025-09-01 15:51:12,102 - INFO - 处理文件: section07-03.md (section)
2025-09-01 15:51:12,103 - INFO - 清理文件 section07-03.md: 13670 -> 13320 字符 (减少 350)
2025-09-01 15:51:12,103 - INFO - 处理文件: section07-04.md (section)
2025-09-01 15:51:12,106 - INFO - 清理文件 section07-04.md: 20642 -> 20271 字符 (减少 371)
2025-09-01 15:51:12,106 - INFO - 处理文件: chapter08.md (chapter)
2025-09-01 15:51:12,107 - INFO - 清理文件 chapter08.md: 5276 -> 3965 字符 (减少 1311)
2025-09-01 15:51:12,108 - INFO - 处理文件: section08-01.md (section)
2025-09-01 15:51:12,110 - INFO - 清理文件 section08-01.md: 21139 -> 21393 字符 (减少 -254)
2025-09-01 15:51:12,110 - INFO - 处理文件: section08-02.md (section)
2025-09-01 15:51:12,113 - INFO - 清理文件 section08-02.md: 24175 -> 24285 字符 (减少 -110)
2025-09-01 15:51:12,113 - INFO - 处理文件: section08-03.md (section)
2025-09-01 15:51:12,116 - INFO - 清理文件 section08-03.md: 12074 -> 12097 字符 (减少 -23)
2025-09-01 15:51:12,117 - INFO - 处理文件: section08-04.md (section)
2025-09-01 15:51:12,119 - INFO - 清理文件 section08-04.md: 15533 -> 15709 字符 (减少 -176)
2025-09-01 15:51:12,119 - INFO - 处理文件: section08-05.md (section)
2025-09-01 15:51:12,122 - INFO - 清理文件 section08-05.md: 15962 -> 16182 字符 (减少 -220)
2025-09-01 15:51:12,122 - INFO - 处理文件: chapter09.md (chapter)
2025-09-01 15:51:12,123 - INFO - 清理文件 chapter09.md: 1605 -> 1603 字符 (减少 2)
2025-09-01 15:51:12,123 - INFO - 处理文件: appendixA.md (appendix)
2025-09-01 15:51:12,124 - INFO - 清理文件 appendixA.md: 2614 -> 2655 字符 (减少 -41)
2025-09-01 15:51:12,124 - INFO - 处理文件: appendixB.md (appendix)
2025-09-01 15:51:12,125 - INFO - 清理文件 appendixB.md: 4865 -> 4941 字符 (减少 -76)
2025-09-01 15:51:12,126 - INFO - 处理文件: appendixC.md (appendix)
2025-09-01 15:51:12,126 - INFO - 清理文件 appendixC.md: 4591 -> 4635 字符 (减少 -44)
2025-09-01 15:51:12,128 - INFO - 文件合并完成: 1,212,931 -> 1,204,382 字符
2025-09-01 15:51:12,137 - INFO - 开始Pandoc转换...
2025-09-01 15:51:13,626 - INFO - Pandoc转换成功
2025-09-01 15:51:13,636 - INFO - 开始LaTeX后处理...
2025-09-01 15:51:13,655 - INFO - LaTeX后处理完成
2025-09-01 15:51:13,663 - INFO - LaTeX文件生成完成: D:\Projects\教材\智慧水利平台架构与开发\publish\教材模板包\输出\教材.tex
2025-09-01 15:51:14,474 - INFO - 使用LaTeX引擎: xelatex
2025-09-01 15:51:14,474 - INFO - 第 1 次LaTeX编译...
2025-09-01 15:51:22,199 - WARNING - 第 1 次编译有警告或错误
2025-09-01 15:51:22,201 - INFO - 第 2 次LaTeX编译...
2025-09-01 15:51:25,047 - WARNING - 第 2 次编译有警告或错误
2025-09-01 15:51:25,047 - WARNING - PDF文件未生成或太小，可能编译失败
2025-09-01 15:51:25,047 - INFO - ============================================================
2025-09-01 15:51:25,048 - INFO - 转换完成！输出文件: D:\Projects\教材\智慧水利平台架构与开发\publish\教材模板包\输出\教材.tex
2025-09-01 15:51:25,048 - INFO - ============================================================
