This is XeTeX, Version 3.141592653-2.6-0.999997 (TeX Live 2025) (preloaded format=xelatex 2025.4.18)  1 SEP 2025 17:11
entering extended mode
 restricted \write18 enabled.
 %&-line parsing enabled.
**chapter01.tex
(./chapter01.tex
LaTeX2e <2024-11-01> patch level 2
L3 programming layer <2025-01-18>
(c:/texlive/2025/texmf-dist/tex/latex/ctex/ctexbook.cls
(c:/texlive/2025/texmf-dist/tex/latex/ctex/config/ctexbackend.cfg
File: ctexbackend.cfg 2022/07/14 v2.5.10 Backend configuration file (CTEX)
)
(c:/texlive/2025/texmf-dist/tex/latex/l3kernel/expl3.sty
Package: expl3 2025-01-18 L3 programming layer (loader) 

(c:/texlive/2025/texmf-dist/tex/latex/l3backend/l3backend-xetex.def
File: l3backend-xetex.def 2024-05-08 L3 backend support: XeTeX
\g__graphics_track_int=\count192
\l__pdf_internal_box=\box52
\g__pdf_backend_annotation_int=\count193
\g__pdf_backend_link_int=\count194
))
Document Class: ctexbook 2022/07/14 v2.5.10 Chinese adapter for class book (CTE
X)
(c:/texlive/2025/texmf-dist/tex/latex/ctex/ctexhook.sty
Package: ctexhook 2022/07/14 v2.5.10 Document and package hooks (CTEX)
)
(c:/texlive/2025/texmf-dist/tex/latex/ctex/ctexpatch.sty
Package: ctexpatch 2022/07/14 v2.5.10 Patching commands (CTEX)
)
(c:/texlive/2025/texmf-dist/tex/latex/base/fix-cm.sty
Package: fix-cm 2020/11/24 v1.1t fixes to LaTeX

(c:/texlive/2025/texmf-dist/tex/latex/base/ts1enc.def
File: ts1enc.def 2001/06/05 v3.0e (jk/car/fm) Standard LaTeX file
LaTeX Font Info:    Redeclaring font encoding TS1 on input line 47.
))
\l__ctex_tmp_int=\count195
\l__ctex_tmp_box=\box53
\l__ctex_tmp_dim=\dimen141
\g__ctex_section_depth_int=\count196
\g__ctex_font_size_int=\count197

(c:/texlive/2025/texmf-dist/tex/latex/ctex/config/ctexopts.cfg
File: ctexopts.cfg 2022/07/14 v2.5.10 Option configuration file (CTEX)
)
(c:/texlive/2025/texmf-dist/tex/latex/base/book.cls
Document Class: book 2024/06/29 v1.4n Standard LaTeX document class
(c:/texlive/2025/texmf-dist/tex/latex/base/bk12.clo
File: bk12.clo 2024/06/29 v1.4n Standard LaTeX file (size option)
)
\c@part=\count198
\c@chapter=\count199
\c@section=\count266
\c@subsection=\count267
\c@subsubsection=\count268
\c@paragraph=\count269
\c@subparagraph=\count270
\c@figure=\count271
\c@table=\count272
\abovecaptionskip=\skip49
\belowcaptionskip=\skip50
\bibindent=\dimen142
)
(c:/texlive/2025/texmf-dist/tex/latex/ctex/engine/ctex-engine-xetex.def
File: ctex-engine-xetex.def 2022/07/14 v2.5.10 XeLaTeX adapter (CTEX)

(c:/texlive/2025/texmf-dist/tex/xelatex/xecjk/xeCJK.sty
Package: xeCJK 2022/08/05 v3.9.1 Typesetting CJK scripts with XeLaTeX

(c:/texlive/2025/texmf-dist/tex/latex/l3packages/xtemplate/xtemplate.sty
Package: xtemplate 2024-08-16 L3 Experimental prototype document functions
)
\l__xeCJK_tmp_int=\count273
\l__xeCJK_tmp_box=\box54
\l__xeCJK_tmp_dim=\dimen143
\l__xeCJK_tmp_skip=\skip51
\g__xeCJK_space_factor_int=\count274
\l__xeCJK_begin_int=\count275
\l__xeCJK_end_int=\count276
\c__xeCJK_CJK_class_int=\XeTeXcharclass1
\c__xeCJK_FullLeft_class_int=\XeTeXcharclass2
\c__xeCJK_FullRight_class_int=\XeTeXcharclass3
\c__xeCJK_HalfLeft_class_int=\XeTeXcharclass4
\c__xeCJK_HalfRight_class_int=\XeTeXcharclass5
\c__xeCJK_NormalSpace_class_int=\XeTeXcharclass6
\c__xeCJK_CM_class_int=\XeTeXcharclass7
\c__xeCJK_HangulJamo_class_int=\XeTeXcharclass8
\l__xeCJK_last_skip=\skip52
\c__xeCJK_none_node=\count277
\g__xeCJK_node_int=\count278
\c__xeCJK_CJK_node_dim=\dimen144
\c__xeCJK_CJK-space_node_dim=\dimen145
\c__xeCJK_default_node_dim=\dimen146
\c__xeCJK_CJK-widow_node_dim=\dimen147
\c__xeCJK_normalspace_node_dim=\dimen148
\c__xeCJK_default-space_node_skip=\skip53
\l__xeCJK_ccglue_skip=\skip54
\l__xeCJK_ecglue_skip=\skip55
\l__xeCJK_punct_kern_skip=\skip56
\l__xeCJK_indent_box=\box55
\l__xeCJK_last_penalty_int=\count279
\l__xeCJK_last_bound_dim=\dimen149
\l__xeCJK_last_kern_dim=\dimen150
\l__xeCJK_widow_penalty_int=\count280

LaTeX template Info: Declaring template type 'xeCJK/punctuation' taking 0
(template)           argument(s) on line 2396.

\l__xeCJK_fixed_punct_width_dim=\dimen151
\l__xeCJK_mixed_punct_width_dim=\dimen152
\l__xeCJK_middle_punct_width_dim=\dimen153
\l__xeCJK_fixed_margin_width_dim=\dimen154
\l__xeCJK_mixed_margin_width_dim=\dimen155
\l__xeCJK_middle_margin_width_dim=\dimen156
\l__xeCJK_bound_punct_width_dim=\dimen157
\l__xeCJK_bound_margin_width_dim=\dimen158
\l__xeCJK_margin_minimum_dim=\dimen159
\l__xeCJK_kerning_total_width_dim=\dimen160
\l__xeCJK_same_align_margin_dim=\dimen161
\l__xeCJK_different_align_margin_dim=\dimen162
\l__xeCJK_kerning_margin_width_dim=\dimen163
\l__xeCJK_kerning_margin_minimum_dim=\dimen164
\l__xeCJK_bound_dim=\dimen165
\l__xeCJK_reverse_bound_dim=\dimen166
\l__xeCJK_margin_dim=\dimen167
\l__xeCJK_minimum_bound_dim=\dimen168
\l__xeCJK_kerning_margin_dim=\dimen169
\g__xeCJK_family_int=\count281
\l__xeCJK_fam_int=\count282
\g__xeCJK_fam_allocation_int=\count283
\l__xeCJK_verb_case_int=\count284
\l__xeCJK_verb_exspace_skip=\skip57

(c:/texlive/2025/texmf-dist/tex/latex/fontspec/fontspec.sty
(c:/texlive/2025/texmf-dist/tex/latex/l3packages/xparse/xparse.sty
Package: xparse 2024-08-16 L3 Experimental document command parser
)
Package: fontspec 2024/05/11 v2.9e Font selection for XeLaTeX and LuaLaTeX

(c:/texlive/2025/texmf-dist/tex/latex/fontspec/fontspec-xetex.sty
Package: fontspec-xetex 2024/05/11 v2.9e Font selection for XeLaTeX and LuaLaTe
X
\l__fontspec_script_int=\count285
\l__fontspec_language_int=\count286
\l__fontspec_strnum_int=\count287
\l__fontspec_tmp_int=\count288
\l__fontspec_tmpa_int=\count289
\l__fontspec_tmpb_int=\count290
\l__fontspec_tmpc_int=\count291
\l__fontspec_em_int=\count292
\l__fontspec_emdef_int=\count293
\l__fontspec_strong_int=\count294
\l__fontspec_strongdef_int=\count295
\l__fontspec_tmpa_dim=\dimen170
\l__fontspec_tmpb_dim=\dimen171
\l__fontspec_tmpc_dim=\dimen172

(c:/texlive/2025/texmf-dist/tex/latex/base/fontenc.sty
Package: fontenc 2021/04/29 v2.0v Standard LaTeX package
)
(c:/texlive/2025/texmf-dist/tex/latex/fontspec/fontspec.cfg)))
(c:/texlive/2025/texmf-dist/tex/xelatex/xecjk/xeCJK.cfg
File: xeCJK.cfg 2022/08/05 v3.9.1 Configuration file for xeCJK package
))
\ccwd=\dimen173
\l__ctex_ccglue_skip=\skip58
)
\l__ctex_ziju_dim=\dimen174

(c:/texlive/2025/texmf-dist/tex/latex/zhnumber/zhnumber.sty
Package: zhnumber 2022/07/14 v3.0 Typesetting numbers with Chinese glyphs
\l__zhnum_scale_int=\count296
\l__zhnum_tmp_int=\count297

(c:/texlive/2025/texmf-dist/tex/latex/zhnumber/zhnumber-utf8.cfg
File: zhnumber-utf8.cfg 2022/07/14 v3.0 Chinese numerals with UTF8 encoding
))
\l__ctex_heading_skip=\skip59

(c:/texlive/2025/texmf-dist/tex/latex/ctex/scheme/ctex-scheme-chinese-book.def
File: ctex-scheme-chinese-book.def 2022/07/14 v2.5.10 Chinese scheme for book (
CTEX)

(c:/texlive/2025/texmf-dist/tex/latex/ctex/config/ctex-name-utf8.cfg
File: ctex-name-utf8.cfg 2022/07/14 v2.5.10 Caption with encoding UTF-8 (CTEX)
))
(c:/texlive/2025/texmf-dist/tex/latex/ctex/fontset/ctex-fontset-windows.def
File: ctex-fontset-windows.def 2022/07/14 v2.5.10 Windows fonts definition (CTE
X)

Package fontspec Info: 
(fontspec)             Could not resolve font "KaiTi/B" (it probably doesn't
(fontspec)             exist).


Package fontspec Info: 
(fontspec)             Could not resolve font "SimHei/I" (it probably doesn't
(fontspec)             exist).


Package fontspec Info: 
(fontspec)             Could not resolve font "SimSun/BI" (it probably doesn't
(fontspec)             exist).


Package fontspec Info: 
(fontspec)             Font family 'SimSun(0)' created for font 'SimSun' with
(fontspec)             options
(fontspec)             [Script={CJK},BoldFont={SimHei},ItalicFont={KaiTi}].
(fontspec)              
(fontspec)              This font family consists of the following NFSS
(fontspec)             series/shapes:
(fontspec)              
(fontspec)             - 'normal' (m/n) with NFSS spec.:
(fontspec)             <->"SimSun/OT:script=hani;language=dflt;"
(fontspec)             - 'bold' (b/n) with NFSS spec.:
(fontspec)             <->"SimHei/OT:script=hani;language=dflt;"
(fontspec)             - 'italic' (m/it) with NFSS spec.:
(fontspec)             <->"KaiTi/OT:script=hani;language=dflt;"

))
(c:/texlive/2025/texmf-dist/tex/latex/ctex/config/ctex.cfg
File: ctex.cfg 2022/07/14 v2.5.10 Configuration file (CTEX)
)

Package ctexhook Warning: Package `ctex' can not be loaded with `ctexbook'.

LaTeX Info: Package 'ctex.sty' has been disabled.
            Load request ignored on input line 5.
(c:/texlive/2025/texmf-dist/tex/latex/amsmath/amsmath.sty
Package: amsmath 2024/11/05 v2.17t AMS math features
\@mathmargin=\skip60

For additional information on amsmath, use the `?' option.
(c:/texlive/2025/texmf-dist/tex/latex/amsmath/amstext.sty
Package: amstext 2021/08/26 v2.01 AMS text

(c:/texlive/2025/texmf-dist/tex/latex/amsmath/amsgen.sty
File: amsgen.sty 1999/11/30 v2.0 generic functions
\@emptytoks=\toks17
\ex@=\dimen175
))
(c:/texlive/2025/texmf-dist/tex/latex/amsmath/amsbsy.sty
Package: amsbsy 1999/11/29 v1.2d Bold Symbols
\pmbraise@=\dimen176
)
(c:/texlive/2025/texmf-dist/tex/latex/amsmath/amsopn.sty
Package: amsopn 2022/04/08 v2.04 operator names
)
\inf@bad=\count298
LaTeX Info: Redefining \frac on input line 233.
\uproot@=\count299
\leftroot@=\count300
LaTeX Info: Redefining \overline on input line 398.
LaTeX Info: Redefining \colon on input line 409.
\classnum@=\count301
\DOTSCASE@=\count302
LaTeX Info: Redefining \ldots on input line 495.
LaTeX Info: Redefining \dots on input line 498.
LaTeX Info: Redefining \cdots on input line 619.
\Mathstrutbox@=\box56
\strutbox@=\box57
LaTeX Info: Redefining \big on input line 721.
LaTeX Info: Redefining \Big on input line 722.
LaTeX Info: Redefining \bigg on input line 723.
LaTeX Info: Redefining \Bigg on input line 724.
\big@size=\dimen177
LaTeX Font Info:    Redeclaring font encoding OML on input line 742.
LaTeX Font Info:    Redeclaring font encoding OMS on input line 743.
\macc@depth=\count303
LaTeX Info: Redefining \bmod on input line 904.
LaTeX Info: Redefining \pmod on input line 909.
LaTeX Info: Redefining \smash on input line 939.
LaTeX Info: Redefining \relbar on input line 969.
LaTeX Info: Redefining \Relbar on input line 970.
\c@MaxMatrixCols=\count304
\dotsspace@=\muskip17
\c@parentequation=\count305
\dspbrk@lvl=\count306
\tag@help=\toks18
\row@=\count307
\column@=\count308
\maxfields@=\count309
\andhelp@=\toks19
\eqnshift@=\dimen178
\alignsep@=\dimen179
\tagshift@=\dimen180
\tagwidth@=\dimen181
\totwidth@=\dimen182
\lineht@=\dimen183
\@envbody=\toks20
\multlinegap=\skip61
\multlinetaggap=\skip62
\mathdisplay@stack=\toks21
LaTeX Info: Redefining \[ on input line 2953.
LaTeX Info: Redefining \] on input line 2954.
)
(c:/texlive/2025/texmf-dist/tex/latex/amsfonts/amssymb.sty
Package: amssymb 2013/01/14 v3.01 AMS font symbols

(c:/texlive/2025/texmf-dist/tex/latex/amsfonts/amsfonts.sty
Package: amsfonts 2013/01/14 v3.01 Basic AMSFonts support
\symAMSa=\mathgroup4
\symAMSb=\mathgroup5
LaTeX Font Info:    Redeclaring math symbol \hbar on input line 98.
LaTeX Font Info:    Overwriting math alphabet `\mathfrak' in version `bold'
(Font)                  U/euf/m/n --> U/euf/b/n on input line 106.
))
(c:/texlive/2025/texmf-dist/tex/latex/graphics/graphicx.sty
Package: graphicx 2021/09/16 v1.2d Enhanced LaTeX Graphics (DPC,SPQR)

(c:/texlive/2025/texmf-dist/tex/latex/graphics/keyval.sty
Package: keyval 2022/05/29 v1.15 key=value parser (DPC)
\KV@toks@=\toks22
)
(c:/texlive/2025/texmf-dist/tex/latex/graphics/graphics.sty
Package: graphics 2024/08/06 v1.4g Standard LaTeX Graphics (DPC,SPQR)

(c:/texlive/2025/texmf-dist/tex/latex/graphics/trig.sty
Package: trig 2023/12/02 v1.11 sin cos tan (DPC)
)
(c:/texlive/2025/texmf-dist/tex/latex/graphics-cfg/graphics.cfg
File: graphics.cfg 2016/06/04 v1.11 sample graphics configuration
)
Package graphics Info: Driver file: xetex.def on input line 106.

(c:/texlive/2025/texmf-dist/tex/latex/graphics-def/xetex.def
File: xetex.def 2022/09/22 v5.0n Graphics/color driver for xetex
))
\Gin@req@height=\dimen184
\Gin@req@width=\dimen185
)
(c:/texlive/2025/texmf-dist/tex/latex/xcolor/xcolor.sty
Package: xcolor 2024/09/29 v3.02 LaTeX color extensions (UK)

(c:/texlive/2025/texmf-dist/tex/latex/graphics-cfg/color.cfg
File: color.cfg 2016/01/02 v1.6 sample color configuration
)
Package xcolor Info: Driver file: xetex.def on input line 274.

(c:/texlive/2025/texmf-dist/tex/latex/graphics/mathcolor.ltx)
Package xcolor Info: Model `cmy' substituted by `cmy0' on input line 1349.
Package xcolor Info: Model `RGB' extended on input line 1365.
Package xcolor Info: Model `HTML' substituted by `rgb' on input line 1367.
Package xcolor Info: Model `Hsb' substituted by `hsb' on input line 1368.
Package xcolor Info: Model `tHsb' substituted by `hsb' on input line 1369.
Package xcolor Info: Model `HSB' substituted by `hsb' on input line 1370.
Package xcolor Info: Model `Gray' substituted by `gray' on input line 1371.
Package xcolor Info: Model `wave' substituted by `hsb' on input line 1372.
)
(c:/texlive/2025/texmf-dist/tex/latex/geometry/geometry.sty
Package: geometry 2020/01/02 v5.9 Page Geometry

(c:/texlive/2025/texmf-dist/tex/generic/iftex/ifvtex.sty
Package: ifvtex 2019/10/25 v1.7 ifvtex legacy package. Use iftex instead.

(c:/texlive/2025/texmf-dist/tex/generic/iftex/iftex.sty
Package: iftex 2024/12/12 v1.0g TeX engine tests
))
\Gm@cnth=\count310
\Gm@cntv=\count311
\c@Gm@tempcnt=\count312
\Gm@bindingoffset=\dimen186
\Gm@wd@mp=\dimen187
\Gm@odd@mp=\dimen188
\Gm@even@mp=\dimen189
\Gm@layoutwidth=\dimen190
\Gm@layoutheight=\dimen191
\Gm@layouthoffset=\dimen192
\Gm@layoutvoffset=\dimen193
\Gm@dimlist=\toks23
)
(c:/texlive/2025/texmf-dist/tex/latex/hyperref/hyperref.sty
Package: hyperref 2024-11-05 v7.01l Hypertext links for LaTeX

(c:/texlive/2025/texmf-dist/tex/latex/kvsetkeys/kvsetkeys.sty
Package: kvsetkeys 2022-10-05 v1.19 Key value parser (HO)
)
(c:/texlive/2025/texmf-dist/tex/generic/kvdefinekeys/kvdefinekeys.sty
Package: kvdefinekeys 2019-12-19 v1.6 Define keys (HO)
)
(c:/texlive/2025/texmf-dist/tex/generic/pdfescape/pdfescape.sty
Package: pdfescape 2019/12/09 v1.15 Implements pdfTeX's escape features (HO)

(c:/texlive/2025/texmf-dist/tex/generic/ltxcmds/ltxcmds.sty
Package: ltxcmds 2023-12-04 v1.26 LaTeX kernel commands for general use (HO)
)
(c:/texlive/2025/texmf-dist/tex/generic/pdftexcmds/pdftexcmds.sty
Package: pdftexcmds 2020-06-27 v0.33 Utility functions of pdfTeX for LuaTeX (HO
)

(c:/texlive/2025/texmf-dist/tex/generic/infwarerr/infwarerr.sty
Package: infwarerr 2019/12/03 v1.5 Providing info/warning/error messages (HO)
)
Package pdftexcmds Info: \pdf@primitive is available.
Package pdftexcmds Info: \pdf@ifprimitive is available.
Package pdftexcmds Info: \pdfdraftmode not found.
))
(c:/texlive/2025/texmf-dist/tex/latex/hycolor/hycolor.sty
Package: hycolor 2020-01-27 v1.10 Color options for hyperref/bookmark (HO)
)
(c:/texlive/2025/texmf-dist/tex/latex/hyperref/nameref.sty
Package: nameref 2023-11-26 v2.56 Cross-referencing by name of section

(c:/texlive/2025/texmf-dist/tex/latex/refcount/refcount.sty
Package: refcount 2019/12/15 v3.6 Data extraction from label references (HO)
)
(c:/texlive/2025/texmf-dist/tex/generic/gettitlestring/gettitlestring.sty
Package: gettitlestring 2019/12/15 v1.6 Cleanup title references (HO)

(c:/texlive/2025/texmf-dist/tex/latex/kvoptions/kvoptions.sty
Package: kvoptions 2022-06-15 v3.15 Key value format for package options (HO)
))
\c@section@level=\count313
)
(c:/texlive/2025/texmf-dist/tex/latex/etoolbox/etoolbox.sty
Package: etoolbox 2025/02/11 v2.5l e-TeX tools for LaTeX (JAW)
\etb@tempcnta=\count314
)
(c:/texlive/2025/texmf-dist/tex/generic/stringenc/stringenc.sty
Package: stringenc 2019/11/29 v1.12 Convert strings between diff. encodings (HO
)
)
\@linkdim=\dimen194
\Hy@linkcounter=\count315
\Hy@pagecounter=\count316

(c:/texlive/2025/texmf-dist/tex/latex/hyperref/pd1enc.def
File: pd1enc.def 2024-11-05 v7.01l Hyperref: PDFDocEncoding definition (HO)
)
(c:/texlive/2025/texmf-dist/tex/generic/intcalc/intcalc.sty
Package: intcalc 2019/12/15 v1.3 Expandable calculations with integers (HO)
)
\Hy@SavedSpaceFactor=\count317

(c:/texlive/2025/texmf-dist/tex/latex/hyperref/puenc.def
File: puenc.def 2024-11-05 v7.01l Hyperref: PDF Unicode definition (HO)
)
Package hyperref Info: Option `unicode' set `true' on input line 4040.
Package hyperref Info: Hyper figures OFF on input line 4157.
Package hyperref Info: Link nesting OFF on input line 4162.
Package hyperref Info: Hyper index ON on input line 4165.
Package hyperref Info: Plain pages OFF on input line 4172.
Package hyperref Info: Backreferencing OFF on input line 4177.
Package hyperref Info: Implicit mode ON; LaTeX internals redefined.
Package hyperref Info: Bookmarks ON on input line 4424.
\c@Hy@tempcnt=\count318

(c:/texlive/2025/texmf-dist/tex/latex/url/url.sty
\Urlmuskip=\muskip18
Package: url 2013/09/16  ver 3.4  Verb mode for urls, etc.
)
LaTeX Info: Redefining \url on input line 4763.
\XeTeXLinkMargin=\dimen195

(c:/texlive/2025/texmf-dist/tex/generic/bitset/bitset.sty
Package: bitset 2019/12/09 v1.3 Handle bit-vector datatype (HO)

(c:/texlive/2025/texmf-dist/tex/generic/bigintcalc/bigintcalc.sty
Package: bigintcalc 2019/12/15 v1.5 Expandable calculations on big integers (HO
)
))
\Fld@menulength=\count319
\Field@Width=\dimen196
\Fld@charsize=\dimen197
Package hyperref Info: Hyper figures OFF on input line 6042.
Package hyperref Info: Link nesting OFF on input line 6047.
Package hyperref Info: Hyper index ON on input line 6050.
Package hyperref Info: backreferencing OFF on input line 6057.
Package hyperref Info: Link coloring OFF on input line 6062.
Package hyperref Info: Link coloring with OCG OFF on input line 6067.
Package hyperref Info: PDF/A mode OFF on input line 6072.

(c:/texlive/2025/texmf-dist/tex/latex/base/atbegshi-ltx.sty
Package: atbegshi-ltx 2021/01/10 v1.0c Emulation of the original atbegshi
package with kernel methods
)
\Hy@abspage=\count320
\c@Item=\count321
\c@Hfootnote=\count322
)
Package hyperref Info: Driver (autodetected): hxetex.

(c:/texlive/2025/texmf-dist/tex/latex/hyperref/hxetex.def
File: hxetex.def 2024-11-05 v7.01l Hyperref driver for XeTeX
\pdfm@box=\box58
\c@Hy@AnnotLevel=\count323
\HyField@AnnotCount=\count324
\Fld@listcount=\count325
\c@bookmark@seq@number=\count326

(c:/texlive/2025/texmf-dist/tex/latex/rerunfilecheck/rerunfilecheck.sty
Package: rerunfilecheck 2022-07-10 v1.10 Rerun checks for auxiliary files (HO)

(c:/texlive/2025/texmf-dist/tex/latex/base/atveryend-ltx.sty
Package: atveryend-ltx 2020/08/19 v1.0a Emulation of the original atveryend pac
kage
with kernel methods
)
(c:/texlive/2025/texmf-dist/tex/generic/uniquecounter/uniquecounter.sty
Package: uniquecounter 2019/12/15 v1.4 Provide unlimited unique counter (HO)
)
Package uniquecounter Info: New unique counter `rerunfilecheck' on input line 2
85.
)
\Hy@SectionHShift=\skip63
)

Package xeCJK Warning: Redefining CJKfamily `\CJKrmdefault' (SimSun(0)).


Package xeCJK Warning: Redefining CJKfamily `\CJKsfdefault' (Microsoft YaHei).


Package xeCJK Warning: Redefining CJKfamily `\CJKttdefault' (FangSong).

(c:/texlive/2025/texmf-dist/tex/latex/listings/listings.sty
\lst@mode=\count327
\lst@gtempboxa=\box59
\lst@token=\toks24
\lst@length=\count328
\lst@currlwidth=\dimen198
\lst@column=\count329
\lst@pos=\count330
\lst@lostspace=\dimen199
\lst@width=\dimen256
\lst@newlines=\count331
\lst@lineno=\count332
\lst@maxwidth=\dimen257

(c:/texlive/2025/texmf-dist/tex/latex/listings/lstpatch.sty
File: lstpatch.sty 2024/09/23 1.10c (Carsten Heinz)
)
(c:/texlive/2025/texmf-dist/tex/latex/listings/lstmisc.sty
File: lstmisc.sty 2024/09/23 1.10c (Carsten Heinz)
\c@lstnumber=\count333
\lst@skipnumbers=\count334
\lst@framebox=\box60
)
(c:/texlive/2025/texmf-dist/tex/latex/listings/listings.cfg
File: listings.cfg 2024/09/23 1.10c listings configuration
))
Package: listings 2024/09/23 1.10c (Carsten Heinz)

(c:/texlive/2025/texmf-dist/tex/xelatex/xecjk/xeCJK-listings.sty
Package: xeCJK-listings 2022/08/05 v3.9.1 xeCJK patch file for listings
\l__xeCJK_listings_max_char_int=\count335
\l__xeCJK_listings_flag_int=\count336
)
(c:/texlive/2025/texmf-dist/tex/latex/tcolorbox/tcolorbox.sty
Package: tcolorbox 2024/10/22 version 6.4.1 text color boxes

(c:/texlive/2025/texmf-dist/tex/latex/pgf/frontendlayer/tikz.sty
(c:/texlive/2025/texmf-dist/tex/latex/pgf/basiclayer/pgf.sty
(c:/texlive/2025/texmf-dist/tex/latex/pgf/utilities/pgfrcs.sty
(c:/texlive/2025/texmf-dist/tex/generic/pgf/utilities/pgfutil-common.tex
\pgfutil@everybye=\toks25
\pgfutil@tempdima=\dimen258
\pgfutil@tempdimb=\dimen259
)
(c:/texlive/2025/texmf-dist/tex/generic/pgf/utilities/pgfutil-latex.def
\pgfutil@abb=\box61
)
(c:/texlive/2025/texmf-dist/tex/generic/pgf/utilities/pgfrcs.code.tex
(c:/texlive/2025/texmf-dist/tex/generic/pgf/pgf.revision.tex)
Package: pgfrcs 2023-01-15 v3.1.10 (3.1.10)
))
Package: pgf 2023-01-15 v3.1.10 (3.1.10)

(c:/texlive/2025/texmf-dist/tex/latex/pgf/basiclayer/pgfcore.sty
(c:/texlive/2025/texmf-dist/tex/latex/pgf/systemlayer/pgfsys.sty
(c:/texlive/2025/texmf-dist/tex/generic/pgf/systemlayer/pgfsys.code.tex
Package: pgfsys 2023-01-15 v3.1.10 (3.1.10)

(c:/texlive/2025/texmf-dist/tex/generic/pgf/utilities/pgfkeys.code.tex
\pgfkeys@pathtoks=\toks26
\pgfkeys@temptoks=\toks27

(c:/texlive/2025/texmf-dist/tex/generic/pgf/utilities/pgfkeyslibraryfiltered.co
de.tex
\pgfkeys@tmptoks=\toks28
))
\pgf@x=\dimen260
\pgf@y=\dimen261
\pgf@xa=\dimen262
\pgf@ya=\dimen263
\pgf@xb=\dimen264
\pgf@yb=\dimen265
\pgf@xc=\dimen266
\pgf@yc=\dimen267
\pgf@xd=\dimen268
\pgf@yd=\dimen269
\w@pgf@writea=\write3
\r@pgf@reada=\read2
\c@pgf@counta=\count337
\c@pgf@countb=\count338
\c@pgf@countc=\count339
\c@pgf@countd=\count340
\t@pgf@toka=\toks29
\t@pgf@tokb=\toks30
\t@pgf@tokc=\toks31
\pgf@sys@id@count=\count341
 (c:/texlive/2025/texmf-dist/tex/generic/pgf/systemlayer/pgf.cfg
File: pgf.cfg 2023-01-15 v3.1.10 (3.1.10)
)
Driver file for pgf: pgfsys-xetex.def

(c:/texlive/2025/texmf-dist/tex/generic/pgf/systemlayer/pgfsys-xetex.def
File: pgfsys-xetex.def 2023-01-15 v3.1.10 (3.1.10)

(c:/texlive/2025/texmf-dist/tex/generic/pgf/systemlayer/pgfsys-dvipdfmx.def
File: pgfsys-dvipdfmx.def 2023-01-15 v3.1.10 (3.1.10)

(c:/texlive/2025/texmf-dist/tex/generic/pgf/systemlayer/pgfsys-common-pdf.def
File: pgfsys-common-pdf.def 2023-01-15 v3.1.10 (3.1.10)
)
\pgfsys@objnum=\count342
)))
(c:/texlive/2025/texmf-dist/tex/generic/pgf/systemlayer/pgfsyssoftpath.code.tex
File: pgfsyssoftpath.code.tex 2023-01-15 v3.1.10 (3.1.10)
\pgfsyssoftpath@smallbuffer@items=\count343
\pgfsyssoftpath@bigbuffer@items=\count344
)
(c:/texlive/2025/texmf-dist/tex/generic/pgf/systemlayer/pgfsysprotocol.code.tex
File: pgfsysprotocol.code.tex 2023-01-15 v3.1.10 (3.1.10)
)) (c:/texlive/2025/texmf-dist/tex/generic/pgf/basiclayer/pgfcore.code.tex
Package: pgfcore 2023-01-15 v3.1.10 (3.1.10)

(c:/texlive/2025/texmf-dist/tex/generic/pgf/math/pgfmath.code.tex
(c:/texlive/2025/texmf-dist/tex/generic/pgf/math/pgfmathutil.code.tex)
(c:/texlive/2025/texmf-dist/tex/generic/pgf/math/pgfmathparser.code.tex
\pgfmath@dimen=\dimen270
\pgfmath@count=\count345
\pgfmath@box=\box62
\pgfmath@toks=\toks32
\pgfmath@stack@operand=\toks33
\pgfmath@stack@operation=\toks34
)
(c:/texlive/2025/texmf-dist/tex/generic/pgf/math/pgfmathfunctions.code.tex)
(c:/texlive/2025/texmf-dist/tex/generic/pgf/math/pgfmathfunctions.basic.code.te
x)
(c:/texlive/2025/texmf-dist/tex/generic/pgf/math/pgfmathfunctions.trigonometric
.code.tex)
(c:/texlive/2025/texmf-dist/tex/generic/pgf/math/pgfmathfunctions.random.code.t
ex)
(c:/texlive/2025/texmf-dist/tex/generic/pgf/math/pgfmathfunctions.comparison.co
de.tex)
(c:/texlive/2025/texmf-dist/tex/generic/pgf/math/pgfmathfunctions.base.code.tex
)
(c:/texlive/2025/texmf-dist/tex/generic/pgf/math/pgfmathfunctions.round.code.te
x)
(c:/texlive/2025/texmf-dist/tex/generic/pgf/math/pgfmathfunctions.misc.code.tex
)
(c:/texlive/2025/texmf-dist/tex/generic/pgf/math/pgfmathfunctions.integerarithm
etics.code.tex)
(c:/texlive/2025/texmf-dist/tex/generic/pgf/math/pgfmathcalc.code.tex)
(c:/texlive/2025/texmf-dist/tex/generic/pgf/math/pgfmathfloat.code.tex
\c@pgfmathroundto@lastzeros=\count346
))
(c:/texlive/2025/texmf-dist/tex/generic/pgf/math/pgfint.code.tex)
(c:/texlive/2025/texmf-dist/tex/generic/pgf/basiclayer/pgfcorepoints.code.tex
File: pgfcorepoints.code.tex 2023-01-15 v3.1.10 (3.1.10)
\pgf@picminx=\dimen271
\pgf@picmaxx=\dimen272
\pgf@picminy=\dimen273
\pgf@picmaxy=\dimen274
\pgf@pathminx=\dimen275
\pgf@pathmaxx=\dimen276
\pgf@pathminy=\dimen277
\pgf@pathmaxy=\dimen278
\pgf@xx=\dimen279
\pgf@xy=\dimen280
\pgf@yx=\dimen281
\pgf@yy=\dimen282
\pgf@zx=\dimen283
\pgf@zy=\dimen284
)
(c:/texlive/2025/texmf-dist/tex/generic/pgf/basiclayer/pgfcorepathconstruct.cod
e.tex
File: pgfcorepathconstruct.code.tex 2023-01-15 v3.1.10 (3.1.10)
\pgf@path@lastx=\dimen285
\pgf@path@lasty=\dimen286
)
(c:/texlive/2025/texmf-dist/tex/generic/pgf/basiclayer/pgfcorepathusage.code.te
x
File: pgfcorepathusage.code.tex 2023-01-15 v3.1.10 (3.1.10)
\pgf@shorten@end@additional=\dimen287
\pgf@shorten@start@additional=\dimen288
)
(c:/texlive/2025/texmf-dist/tex/generic/pgf/basiclayer/pgfcorescopes.code.tex
File: pgfcorescopes.code.tex 2023-01-15 v3.1.10 (3.1.10)
\pgfpic=\box63
\pgf@hbox=\box64
\pgf@layerbox@main=\box65
\pgf@picture@serial@count=\count347
)
(c:/texlive/2025/texmf-dist/tex/generic/pgf/basiclayer/pgfcoregraphicstate.code
.tex
File: pgfcoregraphicstate.code.tex 2023-01-15 v3.1.10 (3.1.10)
\pgflinewidth=\dimen289
)
(c:/texlive/2025/texmf-dist/tex/generic/pgf/basiclayer/pgfcoretransformations.c
ode.tex
File: pgfcoretransformations.code.tex 2023-01-15 v3.1.10 (3.1.10)
\pgf@pt@x=\dimen290
\pgf@pt@y=\dimen291
\pgf@pt@temp=\dimen292
)
(c:/texlive/2025/texmf-dist/tex/generic/pgf/basiclayer/pgfcorequick.code.tex
File: pgfcorequick.code.tex 2023-01-15 v3.1.10 (3.1.10)
)
(c:/texlive/2025/texmf-dist/tex/generic/pgf/basiclayer/pgfcoreobjects.code.tex
File: pgfcoreobjects.code.tex 2023-01-15 v3.1.10 (3.1.10)
)
(c:/texlive/2025/texmf-dist/tex/generic/pgf/basiclayer/pgfcorepathprocessing.co
de.tex
File: pgfcorepathprocessing.code.tex 2023-01-15 v3.1.10 (3.1.10)
)
(c:/texlive/2025/texmf-dist/tex/generic/pgf/basiclayer/pgfcorearrows.code.tex
File: pgfcorearrows.code.tex 2023-01-15 v3.1.10 (3.1.10)
\pgfarrowsep=\dimen293
)
(c:/texlive/2025/texmf-dist/tex/generic/pgf/basiclayer/pgfcoreshade.code.tex
File: pgfcoreshade.code.tex 2023-01-15 v3.1.10 (3.1.10)
\pgf@max=\dimen294
\pgf@sys@shading@range@num=\count348
\pgf@shadingcount=\count349
)
(c:/texlive/2025/texmf-dist/tex/generic/pgf/basiclayer/pgfcoreimage.code.tex
File: pgfcoreimage.code.tex 2023-01-15 v3.1.10 (3.1.10)
)
(c:/texlive/2025/texmf-dist/tex/generic/pgf/basiclayer/pgfcoreexternal.code.tex
File: pgfcoreexternal.code.tex 2023-01-15 v3.1.10 (3.1.10)
\pgfexternal@startupbox=\box66
) (c:/texlive/2025/texmf-dist/tex/generic/pgf/basiclayer/pgfcorelayers.code.tex
File: pgfcorelayers.code.tex 2023-01-15 v3.1.10 (3.1.10)
)
(c:/texlive/2025/texmf-dist/tex/generic/pgf/basiclayer/pgfcoretransparency.code
.tex
File: pgfcoretransparency.code.tex 2023-01-15 v3.1.10 (3.1.10)
)
(c:/texlive/2025/texmf-dist/tex/generic/pgf/basiclayer/pgfcorepatterns.code.tex
File: pgfcorepatterns.code.tex 2023-01-15 v3.1.10 (3.1.10)
) (c:/texlive/2025/texmf-dist/tex/generic/pgf/basiclayer/pgfcorerdf.code.tex
File: pgfcorerdf.code.tex 2023-01-15 v3.1.10 (3.1.10)
))) (c:/texlive/2025/texmf-dist/tex/generic/pgf/modules/pgfmoduleshapes.code.te
x
File: pgfmoduleshapes.code.tex 2023-01-15 v3.1.10 (3.1.10)
\pgfnodeparttextbox=\box67
)
(c:/texlive/2025/texmf-dist/tex/generic/pgf/modules/pgfmoduleplot.code.tex
File: pgfmoduleplot.code.tex 2023-01-15 v3.1.10 (3.1.10)
)
(c:/texlive/2025/texmf-dist/tex/latex/pgf/compatibility/pgfcomp-version-0-65.st
y
Package: pgfcomp-version-0-65 2023-01-15 v3.1.10 (3.1.10)
\pgf@nodesepstart=\dimen295
\pgf@nodesepend=\dimen296
)
(c:/texlive/2025/texmf-dist/tex/latex/pgf/compatibility/pgfcomp-version-1-18.st
y
Package: pgfcomp-version-1-18 2023-01-15 v3.1.10 (3.1.10)
)) (c:/texlive/2025/texmf-dist/tex/latex/pgf/utilities/pgffor.sty
(c:/texlive/2025/texmf-dist/tex/latex/pgf/utilities/pgfkeys.sty
(c:/texlive/2025/texmf-dist/tex/generic/pgf/utilities/pgfkeys.code.tex))
(c:/texlive/2025/texmf-dist/tex/latex/pgf/math/pgfmath.sty
(c:/texlive/2025/texmf-dist/tex/generic/pgf/math/pgfmath.code.tex))
(c:/texlive/2025/texmf-dist/tex/generic/pgf/utilities/pgffor.code.tex
Package: pgffor 2023-01-15 v3.1.10 (3.1.10)
\pgffor@iter=\dimen297
\pgffor@skip=\dimen298
\pgffor@stack=\toks35
\pgffor@toks=\toks36
))
(c:/texlive/2025/texmf-dist/tex/generic/pgf/frontendlayer/tikz/tikz.code.tex
Package: tikz 2023-01-15 v3.1.10 (3.1.10)

(c:/texlive/2025/texmf-dist/tex/generic/pgf/libraries/pgflibraryplothandlers.co
de.tex
File: pgflibraryplothandlers.code.tex 2023-01-15 v3.1.10 (3.1.10)
\pgf@plot@mark@count=\count350
\pgfplotmarksize=\dimen299
)
\tikz@lastx=\dimen300
\tikz@lasty=\dimen301
\tikz@lastxsaved=\dimen302
\tikz@lastysaved=\dimen303
\tikz@lastmovetox=\dimen304
\tikz@lastmovetoy=\dimen305
\tikzleveldistance=\dimen306
\tikzsiblingdistance=\dimen307
\tikz@figbox=\box68
\tikz@figbox@bg=\box69
\tikz@tempbox=\box70
\tikz@tempbox@bg=\box71
\tikztreelevel=\count351
\tikznumberofchildren=\count352
\tikznumberofcurrentchild=\count353
\tikz@fig@count=\count354

(c:/texlive/2025/texmf-dist/tex/generic/pgf/modules/pgfmodulematrix.code.tex
File: pgfmodulematrix.code.tex 2023-01-15 v3.1.10 (3.1.10)
\pgfmatrixcurrentrow=\count355
\pgfmatrixcurrentcolumn=\count356
\pgf@matrix@numberofcolumns=\count357
)
\tikz@expandcount=\count358

(c:/texlive/2025/texmf-dist/tex/generic/pgf/frontendlayer/tikz/libraries/tikzli
brarytopaths.code.tex
File: tikzlibrarytopaths.code.tex 2023-01-15 v3.1.10 (3.1.10)
)))
(c:/texlive/2025/texmf-dist/tex/latex/tools/verbatim.sty
Package: verbatim 2024-01-22 v1.5x LaTeX2e package for verbatim enhancements
\every@verbatim=\toks37
\verbatim@line=\toks38
\verbatim@in@stream=\read3
)
(c:/texlive/2025/texmf-dist/tex/latex/environ/environ.sty
Package: environ 2014/05/04 v0.3 A new way to define environments

(c:/texlive/2025/texmf-dist/tex/latex/trimspaces/trimspaces.sty
Package: trimspaces 2009/09/17 v1.1 Trim spaces around a token list
))
\tcb@titlebox=\box72
\tcb@upperbox=\box73
\tcb@lowerbox=\box74
\tcb@phantombox=\box75
\c@tcbbreakpart=\count359
\c@tcblayer=\count360
\c@tcolorbox@number=\count361
\l__tcobox_tmpa_box=\box76
\l__tcobox_tmpa_dim=\dimen308
\tcb@temp=\box77
\tcb@temp=\box78
\tcb@temp=\box79
\tcb@temp=\box80
)
(c:/texlive/2025/texmf-dist/tex/latex/tcolorbox/tcbskins.code.tex
Library (tcolorbox): 'tcbskins.code.tex' version '6.4.1'
(c:/texlive/2025/texmf-dist/tex/latex/tikzfill/tikzfill.image.sty
Package: tikzfill.image 2023/08/08 v1.0.1 Image filling library for TikZ

(c:/texlive/2025/texmf-dist/tex/latex/tikzfill/tikzfill-common.sty
Package: tikzfill-common 2023/08/08 v1.0.1 Auxiliary code for tikzfill
)
(c:/texlive/2025/texmf-dist/tex/latex/tikzfill/tikzlibraryfill.image.code.tex
File: tikzlibraryfill.image.code.tex 2023/08/08 v1.0.1 Image filling library
\l__tikzfill_img_box=\box81
)) (c:/texlive/2025/texmf-dist/tex/latex/tcolorbox/tcbskinsjigsaw.code.tex
Library (tcolorbox): 'tcbskinsjigsaw.code.tex' version '6.4.1'
)) (c:/texlive/2025/texmf-dist/tex/latex/tcolorbox/tcbbreakable.code.tex
Library (tcolorbox): 'tcbbreakable.code.tex' version '6.4.1'
(c:/texlive/2025/texmf-dist/tex/latex/pdfcol/pdfcol.sty
Package: pdfcol 2022-09-21 v1.7 Handle new color stacks for pdfTeX (HO)
Package pdfcol Info: Interface disabled because of missing PDF mode of pdfTeX.
)
Package pdfcol Info: pdfTeX's color stacks are not available.
\tcb@testbox=\box82
\tcb@totalupperbox=\box83
\tcb@totallowerbox=\box84
)
(c:/texlive/2025/texmf-dist/tex/latex/enumitem/enumitem.sty
Package: enumitem 2025/02/06 v3.11 Customized lists
\labelindent=\skip64
\enit@outerparindent=\dimen309
\enit@toks=\toks39
\enit@inbox=\box85
\enit@count@id=\count362
\enitdp@description=\count363
)
(c:/texlive/2025/texmf-dist/tex/latex/tools/longtable.sty
Package: longtable 2024-10-27 v4.22 Multi-page Table package (DPC)
\LTleft=\skip65
\LTright=\skip66
\LTpre=\skip67
\LTpost=\skip68
\LTchunksize=\count364
\LTcapwidth=\dimen310
\LT@head=\box86
\LT@firsthead=\box87
\LT@foot=\box88
\LT@lastfoot=\box89
\LT@gbox=\box90
\LT@cols=\count365
\LT@rows=\count366
\c@LT@tables=\count367
\c@LT@chunks=\count368
\LT@p@ftn=\toks40
)
(c:/texlive/2025/texmf-dist/tex/latex/booktabs/booktabs.sty
Package: booktabs 2020/01/12 v1.61803398 Publication quality tables
\heavyrulewidth=\dimen311
\lightrulewidth=\dimen312
\cmidrulewidth=\dimen313
\belowrulesep=\dimen314
\belowbottomsep=\dimen315
\aboverulesep=\dimen316
\abovetopsep=\dimen317
\cmidrulesep=\dimen318
\cmidrulekern=\dimen319
\defaultaddspace=\dimen320
\@cmidla=\count369
\@cmidlb=\count370
\@aboverulesep=\dimen321
\@belowrulesep=\dimen322
\@thisruleclass=\count371
\@lastruleclass=\count372
\@thisrulewidth=\dimen323
)
(c:/texlive/2025/texmf-dist/tex/latex/tools/array.sty
Package: array 2024/10/17 v2.6g Tabular extension package (FMi)
\col@sep=\dimen324
\ar@mcellbox=\box91
\extrarowheight=\dimen325
\NC@list=\toks41
\extratabsurround=\skip69
\backup@length=\skip70
\ar@cellbox=\box92
) (./chapter01.aux)
\openout1 = `chapter01.aux'.

LaTeX Font Info:    Checking defaults for OML/cmm/m/it on input line 54.
LaTeX Font Info:    ... okay on input line 54.
LaTeX Font Info:    Checking defaults for OMS/cmsy/m/n on input line 54.
LaTeX Font Info:    ... okay on input line 54.
LaTeX Font Info:    Checking defaults for OT1/cmr/m/n on input line 54.
LaTeX Font Info:    ... okay on input line 54.
LaTeX Font Info:    Checking defaults for T1/cmr/m/n on input line 54.
LaTeX Font Info:    ... okay on input line 54.
LaTeX Font Info:    Checking defaults for TS1/cmr/m/n on input line 54.
LaTeX Font Info:    ... okay on input line 54.
LaTeX Font Info:    Checking defaults for TU/lmr/m/n on input line 54.
LaTeX Font Info:    ... okay on input line 54.
LaTeX Font Info:    Checking defaults for OMX/cmex/m/n on input line 54.
LaTeX Font Info:    ... okay on input line 54.
LaTeX Font Info:    Checking defaults for U/cmr/m/n on input line 54.
LaTeX Font Info:    ... okay on input line 54.
LaTeX Font Info:    Checking defaults for PD1/pdf/m/n on input line 54.
LaTeX Font Info:    ... okay on input line 54.
LaTeX Font Info:    Checking defaults for PU/pdf/m/n on input line 54.
LaTeX Font Info:    ... okay on input line 54.

Package fontspec Info: 
(fontspec)             Adjusting the maths setup (use [no-math] to avoid
(fontspec)             this).

\symlegacymaths=\mathgroup6
LaTeX Font Info:    Overwriting symbol font `legacymaths' in version `bold'
(Font)                  OT1/cmr/m/n --> OT1/cmr/bx/n on input line 54.
LaTeX Font Info:    Redeclaring math accent \acute on input line 54.
LaTeX Font Info:    Redeclaring math accent \grave on input line 54.
LaTeX Font Info:    Redeclaring math accent \ddot on input line 54.
LaTeX Font Info:    Redeclaring math accent \tilde on input line 54.
LaTeX Font Info:    Redeclaring math accent \bar on input line 54.
LaTeX Font Info:    Redeclaring math accent \breve on input line 54.
LaTeX Font Info:    Redeclaring math accent \check on input line 54.
LaTeX Font Info:    Redeclaring math accent \hat on input line 54.
LaTeX Font Info:    Redeclaring math accent \dot on input line 54.
LaTeX Font Info:    Redeclaring math accent \mathring on input line 54.
LaTeX Font Info:    Redeclaring math symbol \Gamma on input line 54.
LaTeX Font Info:    Redeclaring math symbol \Delta on input line 54.
LaTeX Font Info:    Redeclaring math symbol \Theta on input line 54.
LaTeX Font Info:    Redeclaring math symbol \Lambda on input line 54.
LaTeX Font Info:    Redeclaring math symbol \Xi on input line 54.
LaTeX Font Info:    Redeclaring math symbol \Pi on input line 54.
LaTeX Font Info:    Redeclaring math symbol \Sigma on input line 54.
LaTeX Font Info:    Redeclaring math symbol \Upsilon on input line 54.
LaTeX Font Info:    Redeclaring math symbol \Phi on input line 54.
LaTeX Font Info:    Redeclaring math symbol \Psi on input line 54.
LaTeX Font Info:    Redeclaring math symbol \Omega on input line 54.
LaTeX Font Info:    Redeclaring math symbol \mathdollar on input line 54.
LaTeX Font Info:    Redeclaring symbol font `operators' on input line 54.
LaTeX Font Info:    Encoding `OT1' has changed to `TU' for symbol font
(Font)              `operators' in the math version `normal' on input line 54.
LaTeX Font Info:    Overwriting symbol font `operators' in version `normal'
(Font)                  OT1/cmr/m/n --> TU/lmr/m/n on input line 54.
LaTeX Font Info:    Encoding `OT1' has changed to `TU' for symbol font
(Font)              `operators' in the math version `bold' on input line 54.
LaTeX Font Info:    Overwriting symbol font `operators' in version `bold'
(Font)                  OT1/cmr/bx/n --> TU/lmr/m/n on input line 54.
LaTeX Font Info:    Overwriting symbol font `operators' in version `normal'
(Font)                  TU/lmr/m/n --> TU/lmr/m/n on input line 54.
LaTeX Font Info:    Overwriting math alphabet `\mathit' in version `normal'
(Font)                  OT1/cmr/m/it --> TU/lmr/m/it on input line 54.
LaTeX Font Info:    Overwriting math alphabet `\mathbf' in version `normal'
(Font)                  OT1/cmr/bx/n --> TU/lmr/b/n on input line 54.
LaTeX Font Info:    Overwriting math alphabet `\mathsf' in version `normal'
(Font)                  OT1/cmss/m/n --> TU/lmss/m/n on input line 54.
LaTeX Font Info:    Overwriting math alphabet `\mathtt' in version `normal'
(Font)                  OT1/cmtt/m/n --> TU/lmtt/m/n on input line 54.
LaTeX Font Info:    Overwriting symbol font `operators' in version `bold'
(Font)                  TU/lmr/m/n --> TU/lmr/b/n on input line 54.
LaTeX Font Info:    Overwriting math alphabet `\mathit' in version `bold'
(Font)                  OT1/cmr/bx/it --> TU/lmr/b/it on input line 54.
LaTeX Font Info:    Overwriting math alphabet `\mathsf' in version `bold'
(Font)                  OT1/cmss/bx/n --> TU/lmss/b/n on input line 54.
LaTeX Font Info:    Overwriting math alphabet `\mathtt' in version `bold'
(Font)                  OT1/cmtt/m/n --> TU/lmtt/b/n on input line 54.

*geometry* driver: auto-detecting
*geometry* detected driver: xetex
*geometry* verbose mode - [ preamble ] result:
* driver: xetex
* paper: a4paper
* layout: <same size as paper>
* layoutoffset:(h,v)=(0.0pt,0.0pt)
* modes: twoside 
* h-part:(L,W,R)=(79.6678pt, 455.24411pt, 62.59596pt)
* v-part:(T,H,B)=(71.13188pt, 702.78308pt, 71.13188pt)
* \paperwidth=597.50787pt
* \paperheight=845.04684pt
* \textwidth=455.24411pt
* \textheight=702.78308pt
* \oddsidemargin=7.39781pt
* \evensidemargin=-9.67403pt
* \topmargin=-33.0119pt
* \headheight=12.0pt
* \headsep=19.8738pt
* \topskip=12.0pt
* \footskip=30.0pt
* \marginparwidth=88.0pt
* \marginparsep=7.0pt
* \columnsep=10.0pt
* \skip\footins=10.8pt plus 4.0pt minus 2.0pt
* \hoffset=0.0pt
* \voffset=0.0pt
* \mag=1000
* \@twocolumnfalse
* \@twosidetrue
* \@mparswitchtrue
* \@reversemarginfalse
* (1in=72.27pt=25.4mm, 1cm=28.453pt)

Package hyperref Info: Link coloring OFF on input line 54.
(./chapter01.out) (./chapter01.out)
\@outlinefile=\write4
\openout4 = `chapter01.out'.

\c@lstlisting=\count373

第一章
! Extra }, or forgotten \endgroup.
\endtcb@savebox ...efalse \color@endgroup \egroup 
                                                  \expandafter \@iiiparbox \...
l.118 \end{tcolorbox}
                     
I've deleted a group-closing symbol because it seems to be
spurious, as in `$x}$'. But perhaps the } is legitimate and
you forgot something else, as in `\hbox{$x}'. In such cases
the way to recover is to insert both the forgotten and the
deleted material, e.g., by typing `I$}'.


! LaTeX Error: \begin{tcb@savebox} on input line 87 ended by \end{tcolorbox}.

See the LaTeX manual or LaTeX Companion for explanation.
Type  H <return>  for immediate help.
 ...                                              
                                                  
l.118 \end{tcolorbox}
                     
Your command was ignored.
Type  I <command> <return>  to replace it with another command,
or  <return>  to continue without it.

! Missing } inserted.
<inserted text> 
                }
l.118 \end{tcolorbox}
                     
I've inserted something that you may have forgotten.
(See the <inserted text> above.)
With luck, this will get me unwedged. But if you
really didn't forget anything, try typing `2' now; then
my insertion and my current dilemma will both disappear.

! Undefined control sequence.
\enit@enditemize ->\enit@after 
                               \endlist \ifx \enit@series \relax \else \ifnu...
l.119 \end{itemize}
                   
The control sequence at the end of the top line
of your error message was never \def'ed. If you have
misspelled it (e.g., `\hobx'), type `I' and the correct
spelling (e.g., `I\hbox'). Otherwise just continue,
and I'll forget about whatever was undefined.

! Undefined control sequence.
\enit@enditemize ...x \else \ifnum \enit@resuming 
                                                  =\@ne \enit@setresumekeys ...
l.119 \end{itemize}
                   
The control sequence at the end of the top line
of your error message was never \def'ed. If you have
misspelled it (e.g., `\hobx'), type `I' and the correct
spelling (e.g., `I\hbox'). Otherwise just continue,
and I'll forget about whatever was undefined.

! Missing number, treated as zero.
<to be read again> 
                   =
l.119 \end{itemize}
                   
A number should have been here; I inserted `0'.
(If you can't figure out why I needed to see a number,
look up `weird error' in the index to The TeXbook.)

! Undefined control sequence.
\enit@setresumekeys ...xpandafter {\enit@savekeys 
                                                  }\xdef \enit@afterlist {#2...
l.119 \end{itemize}
                   
The control sequence at the end of the top line
of your error message was never \def'ed. If you have
misspelled it (e.g., `\hobx'), type `I' and the correct
spelling (e.g., `I\hbox'). Otherwise just continue,
and I'll forget about whatever was undefined.

! Undefined control sequence.
\enit@setresumekeys ...it@toks }\ifnum \enit@type 
                                                  =\z@ #3\def \enit@noexcs {...
l.119 \end{itemize}
                   
The control sequence at the end of the top line
of your error message was never \def'ed. If you have
misspelled it (e.g., `\hobx'), type `I' and the correct
spelling (e.g., `I\hbox'). Otherwise just continue,
and I'll forget about whatever was undefined.

! Missing number, treated as zero.
<to be read again> 
                   =
l.119 \end{itemize}
                   
A number should have been here; I inserted `0'.
(If you can't figure out why I needed to see a number,
look up `weird error' in the index to The TeXbook.)

! Undefined control sequence.
<argument> enit@resume@series@\enit@series 
                                           
l.119 \end{itemize}
                   
The control sequence at the end of the top line
of your error message was never \def'ed. If you have
misspelled it (e.g., `\hobx'), type `I' and the correct
spelling (e.g., `I\hbox'). Otherwise just continue,
and I'll forget about whatever was undefined.

! Undefined control sequence.
\enit@setresumekeys ...me@#1}{\csname c@\@listctr 
                                                  \endcsname \the \csname c@...
l.119 \end{itemize}
                   
The control sequence at the end of the top line
of your error message was never \def'ed. If you have
misspelled it (e.g., `\hobx'), type `I' and the correct
spelling (e.g., `I\hbox'). Otherwise just continue,
and I'll forget about whatever was undefined.

! Undefined control sequence.
\enit@setresumekeys ...e \the \csname c@\@listctr 
                                                  \endcsname }\fi }
l.119 \end{itemize}
                   
The control sequence at the end of the top line
of your error message was never \def'ed. If you have
misspelled it (e.g., `\hobx'), type `I' and the correct
spelling (e.g., `I\hbox'). Otherwise just continue,
and I'll forget about whatever was undefined.

! You can't use `\relax' after \the.
<recently read> \c@ 
                    
l.119 \end{itemize}
                   
I'm forgetting what you said and using zero instead.

! Undefined control sequence.
\enit@enditemize ...ist \fi \ifnum \enit@resuming 
                                                  =\thr@@ \enit@setresumekey...
l.119 \end{itemize}
                   
The control sequence at the end of the top line
of your error message was never \def'ed. If you have
misspelled it (e.g., `\hobx'), type `I' and the correct
spelling (e.g., `I\hbox'). Otherwise just continue,
and I'll forget about whatever was undefined.

! Missing number, treated as zero.
<to be read again> 
                   =
l.119 \end{itemize}
                   
A number should have been here; I inserted `0'.
(If you can't figure out why I needed to see a number,
look up `weird error' in the index to The TeXbook.)

! Undefined control sequence.
\enit@setresumekeys ...xpandafter {\enit@savekeys 
                                                  }\xdef \enit@afterlist {#2...
l.119 \end{itemize}
                   
The control sequence at the end of the top line
of your error message was never \def'ed. If you have
misspelled it (e.g., `\hobx'), type `I' and the correct
spelling (e.g., `I\hbox'). Otherwise just continue,
and I'll forget about whatever was undefined.

! Undefined control sequence.
\enit@setresumekeys ...it@toks }\ifnum \enit@type 
                                                  =\z@ #3\def \enit@noexcs {...
l.119 \end{itemize}
                   
The control sequence at the end of the top line
of your error message was never \def'ed. If you have
misspelled it (e.g., `\hobx'), type `I' and the correct
spelling (e.g., `I\hbox'). Otherwise just continue,
and I'll forget about whatever was undefined.

! Missing number, treated as zero.
<to be read again> 
                   =
l.119 \end{itemize}
                   
A number should have been here; I inserted `0'.
(If you can't figure out why I needed to see a number,
look up `weird error' in the index to The TeXbook.)

! Undefined control sequence.
\enit@setresumekeys ...me@#1}{\csname c@\@listctr 
                                                  \endcsname \the \csname c@...
l.119 \end{itemize}
                   
The control sequence at the end of the top line
of your error message was never \def'ed. If you have
misspelled it (e.g., `\hobx'), type `I' and the correct
spelling (e.g., `I\hbox'). Otherwise just continue,
and I'll forget about whatever was undefined.

! Undefined control sequence.
\enit@setresumekeys ...e \the \csname c@\@listctr 
                                                  \endcsname }\fi }
l.119 \end{itemize}
                   
The control sequence at the end of the top line
of your error message was never \def'ed. If you have
misspelled it (e.g., `\hobx'), type `I' and the correct
spelling (e.g., `I\hbox'). Otherwise just continue,
and I'll forget about whatever was undefined.

! You can't use `\relax' after \the.
<recently read> \c@ 
                    
l.119 \end{itemize}
                   
I'm forgetting what you said and using zero instead.


! LaTeX Error: \begin{tcolorbox} on input line 87 ended by \end{itemize}.

See the LaTeX manual or LaTeX Companion for explanation.
Type  H <return>  for immediate help.
 ...                                              
                                                  
l.119 \end{itemize}
                   
Your command was ignored.
Type  I <command> <return>  to replace it with another command,
or  <return>  to continue without it.

! Missing number, treated as zero.
<to be read again> 
                   (
l.128 \begin
            {minipage}[b]{\linewidth}\raggedright
A number should have been here; I inserted `0'.
(If you can't figure out why I needed to see a number,
look up `weird error' in the index to The TeXbook.)

! Illegal unit of measure (pt inserted).
<to be read again> 
                   (
l.128 \begin
            {minipage}[b]{\linewidth}\raggedright
Dimensions can be in units of em, ex, in, pt, pc,
cm, mm, dd, cc, bp, or sp; but yours is a new one!
I'll assume that you meant to say pt, for printer's points.
To recover gracefully from this error, it's best to
delete the erroneous units; e.g., type `2' to delete
two letters. (See Chapter 27 of The TeXbook.)

! Undefined control sequence.
<argument> (\linewidth - 4\tabcolsep ) * \real 
                                               {0.3000}
l.128 \begin
            {minipage}[b]{\linewidth}\raggedright
The control sequence at the end of the top line
of your error message was never \def'ed. If you have
misspelled it (e.g., `\hobx'), type `I' and the correct
spelling (e.g., `I\hbox'). Otherwise just continue,
and I'll forget about whatever was undefined.


Overfull \hbox (12.0pt too wide) in paragraph at lines 129--130
[]\TU/SimSun(0)/m/n/12 概 
 []


Overfull \hbox (12.0pt too wide) in paragraph at lines 129--130
\TU/SimSun(0)/m/n/12 念  
 []


Overfull \hbox (33.144pt too wide) in paragraph at lines 128--130
[]\TU/lmr/m/n/12 () 
 []


Overfull \hbox (5.88pt too wide) in paragraph at lines 128--130
\TU/lmr/m/n/12 * 
 []


Overfull \hbox (32.664pt too wide) in paragraph at lines 128--130
\TU/lmr/m/n/12 0.3000[]|  
 []

! Missing number, treated as zero.
<to be read again> 
                   (
l.130 \end{minipage} & \begin
                             {minipage}[b]{\linewidth}\raggedright
A number should have been here; I inserted `0'.
(If you can't figure out why I needed to see a number,
look up `weird error' in the index to The TeXbook.)

! Illegal unit of measure (pt inserted).
<to be read again> 
                   (
l.130 \end{minipage} & \begin
                             {minipage}[b]{\linewidth}\raggedright
Dimensions can be in units of em, ex, in, pt, pc,
cm, mm, dd, cc, bp, or sp; but yours is a new one!
I'll assume that you meant to say pt, for printer's points.
To recover gracefully from this error, it's best to
delete the erroneous units; e.g., type `2' to delete
two letters. (See Chapter 27 of The TeXbook.)

! Undefined control sequence.
<argument> (\linewidth - 4\tabcolsep ) * \real 
                                               {0.3000}
l.130 \end{minipage} & \begin
                             {minipage}[b]{\linewidth}\raggedright
The control sequence at the end of the top line
of your error message was never \def'ed. If you have
misspelled it (e.g., `\hobx'), type `I' and the correct
spelling (e.g., `I\hbox'). Otherwise just continue,
and I'll forget about whatever was undefined.


Overfull \hbox (12.0pt too wide) in paragraph at lines 131--132
[]\TU/SimSun(0)/m/n/12 定 
 []


Overfull \hbox (12.0pt too wide) in paragraph at lines 131--132
\TU/SimSun(0)/m/n/12 义  
 []


Overfull \hbox (33.144pt too wide) in paragraph at lines 130--132
[]\TU/lmr/m/n/12 () 
 []


Overfull \hbox (5.88pt too wide) in paragraph at lines 130--132
\TU/lmr/m/n/12 * 
 []


Overfull \hbox (32.664pt too wide) in paragraph at lines 130--132
\TU/lmr/m/n/12 0.3000[]|  
 []

! Missing number, treated as zero.
<to be read again> 
                   (
l.132 \end{minipage} & \begin
                             {minipage}[b]{\linewidth}\raggedright
A number should have been here; I inserted `0'.
(If you can't figure out why I needed to see a number,
look up `weird error' in the index to The TeXbook.)

! Illegal unit of measure (pt inserted).
<to be read again> 
                   (
l.132 \end{minipage} & \begin
                             {minipage}[b]{\linewidth}\raggedright
Dimensions can be in units of em, ex, in, pt, pc,
cm, mm, dd, cc, bp, or sp; but yours is a new one!
I'll assume that you meant to say pt, for printer's points.
To recover gracefully from this error, it's best to
delete the erroneous units; e.g., type `2' to delete
two letters. (See Chapter 27 of The TeXbook.)

! Undefined control sequence.
<argument> (\linewidth - 4\tabcolsep ) * \real 
                                               {0.4000}
l.132 \end{minipage} & \begin
                             {minipage}[b]{\linewidth}\raggedright
The control sequence at the end of the top line
of your error message was never \def'ed. If you have
misspelled it (e.g., `\hobx'), type `I' and the correct
spelling (e.g., `I\hbox'). Otherwise just continue,
and I'll forget about whatever was undefined.


Overfull \hbox (12.0pt too wide) in paragraph at lines 133--134
[]\TU/SimSun(0)/m/n/12 重 
 []


Overfull \hbox (12.0pt too wide) in paragraph at lines 133--134
\TU/SimSun(0)/m/n/12 要 
 []


Overfull \hbox (12.0pt too wide) in paragraph at lines 133--134
\TU/SimSun(0)/m/n/12 性  
 []


Overfull \hbox (33.144pt too wide) in paragraph at lines 132--135
[]\TU/lmr/m/n/12 () 
 []


Overfull \hbox (5.88pt too wide) in paragraph at lines 132--135
\TU/lmr/m/n/12 * 
 []


Overfull \hbox (32.664pt too wide) in paragraph at lines 132--135
\TU/lmr/m/n/12 0.4000[]|  
 []

! Missing number, treated as zero.
<to be read again> 
                   (
l.139 智
       慧水利 &
A number should have been here; I inserted `0'.
(If you can't figure out why I needed to see a number,
look up `weird error' in the index to The TeXbook.)

! Illegal unit of measure (pt inserted).
<to be read again> 
                   (
l.139 智
       慧水利 &
Dimensions can be in units of em, ex, in, pt, pc,
cm, mm, dd, cc, bp, or sp; but yours is a new one!
I'll assume that you meant to say pt, for printer's points.
To recover gracefully from this error, it's best to
delete the erroneous units; e.g., type `2' to delete
two letters. (See Chapter 27 of The TeXbook.)

! Undefined control sequence.
<argument> (\linewidth - 4\tabcolsep ) * \real 
                                               {0.3000}
l.139 智
       慧水利 &
The control sequence at the end of the top line
of your error message was never \def'ed. If you have
misspelled it (e.g., `\hobx'), type `I' and the correct
spelling (e.g., `I\hbox'). Otherwise just continue,
and I'll forget about whatever was undefined.


Overfull \hbox (33.144pt too wide) in paragraph at lines 139--139
[]\TU/lmr/m/n/12 () 
 []


Overfull \hbox (5.88pt too wide) in paragraph at lines 139--139
\TU/lmr/m/n/12 * 
 []


Overfull \hbox (32.664pt too wide) in paragraph at lines 139--139
\TU/lmr/m/n/12 0.3000 
 []


Overfull \hbox (12.0pt too wide) in paragraph at lines 139--139
\TU/SimSun(0)/m/n/12 智 
 []


Overfull \hbox (12.0pt too wide) in paragraph at lines 139--139
\TU/SimSun(0)/m/n/12 慧 
 []


Overfull \hbox (12.0pt too wide) in paragraph at lines 139--139
\TU/SimSun(0)/m/n/12 水 
 []


Overfull \hbox (12.0pt too wide) in paragraph at lines 139--139
\TU/SimSun(0)/m/n/12 利|  
 []

! Missing number, treated as zero.
<to be read again> 
                   (
l.140 运
       用物联网、大数据、人工智能等技术，实现水利工程智能化管理的综合体系 &
A number should have been here; I inserted `0'.
(If you can't figure out why I needed to see a number,
look up `weird error' in the index to The TeXbook.)

! Illegal unit of measure (pt inserted).
<to be read again> 
                   (
l.140 运
       用物联网、大数据、人工智能等技术，实现水利工程智能化管理的综合体系 &
Dimensions can be in units of em, ex, in, pt, pc,
cm, mm, dd, cc, bp, or sp; but yours is a new one!
I'll assume that you meant to say pt, for printer's points.
To recover gracefully from this error, it's best to
delete the erroneous units; e.g., type `2' to delete
two letters. (See Chapter 27 of The TeXbook.)

! Undefined control sequence.
<argument> (\linewidth - 4\tabcolsep ) * \real 
                                               {0.3000}
l.140 运
       用物联网、大数据、人工智能等技术，实现水利工程智能化管理的综合体系 &
The control sequence at the end of the top line
of your error message was never \def'ed. If you have
misspelled it (e.g., `\hobx'), type `I' and the correct
spelling (e.g., `I\hbox'). Otherwise just continue,
and I'll forget about whatever was undefined.


Overfull \hbox (33.144pt too wide) in paragraph at lines 140--140
[]\TU/lmr/m/n/12 () 
 []


Overfull \hbox (5.88pt too wide) in paragraph at lines 140--140
\TU/lmr/m/n/12 * 
 []


Overfull \hbox (32.664pt too wide) in paragraph at lines 140--140
\TU/lmr/m/n/12 0.3000 
 []


Overfull \hbox (12.0pt too wide) in paragraph at lines 140--140
\TU/SimSun(0)/m/n/12 运 
 []


Overfull \hbox (12.0pt too wide) in paragraph at lines 140--140
\TU/SimSun(0)/m/n/12 用 
 []


Overfull \hbox (12.0pt too wide) in paragraph at lines 140--140
\TU/SimSun(0)/m/n/12 物 
 []


Overfull \hbox (12.0pt too wide) in paragraph at lines 140--140
\TU/SimSun(0)/m/n/12 联 
 []


Overfull \hbox (16.26563pt too wide) in paragraph at lines 140--140
\TU/SimSun(0)/m/n/12 网、| 
 []


Overfull \hbox (12.0pt too wide) in paragraph at lines 140--140
\TU/SimSun(0)/m/n/12 大 
 []


Overfull \hbox (12.0pt too wide) in paragraph at lines 140--140
\TU/SimSun(0)/m/n/12 数 
 []


Overfull \hbox (16.26563pt too wide) in paragraph at lines 140--140
\TU/SimSun(0)/m/n/12 据、| 
 []


Overfull \hbox (12.0pt too wide) in paragraph at lines 140--140
\TU/SimSun(0)/m/n/12 人 
 []


Overfull \hbox (12.0pt too wide) in paragraph at lines 140--140
\TU/SimSun(0)/m/n/12 工 
 []


Overfull \hbox (12.0pt too wide) in paragraph at lines 140--140
\TU/SimSun(0)/m/n/12 智 
 []


Overfull \hbox (12.0pt too wide) in paragraph at lines 140--140
\TU/SimSun(0)/m/n/12 能 
 []


Overfull \hbox (12.0pt too wide) in paragraph at lines 140--140
\TU/SimSun(0)/m/n/12 等 
 []


Overfull \hbox (12.0pt too wide) in paragraph at lines 140--140
\TU/SimSun(0)/m/n/12 技 
 []


Overfull \hbox (15.32813pt too wide) in paragraph at lines 140--140
\TU/SimSun(0)/m/n/12 术，| 
 []


Overfull \hbox (12.0pt too wide) in paragraph at lines 140--140
\TU/SimSun(0)/m/n/12 实 
 []


Overfull \hbox (12.0pt too wide) in paragraph at lines 140--140
\TU/SimSun(0)/m/n/12 现 
 []


Overfull \hbox (12.0pt too wide) in paragraph at lines 140--140
\TU/SimSun(0)/m/n/12 水 
 []


Overfull \hbox (12.0pt too wide) in paragraph at lines 140--140
\TU/SimSun(0)/m/n/12 利 
 []


Overfull \hbox (12.0pt too wide) in paragraph at lines 140--140
\TU/SimSun(0)/m/n/12 工 
 []


Overfull \hbox (12.0pt too wide) in paragraph at lines 140--140
\TU/SimSun(0)/m/n/12 程 
 []


Overfull \hbox (12.0pt too wide) in paragraph at lines 140--140
\TU/SimSun(0)/m/n/12 智 
 []


Overfull \hbox (12.0pt too wide) in paragraph at lines 140--140
\TU/SimSun(0)/m/n/12 能 
 []


Overfull \hbox (12.0pt too wide) in paragraph at lines 140--140
\TU/SimSun(0)/m/n/12 化 
 []


Overfull \hbox (12.0pt too wide) in paragraph at lines 140--140
\TU/SimSun(0)/m/n/12 管 
 []


Overfull \hbox (12.0pt too wide) in paragraph at lines 140--140
\TU/SimSun(0)/m/n/12 理 
 []


Overfull \hbox (12.0pt too wide) in paragraph at lines 140--140
\TU/SimSun(0)/m/n/12 的 
 []


Overfull \hbox (12.0pt too wide) in paragraph at lines 140--140
\TU/SimSun(0)/m/n/12 综 
 []


Overfull \hbox (12.0pt too wide) in paragraph at lines 140--140
\TU/SimSun(0)/m/n/12 合 
 []


Overfull \hbox (12.0pt too wide) in paragraph at lines 140--140
\TU/SimSun(0)/m/n/12 体 
 []


Overfull \hbox (12.0pt too wide) in paragraph at lines 140--140
\TU/SimSun(0)/m/n/12 系|  
 []

! Missing number, treated as zero.
<to be read again> 
                   (
l.141 水
       利现代化的核心标志 \\
A number should have been here; I inserted `0'.
(If you can't figure out why I needed to see a number,
look up `weird error' in the index to The TeXbook.)

! Illegal unit of measure (pt inserted).
<to be read again> 
                   (
l.141 水
       利现代化的核心标志 \\
Dimensions can be in units of em, ex, in, pt, pc,
cm, mm, dd, cc, bp, or sp; but yours is a new one!
I'll assume that you meant to say pt, for printer's points.
To recover gracefully from this error, it's best to
delete the erroneous units; e.g., type `2' to delete
two letters. (See Chapter 27 of The TeXbook.)

! Undefined control sequence.
<argument> (\linewidth - 4\tabcolsep ) * \real 
                                               {0.4000}
l.141 水
       利现代化的核心标志 \\
The control sequence at the end of the top line
of your error message was never \def'ed. If you have
misspelled it (e.g., `\hobx'), type `I' and the correct
spelling (e.g., `I\hbox'). Otherwise just continue,
and I'll forget about whatever was undefined.


Overfull \hbox (33.144pt too wide) in paragraph at lines 141--142
[]\TU/lmr/m/n/12 () 
 []


Overfull \hbox (5.88pt too wide) in paragraph at lines 141--142
\TU/lmr/m/n/12 * 
 []


Overfull \hbox (32.664pt too wide) in paragraph at lines 141--142
\TU/lmr/m/n/12 0.4000 
 []


Overfull \hbox (12.0pt too wide) in paragraph at lines 141--142
\TU/SimSun(0)/m/n/12 水 
 []


Overfull \hbox (12.0pt too wide) in paragraph at lines 141--142
\TU/SimSun(0)/m/n/12 利 
 []


Overfull \hbox (12.0pt too wide) in paragraph at lines 141--142
\TU/SimSun(0)/m/n/12 现 
 []


Overfull \hbox (12.0pt too wide) in paragraph at lines 141--142
\TU/SimSun(0)/m/n/12 代 
 []


Overfull \hbox (12.0pt too wide) in paragraph at lines 141--142
\TU/SimSun(0)/m/n/12 化 
 []


Overfull \hbox (12.0pt too wide) in paragraph at lines 141--142
\TU/SimSun(0)/m/n/12 的 
 []


Overfull \hbox (12.0pt too wide) in paragraph at lines 141--142
\TU/SimSun(0)/m/n/12 核 
 []


Overfull \hbox (12.0pt too wide) in paragraph at lines 141--142
\TU/SimSun(0)/m/n/12 心 
 []


Overfull \hbox (12.0pt too wide) in paragraph at lines 141--142
\TU/SimSun(0)/m/n/12 标 
 []


Overfull \hbox (12.0pt too wide) in paragraph at lines 141--142
\TU/SimSun(0)/m/n/12 志|  
 []

! Missing number, treated as zero.
<to be read again> 
                   (
l.142 数
       字孪生 & 通过数字化手段构建物理水利工程的虚拟映射模型 &
A number should have been here; I inserted `0'.
(If you can't figure out why I needed to see a number,
look up `weird error' in the index to The TeXbook.)

! Illegal unit of measure (pt inserted).
<to be read again> 
                   (
l.142 数
       字孪生 & 通过数字化手段构建物理水利工程的虚拟映射模型 &
Dimensions can be in units of em, ex, in, pt, pc,
cm, mm, dd, cc, bp, or sp; but yours is a new one!
I'll assume that you meant to say pt, for printer's points.
To recover gracefully from this error, it's best to
delete the erroneous units; e.g., type `2' to delete
two letters. (See Chapter 27 of The TeXbook.)

! Undefined control sequence.
<argument> (\linewidth - 4\tabcolsep ) * \real 
                                               {0.3000}
l.142 数
       字孪生 & 通过数字化手段构建物理水利工程的虚拟映射模型 &
The control sequence at the end of the top line
of your error message was never \def'ed. If you have
misspelled it (e.g., `\hobx'), type `I' and the correct
spelling (e.g., `I\hbox'). Otherwise just continue,
and I'll forget about whatever was undefined.


Overfull \hbox (33.144pt too wide) in paragraph at lines 142--142
[]\TU/lmr/m/n/12 () 
 []


Overfull \hbox (5.88pt too wide) in paragraph at lines 142--142
\TU/lmr/m/n/12 * 
 []


Overfull \hbox (32.664pt too wide) in paragraph at lines 142--142
\TU/lmr/m/n/12 0.3000 
 []


Overfull \hbox (12.0pt too wide) in paragraph at lines 142--142
\TU/SimSun(0)/m/n/12 数 
 []


Overfull \hbox (12.0pt too wide) in paragraph at lines 142--142
\TU/SimSun(0)/m/n/12 字 
 []


Overfull \hbox (12.0pt too wide) in paragraph at lines 142--142
\TU/SimSun(0)/m/n/12 孪 
 []


Overfull \hbox (12.0pt too wide) in paragraph at lines 142--142
\TU/SimSun(0)/m/n/12 生|  
 []

! Missing number, treated as zero.
<to be read again> 
                   (
l.142 数字孪生 & 通
              过数字化手段构建物理水利工程的虚拟映射模型 &
A number should have been here; I inserted `0'.
(If you can't figure out why I needed to see a number,
look up `weird error' in the index to The TeXbook.)

! Illegal unit of measure (pt inserted).
<to be read again> 
                   (
l.142 数字孪生 & 通
              过数字化手段构建物理水利工程的虚拟映射模型 &
Dimensions can be in units of em, ex, in, pt, pc,
cm, mm, dd, cc, bp, or sp; but yours is a new one!
I'll assume that you meant to say pt, for printer's points.
To recover gracefully from this error, it's best to
delete the erroneous units; e.g., type `2' to delete
two letters. (See Chapter 27 of The TeXbook.)

! Undefined control sequence.
<argument> (\linewidth - 4\tabcolsep ) * \real 
                                               {0.3000}
l.142 数字孪生 & 通
              过数字化手段构建物理水利工程的虚拟映射模型 &
The control sequence at the end of the top line
of your error message was never \def'ed. If you have
misspelled it (e.g., `\hobx'), type `I' and the correct
spelling (e.g., `I\hbox'). Otherwise just continue,
and I'll forget about whatever was undefined.


Overfull \hbox (33.144pt too wide) in paragraph at lines 142--142
[]\TU/lmr/m/n/12 () 
 []


Overfull \hbox (5.88pt too wide) in paragraph at lines 142--142
\TU/lmr/m/n/12 * 
 []


Overfull \hbox (32.664pt too wide) in paragraph at lines 142--142
\TU/lmr/m/n/12 0.3000 
 []


Overfull \hbox (12.0pt too wide) in paragraph at lines 142--142
\TU/SimSun(0)/m/n/12 通 
 []


Overfull \hbox (12.0pt too wide) in paragraph at lines 142--142
\TU/SimSun(0)/m/n/12 过 
 []


Overfull \hbox (12.0pt too wide) in paragraph at lines 142--142
\TU/SimSun(0)/m/n/12 数 
 []


Overfull \hbox (12.0pt too wide) in paragraph at lines 142--142
\TU/SimSun(0)/m/n/12 字 
 []


Overfull \hbox (12.0pt too wide) in paragraph at lines 142--142
\TU/SimSun(0)/m/n/12 化 
 []


Overfull \hbox (12.0pt too wide) in paragraph at lines 142--142
\TU/SimSun(0)/m/n/12 手 
 []


Overfull \hbox (12.0pt too wide) in paragraph at lines 142--142
\TU/SimSun(0)/m/n/12 段 
 []


Overfull \hbox (12.0pt too wide) in paragraph at lines 142--142
\TU/SimSun(0)/m/n/12 构 
 []


Overfull \hbox (12.0pt too wide) in paragraph at lines 142--142
\TU/SimSun(0)/m/n/12 建 
 []


Overfull \hbox (12.0pt too wide) in paragraph at lines 142--142
\TU/SimSun(0)/m/n/12 物 
 []


Overfull \hbox (12.0pt too wide) in paragraph at lines 142--142
\TU/SimSun(0)/m/n/12 理 
 []


Overfull \hbox (12.0pt too wide) in paragraph at lines 142--142
\TU/SimSun(0)/m/n/12 水 
 []


Overfull \hbox (12.0pt too wide) in paragraph at lines 142--142
\TU/SimSun(0)/m/n/12 利 
 []


Overfull \hbox (12.0pt too wide) in paragraph at lines 142--142
\TU/SimSun(0)/m/n/12 工 
 []


Overfull \hbox (12.0pt too wide) in paragraph at lines 142--142
\TU/SimSun(0)/m/n/12 程 
 []


Overfull \hbox (12.0pt too wide) in paragraph at lines 142--142
\TU/SimSun(0)/m/n/12 的 
 []


Overfull \hbox (12.0pt too wide) in paragraph at lines 142--142
\TU/SimSun(0)/m/n/12 虚 
 []


Overfull \hbox (12.0pt too wide) in paragraph at lines 142--142
\TU/SimSun(0)/m/n/12 拟 
 []


Overfull \hbox (12.0pt too wide) in paragraph at lines 142--142
\TU/SimSun(0)/m/n/12 映 
 []


Overfull \hbox (12.0pt too wide) in paragraph at lines 142--142
\TU/SimSun(0)/m/n/12 射 
 []


Overfull \hbox (12.0pt too wide) in paragraph at lines 142--142
\TU/SimSun(0)/m/n/12 模 
 []


Overfull \hbox (12.0pt too wide) in paragraph at lines 142--142
\TU/SimSun(0)/m/n/12 型|  
 []

! Missing number, treated as zero.
<to be read again> 
                   (
l.143 提
       升管理精度和决策水平 \\
A number should have been here; I inserted `0'.
(If you can't figure out why I needed to see a number,
look up `weird error' in the index to The TeXbook.)

! Illegal unit of measure (pt inserted).
<to be read again> 
                   (
l.143 提
       升管理精度和决策水平 \\
Dimensions can be in units of em, ex, in, pt, pc,
cm, mm, dd, cc, bp, or sp; but yours is a new one!
I'll assume that you meant to say pt, for printer's points.
To recover gracefully from this error, it's best to
delete the erroneous units; e.g., type `2' to delete
two letters. (See Chapter 27 of The TeXbook.)

! Undefined control sequence.
<argument> (\linewidth - 4\tabcolsep ) * \real 
                                               {0.4000}
l.143 提
       升管理精度和决策水平 \\
The control sequence at the end of the top line
of your error message was never \def'ed. If you have
misspelled it (e.g., `\hobx'), type `I' and the correct
spelling (e.g., `I\hbox'). Otherwise just continue,
and I'll forget about whatever was undefined.


Overfull \hbox (33.144pt too wide) in paragraph at lines 143--144
[]\TU/lmr/m/n/12 () 
 []


Overfull \hbox (5.88pt too wide) in paragraph at lines 143--144
\TU/lmr/m/n/12 * 
 []


Overfull \hbox (32.664pt too wide) in paragraph at lines 143--144
\TU/lmr/m/n/12 0.4000 
 []


Overfull \hbox (12.0pt too wide) in paragraph at lines 143--144
\TU/SimSun(0)/m/n/12 提 
 []


Overfull \hbox (12.0pt too wide) in paragraph at lines 143--144
\TU/SimSun(0)/m/n/12 升 
 []


Overfull \hbox (12.0pt too wide) in paragraph at lines 143--144
\TU/SimSun(0)/m/n/12 管 
 []


Overfull \hbox (12.0pt too wide) in paragraph at lines 143--144
\TU/SimSun(0)/m/n/12 理 
 []


Overfull \hbox (12.0pt too wide) in paragraph at lines 143--144
\TU/SimSun(0)/m/n/12 精 
 []


Overfull \hbox (12.0pt too wide) in paragraph at lines 143--144
\TU/SimSun(0)/m/n/12 度 
 []


Overfull \hbox (12.0pt too wide) in paragraph at lines 143--144
\TU/SimSun(0)/m/n/12 和 
 []


Overfull \hbox (12.0pt too wide) in paragraph at lines 143--144
\TU/SimSun(0)/m/n/12 决 
 []


Overfull \hbox (12.0pt too wide) in paragraph at lines 143--144
\TU/SimSun(0)/m/n/12 策 
 []


Overfull \hbox (12.0pt too wide) in paragraph at lines 143--144
\TU/SimSun(0)/m/n/12 水 
 []


Overfull \hbox (12.0pt too wide) in paragraph at lines 143--144
\TU/SimSun(0)/m/n/12 平|  
 []

! Missing number, treated as zero.
<to be read again> 
                   (
l.144 物
       联感知 & 利用传感器网络实时采集水利工程运行数据 &
A number should have been here; I inserted `0'.
(If you can't figure out why I needed to see a number,
look up `weird error' in the index to The TeXbook.)

! Illegal unit of measure (pt inserted).
<to be read again> 
                   (
l.144 物
       联感知 & 利用传感器网络实时采集水利工程运行数据 &
Dimensions can be in units of em, ex, in, pt, pc,
cm, mm, dd, cc, bp, or sp; but yours is a new one!
I'll assume that you meant to say pt, for printer's points.
To recover gracefully from this error, it's best to
delete the erroneous units; e.g., type `2' to delete
two letters. (See Chapter 27 of The TeXbook.)

! Undefined control sequence.
<argument> (\linewidth - 4\tabcolsep ) * \real 
                                               {0.3000}
l.144 物
       联感知 & 利用传感器网络实时采集水利工程运行数据 &
The control sequence at the end of the top line
of your error message was never \def'ed. If you have
misspelled it (e.g., `\hobx'), type `I' and the correct
spelling (e.g., `I\hbox'). Otherwise just continue,
and I'll forget about whatever was undefined.


Overfull \hbox (33.144pt too wide) in paragraph at lines 144--144
[]\TU/lmr/m/n/12 () 
 []


Overfull \hbox (5.88pt too wide) in paragraph at lines 144--144
\TU/lmr/m/n/12 * 
 []


Overfull \hbox (32.664pt too wide) in paragraph at lines 144--144
\TU/lmr/m/n/12 0.3000 
 []


Overfull \hbox (12.0pt too wide) in paragraph at lines 144--144
\TU/SimSun(0)/m/n/12 物 
 []


Overfull \hbox (12.0pt too wide) in paragraph at lines 144--144
\TU/SimSun(0)/m/n/12 联 
 []


Overfull \hbox (12.0pt too wide) in paragraph at lines 144--144
\TU/SimSun(0)/m/n/12 感 
 []


Overfull \hbox (12.0pt too wide) in paragraph at lines 144--144
\TU/SimSun(0)/m/n/12 知|  
 []

! Missing number, treated as zero.
<to be read again> 
                   (
l.144 物联感知 & 利
              用传感器网络实时采集水利工程运行数据 &
A number should have been here; I inserted `0'.
(If you can't figure out why I needed to see a number,
look up `weird error' in the index to The TeXbook.)

! Illegal unit of measure (pt inserted).
<to be read again> 
                   (
l.144 物联感知 & 利
              用传感器网络实时采集水利工程运行数据 &
Dimensions can be in units of em, ex, in, pt, pc,
cm, mm, dd, cc, bp, or sp; but yours is a new one!
I'll assume that you meant to say pt, for printer's points.
To recover gracefully from this error, it's best to
delete the erroneous units; e.g., type `2' to delete
two letters. (See Chapter 27 of The TeXbook.)

! Undefined control sequence.
<argument> (\linewidth - 4\tabcolsep ) * \real 
                                               {0.3000}
l.144 物联感知 & 利
              用传感器网络实时采集水利工程运行数据 &
The control sequence at the end of the top line
of your error message was never \def'ed. If you have
misspelled it (e.g., `\hobx'), type `I' and the correct
spelling (e.g., `I\hbox'). Otherwise just continue,
and I'll forget about whatever was undefined.


Overfull \hbox (33.144pt too wide) in paragraph at lines 144--144
[]\TU/lmr/m/n/12 () 
 []


Overfull \hbox (5.88pt too wide) in paragraph at lines 144--144
\TU/lmr/m/n/12 * 
 []


Overfull \hbox (32.664pt too wide) in paragraph at lines 144--144
\TU/lmr/m/n/12 0.3000 
 []


Overfull \hbox (12.0pt too wide) in paragraph at lines 144--144
\TU/SimSun(0)/m/n/12 利 
 []


Overfull \hbox (12.0pt too wide) in paragraph at lines 144--144
\TU/SimSun(0)/m/n/12 用 
 []


Overfull \hbox (12.0pt too wide) in paragraph at lines 144--144
\TU/SimSun(0)/m/n/12 传 
 []


Overfull \hbox (12.0pt too wide) in paragraph at lines 144--144
\TU/SimSun(0)/m/n/12 感 
 []


Overfull \hbox (12.0pt too wide) in paragraph at lines 144--144
\TU/SimSun(0)/m/n/12 器 
 []


Overfull \hbox (12.0pt too wide) in paragraph at lines 144--144
\TU/SimSun(0)/m/n/12 网 
 []


Overfull \hbox (12.0pt too wide) in paragraph at lines 144--144
\TU/SimSun(0)/m/n/12 络 
 []


Overfull \hbox (12.0pt too wide) in paragraph at lines 144--144
\TU/SimSun(0)/m/n/12 实 
 []


Overfull \hbox (12.0pt too wide) in paragraph at lines 144--144
\TU/SimSun(0)/m/n/12 时 
 []


Overfull \hbox (12.0pt too wide) in paragraph at lines 144--144
\TU/SimSun(0)/m/n/12 采 
 []


Overfull \hbox (12.0pt too wide) in paragraph at lines 144--144
\TU/SimSun(0)/m/n/12 集 
 []


Overfull \hbox (12.0pt too wide) in paragraph at lines 144--144
\TU/SimSun(0)/m/n/12 水 
 []


Overfull \hbox (12.0pt too wide) in paragraph at lines 144--144
\TU/SimSun(0)/m/n/12 利 
 []


Overfull \hbox (12.0pt too wide) in paragraph at lines 144--144
\TU/SimSun(0)/m/n/12 工 
 []


Overfull \hbox (12.0pt too wide) in paragraph at lines 144--144
\TU/SimSun(0)/m/n/12 程 
 []


Overfull \hbox (12.0pt too wide) in paragraph at lines 144--144
\TU/SimSun(0)/m/n/12 运 
 []


Overfull \hbox (12.0pt too wide) in paragraph at lines 144--144
\TU/SimSun(0)/m/n/12 行 
 []


Overfull \hbox (12.0pt too wide) in paragraph at lines 144--144
\TU/SimSun(0)/m/n/12 数 
 []


Overfull \hbox (12.0pt too wide) in paragraph at lines 144--144
\TU/SimSun(0)/m/n/12 据|  
 []

! Missing number, treated as zero.
<to be read again> 
                   (
l.145 智
       慧水利的数据基础 \\
A number should have been here; I inserted `0'.
(If you can't figure out why I needed to see a number,
look up `weird error' in the index to The TeXbook.)

! Illegal unit of measure (pt inserted).
<to be read again> 
                   (
l.145 智
       慧水利的数据基础 \\
Dimensions can be in units of em, ex, in, pt, pc,
cm, mm, dd, cc, bp, or sp; but yours is a new one!
I'll assume that you meant to say pt, for printer's points.
To recover gracefully from this error, it's best to
delete the erroneous units; e.g., type `2' to delete
two letters. (See Chapter 27 of The TeXbook.)

! Undefined control sequence.
<argument> (\linewidth - 4\tabcolsep ) * \real 
                                               {0.4000}
l.145 智
       慧水利的数据基础 \\
The control sequence at the end of the top line
of your error message was never \def'ed. If you have
misspelled it (e.g., `\hobx'), type `I' and the correct
spelling (e.g., `I\hbox'). Otherwise just continue,
and I'll forget about whatever was undefined.


Overfull \hbox (33.144pt too wide) in paragraph at lines 145--146
[]\TU/lmr/m/n/12 () 
 []


Overfull \hbox (5.88pt too wide) in paragraph at lines 145--146
\TU/lmr/m/n/12 * 
 []


Overfull \hbox (32.664pt too wide) in paragraph at lines 145--146
\TU/lmr/m/n/12 0.4000 
 []


Overfull \hbox (12.0pt too wide) in paragraph at lines 145--146
\TU/SimSun(0)/m/n/12 智 
 []


Overfull \hbox (12.0pt too wide) in paragraph at lines 145--146
\TU/SimSun(0)/m/n/12 慧 
 []


Overfull \hbox (12.0pt too wide) in paragraph at lines 145--146
\TU/SimSun(0)/m/n/12 水 
 []


Overfull \hbox (12.0pt too wide) in paragraph at lines 145--146
\TU/SimSun(0)/m/n/12 利 
 []


Overfull \hbox (12.0pt too wide) in paragraph at lines 145--146
\TU/SimSun(0)/m/n/12 的 
 []


Overfull \hbox (12.0pt too wide) in paragraph at lines 145--146
\TU/SimSun(0)/m/n/12 数 
 []


Overfull \hbox (12.0pt too wide) in paragraph at lines 145--146
\TU/SimSun(0)/m/n/12 据 
 []


Overfull \hbox (12.0pt too wide) in paragraph at lines 145--146
\TU/SimSun(0)/m/n/12 基 
 []


Overfull \hbox (12.0pt too wide) in paragraph at lines 145--146
\TU/SimSun(0)/m/n/12 础|  
 []

! Missing number, treated as zero.
<to be read again> 
                   (
l.146 云
       边协同 & 云计算与边缘计算相结合的混合计算架构 &
A number should have been here; I inserted `0'.
(If you can't figure out why I needed to see a number,
look up `weird error' in the index to The TeXbook.)

! Illegal unit of measure (pt inserted).
<to be read again> 
                   (
l.146 云
       边协同 & 云计算与边缘计算相结合的混合计算架构 &
Dimensions can be in units of em, ex, in, pt, pc,
cm, mm, dd, cc, bp, or sp; but yours is a new one!
I'll assume that you meant to say pt, for printer's points.
To recover gracefully from this error, it's best to
delete the erroneous units; e.g., type `2' to delete
two letters. (See Chapter 27 of The TeXbook.)

! Undefined control sequence.
<argument> (\linewidth - 4\tabcolsep ) * \real 
                                               {0.3000}
l.146 云
       边协同 & 云计算与边缘计算相结合的混合计算架构 &
The control sequence at the end of the top line
of your error message was never \def'ed. If you have
misspelled it (e.g., `\hobx'), type `I' and the correct
spelling (e.g., `I\hbox'). Otherwise just continue,
and I'll forget about whatever was undefined.


Overfull \hbox (33.144pt too wide) in paragraph at lines 146--146
[]\TU/lmr/m/n/12 () 
 []


Overfull \hbox (5.88pt too wide) in paragraph at lines 146--146
\TU/lmr/m/n/12 * 
 []


Overfull \hbox (32.664pt too wide) in paragraph at lines 146--146
\TU/lmr/m/n/12 0.3000 
 []


Overfull \hbox (12.0pt too wide) in paragraph at lines 146--146
\TU/SimSun(0)/m/n/12 云 
 []


Overfull \hbox (12.0pt too wide) in paragraph at lines 146--146
\TU/SimSun(0)/m/n/12 边 
 []


Overfull \hbox (12.0pt too wide) in paragraph at lines 146--146
\TU/SimSun(0)/m/n/12 协 
 []


Overfull \hbox (12.0pt too wide) in paragraph at lines 146--146
\TU/SimSun(0)/m/n/12 同|  
 []

! Missing number, treated as zero.
<to be read again> 
                   (
l.146 云边协同 & 云
              计算与边缘计算相结合的混合计算架构 &
A number should have been here; I inserted `0'.
(If you can't figure out why I needed to see a number,
look up `weird error' in the index to The TeXbook.)

! Illegal unit of measure (pt inserted).
<to be read again> 
                   (
l.146 云边协同 & 云
              计算与边缘计算相结合的混合计算架构 &
Dimensions can be in units of em, ex, in, pt, pc,
cm, mm, dd, cc, bp, or sp; but yours is a new one!
I'll assume that you meant to say pt, for printer's points.
To recover gracefully from this error, it's best to
delete the erroneous units; e.g., type `2' to delete
two letters. (See Chapter 27 of The TeXbook.)

! Undefined control sequence.
<argument> (\linewidth - 4\tabcolsep ) * \real 
                                               {0.3000}
l.146 云边协同 & 云
              计算与边缘计算相结合的混合计算架构 &
The control sequence at the end of the top line
of your error message was never \def'ed. If you have
misspelled it (e.g., `\hobx'), type `I' and the correct
spelling (e.g., `I\hbox'). Otherwise just continue,
and I'll forget about whatever was undefined.


Overfull \hbox (33.144pt too wide) in paragraph at lines 146--146
[]\TU/lmr/m/n/12 () 
 []


Overfull \hbox (5.88pt too wide) in paragraph at lines 146--146
\TU/lmr/m/n/12 * 
 []


Overfull \hbox (32.664pt too wide) in paragraph at lines 146--146
\TU/lmr/m/n/12 0.3000 
 []


Overfull \hbox (12.0pt too wide) in paragraph at lines 146--146
\TU/SimSun(0)/m/n/12 云 
 []


Overfull \hbox (12.0pt too wide) in paragraph at lines 146--146
\TU/SimSun(0)/m/n/12 计 
 []


Overfull \hbox (12.0pt too wide) in paragraph at lines 146--146
\TU/SimSun(0)/m/n/12 算 
 []


Overfull \hbox (12.0pt too wide) in paragraph at lines 146--146
\TU/SimSun(0)/m/n/12 与 
 []


Overfull \hbox (12.0pt too wide) in paragraph at lines 146--146
\TU/SimSun(0)/m/n/12 边 
 []


Overfull \hbox (12.0pt too wide) in paragraph at lines 146--146
\TU/SimSun(0)/m/n/12 缘 
 []


Overfull \hbox (12.0pt too wide) in paragraph at lines 146--146
\TU/SimSun(0)/m/n/12 计 
 []


Overfull \hbox (12.0pt too wide) in paragraph at lines 146--146
\TU/SimSun(0)/m/n/12 算 
 []


Overfull \hbox (12.0pt too wide) in paragraph at lines 146--146
\TU/SimSun(0)/m/n/12 相 
 []


Overfull \hbox (12.0pt too wide) in paragraph at lines 146--146
\TU/SimSun(0)/m/n/12 结 
 []


Overfull \hbox (12.0pt too wide) in paragraph at lines 146--146
\TU/SimSun(0)/m/n/12 合 
 []


Overfull \hbox (12.0pt too wide) in paragraph at lines 146--146
\TU/SimSun(0)/m/n/12 的 
 []


Overfull \hbox (12.0pt too wide) in paragraph at lines 146--146
\TU/SimSun(0)/m/n/12 混 
 []


Overfull \hbox (12.0pt too wide) in paragraph at lines 146--146
\TU/SimSun(0)/m/n/12 合 
 []


Overfull \hbox (12.0pt too wide) in paragraph at lines 146--146
\TU/SimSun(0)/m/n/12 计 
 []


Overfull \hbox (12.0pt too wide) in paragraph at lines 146--146
\TU/SimSun(0)/m/n/12 算 
 []


Overfull \hbox (12.0pt too wide) in paragraph at lines 146--146
\TU/SimSun(0)/m/n/12 架 
 []


Overfull \hbox (12.0pt too wide) in paragraph at lines 146--146
\TU/SimSun(0)/m/n/12 构|  
 []

! Missing number, treated as zero.
<to be read again> 
                   (
l.147 平
       衡性能与成本的关键技术 \\
A number should have been here; I inserted `0'.
(If you can't figure out why I needed to see a number,
look up `weird error' in the index to The TeXbook.)

! Illegal unit of measure (pt inserted).
<to be read again> 
                   (
l.147 平
       衡性能与成本的关键技术 \\
Dimensions can be in units of em, ex, in, pt, pc,
cm, mm, dd, cc, bp, or sp; but yours is a new one!
I'll assume that you meant to say pt, for printer's points.
To recover gracefully from this error, it's best to
delete the erroneous units; e.g., type `2' to delete
two letters. (See Chapter 27 of The TeXbook.)

! Undefined control sequence.
<argument> (\linewidth - 4\tabcolsep ) * \real 
                                               {0.4000}
l.147 平
       衡性能与成本的关键技术 \\
The control sequence at the end of the top line
of your error message was never \def'ed. If you have
misspelled it (e.g., `\hobx'), type `I' and the correct
spelling (e.g., `I\hbox'). Otherwise just continue,
and I'll forget about whatever was undefined.


Overfull \hbox (33.144pt too wide) in paragraph at lines 147--148
[]\TU/lmr/m/n/12 () 
 []


Overfull \hbox (5.88pt too wide) in paragraph at lines 147--148
\TU/lmr/m/n/12 * 
 []


Overfull \hbox (32.664pt too wide) in paragraph at lines 147--148
\TU/lmr/m/n/12 0.4000 
 []


Overfull \hbox (12.0pt too wide) in paragraph at lines 147--148
\TU/SimSun(0)/m/n/12 平 
 []


Overfull \hbox (12.0pt too wide) in paragraph at lines 147--148
\TU/SimSun(0)/m/n/12 衡 
 []


Overfull \hbox (12.0pt too wide) in paragraph at lines 147--148
\TU/SimSun(0)/m/n/12 性 
 []


Overfull \hbox (12.0pt too wide) in paragraph at lines 147--148
\TU/SimSun(0)/m/n/12 能 
 []


Overfull \hbox (12.0pt too wide) in paragraph at lines 147--148
\TU/SimSun(0)/m/n/12 与 
 []


Overfull \hbox (12.0pt too wide) in paragraph at lines 147--148
\TU/SimSun(0)/m/n/12 成 
 []


Overfull \hbox (12.0pt too wide) in paragraph at lines 147--148
\TU/SimSun(0)/m/n/12 本 
 []


Overfull \hbox (12.0pt too wide) in paragraph at lines 147--148
\TU/SimSun(0)/m/n/12 的 
 []


Overfull \hbox (12.0pt too wide) in paragraph at lines 147--148
\TU/SimSun(0)/m/n/12 关 
 []


Overfull \hbox (12.0pt too wide) in paragraph at lines 147--148
\TU/SimSun(0)/m/n/12 键 
 []


Overfull \hbox (12.0pt too wide) in paragraph at lines 147--148
\TU/SimSun(0)/m/n/12 技 
 []


Overfull \hbox (12.0pt too wide) in paragraph at lines 147--148
\TU/SimSun(0)/m/n/12 术|  
 []



[1


]
LaTeX Font Info:    Font shape `TU/SimSun(0)/m/sl' in size <12> not available
(Font)              Font shape `TU/SimSun(0)/m/it' tried instead on input line 
148.
 [2] [3] [4] [5]
Underfull \vbox (badness 10000) has occurred while \output is active []



[6]

[7]

[8]

[9]

[10]

[11]

[12]

[13]

[14]

[15]

[16]

[17]

[18]

[19]

[20] (./chapter01.aux)
 ***********
LaTeX2e <2024-11-01> patch level 2
L3 programming layer <2022/08/05>
 ***********
Package rerunfilecheck Info: File `chapter01.out' has not changed.
(rerunfilecheck)             Checksum: 6CF403A25B4B067DC32F0C395E89A083;2299.
 ) 
Here is how much of TeX's memory you used:
 31756 strings out of 473832
 704104 string characters out of 5733158
 1128150 words of memory out of 5000000
 54357 multiletter control sequences out of 15000+600000
 561039 words of font info for 64 fonts, out of 8000000 for 9000
 1348 hyphenation exceptions out of 8191
 102i,7n,111p,486b,583s stack positions out of 10000i,1000n,20000p,200000b,200000s

Output written on chapter01.pdf (20 pages).
